2025-09-12 22:23:07 | [INFO] Read data from ./data/tahoe/raw/plate10_subsample.h5ad
2025-09-12 22:23:08 | [INFO] Read data from ./data/tahoe/raw/plate10_obs.parquet
2025-09-12 22:23:19 | [INFO] Read data from ./data/tahoe/raw/var.parquet
2025-09-12 22:23:19 | [INFO] Merge datasets
2025-09-12 22:23:31 | [INFO] Standardize anndata
2025-09-12 22:23:31 | [INFO] Mapping drugs to PubChem idx
2025-09-12 22:23:31 | [INFO] Looking up 95 new perturbations on PubChem...
2025-09-12 22:24:26 | [INFO] Determine groupby fields
2025-09-12 22:24:26 | [INFO] Initial adata size: (5000, 62710)
2025-09-12 22:24:26 | [INFO] Filter by counts
2025-09-12 22:24:26 | [INFO]     n_obs: 5000 --> 4839
2025-09-12 22:24:26 | [INFO]     n_var: 62710 --> 62710
2025-09-12 22:24:26 | [INFO]     n_ct: 49 --> 49
2025-09-12 22:24:26 | [INFO]     n_pa: 95 --> 95
2025-09-12 22:24:26 | [INFO] Filter by nans
2025-09-12 22:24:26 | [INFO]     n_obs: 4839 --> 4839
2025-09-12 22:24:26 | [INFO]     n_var: 62710 --> 62710
2025-09-12 22:24:26 | [INFO]     n_ct: 49 --> 49
2025-09-12 22:24:26 | [INFO]     n_pa: 95 --> 95
2025-09-12 22:24:26 | [INFO] Filter by humanMALAT1
2025-09-12 22:24:26 | [INFO]     n_obs: 4839 --> 4830
2025-09-12 22:24:26 | [INFO]     n_var: 62710 --> 62710
2025-09-12 22:24:26 | [INFO]     n_ct: 49 --> 49
2025-09-12 22:24:26 | [INFO]     n_pa: 95 --> 95
2025-09-12 22:24:26 | [INFO] Final adata size: (4830, 62710)
2025-09-12 22:24:26 | [INFO] Build pseudobulk
2025-09-12 22:24:40 | [INFO] Process pseudobulk
2025-09-12 22:24:43 | [INFO] Save data to ./data/tahoe/pseudobulk_to_merge/subsample/plate10_subsample.h5ad
