
DE analysis started...
Loaded input file:  ./data/tahoe/pseudobulk_processed/group_rep/by_celltype/CVCL_1716_processed.h5ad 
Initial dimensions:  1333  samples ×  62710  genes
Filter samples with the low number of cells
    Filter threshold (min_cells):  50 
    n_obs:  1333 -->  1265 

▶︎ Processing cell_type  1 / 1 :  CVCL_1716 
    Filter controls by  pert_time_h  column
        n_obs:  1265 -->  1265 

    Running contrast 1/1080
    Running contrast 6/1080
    Running contrast 11/1080
    Running contrast 16/1080
    Running contrast 21/1080
    Running contrast 26/1080
    Running contrast 31/1080
    Running contrast 36/1080
    Running contrast 41/1080
    Running contrast 46/1080
    Running contrast 51/1080
    Running contrast 56/1080
    Running contrast 61/1080
    Running contrast 66/1080
    Running contrast 71/1080
    Running contrast 76/1080
    Running contrast 81/1080
    Running contrast 86/1080
    Running contrast 91/1080
    Running contrast 96/1080
    Running contrast 101/1080
    Running contrast 106/1080
    Running contrast 111/1080
    Running contrast 116/1080
    Running contrast 121/1080
    Running contrast 126/1080
    Running contrast 131/1080
    Running contrast 136/1080
    Running contrast 141/1080
    Running contrast 146/1080
    Running contrast 151/1080
    Running contrast 156/1080
    Running contrast 161/1080
    Running contrast 166/1080
    Running contrast 171/1080
    Running contrast 176/1080
    Running contrast 181/1080
    Running contrast 186/1080
    Running contrast 191/1080
    Running contrast 196/1080
    Running contrast 201/1080
    Running contrast 206/1080
    Running contrast 211/1080
    Running contrast 216/1080
    Running contrast 221/1080
    Running contrast 226/1080
    Running contrast 231/1080
    Running contrast 236/1080
    Running contrast 241/1080
    Running contrast 246/1080
    Running contrast 251/1080
    Running contrast 256/1080
    Running contrast 261/1080
    Running contrast 266/1080
    Running contrast 271/1080
    Running contrast 276/1080
    Running contrast 281/1080
    Running contrast 286/1080
    Running contrast 291/1080
    Running contrast 296/1080
    Running contrast 301/1080
    Running contrast 306/1080
    Running contrast 311/1080
    Running contrast 316/1080
    Running contrast 321/1080
    Running contrast 326/1080
    Running contrast 331/1080
    Running contrast 336/1080
    Running contrast 341/1080
    Running contrast 346/1080
    Running contrast 351/1080
    Running contrast 356/1080
    Running contrast 361/1080
    Running contrast 366/1080
    Running contrast 371/1080
    Running contrast 376/1080
    Running contrast 381/1080
    Running contrast 386/1080
    Running contrast 391/1080
    Running contrast 396/1080
    Running contrast 401/1080
    Running contrast 406/1080
    Running contrast 411/1080
    Running contrast 416/1080
    Running contrast 421/1080
    Running contrast 426/1080
    Running contrast 431/1080
    Running contrast 436/1080
    Running contrast 441/1080
    Running contrast 446/1080
    Running contrast 451/1080
    Running contrast 456/1080
    Running contrast 461/1080
    Running contrast 466/1080
    Running contrast 471/1080
    Running contrast 476/1080
    Running contrast 481/1080
    Running contrast 486/1080
    Running contrast 491/1080
    Running contrast 496/1080
    Running contrast 501/1080
    Running contrast 506/1080
    Running contrast 511/1080
    Running contrast 516/1080
    Running contrast 521/1080
    Running contrast 526/1080
    Running contrast 531/1080
    Running contrast 536/1080
    Running contrast 541/1080
    Running contrast 546/1080
    Running contrast 551/1080
    Running contrast 556/1080
    Running contrast 561/1080
    Running contrast 566/1080
    Running contrast 571/1080
    Running contrast 576/1080
    Running contrast 581/1080
    Running contrast 586/1080
    Running contrast 591/1080
    Running contrast 596/1080
    Running contrast 601/1080
    Running contrast 606/1080
    Running contrast 611/1080
    Running contrast 616/1080
    Running contrast 621/1080
    Running contrast 626/1080
    Running contrast 631/1080
    Running contrast 636/1080
    Running contrast 641/1080
    Running contrast 646/1080
    Running contrast 651/1080
    Running contrast 656/1080
    Running contrast 661/1080
    Running contrast 666/1080
    Running contrast 671/1080
    Running contrast 676/1080
    Running contrast 681/1080
    Running contrast 686/1080
    Running contrast 691/1080
    Running contrast 696/1080
    Running contrast 701/1080
    Running contrast 706/1080
    Running contrast 711/1080
    Running contrast 716/1080
    Running contrast 721/1080
    Running contrast 726/1080
    Running contrast 731/1080
    Running contrast 736/1080
    Running contrast 741/1080
    Running contrast 746/1080
    Running contrast 751/1080
    Running contrast 756/1080
    Running contrast 761/1080
    Running contrast 766/1080
    Running contrast 771/1080
    Running contrast 776/1080
    Running contrast 781/1080
    Running contrast 786/1080
    Running contrast 791/1080
    Running contrast 796/1080
    Running contrast 801/1080
    Running contrast 806/1080
    Running contrast 811/1080
    Running contrast 816/1080
    Running contrast 821/1080
    Running contrast 826/1080
    Running contrast 831/1080
    Running contrast 836/1080
    Running contrast 841/1080
    Running contrast 846/1080
    Running contrast 851/1080
    Running contrast 856/1080
    Running contrast 861/1080
    Running contrast 866/1080
    Running contrast 871/1080
    Running contrast 876/1080
    Running contrast 881/1080
    Running contrast 886/1080
    Running contrast 891/1080
    Running contrast 896/1080
    Running contrast 901/1080
    Running contrast 906/1080
    Running contrast 911/1080
    Running contrast 916/1080
    Running contrast 921/1080
    Running contrast 926/1080
    Running contrast 931/1080
    Running contrast 936/1080
    Running contrast 941/1080
    Running contrast 946/1080
    Running contrast 951/1080
    Running contrast 956/1080
    Running contrast 961/1080
    Running contrast 966/1080
    Running contrast 971/1080
    Running contrast 976/1080
    Running contrast 981/1080
    Running contrast 986/1080
    Running contrast 991/1080
    Running contrast 996/1080
    Running contrast 1001/1080
    Running contrast 1006/1080
    Running contrast 1011/1080
    Running contrast 1016/1080
    Running contrast 1021/1080
    Running contrast 1026/1080
    Running contrast 1031/1080
    Running contrast 1036/1080
    Running contrast 1041/1080
    Running contrast 1046/1080
    Running contrast 1051/1080
    Running contrast 1056/1080
    Running contrast 1061/1080
    Running contrast 1066/1080
    Running contrast 1071/1080
    Running contrast 1076/1080
    Running contrast 1080/1080

    Writing:  ./data/tahoe/deg_data/group_rep/full/qc_false/filter_min_cells_50/CVCL_1716_de.h5ad 

    Rewriting h5ad file: ./data/tahoe/deg_data/group_rep/full/qc_false/filter_min_cells_50/CVCL_1716_de.h5ad 
    Removed X matrix
    Rewriting h5ad file is done!
✓ Cell line completed in 3445.2 seconds

DE analysis completed!

Total runtime: 3460.9 seconds
