
DE analysis started...
Loaded input file:  ./data/tahoe/pseudobulk_processed/group_rep/by_celltype/CVCL_0069_processed.h5ad 
Initial dimensions:  1339  samples ×  62710  genes
Filter samples with the low number of cells
    Filter threshold (min_cells):  50 
    n_obs:  1339 -->  1327 

▶︎ Processing cell_type  1 / 1 :  CVCL_0069 
    Filter controls by  pert_time_h  column
        n_obs:  1327 -->  1327 

    Running contrast 1/1130
    Running contrast 6/1130
    Running contrast 11/1130
    Running contrast 16/1130
    Running contrast 21/1130
    Running contrast 26/1130
    Running contrast 31/1130
    Running contrast 36/1130
    Running contrast 41/1130
    Running contrast 46/1130
    Running contrast 51/1130
    Running contrast 56/1130
    Running contrast 61/1130
    Running contrast 66/1130
    Running contrast 71/1130
    Running contrast 76/1130
    Running contrast 81/1130
    Running contrast 86/1130
    Running contrast 91/1130
    Running contrast 96/1130
    Running contrast 101/1130
    Running contrast 106/1130
    Running contrast 111/1130
    Running contrast 116/1130
    Running contrast 121/1130
    Running contrast 126/1130
    Running contrast 131/1130
    Running contrast 136/1130
    Running contrast 141/1130
    Running contrast 146/1130
    Running contrast 151/1130
    Running contrast 156/1130
    Running contrast 161/1130
    Running contrast 166/1130
    Running contrast 171/1130
    Running contrast 176/1130
    Running contrast 181/1130
    Running contrast 186/1130
    Running contrast 191/1130
    Running contrast 196/1130
    Running contrast 201/1130
    Running contrast 206/1130
    Running contrast 211/1130
    Running contrast 216/1130
    Running contrast 221/1130
    Running contrast 226/1130
    Running contrast 231/1130
    Running contrast 236/1130
    Running contrast 241/1130
    Running contrast 246/1130
    Running contrast 251/1130
    Running contrast 256/1130
    Running contrast 261/1130
    Running contrast 266/1130
    Running contrast 271/1130
    Running contrast 276/1130
    Running contrast 281/1130
    Running contrast 286/1130
    Running contrast 291/1130
    Running contrast 296/1130
    Running contrast 301/1130
    Running contrast 306/1130
    Running contrast 311/1130
    Running contrast 316/1130
    Running contrast 321/1130
    Running contrast 326/1130
    Running contrast 331/1130
    Running contrast 336/1130
    Running contrast 341/1130
    Running contrast 346/1130
    Running contrast 351/1130
    Running contrast 356/1130
    Running contrast 361/1130
    Running contrast 366/1130
    Running contrast 371/1130
    Running contrast 376/1130
    Running contrast 381/1130
    Running contrast 386/1130
    Running contrast 391/1130
    Running contrast 396/1130
    Running contrast 401/1130
    Running contrast 406/1130
    Running contrast 411/1130
    Running contrast 416/1130
    Running contrast 421/1130
    Running contrast 426/1130
    Running contrast 431/1130
    Running contrast 436/1130
    Running contrast 441/1130
    Running contrast 446/1130
    Running contrast 451/1130
    Running contrast 456/1130
    Running contrast 461/1130
    Running contrast 466/1130
    Running contrast 471/1130
    Running contrast 476/1130
    Running contrast 481/1130
    Running contrast 486/1130
    Running contrast 491/1130
    Running contrast 496/1130
    Running contrast 501/1130
    Running contrast 506/1130
    Running contrast 511/1130
    Running contrast 516/1130
    Running contrast 521/1130
    Running contrast 526/1130
    Running contrast 531/1130
    Running contrast 536/1130
    Running contrast 541/1130
    Running contrast 546/1130
    Running contrast 551/1130
    Running contrast 556/1130
    Running contrast 561/1130
    Running contrast 566/1130
    Running contrast 571/1130
    Running contrast 576/1130
    Running contrast 581/1130
    Running contrast 586/1130
    Running contrast 591/1130
    Running contrast 596/1130
    Running contrast 601/1130
    Running contrast 606/1130
    Running contrast 611/1130
    Running contrast 616/1130
    Running contrast 621/1130
    Running contrast 626/1130
    Running contrast 631/1130
    Running contrast 636/1130
    Running contrast 641/1130
    Running contrast 646/1130
    Running contrast 651/1130
    Running contrast 656/1130
    Running contrast 661/1130
    Running contrast 666/1130
    Running contrast 671/1130
    Running contrast 676/1130
    Running contrast 681/1130
    Running contrast 686/1130
    Running contrast 691/1130
    Running contrast 696/1130
    Running contrast 701/1130
    Running contrast 706/1130
    Running contrast 711/1130
    Running contrast 716/1130
    Running contrast 721/1130
    Running contrast 726/1130
    Running contrast 731/1130
    Running contrast 736/1130
    Running contrast 741/1130
    Running contrast 746/1130
    Running contrast 751/1130
    Running contrast 756/1130
    Running contrast 761/1130
    Running contrast 766/1130
    Running contrast 771/1130
    Running contrast 776/1130
    Running contrast 781/1130
    Running contrast 786/1130
    Running contrast 791/1130
    Running contrast 796/1130
    Running contrast 801/1130
    Running contrast 806/1130
    Running contrast 811/1130
    Running contrast 816/1130
    Running contrast 821/1130
    Running contrast 826/1130
    Running contrast 831/1130
    Running contrast 836/1130
    Running contrast 841/1130
    Running contrast 846/1130
    Running contrast 851/1130
    Running contrast 856/1130
    Running contrast 861/1130
    Running contrast 866/1130
    Running contrast 871/1130
    Running contrast 876/1130
    Running contrast 881/1130
    Running contrast 886/1130
    Running contrast 891/1130
    Running contrast 896/1130
    Running contrast 901/1130
    Running contrast 906/1130
    Running contrast 911/1130
    Running contrast 916/1130
    Running contrast 921/1130
    Running contrast 926/1130
    Running contrast 931/1130
    Running contrast 936/1130
    Running contrast 941/1130
    Running contrast 946/1130
    Running contrast 951/1130
    Running contrast 956/1130
    Running contrast 961/1130
    Running contrast 966/1130
    Running contrast 971/1130
    Running contrast 976/1130
    Running contrast 981/1130
    Running contrast 986/1130
    Running contrast 991/1130
    Running contrast 996/1130
    Running contrast 1001/1130
    Running contrast 1006/1130
    Running contrast 1011/1130
    Running contrast 1016/1130
    Running contrast 1021/1130
    Running contrast 1026/1130
    Running contrast 1031/1130
    Running contrast 1036/1130
    Running contrast 1041/1130
    Running contrast 1046/1130
    Running contrast 1051/1130
    Running contrast 1056/1130
    Running contrast 1061/1130
    Running contrast 1066/1130
    Running contrast 1071/1130
    Running contrast 1076/1130
    Running contrast 1081/1130
    Running contrast 1086/1130
    Running contrast 1091/1130
    Running contrast 1096/1130
    Running contrast 1101/1130
    Running contrast 1106/1130
    Running contrast 1111/1130
    Running contrast 1116/1130
    Running contrast 1121/1130
    Running contrast 1126/1130
    Running contrast 1130/1130

    Writing:  ./data/tahoe/deg_data/group_rep/full/qc_false/filter_min_cells_50/CVCL_0069_de.h5ad 

    Rewriting h5ad file: ./data/tahoe/deg_data/group_rep/full/qc_false/filter_min_cells_50/CVCL_0069_de.h5ad 
    Removed X matrix
    Rewriting h5ad file is done!
✓ Cell line completed in 8145.0 seconds

DE analysis completed!

Total runtime: 8182.2 seconds
