
DE analysis started...
Loaded input file:  ./data/tahoe/pseudobulk_processed/group_rep/by_celltype/CVCL_0504_processed.h5ad 
Initial dimensions:  1344  samples ×  62710  genes
Filter samples with the low number of cells
    Filter threshold (min_cells):  50 
    n_obs:  1344 -->  1328 

▶︎ Processing cell_type  1 / 1 :  CVCL_0504 
    Filter controls by  pert_time_h  column
        n_obs:  1328 -->  1328 

    Running contrast 1/1131
    Running contrast 6/1131
    Running contrast 11/1131
    Running contrast 16/1131
    Running contrast 21/1131
    Running contrast 26/1131
    Running contrast 31/1131
    Running contrast 36/1131
    Running contrast 41/1131
    Running contrast 46/1131
    Running contrast 51/1131
    Running contrast 56/1131
    Running contrast 61/1131
    Running contrast 66/1131
    Running contrast 71/1131
    Running contrast 76/1131
    Running contrast 81/1131
    Running contrast 86/1131
    Running contrast 91/1131
    Running contrast 96/1131
    Running contrast 101/1131
    Running contrast 106/1131
    Running contrast 111/1131
    Running contrast 116/1131
    Running contrast 121/1131
    Running contrast 126/1131
    Running contrast 131/1131
    Running contrast 136/1131
    Running contrast 141/1131
    Running contrast 146/1131
    Running contrast 151/1131
    Running contrast 156/1131
    Running contrast 161/1131
    Running contrast 166/1131
    Running contrast 171/1131
    Running contrast 176/1131
    Running contrast 181/1131
    Running contrast 186/1131
    Running contrast 191/1131
    Running contrast 196/1131
    Running contrast 201/1131
    Running contrast 206/1131
    Running contrast 211/1131
    Running contrast 216/1131
    Running contrast 221/1131
    Running contrast 226/1131
    Running contrast 231/1131
    Running contrast 236/1131
    Running contrast 241/1131
    Running contrast 246/1131
    Running contrast 251/1131
    Running contrast 256/1131
    Running contrast 261/1131
    Running contrast 266/1131
    Running contrast 271/1131
    Running contrast 276/1131
    Running contrast 281/1131
    Running contrast 286/1131
    Running contrast 291/1131
    Running contrast 296/1131
    Running contrast 301/1131
    Running contrast 306/1131
    Running contrast 311/1131
    Running contrast 316/1131
    Running contrast 321/1131
    Running contrast 326/1131
    Running contrast 331/1131
    Running contrast 336/1131
    Running contrast 341/1131
    Running contrast 346/1131
    Running contrast 351/1131
    Running contrast 356/1131
    Running contrast 361/1131
    Running contrast 366/1131
    Running contrast 371/1131
    Running contrast 376/1131
    Running contrast 381/1131
    Running contrast 386/1131
    Running contrast 391/1131
    Running contrast 396/1131
    Running contrast 401/1131
    Running contrast 406/1131
    Running contrast 411/1131
    Running contrast 416/1131
    Running contrast 421/1131
    Running contrast 426/1131
    Running contrast 431/1131
    Running contrast 436/1131
    Running contrast 441/1131
    Running contrast 446/1131
    Running contrast 451/1131
    Running contrast 456/1131
    Running contrast 461/1131
    Running contrast 466/1131
    Running contrast 471/1131
    Running contrast 476/1131
    Running contrast 481/1131
    Running contrast 486/1131
    Running contrast 491/1131
    Running contrast 496/1131
    Running contrast 501/1131
    Running contrast 506/1131
    Running contrast 511/1131
    Running contrast 516/1131
    Running contrast 521/1131
    Running contrast 526/1131
    Running contrast 531/1131
    Running contrast 536/1131
    Running contrast 541/1131
    Running contrast 546/1131
    Running contrast 551/1131
    Running contrast 556/1131
    Running contrast 561/1131
    Running contrast 566/1131
    Running contrast 571/1131
    Running contrast 576/1131
    Running contrast 581/1131
    Running contrast 586/1131
    Running contrast 591/1131
    Running contrast 596/1131
    Running contrast 601/1131
    Running contrast 606/1131
    Running contrast 611/1131
    Running contrast 616/1131
    Running contrast 621/1131
    Running contrast 626/1131
    Running contrast 631/1131
    Running contrast 636/1131
    Running contrast 641/1131
    Running contrast 646/1131
    Running contrast 651/1131
    Running contrast 656/1131
    Running contrast 661/1131
    Running contrast 666/1131
    Running contrast 671/1131
    Running contrast 676/1131
    Running contrast 681/1131
    Running contrast 686/1131
    Running contrast 691/1131
    Running contrast 696/1131
    Running contrast 701/1131
    Running contrast 706/1131
    Running contrast 711/1131
    Running contrast 716/1131
    Running contrast 721/1131
    Running contrast 726/1131
    Running contrast 731/1131
    Running contrast 736/1131
    Running contrast 741/1131
    Running contrast 746/1131
    Running contrast 751/1131
    Running contrast 756/1131
    Running contrast 761/1131
    Running contrast 766/1131
    Running contrast 771/1131
    Running contrast 776/1131
    Running contrast 781/1131
    Running contrast 786/1131
    Running contrast 791/1131
    Running contrast 796/1131
    Running contrast 801/1131
    Running contrast 806/1131
    Running contrast 811/1131
    Running contrast 816/1131
    Running contrast 821/1131
    Running contrast 826/1131
    Running contrast 831/1131
    Running contrast 836/1131
    Running contrast 841/1131
    Running contrast 846/1131
    Running contrast 851/1131
    Running contrast 856/1131
    Running contrast 861/1131
    Running contrast 866/1131
    Running contrast 871/1131
    Running contrast 876/1131
    Running contrast 881/1131
    Running contrast 886/1131
    Running contrast 891/1131
    Running contrast 896/1131
    Running contrast 901/1131
    Running contrast 906/1131
    Running contrast 911/1131
    Running contrast 916/1131
    Running contrast 921/1131
    Running contrast 926/1131
    Running contrast 931/1131
    Running contrast 936/1131
    Running contrast 941/1131
    Running contrast 946/1131
    Running contrast 951/1131
    Running contrast 956/1131
    Running contrast 961/1131
    Running contrast 966/1131
    Running contrast 971/1131
    Running contrast 976/1131
    Running contrast 981/1131
    Running contrast 986/1131
    Running contrast 991/1131
    Running contrast 996/1131
    Running contrast 1001/1131
    Running contrast 1006/1131
    Running contrast 1011/1131
    Running contrast 1016/1131
    Running contrast 1021/1131
    Running contrast 1026/1131
    Running contrast 1031/1131
    Running contrast 1036/1131
    Running contrast 1041/1131
    Running contrast 1046/1131
    Running contrast 1051/1131
    Running contrast 1056/1131
    Running contrast 1061/1131
    Running contrast 1066/1131
    Running contrast 1071/1131
    Running contrast 1076/1131
    Running contrast 1081/1131
    Running contrast 1086/1131
    Running contrast 1091/1131
    Running contrast 1096/1131
    Running contrast 1101/1131
    Running contrast 1106/1131
    Running contrast 1111/1131
    Running contrast 1116/1131
    Running contrast 1121/1131
    Running contrast 1126/1131
    Running contrast 1131/1131

    Writing:  ./data/tahoe/deg_data/group_rep/full/qc_false/filter_min_cells_50/CVCL_0504_de.h5ad 

    Rewriting h5ad file: ./data/tahoe/deg_data/group_rep/full/qc_false/filter_min_cells_50/CVCL_0504_de.h5ad 
    Removed X matrix
    Rewriting h5ad file is done!
✓ Cell line completed in 7354.0 seconds

DE analysis completed!

Total runtime: 7366.5 seconds
