
DE analysis started...
Loaded input file:  ./data/tahoe/pseudobulk_processed/group_rep/by_celltype/CVCL_0028_processed.h5ad 
Initial dimensions:  1339  samples ×  62710  genes
Filter samples with the low number of cells
    Filter threshold (min_cells):  50 
    n_obs:  1339 -->  1321 

▶︎ Processing cell_type  1 / 1 :  CVCL_0028 
    Filter controls by  pert_time_h  column
        n_obs:  1321 -->  1321 

    Running contrast 1/1125
    Running contrast 6/1125
    Running contrast 11/1125
    Running contrast 16/1125
    Running contrast 21/1125
    Running contrast 26/1125
    Running contrast 31/1125
    Running contrast 36/1125
    Running contrast 41/1125
    Running contrast 46/1125
    Running contrast 51/1125
    Running contrast 56/1125
    Running contrast 61/1125
    Running contrast 66/1125
    Running contrast 71/1125
    Running contrast 76/1125
    Running contrast 81/1125
    Running contrast 86/1125
    Running contrast 91/1125
    Running contrast 96/1125
    Running contrast 101/1125
    Running contrast 106/1125
    Running contrast 111/1125
    Running contrast 116/1125
    Running contrast 121/1125
    Running contrast 126/1125
    Running contrast 131/1125
    Running contrast 136/1125
    Running contrast 141/1125
    Running contrast 146/1125
    Running contrast 151/1125
    Running contrast 156/1125
    Running contrast 161/1125
    Running contrast 166/1125
    Running contrast 171/1125
    Running contrast 176/1125
    Running contrast 181/1125
    Running contrast 186/1125
    Running contrast 191/1125
    Running contrast 196/1125
    Running contrast 201/1125
    Running contrast 206/1125
    Running contrast 211/1125
    Running contrast 216/1125
    Running contrast 221/1125
    Running contrast 226/1125
    Running contrast 231/1125
    Running contrast 236/1125
    Running contrast 241/1125
    Running contrast 246/1125
    Running contrast 251/1125
    Running contrast 256/1125
    Running contrast 261/1125
    Running contrast 266/1125
    Running contrast 271/1125
    Running contrast 276/1125
    Running contrast 281/1125
    Running contrast 286/1125
    Running contrast 291/1125
    Running contrast 296/1125
    Running contrast 301/1125
    Running contrast 306/1125
    Running contrast 311/1125
    Running contrast 316/1125
    Running contrast 321/1125
    Running contrast 326/1125
    Running contrast 331/1125
    Running contrast 336/1125
    Running contrast 341/1125
    Running contrast 346/1125
    Running contrast 351/1125
    Running contrast 356/1125
    Running contrast 361/1125
    Running contrast 366/1125
    Running contrast 371/1125
    Running contrast 376/1125
    Running contrast 381/1125
    Running contrast 386/1125
    Running contrast 391/1125
    Running contrast 396/1125
    Running contrast 401/1125
    Running contrast 406/1125
    Running contrast 411/1125
    Running contrast 416/1125
    Running contrast 421/1125
    Running contrast 426/1125
    Running contrast 431/1125
    Running contrast 436/1125
    Running contrast 441/1125
    Running contrast 446/1125
    Running contrast 451/1125
    Running contrast 456/1125
    Running contrast 461/1125
    Running contrast 466/1125
    Running contrast 471/1125
    Running contrast 476/1125
    Running contrast 481/1125
    Running contrast 486/1125
    Running contrast 491/1125
    Running contrast 496/1125
    Running contrast 501/1125
    Running contrast 506/1125
    Running contrast 511/1125
    Running contrast 516/1125
    Running contrast 521/1125
    Running contrast 526/1125
    Running contrast 531/1125
    Running contrast 536/1125
    Running contrast 541/1125
    Running contrast 546/1125
    Running contrast 551/1125
    Running contrast 556/1125
    Running contrast 561/1125
    Running contrast 566/1125
    Running contrast 571/1125
    Running contrast 576/1125
    Running contrast 581/1125
    Running contrast 586/1125
    Running contrast 591/1125
    Running contrast 596/1125
    Running contrast 601/1125
    Running contrast 606/1125
    Running contrast 611/1125
    Running contrast 616/1125
    Running contrast 621/1125
    Running contrast 626/1125
    Running contrast 631/1125
    Running contrast 636/1125
    Running contrast 641/1125
    Running contrast 646/1125
    Running contrast 651/1125
    Running contrast 656/1125
    Running contrast 661/1125
    Running contrast 666/1125
    Running contrast 671/1125
    Running contrast 676/1125
    Running contrast 681/1125
    Running contrast 686/1125
    Running contrast 691/1125
    Running contrast 696/1125
    Running contrast 701/1125
    Running contrast 706/1125
    Running contrast 711/1125
    Running contrast 716/1125
    Running contrast 721/1125
    Running contrast 726/1125
    Running contrast 731/1125
    Running contrast 736/1125
    Running contrast 741/1125
    Running contrast 746/1125
    Running contrast 751/1125
    Running contrast 756/1125
    Running contrast 761/1125
    Running contrast 766/1125
    Running contrast 771/1125
    Running contrast 776/1125
    Running contrast 781/1125
    Running contrast 786/1125
    Running contrast 791/1125
    Running contrast 796/1125
    Running contrast 801/1125
    Running contrast 806/1125
    Running contrast 811/1125
    Running contrast 816/1125
    Running contrast 821/1125
    Running contrast 826/1125
    Running contrast 831/1125
    Running contrast 836/1125
    Running contrast 841/1125
    Running contrast 846/1125
    Running contrast 851/1125
    Running contrast 856/1125
    Running contrast 861/1125
    Running contrast 866/1125
    Running contrast 871/1125
    Running contrast 876/1125
    Running contrast 881/1125
    Running contrast 886/1125
    Running contrast 891/1125
    Running contrast 896/1125
    Running contrast 901/1125
    Running contrast 906/1125
    Running contrast 911/1125
    Running contrast 916/1125
    Running contrast 921/1125
    Running contrast 926/1125
    Running contrast 931/1125
    Running contrast 936/1125
    Running contrast 941/1125
    Running contrast 946/1125
    Running contrast 951/1125
    Running contrast 956/1125
    Running contrast 961/1125
    Running contrast 966/1125
    Running contrast 971/1125
    Running contrast 976/1125
    Running contrast 981/1125
    Running contrast 986/1125
    Running contrast 991/1125
    Running contrast 996/1125
    Running contrast 1001/1125
    Running contrast 1006/1125
    Running contrast 1011/1125
    Running contrast 1016/1125
    Running contrast 1021/1125
    Running contrast 1026/1125
    Running contrast 1031/1125
    Running contrast 1036/1125
    Running contrast 1041/1125
    Running contrast 1046/1125
    Running contrast 1051/1125
    Running contrast 1056/1125
    Running contrast 1061/1125
    Running contrast 1066/1125
    Running contrast 1071/1125
    Running contrast 1076/1125
    Running contrast 1081/1125
    Running contrast 1086/1125
    Running contrast 1091/1125
    Running contrast 1096/1125
    Running contrast 1101/1125
    Running contrast 1106/1125
    Running contrast 1111/1125
    Running contrast 1116/1125
    Running contrast 1121/1125
    Running contrast 1125/1125

    Writing:  ./data/tahoe/deg_data/group_rep/full/qc_false/filter_min_cells_50/CVCL_0028_de.h5ad 

    Rewriting h5ad file: ./data/tahoe/deg_data/group_rep/full/qc_false/filter_min_cells_50/CVCL_0028_de.h5ad 
    Removed X matrix
    Rewriting h5ad file is done!
✓ Cell line completed in 5475.9 seconds

DE analysis completed!

Total runtime: 5490.2 seconds
