
DE analysis started...
Loaded input file:  ./data/tahoe/pseudobulk_processed/group_rep/by_celltype/CVCL_1715_processed.h5ad 
Initial dimensions:  1340  samples ×  62710  genes
Filter samples with the low number of cells
    Filter threshold (min_cells):  50 
    n_obs:  1340 -->  1040 

▶︎ Processing cell_type  1 / 1 :  CVCL_1715 
    Filter controls by  pert_time_h  column
        n_obs:  1040 -->  1040 

    Running contrast 1/887
    Running contrast 6/887
    Running contrast 11/887
    Running contrast 16/887
    Running contrast 21/887
    Running contrast 26/887
    Running contrast 31/887
    Running contrast 36/887
    Running contrast 41/887
    Running contrast 46/887
    Running contrast 51/887
    Running contrast 56/887
    Running contrast 61/887
    Running contrast 66/887
    Running contrast 71/887
    Running contrast 76/887
    Running contrast 81/887
    Running contrast 86/887
    Running contrast 91/887
    Running contrast 96/887
    Running contrast 101/887
    Running contrast 106/887
    Running contrast 111/887
    Running contrast 116/887
    Running contrast 121/887
    Running contrast 126/887
    Running contrast 131/887
    Running contrast 136/887
    Running contrast 141/887
    Running contrast 146/887
    Running contrast 151/887
    Running contrast 156/887
    Running contrast 161/887
    Running contrast 166/887
    Running contrast 171/887
    Running contrast 176/887
    Running contrast 181/887
    Running contrast 186/887
    Running contrast 191/887
    Running contrast 196/887
    Running contrast 201/887
    Running contrast 206/887
    Running contrast 211/887
    Running contrast 216/887
    Running contrast 221/887
    Running contrast 226/887
    Running contrast 231/887
    Running contrast 236/887
    Running contrast 241/887
    Running contrast 246/887
    Running contrast 251/887
    Running contrast 256/887
    Running contrast 261/887
    Running contrast 266/887
    Running contrast 271/887
    Running contrast 276/887
    Running contrast 281/887
    Running contrast 286/887
    Running contrast 291/887
    Running contrast 296/887
    Running contrast 301/887
    Running contrast 306/887
    Running contrast 311/887
    Running contrast 316/887
    Running contrast 321/887
    Running contrast 326/887
    Running contrast 331/887
    Running contrast 336/887
    Running contrast 341/887
    Running contrast 346/887
    Running contrast 351/887
    Running contrast 356/887
    Running contrast 361/887
    Running contrast 366/887
    Running contrast 371/887
    Running contrast 376/887
    Running contrast 381/887
    Running contrast 386/887
    Running contrast 391/887
    Running contrast 396/887
    Running contrast 401/887
    Running contrast 406/887
    Running contrast 411/887
    Running contrast 416/887
    Running contrast 421/887
    Running contrast 426/887
    Running contrast 431/887
    Running contrast 436/887
    Running contrast 441/887
    Running contrast 446/887
    Running contrast 451/887
    Running contrast 456/887
    Running contrast 461/887
    Running contrast 466/887
    Running contrast 471/887
    Running contrast 476/887
    Running contrast 481/887
    Running contrast 486/887
    Running contrast 491/887
    Running contrast 496/887
    Running contrast 501/887
    Running contrast 506/887
    Running contrast 511/887
    Running contrast 516/887
    Running contrast 521/887
    Running contrast 526/887
    Running contrast 531/887
    Running contrast 536/887
    Running contrast 541/887
    Running contrast 546/887
    Running contrast 551/887
    Running contrast 556/887
    Running contrast 561/887
    Running contrast 566/887
    Running contrast 571/887
    Running contrast 576/887
    Running contrast 581/887
    Running contrast 586/887
    Running contrast 591/887
    Running contrast 596/887
    Running contrast 601/887
    Running contrast 606/887
    Running contrast 611/887
    Running contrast 616/887
    Running contrast 621/887
    Running contrast 626/887
    Running contrast 631/887
    Running contrast 636/887
    Running contrast 641/887
    Running contrast 646/887
    Running contrast 651/887
    Running contrast 656/887
    Running contrast 661/887
    Running contrast 666/887
    Running contrast 671/887
    Running contrast 676/887
    Running contrast 681/887
    Running contrast 686/887
    Running contrast 691/887
    Running contrast 696/887
    Running contrast 701/887
    Running contrast 706/887
    Running contrast 711/887
    Running contrast 716/887
    Running contrast 721/887
    Running contrast 726/887
    Running contrast 731/887
    Running contrast 736/887
    Running contrast 741/887
    Running contrast 746/887
    Running contrast 751/887
    Running contrast 756/887
    Running contrast 761/887
    Running contrast 766/887
    Running contrast 771/887
    Running contrast 776/887
    Running contrast 781/887
    Running contrast 786/887
    Running contrast 791/887
    Running contrast 796/887
    Running contrast 801/887
    Running contrast 806/887
    Running contrast 811/887
    Running contrast 816/887
    Running contrast 821/887
    Running contrast 826/887
    Running contrast 831/887
    Running contrast 836/887
    Running contrast 841/887
    Running contrast 846/887
    Running contrast 851/887
    Running contrast 856/887
    Running contrast 861/887
    Running contrast 866/887
    Running contrast 871/887
    Running contrast 876/887
    Running contrast 881/887
    Running contrast 886/887
    Running contrast 887/887

    Writing:  ./data/tahoe/deg_data/group_rep/full/qc_false/filter_min_cells_50/CVCL_1715_de.h5ad 

    Rewriting h5ad file: ./data/tahoe/deg_data/group_rep/full/qc_false/filter_min_cells_50/CVCL_1715_de.h5ad 
    Removed X matrix
    Rewriting h5ad file is done!
✓ Cell line completed in 2063.8 seconds

DE analysis completed!

Total runtime: 2076.5 seconds
