
DE analysis started...
Loaded input file:  ./data/tahoe/pseudobulk_processed/group_rep/by_celltype/CVCL_1125_processed.h5ad 
Initial dimensions:  1340  samples ×  62710  genes
Filter samples with the low number of cells
    Filter threshold (min_cells):  50 
    n_obs:  1340 -->  1310 

▶︎ Processing cell_type  1 / 1 :  CVCL_1125 
    Filter controls by  pert_time_h  column
        n_obs:  1310 -->  1310 

    Running contrast 1/1116
    Running contrast 6/1116
    Running contrast 11/1116
    Running contrast 16/1116
    Running contrast 21/1116
    Running contrast 26/1116
    Running contrast 31/1116
    Running contrast 36/1116
    Running contrast 41/1116
    Running contrast 46/1116
    Running contrast 51/1116
    Running contrast 56/1116
    Running contrast 61/1116
    Running contrast 66/1116
    Running contrast 71/1116
    Running contrast 76/1116
    Running contrast 81/1116
    Running contrast 86/1116
    Running contrast 91/1116
    Running contrast 96/1116
    Running contrast 101/1116
    Running contrast 106/1116
    Running contrast 111/1116
    Running contrast 116/1116
    Running contrast 121/1116
    Running contrast 126/1116
    Running contrast 131/1116
    Running contrast 136/1116
    Running contrast 141/1116
    Running contrast 146/1116
    Running contrast 151/1116
    Running contrast 156/1116
    Running contrast 161/1116
    Running contrast 166/1116
    Running contrast 171/1116
    Running contrast 176/1116
    Running contrast 181/1116
    Running contrast 186/1116
    Running contrast 191/1116
    Running contrast 196/1116
    Running contrast 201/1116
    Running contrast 206/1116
    Running contrast 211/1116
    Running contrast 216/1116
    Running contrast 221/1116
    Running contrast 226/1116
    Running contrast 231/1116
    Running contrast 236/1116
    Running contrast 241/1116
    Running contrast 246/1116
    Running contrast 251/1116
    Running contrast 256/1116
    Running contrast 261/1116
    Running contrast 266/1116
    Running contrast 271/1116
    Running contrast 276/1116
    Running contrast 281/1116
    Running contrast 286/1116
    Running contrast 291/1116
    Running contrast 296/1116
    Running contrast 301/1116
    Running contrast 306/1116
    Running contrast 311/1116
    Running contrast 316/1116
    Running contrast 321/1116
    Running contrast 326/1116
    Running contrast 331/1116
    Running contrast 336/1116
    Running contrast 341/1116
    Running contrast 346/1116
    Running contrast 351/1116
    Running contrast 356/1116
    Running contrast 361/1116
    Running contrast 366/1116
    Running contrast 371/1116
    Running contrast 376/1116
    Running contrast 381/1116
    Running contrast 386/1116
    Running contrast 391/1116
    Running contrast 396/1116
    Running contrast 401/1116
    Running contrast 406/1116
    Running contrast 411/1116
    Running contrast 416/1116
    Running contrast 421/1116
    Running contrast 426/1116
    Running contrast 431/1116
    Running contrast 436/1116
    Running contrast 441/1116
    Running contrast 446/1116
    Running contrast 451/1116
    Running contrast 456/1116
    Running contrast 461/1116
    Running contrast 466/1116
    Running contrast 471/1116
    Running contrast 476/1116
    Running contrast 481/1116
    Running contrast 486/1116
    Running contrast 491/1116
    Running contrast 496/1116
    Running contrast 501/1116
    Running contrast 506/1116
    Running contrast 511/1116
    Running contrast 516/1116
    Running contrast 521/1116
    Running contrast 526/1116
    Running contrast 531/1116
    Running contrast 536/1116
    Running contrast 541/1116
    Running contrast 546/1116
    Running contrast 551/1116
    Running contrast 556/1116
    Running contrast 561/1116
    Running contrast 566/1116
    Running contrast 571/1116
    Running contrast 576/1116
    Running contrast 581/1116
    Running contrast 586/1116
    Running contrast 591/1116
    Running contrast 596/1116
    Running contrast 601/1116
    Running contrast 606/1116
    Running contrast 611/1116
    Running contrast 616/1116
    Running contrast 621/1116
    Running contrast 626/1116
    Running contrast 631/1116
    Running contrast 636/1116
    Running contrast 641/1116
    Running contrast 646/1116
    Running contrast 651/1116
    Running contrast 656/1116
    Running contrast 661/1116
    Running contrast 666/1116
    Running contrast 671/1116
    Running contrast 676/1116
    Running contrast 681/1116
    Running contrast 686/1116
    Running contrast 691/1116
    Running contrast 696/1116
    Running contrast 701/1116
    Running contrast 706/1116
    Running contrast 711/1116
    Running contrast 716/1116
    Running contrast 721/1116
    Running contrast 726/1116
    Running contrast 731/1116
    Running contrast 736/1116
    Running contrast 741/1116
    Running contrast 746/1116
    Running contrast 751/1116
    Running contrast 756/1116
    Running contrast 761/1116
    Running contrast 766/1116
    Running contrast 771/1116
    Running contrast 776/1116
    Running contrast 781/1116
    Running contrast 786/1116
    Running contrast 791/1116
    Running contrast 796/1116
    Running contrast 801/1116
    Running contrast 806/1116
    Running contrast 811/1116
    Running contrast 816/1116
    Running contrast 821/1116
    Running contrast 826/1116
    Running contrast 831/1116
    Running contrast 836/1116
    Running contrast 841/1116
    Running contrast 846/1116
    Running contrast 851/1116
    Running contrast 856/1116
    Running contrast 861/1116
    Running contrast 866/1116
    Running contrast 871/1116
    Running contrast 876/1116
    Running contrast 881/1116
    Running contrast 886/1116
    Running contrast 891/1116
    Running contrast 896/1116
    Running contrast 901/1116
    Running contrast 906/1116
    Running contrast 911/1116
    Running contrast 916/1116
    Running contrast 921/1116
    Running contrast 926/1116
    Running contrast 931/1116
    Running contrast 936/1116
    Running contrast 941/1116
    Running contrast 946/1116
    Running contrast 951/1116
    Running contrast 956/1116
    Running contrast 961/1116
    Running contrast 966/1116
    Running contrast 971/1116
    Running contrast 976/1116
    Running contrast 981/1116
    Running contrast 986/1116
    Running contrast 991/1116
    Running contrast 996/1116
    Running contrast 1001/1116
    Running contrast 1006/1116
    Running contrast 1011/1116
    Running contrast 1016/1116
    Running contrast 1021/1116
    Running contrast 1026/1116
    Running contrast 1031/1116
    Running contrast 1036/1116
    Running contrast 1041/1116
    Running contrast 1046/1116
    Running contrast 1051/1116
    Running contrast 1056/1116
    Running contrast 1061/1116
    Running contrast 1066/1116
    Running contrast 1071/1116
    Running contrast 1076/1116
    Running contrast 1081/1116
    Running contrast 1086/1116
    Running contrast 1091/1116
    Running contrast 1096/1116
    Running contrast 1101/1116
    Running contrast 1106/1116
    Running contrast 1111/1116
    Running contrast 1116/1116

    Writing:  ./data/tahoe/deg_data/group_rep/full/qc_false/filter_min_cells_50/CVCL_1125_de.h5ad 

    Rewriting h5ad file: ./data/tahoe/deg_data/group_rep/full/qc_false/filter_min_cells_50/CVCL_1125_de.h5ad 
    Removed X matrix
    Rewriting h5ad file is done!
✓ Cell line completed in 6365.5 seconds

DE analysis completed!

Total runtime: 6378.9 seconds
