
DE analysis started...
Loaded input file:  ./data/tahoe/pseudobulk_processed/group_rep/by_celltype/CVCL_1577_processed.h5ad 
Initial dimensions:  1333  samples ×  62710  genes
Filter samples with the low number of cells
    Filter threshold (min_cells):  50 
    n_obs:  1333 -->  1196 

▶︎ Processing cell_type  1 / 1 :  CVCL_1577 
    Filter controls by  pert_time_h  column
        n_obs:  1196 -->  1196 

    Running contrast 1/1025
    Running contrast 6/1025
    Running contrast 11/1025
    Running contrast 16/1025
    Running contrast 21/1025
    Running contrast 26/1025
    Running contrast 31/1025
    Running contrast 36/1025
    Running contrast 41/1025
    Running contrast 46/1025
    Running contrast 51/1025
    Running contrast 56/1025
    Running contrast 61/1025
    Running contrast 66/1025
    Running contrast 71/1025
    Running contrast 76/1025
    Running contrast 81/1025
    Running contrast 86/1025
    Running contrast 91/1025
    Running contrast 96/1025
    Running contrast 101/1025
    Running contrast 106/1025
    Running contrast 111/1025
    Running contrast 116/1025
    Running contrast 121/1025
    Running contrast 126/1025
    Running contrast 131/1025
    Running contrast 136/1025
    Running contrast 141/1025
    Running contrast 146/1025
    Running contrast 151/1025
    Running contrast 156/1025
    Running contrast 161/1025
    Running contrast 166/1025
    Running contrast 171/1025
    Running contrast 176/1025
    Running contrast 181/1025
    Running contrast 186/1025
    Running contrast 191/1025
    Running contrast 196/1025
    Running contrast 201/1025
    Running contrast 206/1025
    Running contrast 211/1025
    Running contrast 216/1025
    Running contrast 221/1025
    Running contrast 226/1025
    Running contrast 231/1025
    Running contrast 236/1025
    Running contrast 241/1025
    Running contrast 246/1025
    Running contrast 251/1025
    Running contrast 256/1025
    Running contrast 261/1025
    Running contrast 266/1025
    Running contrast 271/1025
    Running contrast 276/1025
    Running contrast 281/1025
    Running contrast 286/1025
    Running contrast 291/1025
    Running contrast 296/1025
    Running contrast 301/1025
    Running contrast 306/1025
    Running contrast 311/1025
    Running contrast 316/1025
    Running contrast 321/1025
    Running contrast 326/1025
    Running contrast 331/1025
    Running contrast 336/1025
    Running contrast 341/1025
    Running contrast 346/1025
    Running contrast 351/1025
    Running contrast 356/1025
    Running contrast 361/1025
    Running contrast 366/1025
    Running contrast 371/1025
    Running contrast 376/1025
    Running contrast 381/1025
    Running contrast 386/1025
    Running contrast 391/1025
    Running contrast 396/1025
    Running contrast 401/1025
    Running contrast 406/1025
    Running contrast 411/1025
    Running contrast 416/1025
    Running contrast 421/1025
    Running contrast 426/1025
    Running contrast 431/1025
    Running contrast 436/1025
    Running contrast 441/1025
    Running contrast 446/1025
    Running contrast 451/1025
    Running contrast 456/1025
    Running contrast 461/1025
    Running contrast 466/1025
    Running contrast 471/1025
    Running contrast 476/1025
    Running contrast 481/1025
    Running contrast 486/1025
    Running contrast 491/1025
    Running contrast 496/1025
    Running contrast 501/1025
    Running contrast 506/1025
    Running contrast 511/1025
    Running contrast 516/1025
    Running contrast 521/1025
    Running contrast 526/1025
    Running contrast 531/1025
    Running contrast 536/1025
    Running contrast 541/1025
    Running contrast 546/1025
    Running contrast 551/1025
    Running contrast 556/1025
    Running contrast 561/1025
    Running contrast 566/1025
    Running contrast 571/1025
    Running contrast 576/1025
    Running contrast 581/1025
    Running contrast 586/1025
    Running contrast 591/1025
    Running contrast 596/1025
    Running contrast 601/1025
    Running contrast 606/1025
    Running contrast 611/1025
    Running contrast 616/1025
    Running contrast 621/1025
    Running contrast 626/1025
    Running contrast 631/1025
    Running contrast 636/1025
    Running contrast 641/1025
    Running contrast 646/1025
    Running contrast 651/1025
    Running contrast 656/1025
    Running contrast 661/1025
    Running contrast 666/1025
    Running contrast 671/1025
    Running contrast 676/1025
    Running contrast 681/1025
    Running contrast 686/1025
    Running contrast 691/1025
    Running contrast 696/1025
    Running contrast 701/1025
    Running contrast 706/1025
    Running contrast 711/1025
    Running contrast 716/1025
    Running contrast 721/1025
    Running contrast 726/1025
    Running contrast 731/1025
    Running contrast 736/1025
    Running contrast 741/1025
    Running contrast 746/1025
    Running contrast 751/1025
    Running contrast 756/1025
    Running contrast 761/1025
    Running contrast 766/1025
    Running contrast 771/1025
    Running contrast 776/1025
    Running contrast 781/1025
    Running contrast 786/1025
    Running contrast 791/1025
    Running contrast 796/1025
    Running contrast 801/1025
    Running contrast 806/1025
    Running contrast 811/1025
    Running contrast 816/1025
    Running contrast 821/1025
    Running contrast 826/1025
    Running contrast 831/1025
    Running contrast 836/1025
    Running contrast 841/1025
    Running contrast 846/1025
    Running contrast 851/1025
    Running contrast 856/1025
    Running contrast 861/1025
    Running contrast 866/1025
    Running contrast 871/1025
    Running contrast 876/1025
    Running contrast 881/1025
    Running contrast 886/1025
    Running contrast 891/1025
    Running contrast 896/1025
    Running contrast 901/1025
    Running contrast 906/1025
    Running contrast 911/1025
    Running contrast 916/1025
    Running contrast 921/1025
    Running contrast 926/1025
    Running contrast 931/1025
    Running contrast 936/1025
    Running contrast 941/1025
    Running contrast 946/1025
    Running contrast 951/1025
    Running contrast 956/1025
    Running contrast 961/1025
    Running contrast 966/1025
    Running contrast 971/1025
    Running contrast 976/1025
    Running contrast 981/1025
    Running contrast 986/1025
    Running contrast 991/1025
    Running contrast 996/1025
    Running contrast 1001/1025
    Running contrast 1006/1025
    Running contrast 1011/1025
    Running contrast 1016/1025
    Running contrast 1021/1025
    Running contrast 1025/1025

    Writing:  ./data/tahoe/deg_data/group_rep/full/qc_false/filter_min_cells_50/CVCL_1577_de.h5ad 

    Rewriting h5ad file: ./data/tahoe/deg_data/group_rep/full/qc_false/filter_min_cells_50/CVCL_1577_de.h5ad 
    Removed X matrix
    Rewriting h5ad file is done!
✓ Cell line completed in 3746.9 seconds

DE analysis completed!

Total runtime: 3757.5 seconds
