
DE analysis started...
Loaded input file:  ./data/tahoe/pseudobulk_processed/group_rep/by_celltype/CVCL_0332_processed.h5ad 
Initial dimensions:  1342  samples ×  62710  genes
Filter samples with the low number of cells
    Filter threshold (min_cells):  50 
    n_obs:  1342 -->  1329 

▶︎ Processing cell_type  1 / 1 :  CVCL_0332 
    Filter controls by  pert_time_h  column
        n_obs:  1329 -->  1329 

    Running contrast 1/1132
    Running contrast 6/1132
    Running contrast 11/1132
    Running contrast 16/1132
    Running contrast 21/1132
    Running contrast 26/1132
    Running contrast 31/1132
    Running contrast 36/1132
    Running contrast 41/1132
    Running contrast 46/1132
    Running contrast 51/1132
    Running contrast 56/1132
    Running contrast 61/1132
    Running contrast 66/1132
    Running contrast 71/1132
    Running contrast 76/1132
    Running contrast 81/1132
    Running contrast 86/1132
    Running contrast 91/1132
    Running contrast 96/1132
    Running contrast 101/1132
    Running contrast 106/1132
    Running contrast 111/1132
    Running contrast 116/1132
    Running contrast 121/1132
    Running contrast 126/1132
    Running contrast 131/1132
    Running contrast 136/1132
    Running contrast 141/1132
    Running contrast 146/1132
    Running contrast 151/1132
    Running contrast 156/1132
    Running contrast 161/1132
    Running contrast 166/1132
    Running contrast 171/1132
    Running contrast 176/1132
    Running contrast 181/1132
    Running contrast 186/1132
    Running contrast 191/1132
    Running contrast 196/1132
    Running contrast 201/1132
    Running contrast 206/1132
    Running contrast 211/1132
    Running contrast 216/1132
    Running contrast 221/1132
    Running contrast 226/1132
    Running contrast 231/1132
    Running contrast 236/1132
    Running contrast 241/1132
    Running contrast 246/1132
    Running contrast 251/1132
    Running contrast 256/1132
    Running contrast 261/1132
    Running contrast 266/1132
    Running contrast 271/1132
    Running contrast 276/1132
    Running contrast 281/1132
    Running contrast 286/1132
    Running contrast 291/1132
    Running contrast 296/1132
    Running contrast 301/1132
    Running contrast 306/1132
    Running contrast 311/1132
    Running contrast 316/1132
    Running contrast 321/1132
    Running contrast 326/1132
    Running contrast 331/1132
    Running contrast 336/1132
    Running contrast 341/1132
    Running contrast 346/1132
    Running contrast 351/1132
    Running contrast 356/1132
    Running contrast 361/1132
    Running contrast 366/1132
    Running contrast 371/1132
    Running contrast 376/1132
    Running contrast 381/1132
    Running contrast 386/1132
    Running contrast 391/1132
    Running contrast 396/1132
    Running contrast 401/1132
    Running contrast 406/1132
    Running contrast 411/1132
    Running contrast 416/1132
    Running contrast 421/1132
    Running contrast 426/1132
    Running contrast 431/1132
    Running contrast 436/1132
    Running contrast 441/1132
    Running contrast 446/1132
    Running contrast 451/1132
    Running contrast 456/1132
    Running contrast 461/1132
    Running contrast 466/1132
    Running contrast 471/1132
    Running contrast 476/1132
    Running contrast 481/1132
    Running contrast 486/1132
    Running contrast 491/1132
    Running contrast 496/1132
    Running contrast 501/1132
    Running contrast 506/1132
    Running contrast 511/1132
    Running contrast 516/1132
    Running contrast 521/1132
    Running contrast 526/1132
    Running contrast 531/1132
    Running contrast 536/1132
    Running contrast 541/1132
    Running contrast 546/1132
    Running contrast 551/1132
    Running contrast 556/1132
    Running contrast 561/1132
    Running contrast 566/1132
    Running contrast 571/1132
    Running contrast 576/1132
    Running contrast 581/1132
    Running contrast 586/1132
    Running contrast 591/1132
    Running contrast 596/1132
    Running contrast 601/1132
    Running contrast 606/1132
    Running contrast 611/1132
    Running contrast 616/1132
    Running contrast 621/1132
    Running contrast 626/1132
    Running contrast 631/1132
    Running contrast 636/1132
    Running contrast 641/1132
    Running contrast 646/1132
    Running contrast 651/1132
    Running contrast 656/1132
    Running contrast 661/1132
    Running contrast 666/1132
    Running contrast 671/1132
    Running contrast 676/1132
    Running contrast 681/1132
    Running contrast 686/1132
    Running contrast 691/1132
    Running contrast 696/1132
    Running contrast 701/1132
    Running contrast 706/1132
    Running contrast 711/1132
    Running contrast 716/1132
    Running contrast 721/1132
    Running contrast 726/1132
    Running contrast 731/1132
    Running contrast 736/1132
    Running contrast 741/1132
    Running contrast 746/1132
    Running contrast 751/1132
    Running contrast 756/1132
    Running contrast 761/1132
    Running contrast 766/1132
    Running contrast 771/1132
    Running contrast 776/1132
    Running contrast 781/1132
    Running contrast 786/1132
    Running contrast 791/1132
    Running contrast 796/1132
    Running contrast 801/1132
    Running contrast 806/1132
    Running contrast 811/1132
    Running contrast 816/1132
    Running contrast 821/1132
    Running contrast 826/1132
    Running contrast 831/1132
    Running contrast 836/1132
    Running contrast 841/1132
    Running contrast 846/1132
    Running contrast 851/1132
    Running contrast 856/1132
    Running contrast 861/1132
    Running contrast 866/1132
    Running contrast 871/1132
    Running contrast 876/1132
    Running contrast 881/1132
    Running contrast 886/1132
    Running contrast 891/1132
    Running contrast 896/1132
    Running contrast 901/1132
    Running contrast 906/1132
    Running contrast 911/1132
    Running contrast 916/1132
    Running contrast 921/1132
    Running contrast 926/1132
    Running contrast 931/1132
    Running contrast 936/1132
    Running contrast 941/1132
    Running contrast 946/1132
    Running contrast 951/1132
    Running contrast 956/1132
    Running contrast 961/1132
    Running contrast 966/1132
    Running contrast 971/1132
    Running contrast 976/1132
    Running contrast 981/1132
    Running contrast 986/1132
    Running contrast 991/1132
    Running contrast 996/1132
    Running contrast 1001/1132
    Running contrast 1006/1132
    Running contrast 1011/1132
    Running contrast 1016/1132
    Running contrast 1021/1132
    Running contrast 1026/1132
    Running contrast 1031/1132
    Running contrast 1036/1132
    Running contrast 1041/1132
    Running contrast 1046/1132
    Running contrast 1051/1132
    Running contrast 1056/1132
    Running contrast 1061/1132
    Running contrast 1066/1132
    Running contrast 1071/1132
    Running contrast 1076/1132
    Running contrast 1081/1132
    Running contrast 1086/1132
    Running contrast 1091/1132
    Running contrast 1096/1132
    Running contrast 1101/1132
    Running contrast 1106/1132
    Running contrast 1111/1132
    Running contrast 1116/1132
    Running contrast 1121/1132
    Running contrast 1126/1132
    Running contrast 1131/1132
    Running contrast 1132/1132

    Writing:  ./data/tahoe/deg_data/group_rep/full/qc_false/filter_min_cells_50/CVCL_0332_de.h5ad 

    Rewriting h5ad file: ./data/tahoe/deg_data/group_rep/full/qc_false/filter_min_cells_50/CVCL_0332_de.h5ad 
    Removed X matrix
    Rewriting h5ad file is done!
✓ Cell line completed in 7289.5 seconds

DE analysis completed!

Total runtime: 7301.6 seconds
