2025-11-07 21:49:42 | [INFO] Read pseudobulk file
2025-11-07 21:51:50 | [INFO] Add perturbation label
2025-11-07 21:51:51 | [INFO] Save data
2025-11-07 22:04:42 | [INFO] Splitting into 50 cell types
2025-11-07 22:04:58 | [INFO]   Saved: CVCL_0023 (1342 obs)
2025-11-07 22:05:10 | [INFO]   Saved: CVCL_0028 (1339 obs)
2025-11-07 22:05:26 | [INFO]   Saved: CVCL_0069 (1339 obs)
2025-11-07 22:05:39 | [INFO]   Saved: CVCL_0099 (1340 obs)
2025-11-07 22:05:56 | [INFO]   Saved: CVCL_0131 (1338 obs)
2025-11-07 22:06:11 | [INFO]   Saved: CVCL_0152 (1341 obs)
2025-11-07 22:06:26 | [INFO]   Saved: CVCL_0179 (1338 obs)
2025-11-07 22:06:40 | [INFO]   Saved: CVCL_0218 (1343 obs)
2025-11-07 22:06:54 | [INFO]   Saved: CVCL_0292 (1343 obs)
2025-11-07 22:07:12 | [INFO]   Saved: CVCL_0293 (1342 obs)
2025-11-07 22:07:28 | [INFO]   Saved: CVCL_0320 (1342 obs)
2025-11-07 22:07:45 | [INFO]   Saved: CVCL_0332 (1342 obs)
2025-11-07 22:08:00 | [INFO]   Saved: CVCL_0334 (1340 obs)
2025-11-07 22:08:17 | [INFO]   Saved: CVCL_0359 (1342 obs)
2025-11-07 22:08:32 | [INFO]   Saved: CVCL_0366 (1344 obs)
2025-11-07 22:08:49 | [INFO]   Saved: CVCL_0371 (1340 obs)
2025-11-07 22:09:05 | [INFO]   Saved: CVCL_0397 (1342 obs)
2025-11-07 22:09:23 | [INFO]   Saved: CVCL_0399 (1343 obs)
2025-11-07 22:09:39 | [INFO]   Saved: CVCL_0428 (1337 obs)
2025-11-07 22:09:58 | [INFO]   Saved: CVCL_0459 (1344 obs)
2025-11-07 22:10:17 | [INFO]   Saved: CVCL_0480 (1338 obs)
2025-11-07 22:10:32 | [INFO]   Saved: CVCL_0504 (1344 obs)
2025-11-07 22:10:52 | [INFO]   Saved: CVCL_0546 (1343 obs)
2025-11-07 22:11:08 | [INFO]   Saved: CVCL_1055 (1340 obs)
2025-11-07 22:11:26 | [INFO]   Saved: CVCL_1056 (1340 obs)
2025-11-07 22:11:41 | [INFO]   Saved: CVCL_1094 (1342 obs)
2025-11-07 22:11:56 | [INFO]   Saved: CVCL_1097 (1341 obs)
2025-11-07 22:12:10 | [INFO]   Saved: CVCL_1098 (1342 obs)
2025-11-07 22:12:27 | [INFO]   Saved: CVCL_1119 (1341 obs)
2025-11-07 22:12:38 | [INFO]   Saved: CVCL_1125 (1340 obs)
2025-11-07 22:12:52 | [INFO]   Saved: CVCL_1239 (1343 obs)
2025-11-07 22:13:09 | [INFO]   Saved: CVCL_1285 (1343 obs)
2025-11-07 22:13:25 | [INFO]   Saved: CVCL_1381 (1342 obs)
2025-11-07 22:13:44 | [INFO]   Saved: CVCL_1478 (1341 obs)
2025-11-07 22:13:59 | [INFO]   Saved: CVCL_1495 (1338 obs)
2025-11-07 22:14:17 | [INFO]   Saved: CVCL_1517 (1344 obs)
2025-11-07 22:14:21 | [INFO]   Saved: CVCL_1531 (1331 obs)
2025-11-07 22:14:38 | [INFO]   Saved: CVCL_1547 (1340 obs)
2025-11-07 22:14:56 | [INFO]   Saved: CVCL_1550 (1338 obs)
2025-11-07 22:14:58 | [INFO]   Saved: CVCL_1571 (1331 obs)
2025-11-07 22:15:09 | [INFO]   Saved: CVCL_1577 (1333 obs)
2025-11-07 22:15:24 | [INFO]   Saved: CVCL_1635 (1341 obs)
2025-11-07 22:15:39 | [INFO]   Saved: CVCL_1666 (1341 obs)
2025-11-07 22:15:55 | [INFO]   Saved: CVCL_1693 (1342 obs)
2025-11-07 22:16:03 | [INFO]   Saved: CVCL_1715 (1340 obs)
2025-11-07 22:16:13 | [INFO]   Saved: CVCL_1716 (1333 obs)
2025-11-07 22:16:30 | [INFO]   Saved: CVCL_1717 (1340 obs)
2025-11-07 22:16:43 | [INFO]   Saved: CVCL_1724 (1339 obs)
2025-11-07 22:16:58 | [INFO]   Saved: CVCL_1731 (1342 obs)
2025-11-07 22:17:12 | [INFO]   Saved: CVCL_C466 (1344 obs)
