
DE analysis started...
Loaded input file:  ./data/sciplex/pseudobulk_processed/sep_rep/by_celltype/CVCL_0004_processed.h5ad 
Initial dimensions:  1535  samples ×  58302  genes
Filter samples with the low number of cells
    Filter threshold (min_cells):  50 
    n_obs:  1535 -->  948 

⚡ TEST MODE ENABLED ⚡
Original dataset dimensions:  948  samples x  25  genes
Filtering to time points:  24  hours
Subsetting to  3  perturbations (+ control):  DMSO, tazemetostat, ofloxacin, SRT2104 
Calculating gene variance for subsetting...
Subset to top  1000  most variable genes
Test mode dataset:  51  samples x  1000  genes

Conditions to analyze:
# A tibble: 4 × 4
  cell_type perturbagen  pert_time_h n_samples
  <fct>     <fct>              <dbl>     <int>
1 CVCL_0004 DMSO                  24        27
2 CVCL_0004 SRT2104               24         8
3 CVCL_0004 ofloxacin             24         8
4 CVCL_0004 tazemetostat          24         8

▶︎ Processing cell_type  1 / 1 :  CVCL_0004 
    Filter controls by  pert_time_h  column
        n_obs:  51 -->  51 

    Running contrast 1/24
    Running contrast 6/24
    Running contrast 11/24
    Running contrast 16/24
    Running contrast 21/24
    Running contrast 24/24

    Writing:  ./data/sciplex/deg_data/sep_rep/subsampling/qc_false/filter_min_cells_50/CVCL_0004_de.h5ad 

    Rewriting h5ad file: ./data/sciplex/deg_data/sep_rep/subsampling/qc_false/filter_min_cells_50/CVCL_0004_de.h5ad 
    Removed X matrix
    Rewriting h5ad file is done!
✓ Cell line completed in 1.9 seconds

DE analysis completed!

Total runtime: 14.6 seconds

📝 Note: This was a TEST RUN with reduced data.
Set subsampling = FALSE for full analysis.

