2025-09-12 22:26:56 | [INFO] Read data from ./data/tahoe/raw/plate14_subsample.h5ad
2025-09-12 22:26:57 | [INFO] Read data from ./data/tahoe/raw/plate14_obs.parquet
2025-09-12 22:27:06 | [INFO] Read data from ./data/tahoe/raw/var.parquet
2025-09-12 22:27:06 | [INFO] Merge datasets
2025-09-12 22:27:15 | [INFO] Standardize anndata
2025-09-12 22:27:15 | [INFO] Mapping drugs to PubChem idx
2025-09-12 22:27:15 | [INFO] Looking up 94 new perturbations on PubChem...
2025-09-12 22:28:01 | [INFO] Determine groupby fields
2025-09-12 22:28:01 | [INFO] Initial adata size: (5000, 62710)
2025-09-12 22:28:01 | [INFO] Filter by counts
2025-09-12 22:28:01 | [INFO]     n_obs: 5000 --> 4783
2025-09-12 22:28:01 | [INFO]     n_var: 62710 --> 62710
2025-09-12 22:28:01 | [INFO]     n_ct: 50 --> 50
2025-09-12 22:28:01 | [INFO]     n_pa: 94 --> 94
2025-09-12 22:28:01 | [INFO] Filter by nans
2025-09-12 22:28:01 | [INFO]     n_obs: 4783 --> 4783
2025-09-12 22:28:01 | [INFO]     n_var: 62710 --> 62710
2025-09-12 22:28:01 | [INFO]     n_ct: 50 --> 50
2025-09-12 22:28:01 | [INFO]     n_pa: 94 --> 94
2025-09-12 22:28:01 | [INFO] Filter by humanMALAT1
2025-09-12 22:28:01 | [INFO]     n_obs: 4783 --> 4779
2025-09-12 22:28:01 | [INFO]     n_var: 62710 --> 62710
2025-09-12 22:28:01 | [INFO]     n_ct: 50 --> 50
2025-09-12 22:28:01 | [INFO]     n_pa: 94 --> 94
2025-09-12 22:28:01 | [INFO] Final adata size: (4779, 62710)
2025-09-12 22:28:01 | [INFO] Build pseudobulk
2025-09-12 22:28:14 | [INFO] Process pseudobulk
2025-09-12 22:28:16 | [INFO] Save data to ./data/tahoe/pseudobulk_to_merge/subsample/plate14_subsample.h5ad
