enrich_cigs_tcm.PID2281122.out:> DEG directory (scan *_de.h5ad): ./data/cigs_tcm/deg_data/group_rep/full/qc_false/filter_min_cells_0/results
enrich_cigs_tcm.PID2281122.out:> Reference pseudobulk: ./data/cigs_tcm/pseudobulk_processed/group_rep/cigs_tcm_processed.h5ad
enrich_cigs_tcm.PID2281122.out:> Submitting Slurm job (sbatch -W) enrich_pseudobulk_var
enrich_cigs_tcm.PID2281122.out:> Slurm logs: /home/icb/olga.novitskaia/op3_v2/logs/cigs_tcm/full/enrich_pseudobulk_var/enrich_cigs_tcm.%j.out / /home/icb/olga.novitskaia/op3_v2/logs/cigs_tcm/full/enrich_pseudobulk_var/enrich_cigs_tcm.%j.err
enrich_cigs_tcm.PID2281122.out:Submitted batch job 35511651
enrich_cigs_tcm.PID2281122.out:> enrich_pseudobulk_var Slurm job finished
enrich_cigs_tcm.PID2484979.out:> DEG directory (scan *_de.h5ad): ./data/cigs_tcm/deg_data/sep_rep/full/qc_false/filter_min_cells_0/results
enrich_cigs_tcm.PID2484979.out:> Reference pseudobulk: ./data/cigs_tcm/pseudobulk_processed/sep_rep/cigs_tcm_processed.h5ad
enrich_cigs_tcm.PID2484979.out:> Submitting Slurm job (sbatch -W) enrich_pseudobulk_var
enrich_cigs_tcm.PID2484979.out:> Slurm logs: /home/icb/olga.novitskaia/op3_v2/logs/cigs_tcm/full/enrich_pseudobulk_var/enrich_cigs_tcm.%j.out / /home/icb/olga.novitskaia/op3_v2/logs/cigs_tcm/full/enrich_pseudobulk_var/enrich_cigs_tcm.%j.err
enrich_cigs_tcm.PID2484979.out:Submitted batch job 35511670
enrich_cigs_tcm.PID2484979.out:> enrich_pseudobulk_var Slurm job finished
enrich_cigs_tcm.35511651.out:2026-04-24 14:04:55 | [INFO] DEG directory (scan *_de.h5ad): /ictstr01/home/icb/olga.novitskaia/op3_v2/data/cigs_tcm/deg_data/group_rep/full/qc_false/filter_min_cells_0/results
enrich_cigs_tcm.35511651.out:2026-04-24 14:04:55 | [INFO] Reference pseudobulk: /ictstr01/home/icb/olga.novitskaia/op3_v2/data/cigs_tcm/pseudobulk_processed/group_rep/cigs_tcm_processed.h5ad
enrich_cigs_tcm.35511651.out:2026-04-24 14:05:02 | [INFO] Enrich /ictstr01/home/icb/olga.novitskaia/op3_v2/data/cigs_tcm/deg_data/group_rep/full/qc_false/filter_min_cells_0/results/CVCL_0062_de.h5ad
enrich_cigs_tcm.35511651.out:2026-04-24 14:05:23 | [INFO]     Rewriting h5ad file: /ictstr01/home/icb/olga.novitskaia/op3_v2/data/cigs_tcm/deg_data/group_rep/full/qc_false/filter_min_cells_0/results/CVCL_0062_de.h5ad
enrich_cigs_tcm.35511651.out:2026-04-24 14:05:23 | [INFO]     Removed X matrix
enrich_cigs_tcm.35511651.out:2026-04-24 14:05:23 | [INFO]     Rewriting h5ad file is done!
enrich_cigs_tcm.35511651.out:2026-04-24 14:05:28 | [INFO] Enrich /ictstr01/home/icb/olga.novitskaia/op3_v2/data/cigs_tcm/deg_data/group_rep/full/qc_false/filter_min_cells_0/results/CVCL_0063_de.h5ad
enrich_cigs_tcm.35511651.out:2026-04-24 14:05:48 | [INFO]     Rewriting h5ad file: /ictstr01/home/icb/olga.novitskaia/op3_v2/data/cigs_tcm/deg_data/group_rep/full/qc_false/filter_min_cells_0/results/CVCL_0063_de.h5ad
enrich_cigs_tcm.35511651.out:2026-04-24 14:05:48 | [INFO]     Removed X matrix
enrich_cigs_tcm.35511651.out:2026-04-24 14:05:48 | [INFO]     Rewriting h5ad file is done!
enrich_cigs_tcm.35511651.out:2026-04-24 14:05:48 | [INFO] Done: scanned=2, need_enrichment=2, written=2 (dry_run=False)
enrich_cigs_tcm.35511651.err:/ictstr01/home/icb/olga.novitskaia/venv/lib/python3.12/site-packages/anndata/_core/anndata.py:1774: UserWarning: Observation names are not unique. To make them unique, call `.obs_names_make_unique`.
enrich_cigs_tcm.35511651.err:  utils.warn_names_duplicates("obs")
enrich_cigs_tcm.35511651.err:/ictstr01/home/icb/olga.novitskaia/venv/lib/python3.12/site-packages/anndata/_core/anndata.py:1774: UserWarning: Observation names are not unique. To make them unique, call `.obs_names_make_unique`.
enrich_cigs_tcm.35511651.err:  utils.warn_names_duplicates("obs")
enrich_cigs_tcm.35511651.err:/ictstr01/home/icb/olga.novitskaia/venv/lib/python3.12/site-packages/anndata/_core/anndata.py:1774: UserWarning: Observation names are not unique. To make them unique, call `.obs_names_make_unique`.
enrich_cigs_tcm.35511651.err:  utils.warn_names_duplicates("obs")
enrich_cigs_tcm.35511651.err:/ictstr01/home/icb/olga.novitskaia/venv/lib/python3.12/site-packages/anndata/_core/anndata.py:1774: UserWarning: Observation names are not unique. To make them unique, call `.obs_names_make_unique`.
enrich_cigs_tcm.35511651.err:  utils.warn_names_duplicates("obs")
enrich_cigs_tcm.35511670.out:2026-04-24 14:06:04 | [INFO] DEG directory (scan *_de.h5ad): /ictstr01/home/icb/olga.novitskaia/op3_v2/data/cigs_tcm/deg_data/sep_rep/full/qc_false/filter_min_cells_0/results
enrich_cigs_tcm.35511670.out:2026-04-24 14:06:04 | [INFO] Reference pseudobulk: /ictstr01/home/icb/olga.novitskaia/op3_v2/data/cigs_tcm/pseudobulk_processed/sep_rep/cigs_tcm_processed.h5ad
enrich_cigs_tcm.35511670.out:2026-04-24 14:06:23 | [INFO] Enrich /ictstr01/home/icb/olga.novitskaia/op3_v2/data/cigs_tcm/deg_data/sep_rep/full/qc_false/filter_min_cells_0/results/CVCL_0062_de.h5ad
enrich_cigs_tcm.35511670.out:2026-04-24 14:07:25 | [INFO]     Rewriting h5ad file: /ictstr01/home/icb/olga.novitskaia/op3_v2/data/cigs_tcm/deg_data/sep_rep/full/qc_false/filter_min_cells_0/results/CVCL_0062_de.h5ad
enrich_cigs_tcm.35511670.out:2026-04-24 14:07:25 | [INFO]     Removed X matrix
enrich_cigs_tcm.35511670.out:2026-04-24 14:07:25 | [INFO]     Rewriting h5ad file is done!
enrich_cigs_tcm.35511670.out:2026-04-24 14:07:41 | [INFO] Enrich /ictstr01/home/icb/olga.novitskaia/op3_v2/data/cigs_tcm/deg_data/sep_rep/full/qc_false/filter_min_cells_0/results/CVCL_0063_de.h5ad
enrich_cigs_tcm.35511670.out:2026-04-24 14:08:39 | [INFO]     Rewriting h5ad file: /ictstr01/home/icb/olga.novitskaia/op3_v2/data/cigs_tcm/deg_data/sep_rep/full/qc_false/filter_min_cells_0/results/CVCL_0063_de.h5ad
enrich_cigs_tcm.35511670.out:2026-04-24 14:08:39 | [INFO]     Removed X matrix
enrich_cigs_tcm.35511670.out:2026-04-24 14:08:39 | [INFO]     Rewriting h5ad file is done!
enrich_cigs_tcm.35511670.out:2026-04-24 14:08:39 | [INFO] Done: scanned=2, need_enrichment=2, written=2 (dry_run=False)
enrich_cigs_tcm.35511670.err:/ictstr01/home/icb/olga.novitskaia/venv/lib/python3.12/site-packages/anndata/_core/anndata.py:1774: UserWarning: Observation names are not unique. To make them unique, call `.obs_names_make_unique`.
enrich_cigs_tcm.35511670.err:  utils.warn_names_duplicates("obs")
enrich_cigs_tcm.35511670.err:/ictstr01/home/icb/olga.novitskaia/venv/lib/python3.12/site-packages/anndata/_core/anndata.py:1774: UserWarning: Observation names are not unique. To make them unique, call `.obs_names_make_unique`.
enrich_cigs_tcm.35511670.err:  utils.warn_names_duplicates("obs")
enrich_cigs_tcm.35511670.err:/ictstr01/home/icb/olga.novitskaia/venv/lib/python3.12/site-packages/anndata/_core/anndata.py:1774: UserWarning: Observation names are not unique. To make them unique, call `.obs_names_make_unique`.
enrich_cigs_tcm.35511670.err:  utils.warn_names_duplicates("obs")
enrich_cigs_tcm.35511670.err:/ictstr01/home/icb/olga.novitskaia/venv/lib/python3.12/site-packages/anndata/_core/anndata.py:1774: UserWarning: Observation names are not unique. To make them unique, call `.obs_names_make_unique`.
enrich_cigs_tcm.35511670.err:  utils.warn_names_duplicates("obs")
