2025-09-12 22:22:40 | [INFO] Read data from ./data/tahoe/raw/plate9_subsample.h5ad
2025-09-12 22:22:40 | [INFO] Read data from ./data/tahoe/raw/plate9_obs.parquet
2025-09-12 22:22:48 | [INFO] Read data from ./data/tahoe/raw/var.parquet
2025-09-12 22:22:48 | [INFO] Merge datasets
2025-09-12 22:22:55 | [INFO] Standardize anndata
2025-09-12 22:22:55 | [INFO] Mapping drugs to PubChem idx
2025-09-12 22:22:55 | [INFO] Looking up 94 new perturbations on PubChem...
2025-09-12 22:23:46 | [INFO] Determine groupby fields
2025-09-12 22:23:46 | [INFO] Initial adata size: (5000, 62710)
2025-09-12 22:23:46 | [INFO] Filter by counts
2025-09-12 22:23:46 | [INFO]     n_obs: 5000 --> 4795
2025-09-12 22:23:46 | [INFO]     n_var: 62710 --> 62710
2025-09-12 22:23:46 | [INFO]     n_ct: 49 --> 48
2025-09-12 22:23:46 | [INFO]     n_pa: 94 --> 94
2025-09-12 22:23:46 | [INFO] Filter by nans
2025-09-12 22:23:46 | [INFO]     n_obs: 4795 --> 4795
2025-09-12 22:23:46 | [INFO]     n_var: 62710 --> 62710
2025-09-12 22:23:46 | [INFO]     n_ct: 48 --> 48
2025-09-12 22:23:46 | [INFO]     n_pa: 94 --> 94
2025-09-12 22:23:46 | [INFO] Filter by humanMALAT1
2025-09-12 22:23:47 | [INFO]     n_obs: 4795 --> 4789
2025-09-12 22:23:47 | [INFO]     n_var: 62710 --> 62710
2025-09-12 22:23:47 | [INFO]     n_ct: 48 --> 48
2025-09-12 22:23:47 | [INFO]     n_pa: 94 --> 94
2025-09-12 22:23:47 | [INFO] Final adata size: (4789, 62710)
2025-09-12 22:23:47 | [INFO] Build pseudobulk
2025-09-12 22:23:58 | [INFO] Process pseudobulk
2025-09-12 22:24:00 | [INFO] Save data to ./data/tahoe/pseudobulk_to_merge/subsample/plate9_subsample.h5ad
