
DE analysis started...
Loaded input file:  ./data/tahoe/pseudobulk_processed/sep_rep/by_celltype/CVCL_1478_processed.h5ad 
Initial dimensions:  1341  samples ×  62710  genes
Filter samples with the low number of cells
    Filter threshold (min_cells):  50 
    n_obs:  1341 -->  1329 

▶︎ Processing cell_type  1 / 1 :  CVCL_1478 
    Filter controls by  pert_time_h  column
        n_obs:  1329 -->  1329 

    Running contrast 1/1301
    Running contrast 6/1301
    Running contrast 11/1301
    Running contrast 16/1301
    Running contrast 21/1301
    Running contrast 26/1301
    Running contrast 31/1301
    Running contrast 36/1301
    Running contrast 41/1301
    Running contrast 46/1301
    Running contrast 51/1301
    Running contrast 56/1301
    Running contrast 61/1301
    Running contrast 66/1301
    Running contrast 71/1301
    Running contrast 76/1301
    Running contrast 81/1301
    Running contrast 86/1301
    Running contrast 91/1301
    Running contrast 96/1301
    Running contrast 101/1301
    Running contrast 106/1301
    Running contrast 111/1301
    Running contrast 116/1301
    Running contrast 121/1301
    Running contrast 126/1301
    Running contrast 131/1301
    Running contrast 136/1301
    Running contrast 141/1301
    Running contrast 146/1301
    Running contrast 151/1301
    Running contrast 156/1301
    Running contrast 161/1301
    Running contrast 166/1301
    Running contrast 171/1301
    Running contrast 176/1301
    Running contrast 181/1301
    Running contrast 186/1301
    Running contrast 191/1301
    Running contrast 196/1301
    Running contrast 201/1301
    Running contrast 206/1301
    Running contrast 211/1301
    Running contrast 216/1301
    Running contrast 221/1301
    Running contrast 226/1301
    Running contrast 231/1301
    Running contrast 236/1301
    Running contrast 241/1301
    Running contrast 246/1301
    Running contrast 251/1301
    Running contrast 256/1301
    Running contrast 261/1301
    Running contrast 266/1301
    Running contrast 271/1301
    Running contrast 276/1301
    Running contrast 281/1301
    Running contrast 286/1301
    Running contrast 291/1301
    Running contrast 296/1301
    Running contrast 301/1301
    Running contrast 306/1301
    Running contrast 311/1301
    Running contrast 316/1301
    Running contrast 321/1301
    Running contrast 326/1301
    Running contrast 331/1301
    Running contrast 336/1301
    Running contrast 341/1301
    Running contrast 346/1301
    Running contrast 351/1301
    Running contrast 356/1301
    Running contrast 361/1301
    Running contrast 366/1301
    Running contrast 371/1301
    Running contrast 376/1301
    Running contrast 381/1301
    Running contrast 386/1301
    Running contrast 391/1301
    Running contrast 396/1301
    Running contrast 401/1301
    Running contrast 406/1301
    Running contrast 411/1301
    Running contrast 416/1301
    Running contrast 421/1301
    Running contrast 426/1301
    Running contrast 431/1301
    Running contrast 436/1301
    Running contrast 441/1301
    Running contrast 446/1301
    Running contrast 451/1301
    Running contrast 456/1301
    Running contrast 461/1301
    Running contrast 466/1301
    Running contrast 471/1301
    Running contrast 476/1301
    Running contrast 481/1301
    Running contrast 486/1301
    Running contrast 491/1301
    Running contrast 496/1301
    Running contrast 501/1301
    Running contrast 506/1301
    Running contrast 511/1301
    Running contrast 516/1301
    Running contrast 521/1301
    Running contrast 526/1301
    Running contrast 531/1301
    Running contrast 536/1301
    Running contrast 541/1301
    Running contrast 546/1301
    Running contrast 551/1301
    Running contrast 556/1301
    Running contrast 561/1301
    Running contrast 566/1301
    Running contrast 571/1301
    Running contrast 576/1301
    Running contrast 581/1301
    Running contrast 586/1301
    Running contrast 591/1301
    Running contrast 596/1301
    Running contrast 601/1301
    Running contrast 606/1301
    Running contrast 611/1301
    Running contrast 616/1301
    Running contrast 621/1301
    Running contrast 626/1301
    Running contrast 631/1301
    Running contrast 636/1301
    Running contrast 641/1301
    Running contrast 646/1301
    Running contrast 651/1301
    Running contrast 656/1301
    Running contrast 661/1301
    Running contrast 666/1301
    Running contrast 671/1301
    Running contrast 676/1301
    Running contrast 681/1301
    Running contrast 686/1301
    Running contrast 691/1301
    Running contrast 696/1301
    Running contrast 701/1301
    Running contrast 706/1301
    Running contrast 711/1301
    Running contrast 716/1301
    Running contrast 721/1301
    Running contrast 726/1301
    Running contrast 731/1301
    Running contrast 736/1301
    Running contrast 741/1301
    Running contrast 746/1301
    Running contrast 751/1301
    Running contrast 756/1301
    Running contrast 761/1301
    Running contrast 766/1301
    Running contrast 771/1301
    Running contrast 776/1301
    Running contrast 781/1301
    Running contrast 786/1301
    Running contrast 791/1301
    Running contrast 796/1301
    Running contrast 801/1301
    Running contrast 806/1301
    Running contrast 811/1301
    Running contrast 816/1301
    Running contrast 821/1301
    Running contrast 826/1301
    Running contrast 831/1301
    Running contrast 836/1301
    Running contrast 841/1301
    Running contrast 846/1301
    Running contrast 851/1301
    Running contrast 856/1301
    Running contrast 861/1301
    Running contrast 866/1301
    Running contrast 871/1301
    Running contrast 876/1301
    Running contrast 881/1301
    Running contrast 886/1301
    Running contrast 891/1301
    Running contrast 896/1301
    Running contrast 901/1301
    Running contrast 906/1301
    Running contrast 911/1301
    Running contrast 916/1301
    Running contrast 921/1301
    Running contrast 926/1301
    Running contrast 931/1301
    Running contrast 936/1301
    Running contrast 941/1301
    Running contrast 946/1301
    Running contrast 951/1301
    Running contrast 956/1301
    Running contrast 961/1301
    Running contrast 966/1301
    Running contrast 971/1301
    Running contrast 976/1301
    Running contrast 981/1301
    Running contrast 986/1301
    Running contrast 991/1301
    Running contrast 996/1301
    Running contrast 1001/1301
    Running contrast 1006/1301
    Running contrast 1011/1301
    Running contrast 1016/1301
    Running contrast 1021/1301
    Running contrast 1026/1301
    Running contrast 1031/1301
    Running contrast 1036/1301
    Running contrast 1041/1301
    Running contrast 1046/1301
    Running contrast 1051/1301
    Running contrast 1056/1301
    Running contrast 1061/1301
    Running contrast 1066/1301
    Running contrast 1071/1301
    Running contrast 1076/1301
    Running contrast 1081/1301
    Running contrast 1086/1301
    Running contrast 1091/1301
    Running contrast 1096/1301
    Running contrast 1101/1301
    Running contrast 1106/1301
    Running contrast 1111/1301
    Running contrast 1116/1301
    Running contrast 1121/1301
    Running contrast 1126/1301
    Running contrast 1131/1301
    Running contrast 1136/1301
    Running contrast 1141/1301
    Running contrast 1146/1301
    Running contrast 1151/1301
    Running contrast 1156/1301
    Running contrast 1161/1301
    Running contrast 1166/1301
    Running contrast 1171/1301
    Running contrast 1176/1301
    Running contrast 1181/1301
    Running contrast 1186/1301
    Running contrast 1191/1301
    Running contrast 1196/1301
    Running contrast 1201/1301
    Running contrast 1206/1301
    Running contrast 1211/1301
    Running contrast 1216/1301
    Running contrast 1221/1301
    Running contrast 1226/1301
    Running contrast 1231/1301
    Running contrast 1236/1301
    Running contrast 1241/1301
    Running contrast 1246/1301
    Running contrast 1251/1301
    Running contrast 1256/1301
    Running contrast 1261/1301
    Running contrast 1266/1301
    Running contrast 1271/1301
    Running contrast 1276/1301
    Running contrast 1281/1301
    Running contrast 1286/1301
    Running contrast 1291/1301
    Running contrast 1296/1301
    Running contrast 1301/1301

    Writing:  ./data/tahoe/deg_data/sep_rep/full/qc_false/filter_min_cells_50/CVCL_1478_de.h5ad 

    Rewriting h5ad file: ./data/tahoe/deg_data/sep_rep/full/qc_false/filter_min_cells_50/CVCL_1478_de.h5ad 
    Removed X matrix
    Rewriting h5ad file is done!
✓ Cell line completed in 12183.2 seconds

DE analysis completed!

Total runtime: 12196.5 seconds
