
DE analysis started...
Loaded input file:  ./data/tahoe/pseudobulk_processed/sep_rep/by_celltype/CVCL_0028_processed.h5ad 
Initial dimensions:  1339  samples ×  62710  genes
Filter samples with the low number of cells
    Filter threshold (min_cells):  50 
    n_obs:  1339 -->  1321 

▶︎ Processing cell_type  1 / 1 :  CVCL_0028 
    Filter controls by  pert_time_h  column
        n_obs:  1321 -->  1321 

    Running contrast 1/1293
    Running contrast 6/1293
    Running contrast 11/1293
    Running contrast 16/1293
    Running contrast 21/1293
    Running contrast 26/1293
    Running contrast 31/1293
    Running contrast 36/1293
    Running contrast 41/1293
    Running contrast 46/1293
    Running contrast 51/1293
    Running contrast 56/1293
    Running contrast 61/1293
    Running contrast 66/1293
    Running contrast 71/1293
    Running contrast 76/1293
    Running contrast 81/1293
    Running contrast 86/1293
    Running contrast 91/1293
    Running contrast 96/1293
    Running contrast 101/1293
    Running contrast 106/1293
    Running contrast 111/1293
    Running contrast 116/1293
    Running contrast 121/1293
    Running contrast 126/1293
    Running contrast 131/1293
    Running contrast 136/1293
    Running contrast 141/1293
    Running contrast 146/1293
    Running contrast 151/1293
    Running contrast 156/1293
    Running contrast 161/1293
    Running contrast 166/1293
    Running contrast 171/1293
    Running contrast 176/1293
    Running contrast 181/1293
    Running contrast 186/1293
    Running contrast 191/1293
    Running contrast 196/1293
    Running contrast 201/1293
    Running contrast 206/1293
    Running contrast 211/1293
    Running contrast 216/1293
    Running contrast 221/1293
    Running contrast 226/1293
    Running contrast 231/1293
    Running contrast 236/1293
    Running contrast 241/1293
    Running contrast 246/1293
    Running contrast 251/1293
    Running contrast 256/1293
    Running contrast 261/1293
    Running contrast 266/1293
    Running contrast 271/1293
    Running contrast 276/1293
    Running contrast 281/1293
    Running contrast 286/1293
    Running contrast 291/1293
    Running contrast 296/1293
    Running contrast 301/1293
    Running contrast 306/1293
    Running contrast 311/1293
    Running contrast 316/1293
    Running contrast 321/1293
    Running contrast 326/1293
    Running contrast 331/1293
    Running contrast 336/1293
    Running contrast 341/1293
    Running contrast 346/1293
    Running contrast 351/1293
    Running contrast 356/1293
    Running contrast 361/1293
    Running contrast 366/1293
    Running contrast 371/1293
    Running contrast 376/1293
    Running contrast 381/1293
    Running contrast 386/1293
    Running contrast 391/1293
    Running contrast 396/1293
    Running contrast 401/1293
    Running contrast 406/1293
    Running contrast 411/1293
    Running contrast 416/1293
    Running contrast 421/1293
    Running contrast 426/1293
    Running contrast 431/1293
    Running contrast 436/1293
    Running contrast 441/1293
    Running contrast 446/1293
    Running contrast 451/1293
    Running contrast 456/1293
    Running contrast 461/1293
    Running contrast 466/1293
    Running contrast 471/1293
    Running contrast 476/1293
    Running contrast 481/1293
    Running contrast 486/1293
    Running contrast 491/1293
    Running contrast 496/1293
    Running contrast 501/1293
    Running contrast 506/1293
    Running contrast 511/1293
    Running contrast 516/1293
    Running contrast 521/1293
    Running contrast 526/1293
    Running contrast 531/1293
    Running contrast 536/1293
    Running contrast 541/1293
    Running contrast 546/1293
    Running contrast 551/1293
    Running contrast 556/1293
    Running contrast 561/1293
    Running contrast 566/1293
    Running contrast 571/1293
    Running contrast 576/1293
    Running contrast 581/1293
    Running contrast 586/1293
    Running contrast 591/1293
    Running contrast 596/1293
    Running contrast 601/1293
    Running contrast 606/1293
    Running contrast 611/1293
    Running contrast 616/1293
    Running contrast 621/1293
    Running contrast 626/1293
    Running contrast 631/1293
    Running contrast 636/1293
    Running contrast 641/1293
    Running contrast 646/1293
    Running contrast 651/1293
    Running contrast 656/1293
    Running contrast 661/1293
    Running contrast 666/1293
    Running contrast 671/1293
    Running contrast 676/1293
    Running contrast 681/1293
    Running contrast 686/1293
    Running contrast 691/1293
    Running contrast 696/1293
    Running contrast 701/1293
    Running contrast 706/1293
    Running contrast 711/1293
    Running contrast 716/1293
    Running contrast 721/1293
    Running contrast 726/1293
    Running contrast 731/1293
    Running contrast 736/1293
    Running contrast 741/1293
    Running contrast 746/1293
    Running contrast 751/1293
    Running contrast 756/1293
    Running contrast 761/1293
    Running contrast 766/1293
    Running contrast 771/1293
    Running contrast 776/1293
    Running contrast 781/1293
    Running contrast 786/1293
    Running contrast 791/1293
    Running contrast 796/1293
    Running contrast 801/1293
    Running contrast 806/1293
    Running contrast 811/1293
    Running contrast 816/1293
    Running contrast 821/1293
    Running contrast 826/1293
    Running contrast 831/1293
    Running contrast 836/1293
    Running contrast 841/1293
    Running contrast 846/1293
    Running contrast 851/1293
    Running contrast 856/1293
    Running contrast 861/1293
    Running contrast 866/1293
    Running contrast 871/1293
    Running contrast 876/1293
    Running contrast 881/1293
    Running contrast 886/1293
    Running contrast 891/1293
    Running contrast 896/1293
    Running contrast 901/1293
    Running contrast 906/1293
    Running contrast 911/1293
    Running contrast 916/1293
    Running contrast 921/1293
    Running contrast 926/1293
    Running contrast 931/1293
    Running contrast 936/1293
    Running contrast 941/1293
    Running contrast 946/1293
    Running contrast 951/1293
    Running contrast 956/1293
    Running contrast 961/1293
    Running contrast 966/1293
    Running contrast 971/1293
    Running contrast 976/1293
    Running contrast 981/1293
    Running contrast 986/1293
    Running contrast 991/1293
    Running contrast 996/1293
    Running contrast 1001/1293
    Running contrast 1006/1293
    Running contrast 1011/1293
    Running contrast 1016/1293
    Running contrast 1021/1293
    Running contrast 1026/1293
    Running contrast 1031/1293
    Running contrast 1036/1293
    Running contrast 1041/1293
    Running contrast 1046/1293
    Running contrast 1051/1293
    Running contrast 1056/1293
    Running contrast 1061/1293
    Running contrast 1066/1293
    Running contrast 1071/1293
    Running contrast 1076/1293
    Running contrast 1081/1293
    Running contrast 1086/1293
    Running contrast 1091/1293
    Running contrast 1096/1293
    Running contrast 1101/1293
    Running contrast 1106/1293
    Running contrast 1111/1293
    Running contrast 1116/1293
    Running contrast 1121/1293
    Running contrast 1126/1293
    Running contrast 1131/1293
    Running contrast 1136/1293
    Running contrast 1141/1293
    Running contrast 1146/1293
    Running contrast 1151/1293
    Running contrast 1156/1293
    Running contrast 1161/1293
    Running contrast 1166/1293
    Running contrast 1171/1293
    Running contrast 1176/1293
    Running contrast 1181/1293
    Running contrast 1186/1293
    Running contrast 1191/1293
    Running contrast 1196/1293
    Running contrast 1201/1293
    Running contrast 1206/1293
    Running contrast 1211/1293
    Running contrast 1216/1293
    Running contrast 1221/1293
    Running contrast 1226/1293
    Running contrast 1231/1293
    Running contrast 1236/1293
    Running contrast 1241/1293
    Running contrast 1246/1293
    Running contrast 1251/1293
    Running contrast 1256/1293
    Running contrast 1261/1293
    Running contrast 1266/1293
    Running contrast 1271/1293
    Running contrast 1276/1293
    Running contrast 1281/1293
    Running contrast 1286/1293
    Running contrast 1291/1293
    Running contrast 1293/1293

    Writing:  ./data/tahoe/deg_data/sep_rep/full/qc_false/filter_min_cells_50/CVCL_0028_de.h5ad 

    Rewriting h5ad file: ./data/tahoe/deg_data/sep_rep/full/qc_false/filter_min_cells_50/CVCL_0028_de.h5ad 
    Removed X matrix
    Rewriting h5ad file is done!
✓ Cell line completed in 6451.1 seconds

DE analysis completed!

Total runtime: 6469.1 seconds
