2025-11-07 21:49:42 | [INFO] Read pseudobulk file
2025-11-07 21:51:38 | [INFO] Add perturbation label
2025-11-07 21:51:39 | [INFO] Save data
2025-11-07 22:03:52 | [INFO] Splitting into 50 cell types
2025-11-07 22:04:08 | [INFO]   Saved: CVCL_0023 (1342 obs)
2025-11-07 22:04:19 | [INFO]   Saved: CVCL_0028 (1339 obs)
2025-11-07 22:04:35 | [INFO]   Saved: CVCL_0069 (1339 obs)
2025-11-07 22:04:47 | [INFO]   Saved: CVCL_0099 (1340 obs)
2025-11-07 22:05:04 | [INFO]   Saved: CVCL_0131 (1338 obs)
2025-11-07 22:05:18 | [INFO]   Saved: CVCL_0152 (1341 obs)
2025-11-07 22:05:33 | [INFO]   Saved: CVCL_0179 (1338 obs)
2025-11-07 22:05:47 | [INFO]   Saved: CVCL_0218 (1343 obs)
2025-11-07 22:06:00 | [INFO]   Saved: CVCL_0292 (1343 obs)
2025-11-07 22:06:19 | [INFO]   Saved: CVCL_0293 (1342 obs)
2025-11-07 22:06:34 | [INFO]   Saved: CVCL_0320 (1342 obs)
2025-11-07 22:06:50 | [INFO]   Saved: CVCL_0332 (1342 obs)
2025-11-07 22:07:05 | [INFO]   Saved: CVCL_0334 (1340 obs)
2025-11-07 22:07:21 | [INFO]   Saved: CVCL_0359 (1342 obs)
2025-11-07 22:07:36 | [INFO]   Saved: CVCL_0366 (1344 obs)
2025-11-07 22:07:51 | [INFO]   Saved: CVCL_0371 (1340 obs)
2025-11-07 22:08:07 | [INFO]   Saved: CVCL_0397 (1342 obs)
2025-11-07 22:08:24 | [INFO]   Saved: CVCL_0399 (1343 obs)
2025-11-07 22:08:39 | [INFO]   Saved: CVCL_0428 (1337 obs)
2025-11-07 22:08:57 | [INFO]   Saved: CVCL_0459 (1344 obs)
2025-11-07 22:09:15 | [INFO]   Saved: CVCL_0480 (1338 obs)
2025-11-07 22:09:29 | [INFO]   Saved: CVCL_0504 (1344 obs)
2025-11-07 22:09:48 | [INFO]   Saved: CVCL_0546 (1343 obs)
2025-11-07 22:10:03 | [INFO]   Saved: CVCL_1055 (1340 obs)
2025-11-07 22:10:20 | [INFO]   Saved: CVCL_1056 (1340 obs)
2025-11-07 22:10:34 | [INFO]   Saved: CVCL_1094 (1342 obs)
2025-11-07 22:10:48 | [INFO]   Saved: CVCL_1097 (1341 obs)
2025-11-07 22:11:01 | [INFO]   Saved: CVCL_1098 (1342 obs)
2025-11-07 22:11:17 | [INFO]   Saved: CVCL_1119 (1341 obs)
2025-11-07 22:11:28 | [INFO]   Saved: CVCL_1125 (1340 obs)
2025-11-07 22:11:41 | [INFO]   Saved: CVCL_1239 (1343 obs)
2025-11-07 22:11:58 | [INFO]   Saved: CVCL_1285 (1343 obs)
2025-11-07 22:12:13 | [INFO]   Saved: CVCL_1381 (1342 obs)
2025-11-07 22:12:30 | [INFO]   Saved: CVCL_1478 (1341 obs)
2025-11-07 22:12:45 | [INFO]   Saved: CVCL_1495 (1338 obs)
2025-11-07 22:13:02 | [INFO]   Saved: CVCL_1517 (1344 obs)
2025-11-07 22:13:06 | [INFO]   Saved: CVCL_1531 (1331 obs)
2025-11-07 22:13:21 | [INFO]   Saved: CVCL_1547 (1340 obs)
2025-11-07 22:13:38 | [INFO]   Saved: CVCL_1550 (1338 obs)
2025-11-07 22:13:41 | [INFO]   Saved: CVCL_1571 (1331 obs)
2025-11-07 22:13:51 | [INFO]   Saved: CVCL_1577 (1333 obs)
2025-11-07 22:14:05 | [INFO]   Saved: CVCL_1635 (1341 obs)
2025-11-07 22:14:20 | [INFO]   Saved: CVCL_1666 (1341 obs)
2025-11-07 22:14:34 | [INFO]   Saved: CVCL_1693 (1342 obs)
2025-11-07 22:14:42 | [INFO]   Saved: CVCL_1715 (1340 obs)
2025-11-07 22:14:52 | [INFO]   Saved: CVCL_1716 (1333 obs)
2025-11-07 22:15:07 | [INFO]   Saved: CVCL_1717 (1340 obs)
2025-11-07 22:15:20 | [INFO]   Saved: CVCL_1724 (1339 obs)
2025-11-07 22:15:35 | [INFO]   Saved: CVCL_1731 (1342 obs)
2025-11-07 22:15:48 | [INFO]   Saved: CVCL_C466 (1344 obs)
