
DE analysis started...
Loaded input file:  ./data/tahoe/pseudobulk_processed/sep_rep/by_celltype/CVCL_1693_processed.h5ad 
Initial dimensions:  1342  samples ×  62710  genes
Filter samples with the low number of cells
    Filter threshold (min_cells):  50 
    n_obs:  1342 -->  1330 

▶︎ Processing cell_type  1 / 1 :  CVCL_1693 
    Filter controls by  pert_time_h  column
        n_obs:  1330 -->  1330 

    Running contrast 1/1302
    Running contrast 6/1302
    Running contrast 11/1302
    Running contrast 16/1302
    Running contrast 21/1302
    Running contrast 26/1302
    Running contrast 31/1302
    Running contrast 36/1302
    Running contrast 41/1302
    Running contrast 46/1302
    Running contrast 51/1302
    Running contrast 56/1302
    Running contrast 61/1302
    Running contrast 66/1302
    Running contrast 71/1302
    Running contrast 76/1302
    Running contrast 81/1302
    Running contrast 86/1302
    Running contrast 91/1302
    Running contrast 96/1302
    Running contrast 101/1302
    Running contrast 106/1302
    Running contrast 111/1302
    Running contrast 116/1302
    Running contrast 121/1302
    Running contrast 126/1302
    Running contrast 131/1302
    Running contrast 136/1302
    Running contrast 141/1302
    Running contrast 146/1302
    Running contrast 151/1302
    Running contrast 156/1302
    Running contrast 161/1302
    Running contrast 166/1302
    Running contrast 171/1302
    Running contrast 176/1302
    Running contrast 181/1302
    Running contrast 186/1302
    Running contrast 191/1302
    Running contrast 196/1302
    Running contrast 201/1302
    Running contrast 206/1302
    Running contrast 211/1302
    Running contrast 216/1302
    Running contrast 221/1302
    Running contrast 226/1302
    Running contrast 231/1302
    Running contrast 236/1302
    Running contrast 241/1302
    Running contrast 246/1302
    Running contrast 251/1302
    Running contrast 256/1302
    Running contrast 261/1302
    Running contrast 266/1302
    Running contrast 271/1302
    Running contrast 276/1302
    Running contrast 281/1302
    Running contrast 286/1302
    Running contrast 291/1302
    Running contrast 296/1302
    Running contrast 301/1302
    Running contrast 306/1302
    Running contrast 311/1302
    Running contrast 316/1302
    Running contrast 321/1302
    Running contrast 326/1302
    Running contrast 331/1302
    Running contrast 336/1302
    Running contrast 341/1302
    Running contrast 346/1302
    Running contrast 351/1302
    Running contrast 356/1302
    Running contrast 361/1302
    Running contrast 366/1302
    Running contrast 371/1302
    Running contrast 376/1302
    Running contrast 381/1302
    Running contrast 386/1302
    Running contrast 391/1302
    Running contrast 396/1302
    Running contrast 401/1302
    Running contrast 406/1302
    Running contrast 411/1302
    Running contrast 416/1302
    Running contrast 421/1302
    Running contrast 426/1302
    Running contrast 431/1302
    Running contrast 436/1302
    Running contrast 441/1302
    Running contrast 446/1302
    Running contrast 451/1302
    Running contrast 456/1302
    Running contrast 461/1302
    Running contrast 466/1302
    Running contrast 471/1302
    Running contrast 476/1302
    Running contrast 481/1302
    Running contrast 486/1302
    Running contrast 491/1302
    Running contrast 496/1302
    Running contrast 501/1302
    Running contrast 506/1302
    Running contrast 511/1302
    Running contrast 516/1302
    Running contrast 521/1302
    Running contrast 526/1302
    Running contrast 531/1302
    Running contrast 536/1302
    Running contrast 541/1302
    Running contrast 546/1302
    Running contrast 551/1302
    Running contrast 556/1302
    Running contrast 561/1302
    Running contrast 566/1302
    Running contrast 571/1302
    Running contrast 576/1302
    Running contrast 581/1302
    Running contrast 586/1302
    Running contrast 591/1302
    Running contrast 596/1302
    Running contrast 601/1302
    Running contrast 606/1302
    Running contrast 611/1302
    Running contrast 616/1302
    Running contrast 621/1302
    Running contrast 626/1302
    Running contrast 631/1302
    Running contrast 636/1302
    Running contrast 641/1302
    Running contrast 646/1302
    Running contrast 651/1302
    Running contrast 656/1302
    Running contrast 661/1302
    Running contrast 666/1302
    Running contrast 671/1302
    Running contrast 676/1302
    Running contrast 681/1302
    Running contrast 686/1302
    Running contrast 691/1302
    Running contrast 696/1302
    Running contrast 701/1302
    Running contrast 706/1302
    Running contrast 711/1302
    Running contrast 716/1302
    Running contrast 721/1302
    Running contrast 726/1302
    Running contrast 731/1302
    Running contrast 736/1302
    Running contrast 741/1302
    Running contrast 746/1302
    Running contrast 751/1302
    Running contrast 756/1302
    Running contrast 761/1302
    Running contrast 766/1302
    Running contrast 771/1302
    Running contrast 776/1302
    Running contrast 781/1302
    Running contrast 786/1302
    Running contrast 791/1302
    Running contrast 796/1302
    Running contrast 801/1302
    Running contrast 806/1302
    Running contrast 811/1302
    Running contrast 816/1302
    Running contrast 821/1302
    Running contrast 826/1302
    Running contrast 831/1302
    Running contrast 836/1302
    Running contrast 841/1302
    Running contrast 846/1302
    Running contrast 851/1302
    Running contrast 856/1302
    Running contrast 861/1302
    Running contrast 866/1302
    Running contrast 871/1302
    Running contrast 876/1302
    Running contrast 881/1302
    Running contrast 886/1302
    Running contrast 891/1302
    Running contrast 896/1302
    Running contrast 901/1302
    Running contrast 906/1302
    Running contrast 911/1302
    Running contrast 916/1302
    Running contrast 921/1302
    Running contrast 926/1302
    Running contrast 931/1302
    Running contrast 936/1302
    Running contrast 941/1302
    Running contrast 946/1302
    Running contrast 951/1302
    Running contrast 956/1302
    Running contrast 961/1302
    Running contrast 966/1302
    Running contrast 971/1302
    Running contrast 976/1302
    Running contrast 981/1302
    Running contrast 986/1302
    Running contrast 991/1302
    Running contrast 996/1302
    Running contrast 1001/1302
    Running contrast 1006/1302
    Running contrast 1011/1302
    Running contrast 1016/1302
    Running contrast 1021/1302
    Running contrast 1026/1302
    Running contrast 1031/1302
    Running contrast 1036/1302
    Running contrast 1041/1302
    Running contrast 1046/1302
    Running contrast 1051/1302
    Running contrast 1056/1302
    Running contrast 1061/1302
    Running contrast 1066/1302
    Running contrast 1071/1302
    Running contrast 1076/1302
    Running contrast 1081/1302
    Running contrast 1086/1302
    Running contrast 1091/1302
    Running contrast 1096/1302
    Running contrast 1101/1302
    Running contrast 1106/1302
    Running contrast 1111/1302
    Running contrast 1116/1302
    Running contrast 1121/1302
    Running contrast 1126/1302
    Running contrast 1131/1302
    Running contrast 1136/1302
    Running contrast 1141/1302
    Running contrast 1146/1302
    Running contrast 1151/1302
    Running contrast 1156/1302
    Running contrast 1161/1302
    Running contrast 1166/1302
    Running contrast 1171/1302
    Running contrast 1176/1302
    Running contrast 1181/1302
    Running contrast 1186/1302
    Running contrast 1191/1302
    Running contrast 1196/1302
    Running contrast 1201/1302
    Running contrast 1206/1302
    Running contrast 1211/1302
    Running contrast 1216/1302
    Running contrast 1221/1302
    Running contrast 1226/1302
    Running contrast 1231/1302
    Running contrast 1236/1302
    Running contrast 1241/1302
    Running contrast 1246/1302
    Running contrast 1251/1302
    Running contrast 1256/1302
    Running contrast 1261/1302
    Running contrast 1266/1302
    Running contrast 1271/1302
    Running contrast 1276/1302
    Running contrast 1281/1302
    Running contrast 1286/1302
    Running contrast 1291/1302
    Running contrast 1296/1302
    Running contrast 1301/1302
    Running contrast 1302/1302

    Writing:  ./data/tahoe/deg_data/sep_rep/full/qc_false/filter_min_cells_50/CVCL_1693_de.h5ad 

    Rewriting h5ad file: ./data/tahoe/deg_data/sep_rep/full/qc_false/filter_min_cells_50/CVCL_1693_de.h5ad 
    Removed X matrix
    Rewriting h5ad file is done!
✓ Cell line completed in 12853.2 seconds

DE analysis completed!

Total runtime: 12867.0 seconds
