
DE analysis started...
Loaded input file:  ./data/tahoe/pseudobulk_processed/sep_rep/by_celltype/CVCL_1715_processed.h5ad 
Initial dimensions:  1340  samples ×  62710  genes
Filter samples with the low number of cells
    Filter threshold (min_cells):  50 
    n_obs:  1340 -->  1040 

▶︎ Processing cell_type  1 / 1 :  CVCL_1715 
    Filter controls by  pert_time_h  column
        n_obs:  1040 -->  1040 

Coefficients not estimable: plateplate7 
Coefficients not estimable: plateplate7 
    Running contrast 1/1018
    Running contrast 6/1018
    Running contrast 11/1018
    Running contrast 16/1018
    Running contrast 21/1018
    Running contrast 26/1018
    Running contrast 31/1018
    Running contrast 36/1018
    Running contrast 41/1018
    Running contrast 46/1018
    Running contrast 51/1018
    Running contrast 56/1018
    Running contrast 61/1018
    Running contrast 66/1018
    Running contrast 71/1018
    Running contrast 76/1018
    Running contrast 81/1018
    Running contrast 86/1018
    Running contrast 91/1018
    Running contrast 96/1018
    Running contrast 101/1018
    Running contrast 106/1018
    Running contrast 111/1018
    Running contrast 116/1018
    Running contrast 121/1018
    Running contrast 126/1018
    Running contrast 131/1018
    Running contrast 136/1018
    Running contrast 141/1018
    Running contrast 146/1018
    Running contrast 151/1018
    Running contrast 156/1018
    Running contrast 161/1018
    Running contrast 166/1018
    Running contrast 171/1018
    Running contrast 176/1018
    Running contrast 181/1018
    Running contrast 186/1018
    Running contrast 191/1018
    Running contrast 196/1018
    Running contrast 201/1018
    Running contrast 206/1018
    Running contrast 211/1018
    Running contrast 216/1018
    Running contrast 221/1018
    Running contrast 226/1018
    Running contrast 231/1018
    Running contrast 236/1018
    Running contrast 241/1018
    Running contrast 246/1018
    Running contrast 251/1018
    Running contrast 256/1018
    Running contrast 261/1018
    Running contrast 266/1018
    Running contrast 271/1018
    Running contrast 276/1018
    Running contrast 281/1018
    Running contrast 286/1018
    Running contrast 291/1018
    Running contrast 296/1018
    Running contrast 301/1018
    Running contrast 306/1018
    Running contrast 311/1018
    Running contrast 316/1018
    Running contrast 321/1018
    Running contrast 326/1018
    Running contrast 331/1018
    Running contrast 336/1018
    Running contrast 341/1018
    Running contrast 346/1018
    Running contrast 351/1018
    Running contrast 356/1018
    Running contrast 361/1018
    Running contrast 366/1018
    Running contrast 371/1018
    Running contrast 376/1018
    Running contrast 381/1018
    Running contrast 386/1018
    Running contrast 391/1018
    Running contrast 396/1018
    Running contrast 401/1018
    Running contrast 406/1018
    Running contrast 411/1018
    Running contrast 416/1018
    Running contrast 421/1018
    Running contrast 426/1018
    Running contrast 431/1018
    Running contrast 436/1018
    Running contrast 441/1018
    Running contrast 446/1018
    Running contrast 451/1018
    Running contrast 456/1018
    Running contrast 461/1018
    Running contrast 466/1018
    Running contrast 471/1018
    Running contrast 476/1018
    Running contrast 481/1018
    Running contrast 486/1018
    Running contrast 491/1018
    Running contrast 496/1018
    Running contrast 501/1018
    Running contrast 506/1018
    Running contrast 511/1018
    Running contrast 516/1018
    Running contrast 521/1018
    Running contrast 526/1018
    Running contrast 531/1018
    Running contrast 536/1018
    Running contrast 541/1018
    Running contrast 546/1018
    Running contrast 551/1018
    Running contrast 556/1018
    Running contrast 561/1018
    Running contrast 566/1018
    Running contrast 571/1018
    Running contrast 576/1018
    Running contrast 581/1018
    Running contrast 586/1018
    Running contrast 591/1018
    Running contrast 596/1018
    Running contrast 601/1018
    Running contrast 606/1018
    Running contrast 611/1018
    Running contrast 616/1018
    Running contrast 621/1018
    Running contrast 626/1018
    Running contrast 631/1018
    Running contrast 636/1018
    Running contrast 641/1018
    Running contrast 646/1018
    Running contrast 651/1018
    Running contrast 656/1018
    Running contrast 661/1018
    Running contrast 666/1018
    Running contrast 671/1018
    Running contrast 676/1018
    Running contrast 681/1018
    Running contrast 686/1018
    Running contrast 691/1018
    Running contrast 696/1018
    Running contrast 701/1018
    Running contrast 706/1018
    Running contrast 711/1018
    Running contrast 716/1018
    Running contrast 721/1018
    Running contrast 726/1018
    Running contrast 731/1018
    Running contrast 736/1018
    Running contrast 741/1018
    Running contrast 746/1018
    Running contrast 751/1018
    Running contrast 756/1018
    Running contrast 761/1018
    Running contrast 766/1018
    Running contrast 771/1018
    Running contrast 776/1018
    Running contrast 781/1018
    Running contrast 786/1018
    Running contrast 791/1018
    Running contrast 796/1018
    Running contrast 801/1018
    Running contrast 806/1018
    Running contrast 811/1018
    Running contrast 816/1018
    Running contrast 821/1018
    Running contrast 826/1018
    Running contrast 831/1018
    Running contrast 836/1018
    Running contrast 841/1018
    Running contrast 846/1018
    Running contrast 851/1018
    Running contrast 856/1018
    Running contrast 861/1018
    Running contrast 866/1018
    Running contrast 871/1018
    Running contrast 876/1018
    Running contrast 881/1018
    Running contrast 886/1018
    Running contrast 891/1018
    Running contrast 896/1018
    Running contrast 901/1018
    Running contrast 906/1018
    Running contrast 911/1018
    Running contrast 916/1018
    Running contrast 921/1018
    Running contrast 926/1018
    Running contrast 931/1018
    Running contrast 936/1018
    Running contrast 941/1018
    Running contrast 946/1018
    Running contrast 951/1018
    Running contrast 956/1018
    Running contrast 961/1018
    Running contrast 966/1018
    Running contrast 971/1018
    Running contrast 976/1018
    Running contrast 981/1018
    Running contrast 986/1018
    Running contrast 991/1018
    Running contrast 996/1018
    Running contrast 1001/1018
    Running contrast 1006/1018
    Running contrast 1011/1018
    Running contrast 1016/1018
    Running contrast 1018/1018

    Writing:  ./data/tahoe/deg_data/sep_rep/full/qc_false/filter_min_cells_50/CVCL_1715_de.h5ad 

    Rewriting h5ad file: ./data/tahoe/deg_data/sep_rep/full/qc_false/filter_min_cells_50/CVCL_1715_de.h5ad 
    Removed X matrix
    Rewriting h5ad file is done!
✓ Cell line completed in 2419.4 seconds

DE analysis completed!

Total runtime: 2434.5 seconds
