
DE analysis started...
Loaded input file:  ./data/tahoe/pseudobulk_processed/sep_rep/by_celltype/CVCL_1716_processed.h5ad 
Initial dimensions:  1333  samples ×  62710  genes
Filter samples with the low number of cells
    Filter threshold (min_cells):  50 
    n_obs:  1333 -->  1265 

▶︎ Processing cell_type  1 / 1 :  CVCL_1716 
    Filter controls by  pert_time_h  column
        n_obs:  1265 -->  1265 

    Running contrast 1/1238
    Running contrast 6/1238
    Running contrast 11/1238
    Running contrast 16/1238
    Running contrast 21/1238
    Running contrast 26/1238
    Running contrast 31/1238
    Running contrast 36/1238
    Running contrast 41/1238
    Running contrast 46/1238
    Running contrast 51/1238
    Running contrast 56/1238
    Running contrast 61/1238
    Running contrast 66/1238
    Running contrast 71/1238
    Running contrast 76/1238
    Running contrast 81/1238
    Running contrast 86/1238
    Running contrast 91/1238
    Running contrast 96/1238
    Running contrast 101/1238
    Running contrast 106/1238
    Running contrast 111/1238
    Running contrast 116/1238
    Running contrast 121/1238
    Running contrast 126/1238
    Running contrast 131/1238
    Running contrast 136/1238
    Running contrast 141/1238
    Running contrast 146/1238
    Running contrast 151/1238
    Running contrast 156/1238
    Running contrast 161/1238
    Running contrast 166/1238
    Running contrast 171/1238
    Running contrast 176/1238
    Running contrast 181/1238
    Running contrast 186/1238
    Running contrast 191/1238
    Running contrast 196/1238
    Running contrast 201/1238
    Running contrast 206/1238
    Running contrast 211/1238
    Running contrast 216/1238
    Running contrast 221/1238
    Running contrast 226/1238
    Running contrast 231/1238
    Running contrast 236/1238
    Running contrast 241/1238
    Running contrast 246/1238
    Running contrast 251/1238
    Running contrast 256/1238
    Running contrast 261/1238
    Running contrast 266/1238
    Running contrast 271/1238
    Running contrast 276/1238
    Running contrast 281/1238
    Running contrast 286/1238
    Running contrast 291/1238
    Running contrast 296/1238
    Running contrast 301/1238
    Running contrast 306/1238
    Running contrast 311/1238
    Running contrast 316/1238
    Running contrast 321/1238
    Running contrast 326/1238
    Running contrast 331/1238
    Running contrast 336/1238
    Running contrast 341/1238
    Running contrast 346/1238
    Running contrast 351/1238
    Running contrast 356/1238
    Running contrast 361/1238
    Running contrast 366/1238
    Running contrast 371/1238
    Running contrast 376/1238
    Running contrast 381/1238
    Running contrast 386/1238
    Running contrast 391/1238
    Running contrast 396/1238
    Running contrast 401/1238
    Running contrast 406/1238
    Running contrast 411/1238
    Running contrast 416/1238
    Running contrast 421/1238
    Running contrast 426/1238
    Running contrast 431/1238
    Running contrast 436/1238
    Running contrast 441/1238
    Running contrast 446/1238
    Running contrast 451/1238
    Running contrast 456/1238
    Running contrast 461/1238
    Running contrast 466/1238
    Running contrast 471/1238
    Running contrast 476/1238
    Running contrast 481/1238
    Running contrast 486/1238
    Running contrast 491/1238
    Running contrast 496/1238
    Running contrast 501/1238
    Running contrast 506/1238
    Running contrast 511/1238
    Running contrast 516/1238
    Running contrast 521/1238
    Running contrast 526/1238
    Running contrast 531/1238
    Running contrast 536/1238
    Running contrast 541/1238
    Running contrast 546/1238
    Running contrast 551/1238
    Running contrast 556/1238
    Running contrast 561/1238
    Running contrast 566/1238
    Running contrast 571/1238
    Running contrast 576/1238
    Running contrast 581/1238
    Running contrast 586/1238
    Running contrast 591/1238
    Running contrast 596/1238
    Running contrast 601/1238
    Running contrast 606/1238
    Running contrast 611/1238
    Running contrast 616/1238
    Running contrast 621/1238
    Running contrast 626/1238
    Running contrast 631/1238
    Running contrast 636/1238
    Running contrast 641/1238
    Running contrast 646/1238
    Running contrast 651/1238
    Running contrast 656/1238
    Running contrast 661/1238
    Running contrast 666/1238
    Running contrast 671/1238
    Running contrast 676/1238
    Running contrast 681/1238
    Running contrast 686/1238
    Running contrast 691/1238
    Running contrast 696/1238
    Running contrast 701/1238
    Running contrast 706/1238
    Running contrast 711/1238
    Running contrast 716/1238
    Running contrast 721/1238
    Running contrast 726/1238
    Running contrast 731/1238
    Running contrast 736/1238
    Running contrast 741/1238
    Running contrast 746/1238
    Running contrast 751/1238
    Running contrast 756/1238
    Running contrast 761/1238
    Running contrast 766/1238
    Running contrast 771/1238
    Running contrast 776/1238
    Running contrast 781/1238
    Running contrast 786/1238
    Running contrast 791/1238
    Running contrast 796/1238
    Running contrast 801/1238
    Running contrast 806/1238
    Running contrast 811/1238
    Running contrast 816/1238
    Running contrast 821/1238
    Running contrast 826/1238
    Running contrast 831/1238
    Running contrast 836/1238
    Running contrast 841/1238
    Running contrast 846/1238
    Running contrast 851/1238
    Running contrast 856/1238
    Running contrast 861/1238
    Running contrast 866/1238
    Running contrast 871/1238
    Running contrast 876/1238
    Running contrast 881/1238
    Running contrast 886/1238
    Running contrast 891/1238
    Running contrast 896/1238
    Running contrast 901/1238
    Running contrast 906/1238
    Running contrast 911/1238
    Running contrast 916/1238
    Running contrast 921/1238
    Running contrast 926/1238
    Running contrast 931/1238
    Running contrast 936/1238
    Running contrast 941/1238
    Running contrast 946/1238
    Running contrast 951/1238
    Running contrast 956/1238
    Running contrast 961/1238
    Running contrast 966/1238
    Running contrast 971/1238
    Running contrast 976/1238
    Running contrast 981/1238
    Running contrast 986/1238
    Running contrast 991/1238
    Running contrast 996/1238
    Running contrast 1001/1238
    Running contrast 1006/1238
    Running contrast 1011/1238
    Running contrast 1016/1238
    Running contrast 1021/1238
    Running contrast 1026/1238
    Running contrast 1031/1238
    Running contrast 1036/1238
    Running contrast 1041/1238
    Running contrast 1046/1238
    Running contrast 1051/1238
    Running contrast 1056/1238
    Running contrast 1061/1238
    Running contrast 1066/1238
    Running contrast 1071/1238
    Running contrast 1076/1238
    Running contrast 1081/1238
    Running contrast 1086/1238
    Running contrast 1091/1238
    Running contrast 1096/1238
    Running contrast 1101/1238
    Running contrast 1106/1238
    Running contrast 1111/1238
    Running contrast 1116/1238
    Running contrast 1121/1238
    Running contrast 1126/1238
    Running contrast 1131/1238
    Running contrast 1136/1238
    Running contrast 1141/1238
    Running contrast 1146/1238
    Running contrast 1151/1238
    Running contrast 1156/1238
    Running contrast 1161/1238
    Running contrast 1166/1238
    Running contrast 1171/1238
    Running contrast 1176/1238
    Running contrast 1181/1238
    Running contrast 1186/1238
    Running contrast 1191/1238
    Running contrast 1196/1238
    Running contrast 1201/1238
    Running contrast 1206/1238
    Running contrast 1211/1238
    Running contrast 1216/1238
    Running contrast 1221/1238
    Running contrast 1226/1238
    Running contrast 1231/1238
    Running contrast 1236/1238
    Running contrast 1238/1238

    Writing:  ./data/tahoe/deg_data/sep_rep/full/qc_false/filter_min_cells_50/CVCL_1716_de.h5ad 

    Rewriting h5ad file: ./data/tahoe/deg_data/sep_rep/full/qc_false/filter_min_cells_50/CVCL_1716_de.h5ad 
    Removed X matrix
    Rewriting h5ad file is done!
✓ Cell line completed in 4478.6 seconds

DE analysis completed!

Total runtime: 4488.8 seconds
