
DE analysis started...
Loaded input file:  ./data/tahoe/pseudobulk_processed/sep_rep/by_celltype/CVCL_0069_processed.h5ad 
Initial dimensions:  1339  samples ×  62710  genes
Filter samples with the low number of cells
    Filter threshold (min_cells):  50 
    n_obs:  1339 -->  1327 

▶︎ Processing cell_type  1 / 1 :  CVCL_0069 
    Filter controls by  pert_time_h  column
        n_obs:  1327 -->  1327 

    Running contrast 1/1299
    Running contrast 6/1299
    Running contrast 11/1299
    Running contrast 16/1299
    Running contrast 21/1299
    Running contrast 26/1299
    Running contrast 31/1299
    Running contrast 36/1299
    Running contrast 41/1299
    Running contrast 46/1299
    Running contrast 51/1299
    Running contrast 56/1299
    Running contrast 61/1299
    Running contrast 66/1299
    Running contrast 71/1299
    Running contrast 76/1299
    Running contrast 81/1299
    Running contrast 86/1299
    Running contrast 91/1299
    Running contrast 96/1299
    Running contrast 101/1299
    Running contrast 106/1299
    Running contrast 111/1299
    Running contrast 116/1299
    Running contrast 121/1299
    Running contrast 126/1299
    Running contrast 131/1299
    Running contrast 136/1299
    Running contrast 141/1299
    Running contrast 146/1299
    Running contrast 151/1299
    Running contrast 156/1299
    Running contrast 161/1299
    Running contrast 166/1299
    Running contrast 171/1299
    Running contrast 176/1299
    Running contrast 181/1299
    Running contrast 186/1299
    Running contrast 191/1299
    Running contrast 196/1299
    Running contrast 201/1299
    Running contrast 206/1299
    Running contrast 211/1299
    Running contrast 216/1299
    Running contrast 221/1299
    Running contrast 226/1299
    Running contrast 231/1299
    Running contrast 236/1299
    Running contrast 241/1299
    Running contrast 246/1299
    Running contrast 251/1299
    Running contrast 256/1299
    Running contrast 261/1299
    Running contrast 266/1299
    Running contrast 271/1299
    Running contrast 276/1299
    Running contrast 281/1299
    Running contrast 286/1299
    Running contrast 291/1299
    Running contrast 296/1299
    Running contrast 301/1299
    Running contrast 306/1299
    Running contrast 311/1299
    Running contrast 316/1299
    Running contrast 321/1299
    Running contrast 326/1299
    Running contrast 331/1299
    Running contrast 336/1299
    Running contrast 341/1299
    Running contrast 346/1299
    Running contrast 351/1299
    Running contrast 356/1299
    Running contrast 361/1299
    Running contrast 366/1299
    Running contrast 371/1299
    Running contrast 376/1299
    Running contrast 381/1299
    Running contrast 386/1299
    Running contrast 391/1299
    Running contrast 396/1299
    Running contrast 401/1299
    Running contrast 406/1299
    Running contrast 411/1299
    Running contrast 416/1299
    Running contrast 421/1299
    Running contrast 426/1299
    Running contrast 431/1299
    Running contrast 436/1299
    Running contrast 441/1299
    Running contrast 446/1299
    Running contrast 451/1299
    Running contrast 456/1299
    Running contrast 461/1299
    Running contrast 466/1299
    Running contrast 471/1299
    Running contrast 476/1299
    Running contrast 481/1299
    Running contrast 486/1299
    Running contrast 491/1299
    Running contrast 496/1299
    Running contrast 501/1299
    Running contrast 506/1299
    Running contrast 511/1299
    Running contrast 516/1299
    Running contrast 521/1299
    Running contrast 526/1299
    Running contrast 531/1299
    Running contrast 536/1299
    Running contrast 541/1299
    Running contrast 546/1299
    Running contrast 551/1299
    Running contrast 556/1299
    Running contrast 561/1299
    Running contrast 566/1299
    Running contrast 571/1299
    Running contrast 576/1299
    Running contrast 581/1299
    Running contrast 586/1299
    Running contrast 591/1299
    Running contrast 596/1299
    Running contrast 601/1299
    Running contrast 606/1299
    Running contrast 611/1299
    Running contrast 616/1299
    Running contrast 621/1299
    Running contrast 626/1299
    Running contrast 631/1299
    Running contrast 636/1299
    Running contrast 641/1299
    Running contrast 646/1299
    Running contrast 651/1299
    Running contrast 656/1299
    Running contrast 661/1299
    Running contrast 666/1299
    Running contrast 671/1299
    Running contrast 676/1299
    Running contrast 681/1299
    Running contrast 686/1299
    Running contrast 691/1299
    Running contrast 696/1299
    Running contrast 701/1299
    Running contrast 706/1299
    Running contrast 711/1299
    Running contrast 716/1299
    Running contrast 721/1299
    Running contrast 726/1299
    Running contrast 731/1299
    Running contrast 736/1299
    Running contrast 741/1299
    Running contrast 746/1299
    Running contrast 751/1299
    Running contrast 756/1299
    Running contrast 761/1299
    Running contrast 766/1299
    Running contrast 771/1299
    Running contrast 776/1299
    Running contrast 781/1299
    Running contrast 786/1299
    Running contrast 791/1299
    Running contrast 796/1299
    Running contrast 801/1299
    Running contrast 806/1299
    Running contrast 811/1299
    Running contrast 816/1299
    Running contrast 821/1299
    Running contrast 826/1299
    Running contrast 831/1299
    Running contrast 836/1299
    Running contrast 841/1299
    Running contrast 846/1299
    Running contrast 851/1299
    Running contrast 856/1299
    Running contrast 861/1299
    Running contrast 866/1299
    Running contrast 871/1299
    Running contrast 876/1299
    Running contrast 881/1299
    Running contrast 886/1299
    Running contrast 891/1299
    Running contrast 896/1299
    Running contrast 901/1299
    Running contrast 906/1299
    Running contrast 911/1299
    Running contrast 916/1299
    Running contrast 921/1299
    Running contrast 926/1299
    Running contrast 931/1299
    Running contrast 936/1299
    Running contrast 941/1299
    Running contrast 946/1299
    Running contrast 951/1299
    Running contrast 956/1299
    Running contrast 961/1299
    Running contrast 966/1299
    Running contrast 971/1299
    Running contrast 976/1299
    Running contrast 981/1299
    Running contrast 986/1299
    Running contrast 991/1299
    Running contrast 996/1299
    Running contrast 1001/1299
    Running contrast 1006/1299
    Running contrast 1011/1299
    Running contrast 1016/1299
    Running contrast 1021/1299
    Running contrast 1026/1299
    Running contrast 1031/1299
    Running contrast 1036/1299
    Running contrast 1041/1299
    Running contrast 1046/1299
    Running contrast 1051/1299
    Running contrast 1056/1299
    Running contrast 1061/1299
    Running contrast 1066/1299
    Running contrast 1071/1299
    Running contrast 1076/1299
    Running contrast 1081/1299
    Running contrast 1086/1299
    Running contrast 1091/1299
    Running contrast 1096/1299
    Running contrast 1101/1299
    Running contrast 1106/1299
    Running contrast 1111/1299
    Running contrast 1116/1299
    Running contrast 1121/1299
    Running contrast 1126/1299
    Running contrast 1131/1299
    Running contrast 1136/1299
    Running contrast 1141/1299
    Running contrast 1146/1299
    Running contrast 1151/1299
    Running contrast 1156/1299
    Running contrast 1161/1299
    Running contrast 1166/1299
    Running contrast 1171/1299
    Running contrast 1176/1299
    Running contrast 1181/1299
    Running contrast 1186/1299
    Running contrast 1191/1299
    Running contrast 1196/1299
    Running contrast 1201/1299
    Running contrast 1206/1299
    Running contrast 1211/1299
    Running contrast 1216/1299
    Running contrast 1221/1299
    Running contrast 1226/1299
    Running contrast 1231/1299
    Running contrast 1236/1299
    Running contrast 1241/1299
    Running contrast 1246/1299
    Running contrast 1251/1299
    Running contrast 1256/1299
    Running contrast 1261/1299
    Running contrast 1266/1299
    Running contrast 1271/1299
    Running contrast 1276/1299
    Running contrast 1281/1299
    Running contrast 1286/1299
    Running contrast 1291/1299
    Running contrast 1296/1299
    Running contrast 1299/1299

    Writing:  ./data/tahoe/deg_data/sep_rep/full/qc_false/filter_min_cells_50/CVCL_0069_de.h5ad 

    Rewriting h5ad file: ./data/tahoe/deg_data/sep_rep/full/qc_false/filter_min_cells_50/CVCL_0069_de.h5ad 
    Removed X matrix
    Rewriting h5ad file is done!
✓ Cell line completed in 10970.2 seconds

DE analysis completed!

Total runtime: 10989.3 seconds
