
DE analysis started...
Loaded input file:  ./data/tahoe/pseudobulk_processed/sep_rep/by_celltype/CVCL_0546_processed.h5ad 
Initial dimensions:  1343  samples ×  62710  genes
Filter samples with the low number of cells
    Filter threshold (min_cells):  50 
    n_obs:  1343 -->  1332 

▶︎ Processing cell_type  1 / 1 :  CVCL_0546 
    Filter controls by  pert_time_h  column
        n_obs:  1332 -->  1332 

    Running contrast 1/1304
    Running contrast 6/1304
    Running contrast 11/1304
    Running contrast 16/1304
    Running contrast 21/1304
    Running contrast 26/1304
    Running contrast 31/1304
    Running contrast 36/1304
    Running contrast 41/1304
    Running contrast 46/1304
    Running contrast 51/1304
    Running contrast 56/1304
    Running contrast 61/1304
    Running contrast 66/1304
    Running contrast 71/1304
    Running contrast 76/1304
    Running contrast 81/1304
    Running contrast 86/1304
    Running contrast 91/1304
    Running contrast 96/1304
    Running contrast 101/1304
    Running contrast 106/1304
    Running contrast 111/1304
    Running contrast 116/1304
    Running contrast 121/1304
    Running contrast 126/1304
    Running contrast 131/1304
    Running contrast 136/1304
    Running contrast 141/1304
    Running contrast 146/1304
    Running contrast 151/1304
    Running contrast 156/1304
    Running contrast 161/1304
    Running contrast 166/1304
    Running contrast 171/1304
    Running contrast 176/1304
    Running contrast 181/1304
    Running contrast 186/1304
    Running contrast 191/1304
    Running contrast 196/1304
    Running contrast 201/1304
    Running contrast 206/1304
    Running contrast 211/1304
    Running contrast 216/1304
    Running contrast 221/1304
    Running contrast 226/1304
    Running contrast 231/1304
    Running contrast 236/1304
    Running contrast 241/1304
    Running contrast 246/1304
    Running contrast 251/1304
    Running contrast 256/1304
    Running contrast 261/1304
    Running contrast 266/1304
    Running contrast 271/1304
    Running contrast 276/1304
    Running contrast 281/1304
    Running contrast 286/1304
    Running contrast 291/1304
    Running contrast 296/1304
    Running contrast 301/1304
    Running contrast 306/1304
    Running contrast 311/1304
    Running contrast 316/1304
    Running contrast 321/1304
    Running contrast 326/1304
    Running contrast 331/1304
    Running contrast 336/1304
    Running contrast 341/1304
    Running contrast 346/1304
    Running contrast 351/1304
    Running contrast 356/1304
    Running contrast 361/1304
    Running contrast 366/1304
    Running contrast 371/1304
    Running contrast 376/1304
    Running contrast 381/1304
    Running contrast 386/1304
    Running contrast 391/1304
    Running contrast 396/1304
    Running contrast 401/1304
    Running contrast 406/1304
    Running contrast 411/1304
    Running contrast 416/1304
    Running contrast 421/1304
    Running contrast 426/1304
    Running contrast 431/1304
    Running contrast 436/1304
    Running contrast 441/1304
    Running contrast 446/1304
    Running contrast 451/1304
    Running contrast 456/1304
    Running contrast 461/1304
    Running contrast 466/1304
    Running contrast 471/1304
    Running contrast 476/1304
    Running contrast 481/1304
    Running contrast 486/1304
    Running contrast 491/1304
    Running contrast 496/1304
    Running contrast 501/1304
    Running contrast 506/1304
    Running contrast 511/1304
    Running contrast 516/1304
    Running contrast 521/1304
    Running contrast 526/1304
    Running contrast 531/1304
    Running contrast 536/1304
    Running contrast 541/1304
    Running contrast 546/1304
    Running contrast 551/1304
    Running contrast 556/1304
    Running contrast 561/1304
    Running contrast 566/1304
    Running contrast 571/1304
    Running contrast 576/1304
    Running contrast 581/1304
    Running contrast 586/1304
    Running contrast 591/1304
    Running contrast 596/1304
    Running contrast 601/1304
    Running contrast 606/1304
    Running contrast 611/1304
    Running contrast 616/1304
    Running contrast 621/1304
    Running contrast 626/1304
    Running contrast 631/1304
    Running contrast 636/1304
    Running contrast 641/1304
    Running contrast 646/1304
    Running contrast 651/1304
    Running contrast 656/1304
    Running contrast 661/1304
    Running contrast 666/1304
    Running contrast 671/1304
    Running contrast 676/1304
    Running contrast 681/1304
    Running contrast 686/1304
    Running contrast 691/1304
    Running contrast 696/1304
    Running contrast 701/1304
    Running contrast 706/1304
    Running contrast 711/1304
    Running contrast 716/1304
    Running contrast 721/1304
    Running contrast 726/1304
    Running contrast 731/1304
    Running contrast 736/1304
    Running contrast 741/1304
    Running contrast 746/1304
    Running contrast 751/1304
    Running contrast 756/1304
    Running contrast 761/1304
    Running contrast 766/1304
    Running contrast 771/1304
    Running contrast 776/1304
    Running contrast 781/1304
    Running contrast 786/1304
    Running contrast 791/1304
    Running contrast 796/1304
    Running contrast 801/1304
    Running contrast 806/1304
    Running contrast 811/1304
    Running contrast 816/1304
    Running contrast 821/1304
    Running contrast 826/1304
    Running contrast 831/1304
    Running contrast 836/1304
    Running contrast 841/1304
    Running contrast 846/1304
    Running contrast 851/1304
    Running contrast 856/1304
    Running contrast 861/1304
    Running contrast 866/1304
    Running contrast 871/1304
    Running contrast 876/1304
    Running contrast 881/1304
    Running contrast 886/1304
    Running contrast 891/1304
    Running contrast 896/1304
    Running contrast 901/1304
    Running contrast 906/1304
    Running contrast 911/1304
    Running contrast 916/1304
    Running contrast 921/1304
    Running contrast 926/1304
    Running contrast 931/1304
    Running contrast 936/1304
    Running contrast 941/1304
    Running contrast 946/1304
    Running contrast 951/1304
    Running contrast 956/1304
    Running contrast 961/1304
    Running contrast 966/1304
    Running contrast 971/1304
    Running contrast 976/1304
    Running contrast 981/1304
    Running contrast 986/1304
    Running contrast 991/1304
    Running contrast 996/1304
    Running contrast 1001/1304
    Running contrast 1006/1304
    Running contrast 1011/1304
    Running contrast 1016/1304
    Running contrast 1021/1304
    Running contrast 1026/1304
    Running contrast 1031/1304
    Running contrast 1036/1304
    Running contrast 1041/1304
    Running contrast 1046/1304
    Running contrast 1051/1304
    Running contrast 1056/1304
    Running contrast 1061/1304
    Running contrast 1066/1304
    Running contrast 1071/1304
    Running contrast 1076/1304
    Running contrast 1081/1304
    Running contrast 1086/1304
    Running contrast 1091/1304
    Running contrast 1096/1304
    Running contrast 1101/1304
    Running contrast 1106/1304
    Running contrast 1111/1304
    Running contrast 1116/1304
    Running contrast 1121/1304
    Running contrast 1126/1304
    Running contrast 1131/1304
    Running contrast 1136/1304
    Running contrast 1141/1304
    Running contrast 1146/1304
    Running contrast 1151/1304
    Running contrast 1156/1304
    Running contrast 1161/1304
    Running contrast 1166/1304
    Running contrast 1171/1304
    Running contrast 1176/1304
    Running contrast 1181/1304
    Running contrast 1186/1304
    Running contrast 1191/1304
    Running contrast 1196/1304
    Running contrast 1201/1304
    Running contrast 1206/1304
    Running contrast 1211/1304
    Running contrast 1216/1304
    Running contrast 1221/1304
    Running contrast 1226/1304
    Running contrast 1231/1304
    Running contrast 1236/1304
    Running contrast 1241/1304
    Running contrast 1246/1304
    Running contrast 1251/1304
    Running contrast 1256/1304
    Running contrast 1261/1304
    Running contrast 1266/1304
    Running contrast 1271/1304
    Running contrast 1276/1304
    Running contrast 1281/1304
    Running contrast 1286/1304
    Running contrast 1291/1304
    Running contrast 1296/1304
    Running contrast 1301/1304
    Running contrast 1304/1304

    Writing:  ./data/tahoe/deg_data/sep_rep/full/qc_false/filter_min_cells_50/CVCL_0546_de.h5ad 

    Rewriting h5ad file: ./data/tahoe/deg_data/sep_rep/full/qc_false/filter_min_cells_50/CVCL_0546_de.h5ad 
    Removed X matrix
    Rewriting h5ad file is done!
✓ Cell line completed in 12899.1 seconds

DE analysis completed!

Total runtime: 12913.6 seconds
