
DE analysis started...
Loaded input file:  ./data/tahoe/pseudobulk_processed/sep_rep/by_celltype/CVCL_1724_processed.h5ad 
Initial dimensions:  1339  samples ×  62710  genes
Filter samples with the low number of cells
    Filter threshold (min_cells):  50 
    n_obs:  1339 -->  1328 

▶︎ Processing cell_type  1 / 1 :  CVCL_1724 
    Filter controls by  pert_time_h  column
        n_obs:  1328 -->  1328 

    Running contrast 1/1300
    Running contrast 6/1300
    Running contrast 11/1300
    Running contrast 16/1300
    Running contrast 21/1300
    Running contrast 26/1300
    Running contrast 31/1300
    Running contrast 36/1300
    Running contrast 41/1300
    Running contrast 46/1300
    Running contrast 51/1300
    Running contrast 56/1300
    Running contrast 61/1300
    Running contrast 66/1300
    Running contrast 71/1300
    Running contrast 76/1300
    Running contrast 81/1300
    Running contrast 86/1300
    Running contrast 91/1300
    Running contrast 96/1300
    Running contrast 101/1300
    Running contrast 106/1300
    Running contrast 111/1300
    Running contrast 116/1300
    Running contrast 121/1300
    Running contrast 126/1300
    Running contrast 131/1300
    Running contrast 136/1300
    Running contrast 141/1300
    Running contrast 146/1300
    Running contrast 151/1300
    Running contrast 156/1300
    Running contrast 161/1300
    Running contrast 166/1300
    Running contrast 171/1300
    Running contrast 176/1300
    Running contrast 181/1300
    Running contrast 186/1300
    Running contrast 191/1300
    Running contrast 196/1300
    Running contrast 201/1300
    Running contrast 206/1300
    Running contrast 211/1300
    Running contrast 216/1300
    Running contrast 221/1300
    Running contrast 226/1300
    Running contrast 231/1300
    Running contrast 236/1300
    Running contrast 241/1300
    Running contrast 246/1300
    Running contrast 251/1300
    Running contrast 256/1300
    Running contrast 261/1300
    Running contrast 266/1300
    Running contrast 271/1300
    Running contrast 276/1300
    Running contrast 281/1300
    Running contrast 286/1300
    Running contrast 291/1300
    Running contrast 296/1300
    Running contrast 301/1300
    Running contrast 306/1300
    Running contrast 311/1300
    Running contrast 316/1300
    Running contrast 321/1300
    Running contrast 326/1300
    Running contrast 331/1300
    Running contrast 336/1300
    Running contrast 341/1300
    Running contrast 346/1300
    Running contrast 351/1300
    Running contrast 356/1300
    Running contrast 361/1300
    Running contrast 366/1300
    Running contrast 371/1300
    Running contrast 376/1300
    Running contrast 381/1300
    Running contrast 386/1300
    Running contrast 391/1300
    Running contrast 396/1300
    Running contrast 401/1300
    Running contrast 406/1300
    Running contrast 411/1300
    Running contrast 416/1300
    Running contrast 421/1300
    Running contrast 426/1300
    Running contrast 431/1300
    Running contrast 436/1300
    Running contrast 441/1300
    Running contrast 446/1300
    Running contrast 451/1300
    Running contrast 456/1300
    Running contrast 461/1300
    Running contrast 466/1300
    Running contrast 471/1300
    Running contrast 476/1300
    Running contrast 481/1300
    Running contrast 486/1300
    Running contrast 491/1300
    Running contrast 496/1300
    Running contrast 501/1300
    Running contrast 506/1300
    Running contrast 511/1300
    Running contrast 516/1300
    Running contrast 521/1300
    Running contrast 526/1300
    Running contrast 531/1300
    Running contrast 536/1300
    Running contrast 541/1300
    Running contrast 546/1300
    Running contrast 551/1300
    Running contrast 556/1300
    Running contrast 561/1300
    Running contrast 566/1300
    Running contrast 571/1300
    Running contrast 576/1300
    Running contrast 581/1300
    Running contrast 586/1300
    Running contrast 591/1300
    Running contrast 596/1300
    Running contrast 601/1300
    Running contrast 606/1300
    Running contrast 611/1300
    Running contrast 616/1300
    Running contrast 621/1300
    Running contrast 626/1300
    Running contrast 631/1300
    Running contrast 636/1300
    Running contrast 641/1300
    Running contrast 646/1300
    Running contrast 651/1300
    Running contrast 656/1300
    Running contrast 661/1300
    Running contrast 666/1300
    Running contrast 671/1300
    Running contrast 676/1300
    Running contrast 681/1300
    Running contrast 686/1300
    Running contrast 691/1300
    Running contrast 696/1300
    Running contrast 701/1300
    Running contrast 706/1300
    Running contrast 711/1300
    Running contrast 716/1300
    Running contrast 721/1300
    Running contrast 726/1300
    Running contrast 731/1300
    Running contrast 736/1300
    Running contrast 741/1300
    Running contrast 746/1300
    Running contrast 751/1300
    Running contrast 756/1300
    Running contrast 761/1300
    Running contrast 766/1300
    Running contrast 771/1300
    Running contrast 776/1300
    Running contrast 781/1300
    Running contrast 786/1300
    Running contrast 791/1300
    Running contrast 796/1300
    Running contrast 801/1300
    Running contrast 806/1300
    Running contrast 811/1300
    Running contrast 816/1300
    Running contrast 821/1300
    Running contrast 826/1300
    Running contrast 831/1300
    Running contrast 836/1300
    Running contrast 841/1300
    Running contrast 846/1300
    Running contrast 851/1300
    Running contrast 856/1300
    Running contrast 861/1300
    Running contrast 866/1300
    Running contrast 871/1300
    Running contrast 876/1300
    Running contrast 881/1300
    Running contrast 886/1300
    Running contrast 891/1300
    Running contrast 896/1300
    Running contrast 901/1300
    Running contrast 906/1300
    Running contrast 911/1300
    Running contrast 916/1300
    Running contrast 921/1300
    Running contrast 926/1300
    Running contrast 931/1300
    Running contrast 936/1300
    Running contrast 941/1300
    Running contrast 946/1300
    Running contrast 951/1300
    Running contrast 956/1300
    Running contrast 961/1300
    Running contrast 966/1300
    Running contrast 971/1300
    Running contrast 976/1300
    Running contrast 981/1300
    Running contrast 986/1300
    Running contrast 991/1300
    Running contrast 996/1300
    Running contrast 1001/1300
    Running contrast 1006/1300
    Running contrast 1011/1300
    Running contrast 1016/1300
    Running contrast 1021/1300
    Running contrast 1026/1300
    Running contrast 1031/1300
    Running contrast 1036/1300
    Running contrast 1041/1300
    Running contrast 1046/1300
    Running contrast 1051/1300
    Running contrast 1056/1300
    Running contrast 1061/1300
    Running contrast 1066/1300
    Running contrast 1071/1300
    Running contrast 1076/1300
    Running contrast 1081/1300
    Running contrast 1086/1300
    Running contrast 1091/1300
    Running contrast 1096/1300
    Running contrast 1101/1300
    Running contrast 1106/1300
    Running contrast 1111/1300
    Running contrast 1116/1300
    Running contrast 1121/1300
    Running contrast 1126/1300
    Running contrast 1131/1300
    Running contrast 1136/1300
    Running contrast 1141/1300
    Running contrast 1146/1300
    Running contrast 1151/1300
    Running contrast 1156/1300
    Running contrast 1161/1300
    Running contrast 1166/1300
    Running contrast 1171/1300
    Running contrast 1176/1300
    Running contrast 1181/1300
    Running contrast 1186/1300
    Running contrast 1191/1300
    Running contrast 1196/1300
    Running contrast 1201/1300
    Running contrast 1206/1300
    Running contrast 1211/1300
    Running contrast 1216/1300
    Running contrast 1221/1300
    Running contrast 1226/1300
    Running contrast 1231/1300
    Running contrast 1236/1300
    Running contrast 1241/1300
    Running contrast 1246/1300
    Running contrast 1251/1300
    Running contrast 1256/1300
    Running contrast 1261/1300
    Running contrast 1266/1300
    Running contrast 1271/1300
    Running contrast 1276/1300
    Running contrast 1281/1300
    Running contrast 1286/1300
    Running contrast 1291/1300
    Running contrast 1296/1300
    Running contrast 1300/1300

    Writing:  ./data/tahoe/deg_data/sep_rep/full/qc_false/filter_min_cells_50/CVCL_1724_de.h5ad 

    Rewriting h5ad file: ./data/tahoe/deg_data/sep_rep/full/qc_false/filter_min_cells_50/CVCL_1724_de.h5ad 
    Removed X matrix
    Rewriting h5ad file is done!
✓ Cell line completed in 9604.9 seconds

DE analysis completed!

Total runtime: 9617.4 seconds
