
DE analysis started...
Loaded input file:  ./data/tahoe/pseudobulk_processed/sep_rep/by_celltype/CVCL_1577_processed.h5ad 
Initial dimensions:  1333  samples ×  62710  genes
Filter samples with the low number of cells
    Filter threshold (min_cells):  50 
    n_obs:  1333 -->  1196 

▶︎ Processing cell_type  1 / 1 :  CVCL_1577 
    Filter controls by  pert_time_h  column
        n_obs:  1196 -->  1196 

    Running contrast 1/1168
    Running contrast 6/1168
    Running contrast 11/1168
    Running contrast 16/1168
    Running contrast 21/1168
    Running contrast 26/1168
    Running contrast 31/1168
    Running contrast 36/1168
    Running contrast 41/1168
    Running contrast 46/1168
    Running contrast 51/1168
    Running contrast 56/1168
    Running contrast 61/1168
    Running contrast 66/1168
    Running contrast 71/1168
    Running contrast 76/1168
    Running contrast 81/1168
    Running contrast 86/1168
    Running contrast 91/1168
    Running contrast 96/1168
    Running contrast 101/1168
    Running contrast 106/1168
    Running contrast 111/1168
    Running contrast 116/1168
    Running contrast 121/1168
    Running contrast 126/1168
    Running contrast 131/1168
    Running contrast 136/1168
    Running contrast 141/1168
    Running contrast 146/1168
    Running contrast 151/1168
    Running contrast 156/1168
    Running contrast 161/1168
    Running contrast 166/1168
    Running contrast 171/1168
    Running contrast 176/1168
    Running contrast 181/1168
    Running contrast 186/1168
    Running contrast 191/1168
    Running contrast 196/1168
    Running contrast 201/1168
    Running contrast 206/1168
    Running contrast 211/1168
    Running contrast 216/1168
    Running contrast 221/1168
    Running contrast 226/1168
    Running contrast 231/1168
    Running contrast 236/1168
    Running contrast 241/1168
    Running contrast 246/1168
    Running contrast 251/1168
    Running contrast 256/1168
    Running contrast 261/1168
    Running contrast 266/1168
    Running contrast 271/1168
    Running contrast 276/1168
    Running contrast 281/1168
    Running contrast 286/1168
    Running contrast 291/1168
    Running contrast 296/1168
    Running contrast 301/1168
    Running contrast 306/1168
    Running contrast 311/1168
    Running contrast 316/1168
    Running contrast 321/1168
    Running contrast 326/1168
    Running contrast 331/1168
    Running contrast 336/1168
    Running contrast 341/1168
    Running contrast 346/1168
    Running contrast 351/1168
    Running contrast 356/1168
    Running contrast 361/1168
    Running contrast 366/1168
    Running contrast 371/1168
    Running contrast 376/1168
    Running contrast 381/1168
    Running contrast 386/1168
    Running contrast 391/1168
    Running contrast 396/1168
    Running contrast 401/1168
    Running contrast 406/1168
    Running contrast 411/1168
    Running contrast 416/1168
    Running contrast 421/1168
    Running contrast 426/1168
    Running contrast 431/1168
    Running contrast 436/1168
    Running contrast 441/1168
    Running contrast 446/1168
    Running contrast 451/1168
    Running contrast 456/1168
    Running contrast 461/1168
    Running contrast 466/1168
    Running contrast 471/1168
    Running contrast 476/1168
    Running contrast 481/1168
    Running contrast 486/1168
    Running contrast 491/1168
    Running contrast 496/1168
    Running contrast 501/1168
    Running contrast 506/1168
    Running contrast 511/1168
    Running contrast 516/1168
    Running contrast 521/1168
    Running contrast 526/1168
    Running contrast 531/1168
    Running contrast 536/1168
    Running contrast 541/1168
    Running contrast 546/1168
    Running contrast 551/1168
    Running contrast 556/1168
    Running contrast 561/1168
    Running contrast 566/1168
    Running contrast 571/1168
    Running contrast 576/1168
    Running contrast 581/1168
    Running contrast 586/1168
    Running contrast 591/1168
    Running contrast 596/1168
    Running contrast 601/1168
    Running contrast 606/1168
    Running contrast 611/1168
    Running contrast 616/1168
    Running contrast 621/1168
    Running contrast 626/1168
    Running contrast 631/1168
    Running contrast 636/1168
    Running contrast 641/1168
    Running contrast 646/1168
    Running contrast 651/1168
    Running contrast 656/1168
    Running contrast 661/1168
    Running contrast 666/1168
    Running contrast 671/1168
    Running contrast 676/1168
    Running contrast 681/1168
    Running contrast 686/1168
    Running contrast 691/1168
    Running contrast 696/1168
    Running contrast 701/1168
    Running contrast 706/1168
    Running contrast 711/1168
    Running contrast 716/1168
    Running contrast 721/1168
    Running contrast 726/1168
    Running contrast 731/1168
    Running contrast 736/1168
    Running contrast 741/1168
    Running contrast 746/1168
    Running contrast 751/1168
    Running contrast 756/1168
    Running contrast 761/1168
    Running contrast 766/1168
    Running contrast 771/1168
    Running contrast 776/1168
    Running contrast 781/1168
    Running contrast 786/1168
    Running contrast 791/1168
    Running contrast 796/1168
    Running contrast 801/1168
    Running contrast 806/1168
    Running contrast 811/1168
    Running contrast 816/1168
    Running contrast 821/1168
    Running contrast 826/1168
    Running contrast 831/1168
    Running contrast 836/1168
    Running contrast 841/1168
    Running contrast 846/1168
    Running contrast 851/1168
    Running contrast 856/1168
    Running contrast 861/1168
    Running contrast 866/1168
    Running contrast 871/1168
    Running contrast 876/1168
    Running contrast 881/1168
    Running contrast 886/1168
    Running contrast 891/1168
    Running contrast 896/1168
    Running contrast 901/1168
    Running contrast 906/1168
    Running contrast 911/1168
    Running contrast 916/1168
    Running contrast 921/1168
    Running contrast 926/1168
    Running contrast 931/1168
    Running contrast 936/1168
    Running contrast 941/1168
    Running contrast 946/1168
    Running contrast 951/1168
    Running contrast 956/1168
    Running contrast 961/1168
    Running contrast 966/1168
    Running contrast 971/1168
    Running contrast 976/1168
    Running contrast 981/1168
    Running contrast 986/1168
    Running contrast 991/1168
    Running contrast 996/1168
    Running contrast 1001/1168
    Running contrast 1006/1168
    Running contrast 1011/1168
    Running contrast 1016/1168
    Running contrast 1021/1168
    Running contrast 1026/1168
    Running contrast 1031/1168
    Running contrast 1036/1168
    Running contrast 1041/1168
    Running contrast 1046/1168
    Running contrast 1051/1168
    Running contrast 1056/1168
    Running contrast 1061/1168
    Running contrast 1066/1168
    Running contrast 1071/1168
    Running contrast 1076/1168
    Running contrast 1081/1168
    Running contrast 1086/1168
    Running contrast 1091/1168
    Running contrast 1096/1168
    Running contrast 1101/1168
    Running contrast 1106/1168
    Running contrast 1111/1168
    Running contrast 1116/1168
    Running contrast 1121/1168
    Running contrast 1126/1168
    Running contrast 1131/1168
    Running contrast 1136/1168
    Running contrast 1141/1168
    Running contrast 1146/1168
    Running contrast 1151/1168
    Running contrast 1156/1168
    Running contrast 1161/1168
    Running contrast 1166/1168
    Running contrast 1168/1168

    Writing:  ./data/tahoe/deg_data/sep_rep/full/qc_false/filter_min_cells_50/CVCL_1577_de.h5ad 

    Rewriting h5ad file: ./data/tahoe/deg_data/sep_rep/full/qc_false/filter_min_cells_50/CVCL_1577_de.h5ad 
    Removed X matrix
    Rewriting h5ad file is done!
✓ Cell line completed in 5397.6 seconds

DE analysis completed!

Total runtime: 5408.8 seconds
