
DE analysis started...
Loaded input file:  ./data/tahoe/pseudobulk_processed/sep_rep/by_celltype/CVCL_1125_processed.h5ad 
Initial dimensions:  1340  samples ×  62710  genes
Filter samples with the low number of cells
    Filter threshold (min_cells):  50 
    n_obs:  1340 -->  1310 

▶︎ Processing cell_type  1 / 1 :  CVCL_1125 
    Filter controls by  pert_time_h  column
        n_obs:  1310 -->  1310 

    Running contrast 1/1282
    Running contrast 6/1282
    Running contrast 11/1282
    Running contrast 16/1282
    Running contrast 21/1282
    Running contrast 26/1282
    Running contrast 31/1282
    Running contrast 36/1282
    Running contrast 41/1282
    Running contrast 46/1282
    Running contrast 51/1282
    Running contrast 56/1282
    Running contrast 61/1282
    Running contrast 66/1282
    Running contrast 71/1282
    Running contrast 76/1282
    Running contrast 81/1282
    Running contrast 86/1282
    Running contrast 91/1282
    Running contrast 96/1282
    Running contrast 101/1282
    Running contrast 106/1282
    Running contrast 111/1282
    Running contrast 116/1282
    Running contrast 121/1282
    Running contrast 126/1282
    Running contrast 131/1282
    Running contrast 136/1282
    Running contrast 141/1282
    Running contrast 146/1282
    Running contrast 151/1282
    Running contrast 156/1282
    Running contrast 161/1282
    Running contrast 166/1282
    Running contrast 171/1282
    Running contrast 176/1282
    Running contrast 181/1282
    Running contrast 186/1282
    Running contrast 191/1282
    Running contrast 196/1282
    Running contrast 201/1282
    Running contrast 206/1282
    Running contrast 211/1282
    Running contrast 216/1282
    Running contrast 221/1282
    Running contrast 226/1282
    Running contrast 231/1282
    Running contrast 236/1282
    Running contrast 241/1282
    Running contrast 246/1282
    Running contrast 251/1282
    Running contrast 256/1282
    Running contrast 261/1282
    Running contrast 266/1282
    Running contrast 271/1282
    Running contrast 276/1282
    Running contrast 281/1282
    Running contrast 286/1282
    Running contrast 291/1282
    Running contrast 296/1282
    Running contrast 301/1282
    Running contrast 306/1282
    Running contrast 311/1282
    Running contrast 316/1282
    Running contrast 321/1282
    Running contrast 326/1282
    Running contrast 331/1282
    Running contrast 336/1282
    Running contrast 341/1282
    Running contrast 346/1282
    Running contrast 351/1282
    Running contrast 356/1282
    Running contrast 361/1282
    Running contrast 366/1282
    Running contrast 371/1282
    Running contrast 376/1282
    Running contrast 381/1282
    Running contrast 386/1282
    Running contrast 391/1282
    Running contrast 396/1282
    Running contrast 401/1282
    Running contrast 406/1282
    Running contrast 411/1282
    Running contrast 416/1282
    Running contrast 421/1282
    Running contrast 426/1282
    Running contrast 431/1282
    Running contrast 436/1282
    Running contrast 441/1282
    Running contrast 446/1282
    Running contrast 451/1282
    Running contrast 456/1282
    Running contrast 461/1282
    Running contrast 466/1282
    Running contrast 471/1282
    Running contrast 476/1282
    Running contrast 481/1282
    Running contrast 486/1282
    Running contrast 491/1282
    Running contrast 496/1282
    Running contrast 501/1282
    Running contrast 506/1282
    Running contrast 511/1282
    Running contrast 516/1282
    Running contrast 521/1282
    Running contrast 526/1282
    Running contrast 531/1282
    Running contrast 536/1282
    Running contrast 541/1282
    Running contrast 546/1282
    Running contrast 551/1282
    Running contrast 556/1282
    Running contrast 561/1282
    Running contrast 566/1282
    Running contrast 571/1282
    Running contrast 576/1282
    Running contrast 581/1282
    Running contrast 586/1282
    Running contrast 591/1282
    Running contrast 596/1282
    Running contrast 601/1282
    Running contrast 606/1282
    Running contrast 611/1282
    Running contrast 616/1282
    Running contrast 621/1282
    Running contrast 626/1282
    Running contrast 631/1282
    Running contrast 636/1282
    Running contrast 641/1282
    Running contrast 646/1282
    Running contrast 651/1282
    Running contrast 656/1282
    Running contrast 661/1282
    Running contrast 666/1282
    Running contrast 671/1282
    Running contrast 676/1282
    Running contrast 681/1282
    Running contrast 686/1282
    Running contrast 691/1282
    Running contrast 696/1282
    Running contrast 701/1282
    Running contrast 706/1282
    Running contrast 711/1282
    Running contrast 716/1282
    Running contrast 721/1282
    Running contrast 726/1282
    Running contrast 731/1282
    Running contrast 736/1282
    Running contrast 741/1282
    Running contrast 746/1282
    Running contrast 751/1282
    Running contrast 756/1282
    Running contrast 761/1282
    Running contrast 766/1282
    Running contrast 771/1282
    Running contrast 776/1282
    Running contrast 781/1282
    Running contrast 786/1282
    Running contrast 791/1282
    Running contrast 796/1282
    Running contrast 801/1282
    Running contrast 806/1282
    Running contrast 811/1282
    Running contrast 816/1282
    Running contrast 821/1282
    Running contrast 826/1282
    Running contrast 831/1282
    Running contrast 836/1282
    Running contrast 841/1282
    Running contrast 846/1282
    Running contrast 851/1282
    Running contrast 856/1282
    Running contrast 861/1282
    Running contrast 866/1282
    Running contrast 871/1282
    Running contrast 876/1282
    Running contrast 881/1282
    Running contrast 886/1282
    Running contrast 891/1282
    Running contrast 896/1282
    Running contrast 901/1282
    Running contrast 906/1282
    Running contrast 911/1282
    Running contrast 916/1282
    Running contrast 921/1282
    Running contrast 926/1282
    Running contrast 931/1282
    Running contrast 936/1282
    Running contrast 941/1282
    Running contrast 946/1282
    Running contrast 951/1282
    Running contrast 956/1282
    Running contrast 961/1282
    Running contrast 966/1282
    Running contrast 971/1282
    Running contrast 976/1282
    Running contrast 981/1282
    Running contrast 986/1282
    Running contrast 991/1282
    Running contrast 996/1282
    Running contrast 1001/1282
    Running contrast 1006/1282
    Running contrast 1011/1282
    Running contrast 1016/1282
    Running contrast 1021/1282
    Running contrast 1026/1282
    Running contrast 1031/1282
    Running contrast 1036/1282
    Running contrast 1041/1282
    Running contrast 1046/1282
    Running contrast 1051/1282
    Running contrast 1056/1282
    Running contrast 1061/1282
    Running contrast 1066/1282
    Running contrast 1071/1282
    Running contrast 1076/1282
    Running contrast 1081/1282
    Running contrast 1086/1282
    Running contrast 1091/1282
    Running contrast 1096/1282
    Running contrast 1101/1282
    Running contrast 1106/1282
    Running contrast 1111/1282
    Running contrast 1116/1282
    Running contrast 1121/1282
    Running contrast 1126/1282
    Running contrast 1131/1282
    Running contrast 1136/1282
    Running contrast 1141/1282
    Running contrast 1146/1282
    Running contrast 1151/1282
    Running contrast 1156/1282
    Running contrast 1161/1282
    Running contrast 1166/1282
    Running contrast 1171/1282
    Running contrast 1176/1282
    Running contrast 1181/1282
    Running contrast 1186/1282
    Running contrast 1191/1282
    Running contrast 1196/1282
    Running contrast 1201/1282
    Running contrast 1206/1282
    Running contrast 1211/1282
    Running contrast 1216/1282
    Running contrast 1221/1282
    Running contrast 1226/1282
    Running contrast 1231/1282
    Running contrast 1236/1282
    Running contrast 1241/1282
    Running contrast 1246/1282
    Running contrast 1251/1282
    Running contrast 1256/1282
    Running contrast 1261/1282
    Running contrast 1266/1282
    Running contrast 1271/1282
    Running contrast 1276/1282
    Running contrast 1281/1282
    Running contrast 1282/1282

    Writing:  ./data/tahoe/deg_data/sep_rep/full/qc_false/filter_min_cells_50/CVCL_1125_de.h5ad 

    Rewriting h5ad file: ./data/tahoe/deg_data/sep_rep/full/qc_false/filter_min_cells_50/CVCL_1125_de.h5ad 
    Removed X matrix
    Rewriting h5ad file is done!
✓ Cell line completed in 7170.3 seconds

DE analysis completed!

Total runtime: 7185.6 seconds
