deg_vcpi_0001.PID1380854.out:> Do not filter samples that did not pass quality control
deg_vcpi_0001.PID1380854.out:> Work with a full version
deg_vcpi_0001.PID1380854.out:> Mode: PARALLEL BY CELL TYPE (array jobs per cell type)
deg_vcpi_0001.PID1380854.out:> Dataset is not normalized, running normalization steps
deg_vcpi_0001.PID1380854.out:> Using config: ./pipelines/vcpi_0001/configs/deg/config.json
deg_vcpi_0001.PID1380854.out:> Preprocess pseudobulk with parameter: group_all_replicates
deg_vcpi_0001.PID1380854.out:> Running preprocessing pseudobulk
deg_vcpi_0001.PID1380854.out:Submitted batch job 35128400
deg_vcpi_0001.PID1380854.out:> Preprocessing completed
deg_vcpi_0001.PID1380854.out:> Starting DGE analysis with parameter: group_all_replicates
deg_vcpi_0001.PID1380854.out:  Found 11 file(s) to process
deg_vcpi_0001.PID1380854.out:
deg_vcpi_0001.PID1380854.out:============================================
deg_vcpi_0001.PID1380854.out:DGE ANALYSIS
deg_vcpi_0001.PID1380854.out:============================================
deg_vcpi_0001.PID1380854.out:  Processing 11 file(s)...
deg_vcpi_0001.PID1380854.out:
deg_vcpi_0001.PID1380854.out:
deg_vcpi_0001.PID1380854.out:============================================
deg_vcpi_0001.PID1380854.out:DEG ANALYSIS: Array Job Mode
deg_vcpi_0001.PID1380854.out:============================================
deg_vcpi_0001.PID1380854.out:  Processing 11 file(s) with array job...
deg_vcpi_0001.PID1380854.out:  Submitting array job [11 jobs, max 50 concurrent]...
deg_vcpi_0001.PID1380854.out:Submitted batch job 35128425
deg_vcpi_0001.PID1380854.out:> DEG array job completed
deg_vcpi_0001.PID1380854.out:
deg_vcpi_0001.PID1380854.out:============================================
deg_vcpi_0001.PID1380854.out:AGGREGATING BATCH FILES
deg_vcpi_0001.PID1380854.out:============================================
deg_vcpi_0001.PID1380854.out:  Found files in ./data/vcpi_0001/deg_data/group_rep/full/qc_false/filter_min_cells_0/intermediate and results directory is empty
deg_vcpi_0001.PID1380854.out:  Aggregating batch files from intermediate/ to results/...
deg_vcpi_0001.PID1380854.out:  Running aggregation...
deg_vcpi_0001.PID1380854.out:Submitted batch job 35129381
deg_vcpi_0001.PID1380854.out:> Aggregation completed
deg_vcpi_0001.PID1380854.out:
deg_vcpi_0001.PID1380854.out:============================================
deg_vcpi_0001.PID1380854.out:DGE PIPELINE COMPLETED
deg_vcpi_0001.PID1380854.out:============================================
deg_vcpi_0001.PID1380854.out:  Results saved to: ./data/vcpi_0001/deg_data/group_rep/full/qc_false/filter_min_cells_0
deg_vcpi_0001.PID1380854.out:    - intermediate/ for separate files
deg_vcpi_0001.PID1380854.out:    - results/ for combined
deg_vcpi_0001.PID1380854.out:
deg_vcpi_0001.PID1380854.out:> DGE pipeline is finished
deg_vcpi_0001.PID1380854.out:> Cleaning up temporary files...
deg_vcpi_0001.PID1380854.out:> Cleanup complete
deg_processing_pseudobulk.35128400.out:2026-04-13 01:20:43 | [INFO] Read pseudobulk file
deg_processing_pseudobulk.35128400.out:2026-04-13 01:21:01 | [INFO] Dataset "vcpi_0001" specified but no processing_functions configured, skipping
deg_processing_pseudobulk.35128400.out:2026-04-13 01:21:01 | [INFO] Map ensembl IDs to current/replacement IDs
deg_processing_pseudobulk.35128400.out:2026-04-13 01:21:01 | [INFO] Mapping Ensembl IDs to current/replacement IDs
deg_processing_pseudobulk.35128400.out:2026-04-13 01:21:01 | [INFO]   Found 78686 genes with Ensembl IDs in var.index
deg_processing_pseudobulk.35128400.out:2026-04-13 01:21:01 | [INFO] Processing 78686 IDs in 79 queries
deg_processing_pseudobulk.35128400.out:2026-04-13 01:21:01 | [INFO]   Query 1/79: processing 1000 IDs
deg_processing_pseudobulk.35128400.out:2026-04-13 01:21:04 | [INFO]   Query 2/79: processing 1000 IDs
deg_processing_pseudobulk.35128400.out:2026-04-13 01:21:06 | [INFO]   Query 3/79: processing 1000 IDs
deg_processing_pseudobulk.35128400.out:2026-04-13 01:21:09 | [INFO]   Query 4/79: processing 1000 IDs
deg_processing_pseudobulk.35128400.out:2026-04-13 01:21:11 | [INFO]   Query 5/79: processing 1000 IDs
deg_processing_pseudobulk.35128400.out:2026-04-13 01:21:13 | [INFO]   Query 6/79: processing 1000 IDs
deg_processing_pseudobulk.35128400.out:2026-04-13 01:21:15 | [INFO]   Query 7/79: processing 1000 IDs
deg_processing_pseudobulk.35128400.out:2026-04-13 01:21:17 | [INFO]   Query 8/79: processing 1000 IDs
deg_processing_pseudobulk.35128400.out:2026-04-13 01:21:19 | [INFO]   Query 9/79: processing 1000 IDs
deg_processing_pseudobulk.35128400.out:2026-04-13 01:21:21 | [INFO]   Query 10/79: processing 1000 IDs
deg_processing_pseudobulk.35128400.out:2026-04-13 01:21:23 | [INFO]   Query 11/79: processing 1000 IDs
deg_processing_pseudobulk.35128400.out:2026-04-13 01:21:25 | [INFO]   Query 12/79: processing 1000 IDs
deg_processing_pseudobulk.35128400.out:2026-04-13 01:21:27 | [INFO]   Query 13/79: processing 1000 IDs
deg_processing_pseudobulk.35128400.out:2026-04-13 01:21:29 | [INFO]   Query 14/79: processing 1000 IDs
deg_processing_pseudobulk.35128400.out:2026-04-13 01:21:31 | [INFO]   Query 15/79: processing 1000 IDs
deg_processing_pseudobulk.35128400.out:2026-04-13 01:21:35 | [INFO]   Query 16/79: processing 1000 IDs
deg_processing_pseudobulk.35128400.out:2026-04-13 01:21:37 | [INFO]   Query 17/79: processing 1000 IDs
deg_processing_pseudobulk.35128400.out:2026-04-13 01:21:39 | [INFO]   Query 18/79: processing 1000 IDs
deg_processing_pseudobulk.35128400.out:2026-04-13 01:21:41 | [INFO]   Query 19/79: processing 1000 IDs
deg_processing_pseudobulk.35128400.out:2026-04-13 01:21:43 | [INFO]   Query 20/79: processing 1000 IDs
deg_processing_pseudobulk.35128400.out:2026-04-13 01:21:46 | [INFO]   Query 21/79: processing 1000 IDs
deg_processing_pseudobulk.35128400.out:2026-04-13 01:21:48 | [INFO]   Query 22/79: processing 1000 IDs
deg_processing_pseudobulk.35128400.out:2026-04-13 01:21:50 | [INFO]   Query 23/79: processing 1000 IDs
deg_processing_pseudobulk.35128400.out:2026-04-13 01:21:52 | [INFO]   Query 24/79: processing 1000 IDs
deg_processing_pseudobulk.35128400.out:2026-04-13 01:21:55 | [INFO]   Query 25/79: processing 1000 IDs
deg_processing_pseudobulk.35128400.out:2026-04-13 01:21:57 | [INFO]   Query 26/79: processing 1000 IDs
deg_processing_pseudobulk.35128400.out:2026-04-13 01:21:58 | [INFO]   Query 27/79: processing 1000 IDs
deg_processing_pseudobulk.35128400.out:2026-04-13 01:22:00 | [INFO]   Query 28/79: processing 1000 IDs
deg_processing_pseudobulk.35128400.out:2026-04-13 01:22:02 | [INFO]   Query 29/79: processing 1000 IDs
deg_processing_pseudobulk.35128400.out:2026-04-13 01:22:04 | [INFO]   Query 30/79: processing 1000 IDs
deg_processing_pseudobulk.35128400.out:2026-04-13 01:22:06 | [INFO]   Query 31/79: processing 1000 IDs
deg_processing_pseudobulk.35128400.out:2026-04-13 01:22:08 | [INFO]   Query 32/79: processing 1000 IDs
deg_processing_pseudobulk.35128400.out:2026-04-13 01:22:11 | [INFO]   Query 33/79: processing 1000 IDs
deg_processing_pseudobulk.35128400.out:2026-04-13 01:22:13 | [INFO]   Query 34/79: processing 1000 IDs
deg_processing_pseudobulk.35128400.out:2026-04-13 01:22:18 | [INFO]   Query 35/79: processing 1000 IDs
deg_processing_pseudobulk.35128400.out:2026-04-13 01:22:20 | [INFO]   Query 36/79: processing 1000 IDs
deg_processing_pseudobulk.35128400.out:2026-04-13 01:22:23 | [INFO]   Query 37/79: processing 1000 IDs
deg_processing_pseudobulk.35128400.out:2026-04-13 01:22:27 | [INFO]   Query 38/79: processing 1000 IDs
deg_processing_pseudobulk.35128400.out:2026-04-13 01:22:29 | [INFO]   Query 39/79: processing 1000 IDs
deg_processing_pseudobulk.35128400.out:2026-04-13 01:22:32 | [INFO]   Query 40/79: processing 1000 IDs
deg_processing_pseudobulk.35128400.out:2026-04-13 01:22:34 | [INFO]   Query 41/79: processing 1000 IDs
deg_processing_pseudobulk.35128400.out:2026-04-13 01:22:36 | [INFO]   Query 42/79: processing 1000 IDs
deg_processing_pseudobulk.35128400.out:2026-04-13 01:22:38 | [INFO]   Query 43/79: processing 1000 IDs
deg_processing_pseudobulk.35128400.out:2026-04-13 01:22:40 | [INFO]   Query 44/79: processing 1000 IDs
deg_processing_pseudobulk.35128400.out:2026-04-13 01:22:43 | [INFO]   Query 45/79: processing 1000 IDs
deg_processing_pseudobulk.35128400.out:2026-04-13 01:22:44 | [INFO]   Query 46/79: processing 1000 IDs
deg_processing_pseudobulk.35128400.out:2026-04-13 01:22:47 | [INFO]   Query 47/79: processing 1000 IDs
deg_processing_pseudobulk.35128400.out:2026-04-13 01:22:49 | [INFO]   Query 48/79: processing 1000 IDs
deg_processing_pseudobulk.35128400.out:2026-04-13 01:22:51 | [INFO]   Query 49/79: processing 1000 IDs
deg_processing_pseudobulk.35128400.out:2026-04-13 01:22:54 | [INFO]   Query 50/79: processing 1000 IDs
deg_processing_pseudobulk.35128400.out:2026-04-13 01:22:56 | [INFO]   Query 51/79: processing 1000 IDs
deg_processing_pseudobulk.35128400.out:2026-04-13 01:22:59 | [INFO]   Query 52/79: processing 1000 IDs
deg_processing_pseudobulk.35128400.out:2026-04-13 01:23:01 | [INFO]   Query 53/79: processing 1000 IDs
deg_processing_pseudobulk.35128400.out:2026-04-13 01:23:03 | [INFO]   Query 54/79: processing 1000 IDs
deg_processing_pseudobulk.35128400.out:2026-04-13 01:23:05 | [INFO]   Query 55/79: processing 1000 IDs
deg_processing_pseudobulk.35128400.out:2026-04-13 01:23:07 | [INFO]   Query 56/79: processing 1000 IDs
deg_processing_pseudobulk.35128400.out:2026-04-13 01:23:09 | [INFO]   Query 57/79: processing 1000 IDs
deg_processing_pseudobulk.35128400.out:2026-04-13 01:23:12 | [INFO]   Query 58/79: processing 1000 IDs
deg_processing_pseudobulk.35128400.out:2026-04-13 01:23:14 | [INFO]   Query 59/79: processing 1000 IDs
deg_processing_pseudobulk.35128400.out:2026-04-13 01:23:15 | [INFO]   Query 60/79: processing 1000 IDs
deg_processing_pseudobulk.35128400.out:2026-04-13 01:23:18 | [INFO]   Query 61/79: processing 1000 IDs
deg_processing_pseudobulk.35128400.out:2026-04-13 01:23:21 | [INFO]   Query 62/79: processing 1000 IDs
deg_processing_pseudobulk.35128400.out:2026-04-13 01:23:23 | [INFO]   Query 63/79: processing 1000 IDs
deg_processing_pseudobulk.35128400.out:2026-04-13 01:23:25 | [INFO]   Query 64/79: processing 1000 IDs
deg_processing_pseudobulk.35128400.out:2026-04-13 01:23:29 | [INFO]   Query 65/79: processing 1000 IDs
deg_processing_pseudobulk.35128400.out:2026-04-13 01:23:31 | [INFO]   Query 66/79: processing 1000 IDs
deg_processing_pseudobulk.35128400.out:2026-04-13 01:23:35 | [INFO]   Query 67/79: processing 1000 IDs
deg_processing_pseudobulk.35128400.out:2026-04-13 01:23:37 | [INFO]   Query 68/79: processing 1000 IDs
deg_processing_pseudobulk.35128400.out:2026-04-13 01:23:39 | [INFO]   Query 69/79: processing 1000 IDs
deg_processing_pseudobulk.35128400.out:2026-04-13 01:23:41 | [INFO]   Query 70/79: processing 1000 IDs
deg_processing_pseudobulk.35128400.out:2026-04-13 01:23:43 | [INFO]   Query 71/79: processing 1000 IDs
deg_processing_pseudobulk.35128400.out:2026-04-13 01:23:45 | [INFO]   Query 72/79: processing 1000 IDs
deg_processing_pseudobulk.35128400.out:2026-04-13 01:23:47 | [INFO]   Query 73/79: processing 1000 IDs
deg_processing_pseudobulk.35128400.out:2026-04-13 01:23:49 | [INFO]   Query 74/79: processing 1000 IDs
deg_processing_pseudobulk.35128400.out:2026-04-13 01:23:51 | [INFO]   Query 75/79: processing 1000 IDs
deg_processing_pseudobulk.35128400.out:2026-04-13 01:23:53 | [INFO]   Query 76/79: processing 1000 IDs
deg_processing_pseudobulk.35128400.out:2026-04-13 01:23:57 | [INFO]   Query 77/79: processing 1000 IDs
deg_processing_pseudobulk.35128400.out:2026-04-13 01:23:59 | [INFO]   Query 78/79: processing 1000 IDs
deg_processing_pseudobulk.35128400.out:2026-04-13 01:24:01 | [INFO]   Query 79/79: processing 686 IDs
deg_processing_pseudobulk.35128400.out:2026-04-13 01:24:02 | [INFO] Summary:
deg_processing_pseudobulk.35128400.out:2026-04-13 01:24:02 | [INFO]   Total results: 78686 out of 78686
deg_processing_pseudobulk.35128400.out:2026-04-13 01:24:02 | [INFO]   Current IDs: 78677
deg_processing_pseudobulk.35128400.out:2026-04-13 01:24:02 | [INFO]   Deprecated (no replacement): 2
deg_processing_pseudobulk.35128400.out:2026-04-13 01:24:02 | [INFO]   Single replacements: 7
deg_processing_pseudobulk.35128400.out:2026-04-13 01:24:02 | [INFO]   Multiple replacements: 0
deg_processing_pseudobulk.35128400.out:2026-04-13 01:24:02 | [INFO]   Unique target IDs with duplicates: 7
deg_processing_pseudobulk.35128400.out:2026-04-13 01:24:02 | [INFO]   Mapping size: 78684
deg_processing_pseudobulk.35128400.out:2026-04-13 01:24:02 | [INFO] Aggregating running...
deg_processing_pseudobulk.35128400.out:2026-04-13 01:24:02 | [INFO]   The layer containing 'psbulk_props' will be deprecated.
deg_processing_pseudobulk.35128400.out:2026-04-13 01:24:24 | [INFO]   Result: 78686 → 78677 genes (reduced by 9)
deg_processing_pseudobulk.35128400.out:2026-04-13 01:24:24 | [INFO] Check total counts
deg_processing_pseudobulk.35128400.out:2026-04-13 01:24:24 | [INFO] Total counts are greater than 0
deg_processing_pseudobulk.35128400.out:2026-04-13 01:24:24 | [INFO] Add perturbation label
deg_processing_pseudobulk.35128400.out:2026-04-13 01:24:25 | [INFO] Save data
deg_processing_pseudobulk.35128400.out:2026-04-13 01:26:10 | [INFO]   Saved: ./data/vcpi_0001/pseudobulk_processed/group_rep/file_tmp.h5ad (27577 obs, 2278 perturbagens)
deg_processing_pseudobulk.35128400.out:2026-04-13 01:26:10 | [INFO] Splitting into 1 groups by ['cell_type']
deg_processing_pseudobulk.35128400.out:2026-04-13 01:26:17 | [INFO] Splitting CVCL_0006: 27577 obs, 13662 perturbation labels
deg_processing_pseudobulk.35128400.out:2026-04-13 01:26:17 | [INFO]   After separation: 2277 perturbagens, 26969 non-control obs, 13661 non-control labels
deg_processing_pseudobulk.35128400.out:2026-04-13 01:26:17 | [INFO]   Create batches
deg_processing_pseudobulk.35128400.out:2026-04-13 01:26:50 | [INFO]   Pad batches
deg_processing_pseudobulk.35128400.out:2026-04-13 01:27:22 | [INFO]   1 batches need to be padded
deg_processing_pseudobulk.35128400.out:2026-04-13 01:27:22 | [INFO]   After padding before adding controls: 11 batches, batch sizes: ['2508 x 1272', '2509 x 1271', '2502 x 1266', '2502 x 1266', '2500 x 1266', '2507 x 1272', '2500 x 1266', '2509 x 1272', '2504 x 1272', '2510 x 1266', '2501 x 1266']
deg_processing_pseudobulk.35128400.out:2026-04-13 01:27:22 | [INFO]   Add controls to batches
deg_processing_pseudobulk.35128400.out:2026-04-13 01:27:22 | [INFO]   Save batches:
deg_processing_pseudobulk.35128400.out:2026-04-13 01:27:34 | [INFO]   Saved: ./data/vcpi_0001/pseudobulk_processed/group_rep/tmp/CVCL_0006/CVCL_0006_processed_batch_1.h5ad (3116 obs, 213 perturbagens)
deg_processing_pseudobulk.35128400.out:2026-04-13 01:27:46 | [INFO]   Saved: ./data/vcpi_0001/pseudobulk_processed/group_rep/tmp/CVCL_0006/CVCL_0006_processed_batch_2.h5ad (3117 obs, 213 perturbagens)
deg_processing_pseudobulk.35128400.out:2026-04-13 01:27:57 | [INFO]   Saved: ./data/vcpi_0001/pseudobulk_processed/group_rep/tmp/CVCL_0006/CVCL_0006_processed_batch_3.h5ad (3110 obs, 212 perturbagens)
deg_processing_pseudobulk.35128400.out:2026-04-13 01:28:09 | [INFO]   Saved: ./data/vcpi_0001/pseudobulk_processed/group_rep/tmp/CVCL_0006/CVCL_0006_processed_batch_4.h5ad (3110 obs, 212 perturbagens)
deg_processing_pseudobulk.35128400.out:2026-04-13 01:28:21 | [INFO]   Saved: ./data/vcpi_0001/pseudobulk_processed/group_rep/tmp/CVCL_0006/CVCL_0006_processed_batch_5.h5ad (3108 obs, 212 perturbagens)
deg_processing_pseudobulk.35128400.out:2026-04-13 01:28:33 | [INFO]   Saved: ./data/vcpi_0001/pseudobulk_processed/group_rep/tmp/CVCL_0006/CVCL_0006_processed_batch_6.h5ad (3115 obs, 213 perturbagens)
deg_processing_pseudobulk.35128400.out:2026-04-13 01:28:44 | [INFO]   Saved: ./data/vcpi_0001/pseudobulk_processed/group_rep/tmp/CVCL_0006/CVCL_0006_processed_batch_7.h5ad (3108 obs, 212 perturbagens)
deg_processing_pseudobulk.35128400.out:2026-04-13 01:28:56 | [INFO]   Saved: ./data/vcpi_0001/pseudobulk_processed/group_rep/tmp/CVCL_0006/CVCL_0006_processed_batch_8.h5ad (3117 obs, 213 perturbagens)
deg_processing_pseudobulk.35128400.out:2026-04-13 01:29:08 | [INFO]   Saved: ./data/vcpi_0001/pseudobulk_processed/group_rep/tmp/CVCL_0006/CVCL_0006_processed_batch_9.h5ad (3112 obs, 213 perturbagens)
deg_processing_pseudobulk.35128400.out:2026-04-13 01:29:20 | [INFO]   Saved: ./data/vcpi_0001/pseudobulk_processed/group_rep/tmp/CVCL_0006/CVCL_0006_processed_batch_10.h5ad (3118 obs, 212 perturbagens)
deg_processing_pseudobulk.35128400.out:2026-04-13 01:29:32 | [INFO]   Saved: ./data/vcpi_0001/pseudobulk_processed/group_rep/tmp/CVCL_0006/CVCL_0006_processed_batch_11.h5ad (3109 obs, 212 perturbagens)
deg_processing_pseudobulk.35128400.out:2026-04-13 01:29:32 | [INFO] Splitting CVCL_0006 is done
deg_processing_pseudobulk.35128400.out:2026-04-13 01:29:32 | [INFO] Moved temporary file ./data/vcpi_0001/pseudobulk_processed/group_rep/file_tmp.h5ad to ./data/vcpi_0001/pseudobulk_processed/group_rep/vcpi_0001_standardized_processed.h5ad
deg_processing_pseudobulk.35128400.out:2026-04-13 01:29:32 | [INFO] Moved temporary directory ./data/vcpi_0001/pseudobulk_processed/group_rep/tmp to ./data/vcpi_0001/pseudobulk_processed/group_rep/by_celltype
deg_processing_pseudobulk.35128400.err:2026-04-13 01:24:02 | [WARNING] Filtering out 2 genes that could not be mapped (deprecated with no replacement or multiple replacements)
deg_processing_pseudobulk.35128400.err:2026-04-13 01:24:02 | [WARNING] Found 7 target IDs with duplicates - will aggregate counts
deg_processing_pseudobulk.35128400.err:2026-04-13 01:26:17 | [WARNING]   Non-control n_obs (26969) exceeds 2500, creating batches
deg_processing_pseudobulk.35128400.err:2026-04-13 01:27:22 | [WARNING]   Batch 1 has only 213 perturbagens, which is below the minimum of 500
deg_processing_pseudobulk.35128400.err:2026-04-13 01:27:22 | [WARNING]   Batch 2 has only 213 perturbagens, which is below the minimum of 500
deg_processing_pseudobulk.35128400.err:2026-04-13 01:27:22 | [WARNING]   Batch 3 has only 212 perturbagens, which is below the minimum of 500
deg_processing_pseudobulk.35128400.err:2026-04-13 01:27:22 | [WARNING]   Batch 4 has only 212 perturbagens, which is below the minimum of 500
deg_processing_pseudobulk.35128400.err:2026-04-13 01:27:22 | [WARNING]   Batch 5 has only 212 perturbagens, which is below the minimum of 500
deg_processing_pseudobulk.35128400.err:2026-04-13 01:27:22 | [WARNING]   Batch 6 has only 213 perturbagens, which is below the minimum of 500
deg_processing_pseudobulk.35128400.err:2026-04-13 01:27:22 | [WARNING]   Batch 7 has only 212 perturbagens, which is below the minimum of 500
deg_processing_pseudobulk.35128400.err:2026-04-13 01:27:22 | [WARNING]   Batch 8 has only 213 perturbagens, which is below the minimum of 500
deg_processing_pseudobulk.35128400.err:2026-04-13 01:27:22 | [WARNING]   Batch 9 has only 213 perturbagens, which is below the minimum of 500
deg_processing_pseudobulk.35128400.err:2026-04-13 01:27:22 | [WARNING]   Batch 10 has only 212 perturbagens, which is below the minimum of 500
deg_processing_pseudobulk.35128400.err:2026-04-13 01:27:22 | [WARNING]   Batch 11 has only 212 perturbagens, which is below the minimum of 500
deg_analysis.35128426_0.out:
deg_analysis.35128426_0.out:DE analysis started...
deg_analysis.35128426_0.out:Loaded input file:  ./data/vcpi_0001/pseudobulk_processed/group_rep/by_celltype/CVCL_0006/CVCL_0006_processed_batch_10.h5ad
deg_analysis.35128426_0.out:Initial dimensions:  3118  samples ×  78677  genes
deg_analysis.35128426_0.out:Filter samples with the low number of cells
deg_analysis.35128426_0.out:    Filter threshold (min_cells):  0
deg_analysis.35128426_0.out:    Found  3118  samples with sentinel value (-666), keeping all
deg_analysis.35128426_0.out:    n_obs:  3118 -->  3118
deg_analysis.35128426_0.out:
deg_analysis.35128426_0.out:▶︎ Processing cell_type:  CVCL_0006
deg_analysis.35128426_0.out:    Filter controls by  pert_time_h  column
deg_analysis.35128426_0.out:        n_obs:  3118 -->  3118
deg_analysis.35128426_0.out:
deg_analysis.35128426_0.out:    Constructing design matrix...
deg_analysis.35128426_0.out:    Design matrix is constructed in 0.2 seconds
deg_analysis.35128426_0.out:    Design matrix dimensions: 3118 samples × 1343 coefficients
deg_analysis.35128426_0.out:    Filtering genes and normalizing counts...
deg_analysis.35128426_0.out:    Genes are filtered and normalized in 56.3 seconds
deg_analysis.35128426_0.out:    Running voom...
deg_analysis.35128426_0.out:    Voom is completed in 146.4 seconds
deg_analysis.35128426_0.out:    Running lmFit...
deg_analysis.35128426_0.out:    LmFit is completed in 29710.2 seconds
deg_analysis.35128426_0.out:DGE fit is completed in 29918.4 seconds
deg_analysis.35128426_0.out:    Running contrasts...
deg_analysis.35128426_0.out:    Running contrast 1/1266
deg_analysis.35128426_0.out:    Running contrast 51/1266
deg_analysis.35128426_0.out:    Running contrast 101/1266
deg_analysis.35128426_0.out:    Running contrast 151/1266
deg_analysis.35128426_0.out:    Running contrast 201/1266
deg_analysis.35128426_0.out:    Running contrast 251/1266
deg_analysis.35128426_0.out:    Running contrast 301/1266
deg_analysis.35128426_0.out:    Running contrast 351/1266
deg_analysis.35128426_0.out:    Running contrast 401/1266
deg_analysis.35128426_0.out:    Running contrast 451/1266
deg_analysis.35128426_0.out:    Running contrast 501/1266
deg_analysis.35128426_0.out:    Running contrast 551/1266
deg_analysis.35128426_0.out:    Running contrast 601/1266
deg_analysis.35128426_0.out:    Running contrast 651/1266
deg_analysis.35128426_0.out:    Running contrast 701/1266
deg_analysis.35128426_0.out:    Running contrast 751/1266
deg_analysis.35128426_0.out:    Running contrast 801/1266
deg_analysis.35128426_0.out:    Running contrast 851/1266
deg_analysis.35128426_0.out:    Running contrast 901/1266
deg_analysis.35128426_0.out:    Running contrast 951/1266
deg_analysis.35128426_0.out:    Running contrast 1001/1266
deg_analysis.35128426_0.out:    Running contrast 1051/1266
deg_analysis.35128426_0.out:    Running contrast 1101/1266
deg_analysis.35128426_0.out:    Running contrast 1151/1266
deg_analysis.35128426_0.out:    Running contrast 1201/1266
deg_analysis.35128426_0.out:    Running contrast 1251/1266
deg_analysis.35128426_0.out:    Running contrast 1266/1266
deg_analysis.35128426_0.out:Contrasts are completed in 912.4 seconds
deg_analysis.35128426_0.out:
deg_analysis.35128426_0.out:    Writing:  ./data/vcpi_0001/deg_data/group_rep/full/qc_false/filter_min_cells_0/intermediate/CVCL_0006/CVCL_0006_batch_10_de.h5ad
deg_analysis.35128426_0.out:
deg_analysis.35128426_0.out:    Rewriting h5ad file: ./data/vcpi_0001/deg_data/group_rep/full/qc_false/filter_min_cells_0/intermediate/CVCL_0006/CVCL_0006_batch_10_de.h5ad
deg_analysis.35128426_0.out:    Removed X matrix
deg_analysis.35128426_0.out:    Rewriting h5ad file is done!
deg_analysis.35128426_0.out:✓ Cell line completed in 30990.4 seconds
deg_analysis.35128426_0.out:
deg_analysis.35128426_0.out:DE analysis completed!
deg_analysis.35128426_0.out:
deg_analysis.35128426_0.out:Total runtime: 31001.5 seconds
deg_analysis.35128426_0.err:
deg_analysis.35128426_0.err:=== 1 Warnings encountered ===
deg_analysis.35128426_0.err:
deg_analysis.35128426_0.err:1. sparse->dense coercion: allocating vector of size 1.8 GiB
deg_analysis.35128427_1.out:
deg_analysis.35128427_1.out:DE analysis started...
deg_analysis.35128427_1.out:Loaded input file:  ./data/vcpi_0001/pseudobulk_processed/group_rep/by_celltype/CVCL_0006/CVCL_0006_processed_batch_11.h5ad
deg_analysis.35128427_1.out:Initial dimensions:  3109  samples ×  78677  genes
deg_analysis.35128427_1.out:Filter samples with the low number of cells
deg_analysis.35128427_1.out:    Filter threshold (min_cells):  0
deg_analysis.35128427_1.out:    Found  3109  samples with sentinel value (-666), keeping all
deg_analysis.35128427_1.out:    n_obs:  3109 -->  3109
deg_analysis.35128427_1.out:
deg_analysis.35128427_1.out:▶︎ Processing cell_type:  CVCL_0006
deg_analysis.35128427_1.out:    Filter controls by  pert_time_h  column
deg_analysis.35128427_1.out:        n_obs:  3109 -->  3109
deg_analysis.35128427_1.out:
deg_analysis.35128427_1.out:    Constructing design matrix...
deg_analysis.35128427_1.out:    Design matrix is constructed in 0.2 seconds
deg_analysis.35128427_1.out:    Design matrix dimensions: 3109 samples × 1343 coefficients
deg_analysis.35128427_1.out:    Filtering genes and normalizing counts...
deg_analysis.35128427_1.out:    Genes are filtered and normalized in 50.7 seconds
deg_analysis.35128427_1.out:    Running voom...
deg_analysis.35128427_1.out:    Voom is completed in 127.7 seconds
deg_analysis.35128427_1.out:    Running lmFit...
deg_analysis.35128427_1.out:    LmFit is completed in 25811.5 seconds
deg_analysis.35128427_1.out:DGE fit is completed in 25995.3 seconds
deg_analysis.35128427_1.out:    Running contrasts...
deg_analysis.35128427_1.out:    Running contrast 1/1266
deg_analysis.35128427_1.out:    Running contrast 51/1266
deg_analysis.35128427_1.out:    Running contrast 101/1266
deg_analysis.35128427_1.out:    Running contrast 151/1266
deg_analysis.35128427_1.out:    Running contrast 201/1266
deg_analysis.35128427_1.out:    Running contrast 251/1266
deg_analysis.35128427_1.out:    Running contrast 301/1266
deg_analysis.35128427_1.out:    Running contrast 351/1266
deg_analysis.35128427_1.out:    Running contrast 401/1266
deg_analysis.35128427_1.out:    Running contrast 451/1266
deg_analysis.35128427_1.out:    Running contrast 501/1266
deg_analysis.35128427_1.out:    Running contrast 551/1266
deg_analysis.35128427_1.out:    Running contrast 601/1266
deg_analysis.35128427_1.out:    Running contrast 651/1266
deg_analysis.35128427_1.out:    Running contrast 701/1266
deg_analysis.35128427_1.out:    Running contrast 751/1266
deg_analysis.35128427_1.out:    Running contrast 801/1266
deg_analysis.35128427_1.out:    Running contrast 851/1266
deg_analysis.35128427_1.out:    Running contrast 901/1266
deg_analysis.35128427_1.out:    Running contrast 951/1266
deg_analysis.35128427_1.out:    Running contrast 1001/1266
deg_analysis.35128427_1.out:    Running contrast 1051/1266
deg_analysis.35128427_1.out:    Running contrast 1101/1266
deg_analysis.35128427_1.out:    Running contrast 1151/1266
deg_analysis.35128427_1.out:    Running contrast 1201/1266
deg_analysis.35128427_1.out:    Running contrast 1251/1266
deg_analysis.35128427_1.out:    Running contrast 1266/1266
deg_analysis.35128427_1.out:Contrasts are completed in 856.3 seconds
deg_analysis.35128427_1.out:
deg_analysis.35128427_1.out:    Writing:  ./data/vcpi_0001/deg_data/group_rep/full/qc_false/filter_min_cells_0/intermediate/CVCL_0006/CVCL_0006_batch_11_de.h5ad
deg_analysis.35128427_1.out:
deg_analysis.35128427_1.out:    Rewriting h5ad file: ./data/vcpi_0001/deg_data/group_rep/full/qc_false/filter_min_cells_0/intermediate/CVCL_0006/CVCL_0006_batch_11_de.h5ad
deg_analysis.35128427_1.out:    Removed X matrix
deg_analysis.35128427_1.out:    Rewriting h5ad file is done!
deg_analysis.35128427_1.out:✓ Cell line completed in 26998.9 seconds
deg_analysis.35128427_1.out:
deg_analysis.35128427_1.out:DE analysis completed!
deg_analysis.35128427_1.out:
deg_analysis.35128427_1.out:Total runtime: 27009.7 seconds
deg_analysis.35128427_1.err:
deg_analysis.35128427_1.err:=== 1 Warnings encountered ===
deg_analysis.35128427_1.err:
deg_analysis.35128427_1.err:1. sparse->dense coercion: allocating vector of size 1.8 GiB
deg_analysis.35128428_2.out:
deg_analysis.35128428_2.out:DE analysis started...
deg_analysis.35128428_2.out:Loaded input file:  ./data/vcpi_0001/pseudobulk_processed/group_rep/by_celltype/CVCL_0006/CVCL_0006_processed_batch_1.h5ad
deg_analysis.35128428_2.out:Initial dimensions:  3116  samples ×  78677  genes
deg_analysis.35128428_2.out:Filter samples with the low number of cells
deg_analysis.35128428_2.out:    Filter threshold (min_cells):  0
deg_analysis.35128428_2.out:    Found  3116  samples with sentinel value (-666), keeping all
deg_analysis.35128428_2.out:    n_obs:  3116 -->  3116
deg_analysis.35128428_2.out:
deg_analysis.35128428_2.out:▶︎ Processing cell_type:  CVCL_0006
deg_analysis.35128428_2.out:    Filter controls by  pert_time_h  column
deg_analysis.35128428_2.out:        n_obs:  3116 -->  3116
deg_analysis.35128428_2.out:
deg_analysis.35128428_2.out:    Constructing design matrix...
deg_analysis.35128428_2.out:    Design matrix is constructed in 0.2 seconds
deg_analysis.35128428_2.out:    Design matrix dimensions: 3116 samples × 1349 coefficients
deg_analysis.35128428_2.out:    Filtering genes and normalizing counts...
deg_analysis.35128428_2.out:    Genes are filtered and normalized in 52.5 seconds
deg_analysis.35128428_2.out:    Running voom...
deg_analysis.35128428_2.out:    Voom is completed in 133.4 seconds
deg_analysis.35128428_2.out:    Running lmFit...
deg_analysis.35128428_2.out:    LmFit is completed in 26599.2 seconds
deg_analysis.35128428_2.out:DGE fit is completed in 26790.3 seconds
deg_analysis.35128428_2.out:    Running contrasts...
deg_analysis.35128428_2.out:    Running contrast 1/1272
deg_analysis.35128428_2.out:    Running contrast 51/1272
deg_analysis.35128428_2.out:    Running contrast 101/1272
deg_analysis.35128428_2.out:    Running contrast 151/1272
deg_analysis.35128428_2.out:    Running contrast 201/1272
deg_analysis.35128428_2.out:    Running contrast 251/1272
deg_analysis.35128428_2.out:    Running contrast 301/1272
deg_analysis.35128428_2.out:    Running contrast 351/1272
deg_analysis.35128428_2.out:    Running contrast 401/1272
deg_analysis.35128428_2.out:    Running contrast 451/1272
deg_analysis.35128428_2.out:    Running contrast 501/1272
deg_analysis.35128428_2.out:    Running contrast 551/1272
deg_analysis.35128428_2.out:    Running contrast 601/1272
deg_analysis.35128428_2.out:    Running contrast 651/1272
deg_analysis.35128428_2.out:    Running contrast 701/1272
deg_analysis.35128428_2.out:    Running contrast 751/1272
deg_analysis.35128428_2.out:    Running contrast 801/1272
deg_analysis.35128428_2.out:    Running contrast 851/1272
deg_analysis.35128428_2.out:    Running contrast 901/1272
deg_analysis.35128428_2.out:    Running contrast 951/1272
deg_analysis.35128428_2.out:    Running contrast 1001/1272
deg_analysis.35128428_2.out:    Running contrast 1051/1272
deg_analysis.35128428_2.out:    Running contrast 1101/1272
deg_analysis.35128428_2.out:    Running contrast 1151/1272
deg_analysis.35128428_2.out:    Running contrast 1201/1272
deg_analysis.35128428_2.out:    Running contrast 1251/1272
deg_analysis.35128428_2.out:    Running contrast 1272/1272
deg_analysis.35128428_2.out:Contrasts are completed in 860.6 seconds
deg_analysis.35128428_2.out:
deg_analysis.35128428_2.out:    Writing:  ./data/vcpi_0001/deg_data/group_rep/full/qc_false/filter_min_cells_0/intermediate/CVCL_0006/CVCL_0006_batch_1_de.h5ad
deg_analysis.35128428_2.out:
deg_analysis.35128428_2.out:    Rewriting h5ad file: ./data/vcpi_0001/deg_data/group_rep/full/qc_false/filter_min_cells_0/intermediate/CVCL_0006/CVCL_0006_batch_1_de.h5ad
deg_analysis.35128428_2.out:    Removed X matrix
deg_analysis.35128428_2.out:    Rewriting h5ad file is done!
deg_analysis.35128428_2.out:✓ Cell line completed in 27808.0 seconds
deg_analysis.35128428_2.out:
deg_analysis.35128428_2.out:DE analysis completed!
deg_analysis.35128428_2.out:
deg_analysis.35128428_2.out:Total runtime: 27818.6 seconds
deg_analysis.35128428_2.err:
deg_analysis.35128428_2.err:=== 1 Warnings encountered ===
deg_analysis.35128428_2.err:
deg_analysis.35128428_2.err:1. sparse->dense coercion: allocating vector of size 1.8 GiB
deg_analysis.35128429_3.out:
deg_analysis.35128429_3.out:DE analysis started...
deg_analysis.35128429_3.out:Loaded input file:  ./data/vcpi_0001/pseudobulk_processed/group_rep/by_celltype/CVCL_0006/CVCL_0006_processed_batch_2.h5ad
deg_analysis.35128429_3.out:Initial dimensions:  3117  samples ×  78677  genes
deg_analysis.35128429_3.out:Filter samples with the low number of cells
deg_analysis.35128429_3.out:    Filter threshold (min_cells):  0
deg_analysis.35128429_3.out:    Found  3117  samples with sentinel value (-666), keeping all
deg_analysis.35128429_3.out:    n_obs:  3117 -->  3117
deg_analysis.35128429_3.out:
deg_analysis.35128429_3.out:▶︎ Processing cell_type:  CVCL_0006
deg_analysis.35128429_3.out:    Filter controls by  pert_time_h  column
deg_analysis.35128429_3.out:        n_obs:  3117 -->  3117
deg_analysis.35128429_3.out:
deg_analysis.35128429_3.out:    Constructing design matrix...
deg_analysis.35128429_3.out:    Design matrix is constructed in 0.2 seconds
deg_analysis.35128429_3.out:    Design matrix dimensions: 3117 samples × 1348 coefficients
deg_analysis.35128429_3.out:    Filtering genes and normalizing counts...
deg_analysis.35128429_3.out:    Genes are filtered and normalized in 50.6 seconds
deg_analysis.35128429_3.out:    Running voom...
deg_analysis.35128429_3.out:    Voom is completed in 145.8 seconds
deg_analysis.35128429_3.out:    Running lmFit...
deg_analysis.35128429_3.out:    LmFit is completed in 25945.9 seconds
deg_analysis.35128429_3.out:DGE fit is completed in 26147.6 seconds
deg_analysis.35128429_3.out:    Running contrasts...
deg_analysis.35128429_3.out:    Running contrast 1/1271
deg_analysis.35128429_3.out:    Running contrast 51/1271
deg_analysis.35128429_3.out:    Running contrast 101/1271
deg_analysis.35128429_3.out:    Running contrast 151/1271
deg_analysis.35128429_3.out:    Running contrast 201/1271
deg_analysis.35128429_3.out:    Running contrast 251/1271
deg_analysis.35128429_3.out:    Running contrast 301/1271
deg_analysis.35128429_3.out:    Running contrast 351/1271
deg_analysis.35128429_3.out:    Running contrast 401/1271
deg_analysis.35128429_3.out:    Running contrast 451/1271
deg_analysis.35128429_3.out:    Running contrast 501/1271
deg_analysis.35128429_3.out:    Running contrast 551/1271
deg_analysis.35128429_3.out:    Running contrast 601/1271
deg_analysis.35128429_3.out:    Running contrast 651/1271
deg_analysis.35128429_3.out:    Running contrast 701/1271
deg_analysis.35128429_3.out:    Running contrast 751/1271
deg_analysis.35128429_3.out:    Running contrast 801/1271
deg_analysis.35128429_3.out:    Running contrast 851/1271
deg_analysis.35128429_3.out:    Running contrast 901/1271
deg_analysis.35128429_3.out:    Running contrast 951/1271
deg_analysis.35128429_3.out:    Running contrast 1001/1271
deg_analysis.35128429_3.out:    Running contrast 1051/1271
deg_analysis.35128429_3.out:    Running contrast 1101/1271
deg_analysis.35128429_3.out:    Running contrast 1151/1271
deg_analysis.35128429_3.out:    Running contrast 1201/1271
deg_analysis.35128429_3.out:    Running contrast 1251/1271
deg_analysis.35128429_3.out:    Running contrast 1271/1271
deg_analysis.35128429_3.out:Contrasts are completed in 910.2 seconds
deg_analysis.35128429_3.out:
deg_analysis.35128429_3.out:    Writing:  ./data/vcpi_0001/deg_data/group_rep/full/qc_false/filter_min_cells_0/intermediate/CVCL_0006/CVCL_0006_batch_2_de.h5ad
deg_analysis.35128429_3.out:
deg_analysis.35128429_3.out:    Rewriting h5ad file: ./data/vcpi_0001/deg_data/group_rep/full/qc_false/filter_min_cells_0/intermediate/CVCL_0006/CVCL_0006_batch_2_de.h5ad
deg_analysis.35128429_3.out:    Removed X matrix
deg_analysis.35128429_3.out:    Rewriting h5ad file is done!
deg_analysis.35128429_3.out:✓ Cell line completed in 27214.0 seconds
deg_analysis.35128429_3.out:
deg_analysis.35128429_3.out:DE analysis completed!
deg_analysis.35128429_3.out:
deg_analysis.35128429_3.out:Total runtime: 27224.3 seconds
deg_analysis.35128429_3.err:
deg_analysis.35128429_3.err:=== 1 Warnings encountered ===
deg_analysis.35128429_3.err:
deg_analysis.35128429_3.err:1. sparse->dense coercion: allocating vector of size 1.8 GiB
deg_analysis.35128430_4.out:
deg_analysis.35128430_4.out:DE analysis started...
deg_analysis.35128430_4.out:Loaded input file:  ./data/vcpi_0001/pseudobulk_processed/group_rep/by_celltype/CVCL_0006/CVCL_0006_processed_batch_3.h5ad
deg_analysis.35128430_4.out:Initial dimensions:  3110  samples ×  78677  genes
deg_analysis.35128430_4.out:Filter samples with the low number of cells
deg_analysis.35128430_4.out:    Filter threshold (min_cells):  0
deg_analysis.35128430_4.out:    Found  3110  samples with sentinel value (-666), keeping all
deg_analysis.35128430_4.out:    n_obs:  3110 -->  3110
deg_analysis.35128430_4.out:
deg_analysis.35128430_4.out:▶︎ Processing cell_type:  CVCL_0006
deg_analysis.35128430_4.out:    Filter controls by  pert_time_h  column
deg_analysis.35128430_4.out:        n_obs:  3110 -->  3110
deg_analysis.35128430_4.out:
deg_analysis.35128430_4.out:    Constructing design matrix...
deg_analysis.35128430_4.out:    Design matrix is constructed in 0.2 seconds
deg_analysis.35128430_4.out:    Design matrix dimensions: 3110 samples × 1343 coefficients
deg_analysis.35128430_4.out:    Filtering genes and normalizing counts...
deg_analysis.35128430_4.out:    Genes are filtered and normalized in 53.0 seconds
deg_analysis.35128430_4.out:    Running voom...
deg_analysis.35128430_4.out:    Voom is completed in 142.2 seconds
deg_analysis.35128430_4.out:    Running lmFit...
deg_analysis.35128430_4.out:    LmFit is completed in 25366.7 seconds
deg_analysis.35128430_4.out:DGE fit is completed in 25567.3 seconds
deg_analysis.35128430_4.out:    Running contrasts...
deg_analysis.35128430_4.out:    Running contrast 1/1266
deg_analysis.35128430_4.out:    Running contrast 51/1266
deg_analysis.35128430_4.out:    Running contrast 101/1266
deg_analysis.35128430_4.out:    Running contrast 151/1266
deg_analysis.35128430_4.out:    Running contrast 201/1266
deg_analysis.35128430_4.out:    Running contrast 251/1266
deg_analysis.35128430_4.out:    Running contrast 301/1266
deg_analysis.35128430_4.out:    Running contrast 351/1266
deg_analysis.35128430_4.out:    Running contrast 401/1266
deg_analysis.35128430_4.out:    Running contrast 451/1266
deg_analysis.35128430_4.out:    Running contrast 501/1266
deg_analysis.35128430_4.out:    Running contrast 551/1266
deg_analysis.35128430_4.out:    Running contrast 601/1266
deg_analysis.35128430_4.out:    Running contrast 651/1266
deg_analysis.35128430_4.out:    Running contrast 701/1266
deg_analysis.35128430_4.out:    Running contrast 751/1266
deg_analysis.35128430_4.out:    Running contrast 801/1266
deg_analysis.35128430_4.out:    Running contrast 851/1266
deg_analysis.35128430_4.out:    Running contrast 901/1266
deg_analysis.35128430_4.out:    Running contrast 951/1266
deg_analysis.35128430_4.out:    Running contrast 1001/1266
deg_analysis.35128430_4.out:    Running contrast 1051/1266
deg_analysis.35128430_4.out:    Running contrast 1101/1266
deg_analysis.35128430_4.out:    Running contrast 1151/1266
deg_analysis.35128430_4.out:    Running contrast 1201/1266
deg_analysis.35128430_4.out:    Running contrast 1251/1266
deg_analysis.35128430_4.out:    Running contrast 1266/1266
deg_analysis.35128430_4.out:Contrasts are completed in 925.7 seconds
deg_analysis.35128430_4.out:
deg_analysis.35128430_4.out:    Writing:  ./data/vcpi_0001/deg_data/group_rep/full/qc_false/filter_min_cells_0/intermediate/CVCL_0006/CVCL_0006_batch_3_de.h5ad
deg_analysis.35128430_4.out:
deg_analysis.35128430_4.out:    Rewriting h5ad file: ./data/vcpi_0001/deg_data/group_rep/full/qc_false/filter_min_cells_0/intermediate/CVCL_0006/CVCL_0006_batch_3_de.h5ad
deg_analysis.35128430_4.out:    Removed X matrix
deg_analysis.35128430_4.out:    Rewriting h5ad file is done!
deg_analysis.35128430_4.out:✓ Cell line completed in 26651.0 seconds
deg_analysis.35128430_4.out:
deg_analysis.35128430_4.out:DE analysis completed!
deg_analysis.35128430_4.out:
deg_analysis.35128430_4.out:Total runtime: 26661.4 seconds
deg_analysis.35128430_4.err:
deg_analysis.35128430_4.err:=== 1 Warnings encountered ===
deg_analysis.35128430_4.err:
deg_analysis.35128430_4.err:1. sparse->dense coercion: allocating vector of size 1.8 GiB
deg_analysis.35128431_5.out:
deg_analysis.35128431_5.out:DE analysis started...
deg_analysis.35128431_5.out:Loaded input file:  ./data/vcpi_0001/pseudobulk_processed/group_rep/by_celltype/CVCL_0006/CVCL_0006_processed_batch_4.h5ad
deg_analysis.35128431_5.out:Initial dimensions:  3110  samples ×  78677  genes
deg_analysis.35128431_5.out:Filter samples with the low number of cells
deg_analysis.35128431_5.out:    Filter threshold (min_cells):  0
deg_analysis.35128431_5.out:    Found  3110  samples with sentinel value (-666), keeping all
deg_analysis.35128431_5.out:    n_obs:  3110 -->  3110
deg_analysis.35128431_5.out:
deg_analysis.35128431_5.out:▶︎ Processing cell_type:  CVCL_0006
deg_analysis.35128431_5.out:    Filter controls by  pert_time_h  column
deg_analysis.35128431_5.out:        n_obs:  3110 -->  3110
deg_analysis.35128431_5.out:
deg_analysis.35128431_5.out:    Constructing design matrix...
deg_analysis.35128431_5.out:    Design matrix is constructed in 0.2 seconds
deg_analysis.35128431_5.out:    Design matrix dimensions: 3110 samples × 1343 coefficients
deg_analysis.35128431_5.out:    Filtering genes and normalizing counts...
deg_analysis.35128431_5.out:    Genes are filtered and normalized in 50.3 seconds
deg_analysis.35128431_5.out:    Running voom...
deg_analysis.35128431_5.out:    Voom is completed in 137.0 seconds
deg_analysis.35128431_5.out:    Running lmFit...
deg_analysis.35128431_5.out:    LmFit is completed in 28755.9 seconds
deg_analysis.35128431_5.out:DGE fit is completed in 28948.8 seconds
deg_analysis.35128431_5.out:    Running contrasts...
deg_analysis.35128431_5.out:    Running contrast 1/1266
deg_analysis.35128431_5.out:    Running contrast 51/1266
deg_analysis.35128431_5.out:    Running contrast 101/1266
deg_analysis.35128431_5.out:    Running contrast 151/1266
deg_analysis.35128431_5.out:    Running contrast 201/1266
deg_analysis.35128431_5.out:    Running contrast 251/1266
deg_analysis.35128431_5.out:    Running contrast 301/1266
deg_analysis.35128431_5.out:    Running contrast 351/1266
deg_analysis.35128431_5.out:    Running contrast 401/1266
deg_analysis.35128431_5.out:    Running contrast 451/1266
deg_analysis.35128431_5.out:    Running contrast 501/1266
deg_analysis.35128431_5.out:    Running contrast 551/1266
deg_analysis.35128431_5.out:    Running contrast 601/1266
deg_analysis.35128431_5.out:    Running contrast 651/1266
deg_analysis.35128431_5.out:    Running contrast 701/1266
deg_analysis.35128431_5.out:    Running contrast 751/1266
deg_analysis.35128431_5.out:    Running contrast 801/1266
deg_analysis.35128431_5.out:    Running contrast 851/1266
deg_analysis.35128431_5.out:    Running contrast 901/1266
deg_analysis.35128431_5.out:    Running contrast 951/1266
deg_analysis.35128431_5.out:    Running contrast 1001/1266
deg_analysis.35128431_5.out:    Running contrast 1051/1266
deg_analysis.35128431_5.out:    Running contrast 1101/1266
deg_analysis.35128431_5.out:    Running contrast 1151/1266
deg_analysis.35128431_5.out:    Running contrast 1201/1266
deg_analysis.35128431_5.out:    Running contrast 1251/1266
deg_analysis.35128431_5.out:    Running contrast 1266/1266
deg_analysis.35128431_5.out:Contrasts are completed in 852.1 seconds
deg_analysis.35128431_5.out:
deg_analysis.35128431_5.out:    Writing:  ./data/vcpi_0001/deg_data/group_rep/full/qc_false/filter_min_cells_0/intermediate/CVCL_0006/CVCL_0006_batch_4_de.h5ad
deg_analysis.35128431_5.out:
deg_analysis.35128431_5.out:    Rewriting h5ad file: ./data/vcpi_0001/deg_data/group_rep/full/qc_false/filter_min_cells_0/intermediate/CVCL_0006/CVCL_0006_batch_4_de.h5ad
deg_analysis.35128431_5.out:    Removed X matrix
deg_analysis.35128431_5.out:    Rewriting h5ad file is done!
deg_analysis.35128431_5.out:✓ Cell line completed in 29945.4 seconds
deg_analysis.35128431_5.out:
deg_analysis.35128431_5.out:DE analysis completed!
deg_analysis.35128431_5.out:
deg_analysis.35128431_5.out:Total runtime: 29961.3 seconds
deg_analysis.35128431_5.err:
deg_analysis.35128431_5.err:=== 1 Warnings encountered ===
deg_analysis.35128431_5.err:
deg_analysis.35128431_5.err:1. sparse->dense coercion: allocating vector of size 1.8 GiB
deg_analysis.35128432_6.out:
deg_analysis.35128432_6.out:DE analysis started...
deg_analysis.35128432_6.out:Loaded input file:  ./data/vcpi_0001/pseudobulk_processed/group_rep/by_celltype/CVCL_0006/CVCL_0006_processed_batch_5.h5ad
deg_analysis.35128432_6.out:Initial dimensions:  3108  samples ×  78677  genes
deg_analysis.35128432_6.out:Filter samples with the low number of cells
deg_analysis.35128432_6.out:    Filter threshold (min_cells):  0
deg_analysis.35128432_6.out:    Found  3108  samples with sentinel value (-666), keeping all
deg_analysis.35128432_6.out:    n_obs:  3108 -->  3108
deg_analysis.35128432_6.out:
deg_analysis.35128432_6.out:▶︎ Processing cell_type:  CVCL_0006
deg_analysis.35128432_6.out:    Filter controls by  pert_time_h  column
deg_analysis.35128432_6.out:        n_obs:  3108 -->  3108
deg_analysis.35128432_6.out:
deg_analysis.35128432_6.out:    Constructing design matrix...
deg_analysis.35128432_6.out:    Design matrix is constructed in 0.2 seconds
deg_analysis.35128432_6.out:    Design matrix dimensions: 3108 samples × 1343 coefficients
deg_analysis.35128432_6.out:    Filtering genes and normalizing counts...
deg_analysis.35128432_6.out:    Genes are filtered and normalized in 51.3 seconds
deg_analysis.35128432_6.out:    Running voom...
deg_analysis.35128432_6.out:    Voom is completed in 134.5 seconds
deg_analysis.35128432_6.out:    Running lmFit...
deg_analysis.35128432_6.out:    LmFit is completed in 28185.8 seconds
deg_analysis.35128432_6.out:DGE fit is completed in 28377.1 seconds
deg_analysis.35128432_6.out:    Running contrasts...
deg_analysis.35128432_6.out:    Running contrast 1/1266
deg_analysis.35128432_6.out:    Running contrast 51/1266
deg_analysis.35128432_6.out:    Running contrast 101/1266
deg_analysis.35128432_6.out:    Running contrast 151/1266
deg_analysis.35128432_6.out:    Running contrast 201/1266
deg_analysis.35128432_6.out:    Running contrast 251/1266
deg_analysis.35128432_6.out:    Running contrast 301/1266
deg_analysis.35128432_6.out:    Running contrast 351/1266
deg_analysis.35128432_6.out:    Running contrast 401/1266
deg_analysis.35128432_6.out:    Running contrast 451/1266
deg_analysis.35128432_6.out:    Running contrast 501/1266
deg_analysis.35128432_6.out:    Running contrast 551/1266
deg_analysis.35128432_6.out:    Running contrast 601/1266
deg_analysis.35128432_6.out:    Running contrast 651/1266
deg_analysis.35128432_6.out:    Running contrast 701/1266
deg_analysis.35128432_6.out:    Running contrast 751/1266
deg_analysis.35128432_6.out:    Running contrast 801/1266
deg_analysis.35128432_6.out:    Running contrast 851/1266
deg_analysis.35128432_6.out:    Running contrast 901/1266
deg_analysis.35128432_6.out:    Running contrast 951/1266
deg_analysis.35128432_6.out:    Running contrast 1001/1266
deg_analysis.35128432_6.out:    Running contrast 1051/1266
deg_analysis.35128432_6.out:    Running contrast 1101/1266
deg_analysis.35128432_6.out:    Running contrast 1151/1266
deg_analysis.35128432_6.out:    Running contrast 1201/1266
deg_analysis.35128432_6.out:    Running contrast 1251/1266
deg_analysis.35128432_6.out:    Running contrast 1266/1266
deg_analysis.35128432_6.out:Contrasts are completed in 871.8 seconds
deg_analysis.35128432_6.out:
deg_analysis.35128432_6.out:    Writing:  ./data/vcpi_0001/deg_data/group_rep/full/qc_false/filter_min_cells_0/intermediate/CVCL_0006/CVCL_0006_batch_5_de.h5ad
deg_analysis.35128432_6.out:
deg_analysis.35128432_6.out:    Rewriting h5ad file: ./data/vcpi_0001/deg_data/group_rep/full/qc_false/filter_min_cells_0/intermediate/CVCL_0006/CVCL_0006_batch_5_de.h5ad
deg_analysis.35128432_6.out:    Removed X matrix
deg_analysis.35128432_6.out:    Rewriting h5ad file is done!
deg_analysis.35128432_6.out:✓ Cell line completed in 29399.2 seconds
deg_analysis.35128432_6.out:
deg_analysis.35128432_6.out:DE analysis completed!
deg_analysis.35128432_6.out:
deg_analysis.35128432_6.out:Total runtime: 29415.1 seconds
deg_analysis.35128432_6.err:
deg_analysis.35128432_6.err:=== 1 Warnings encountered ===
deg_analysis.35128432_6.err:
deg_analysis.35128432_6.err:1. sparse->dense coercion: allocating vector of size 1.8 GiB
deg_analysis.35128433_7.out:
deg_analysis.35128433_7.out:DE analysis started...
deg_analysis.35128433_7.out:Loaded input file:  ./data/vcpi_0001/pseudobulk_processed/group_rep/by_celltype/CVCL_0006/CVCL_0006_processed_batch_6.h5ad
deg_analysis.35128433_7.out:Initial dimensions:  3115  samples ×  78677  genes
deg_analysis.35128433_7.out:Filter samples with the low number of cells
deg_analysis.35128433_7.out:    Filter threshold (min_cells):  0
deg_analysis.35128433_7.out:    Found  3115  samples with sentinel value (-666), keeping all
deg_analysis.35128433_7.out:    n_obs:  3115 -->  3115
deg_analysis.35128433_7.out:
deg_analysis.35128433_7.out:▶︎ Processing cell_type:  CVCL_0006
deg_analysis.35128433_7.out:    Filter controls by  pert_time_h  column
deg_analysis.35128433_7.out:        n_obs:  3115 -->  3115
deg_analysis.35128433_7.out:
deg_analysis.35128433_7.out:    Constructing design matrix...
deg_analysis.35128433_7.out:    Design matrix is constructed in 0.2 seconds
deg_analysis.35128433_7.out:    Design matrix dimensions: 3115 samples × 1349 coefficients
deg_analysis.35128433_7.out:    Filtering genes and normalizing counts...
deg_analysis.35128433_7.out:    Genes are filtered and normalized in 52.0 seconds
deg_analysis.35128433_7.out:    Running voom...
deg_analysis.35128433_7.out:    Voom is completed in 136.1 seconds
deg_analysis.35128433_7.out:    Running lmFit...
deg_analysis.35128433_7.out:    LmFit is completed in 28553.9 seconds
deg_analysis.35128433_7.out:DGE fit is completed in 28747.4 seconds
deg_analysis.35128433_7.out:    Running contrasts...
deg_analysis.35128433_7.out:    Running contrast 1/1272
deg_analysis.35128433_7.out:    Running contrast 51/1272
deg_analysis.35128433_7.out:    Running contrast 101/1272
deg_analysis.35128433_7.out:    Running contrast 151/1272
deg_analysis.35128433_7.out:    Running contrast 201/1272
deg_analysis.35128433_7.out:    Running contrast 251/1272
deg_analysis.35128433_7.out:    Running contrast 301/1272
deg_analysis.35128433_7.out:    Running contrast 351/1272
deg_analysis.35128433_7.out:    Running contrast 401/1272
deg_analysis.35128433_7.out:    Running contrast 451/1272
deg_analysis.35128433_7.out:    Running contrast 501/1272
deg_analysis.35128433_7.out:    Running contrast 551/1272
deg_analysis.35128433_7.out:    Running contrast 601/1272
deg_analysis.35128433_7.out:    Running contrast 651/1272
deg_analysis.35128433_7.out:    Running contrast 701/1272
deg_analysis.35128433_7.out:    Running contrast 751/1272
deg_analysis.35128433_7.out:    Running contrast 801/1272
deg_analysis.35128433_7.out:    Running contrast 851/1272
deg_analysis.35128433_7.out:    Running contrast 901/1272
deg_analysis.35128433_7.out:    Running contrast 951/1272
deg_analysis.35128433_7.out:    Running contrast 1001/1272
deg_analysis.35128433_7.out:    Running contrast 1051/1272
deg_analysis.35128433_7.out:    Running contrast 1101/1272
deg_analysis.35128433_7.out:    Running contrast 1151/1272
deg_analysis.35128433_7.out:    Running contrast 1201/1272
deg_analysis.35128433_7.out:    Running contrast 1251/1272
deg_analysis.35128433_7.out:    Running contrast 1272/1272
deg_analysis.35128433_7.out:Contrasts are completed in 857.6 seconds
deg_analysis.35128433_7.out:
deg_analysis.35128433_7.out:    Writing:  ./data/vcpi_0001/deg_data/group_rep/full/qc_false/filter_min_cells_0/intermediate/CVCL_0006/CVCL_0006_batch_6_de.h5ad
deg_analysis.35128433_7.out:
deg_analysis.35128433_7.out:    Rewriting h5ad file: ./data/vcpi_0001/deg_data/group_rep/full/qc_false/filter_min_cells_0/intermediate/CVCL_0006/CVCL_0006_batch_6_de.h5ad
deg_analysis.35128433_7.out:    Removed X matrix
deg_analysis.35128433_7.out:    Rewriting h5ad file is done!
deg_analysis.35128433_7.out:✓ Cell line completed in 29750.2 seconds
deg_analysis.35128433_7.out:
deg_analysis.35128433_7.out:DE analysis completed!
deg_analysis.35128433_7.out:
deg_analysis.35128433_7.out:Total runtime: 29766.1 seconds
deg_analysis.35128433_7.err:
deg_analysis.35128433_7.err:=== 1 Warnings encountered ===
deg_analysis.35128433_7.err:
deg_analysis.35128433_7.err:1. sparse->dense coercion: allocating vector of size 1.8 GiB
deg_analysis.35128434_8.out:
deg_analysis.35128434_8.out:DE analysis started...
deg_analysis.35128434_8.out:Loaded input file:  ./data/vcpi_0001/pseudobulk_processed/group_rep/by_celltype/CVCL_0006/CVCL_0006_processed_batch_7.h5ad
deg_analysis.35128434_8.out:Initial dimensions:  3108  samples ×  78677  genes
deg_analysis.35128434_8.out:Filter samples with the low number of cells
deg_analysis.35128434_8.out:    Filter threshold (min_cells):  0
deg_analysis.35128434_8.out:    Found  3108  samples with sentinel value (-666), keeping all
deg_analysis.35128434_8.out:    n_obs:  3108 -->  3108
deg_analysis.35128434_8.out:
deg_analysis.35128434_8.out:▶︎ Processing cell_type:  CVCL_0006
deg_analysis.35128434_8.out:    Filter controls by  pert_time_h  column
deg_analysis.35128434_8.out:        n_obs:  3108 -->  3108
deg_analysis.35128434_8.out:
deg_analysis.35128434_8.out:    Constructing design matrix...
deg_analysis.35128434_8.out:    Design matrix is constructed in 0.2 seconds
deg_analysis.35128434_8.out:    Design matrix dimensions: 3108 samples × 1343 coefficients
deg_analysis.35128434_8.out:    Filtering genes and normalizing counts...
deg_analysis.35128434_8.out:    Genes are filtered and normalized in 50.4 seconds
deg_analysis.35128434_8.out:    Running voom...
deg_analysis.35128434_8.out:    Voom is completed in 129.7 seconds
deg_analysis.35128434_8.out:    Running lmFit...
deg_analysis.35128434_8.out:    LmFit is completed in 27596.6 seconds
deg_analysis.35128434_8.out:DGE fit is completed in 27782.1 seconds
deg_analysis.35128434_8.out:    Running contrasts...
deg_analysis.35128434_8.out:    Running contrast 1/1266
deg_analysis.35128434_8.out:    Running contrast 51/1266
deg_analysis.35128434_8.out:    Running contrast 101/1266
deg_analysis.35128434_8.out:    Running contrast 151/1266
deg_analysis.35128434_8.out:    Running contrast 201/1266
deg_analysis.35128434_8.out:    Running contrast 251/1266
deg_analysis.35128434_8.out:    Running contrast 301/1266
deg_analysis.35128434_8.out:    Running contrast 351/1266
deg_analysis.35128434_8.out:    Running contrast 401/1266
deg_analysis.35128434_8.out:    Running contrast 451/1266
deg_analysis.35128434_8.out:    Running contrast 501/1266
deg_analysis.35128434_8.out:    Running contrast 551/1266
deg_analysis.35128434_8.out:    Running contrast 601/1266
deg_analysis.35128434_8.out:    Running contrast 651/1266
deg_analysis.35128434_8.out:    Running contrast 701/1266
deg_analysis.35128434_8.out:    Running contrast 751/1266
deg_analysis.35128434_8.out:    Running contrast 801/1266
deg_analysis.35128434_8.out:    Running contrast 851/1266
deg_analysis.35128434_8.out:    Running contrast 901/1266
deg_analysis.35128434_8.out:    Running contrast 951/1266
deg_analysis.35128434_8.out:    Running contrast 1001/1266
deg_analysis.35128434_8.out:    Running contrast 1051/1266
deg_analysis.35128434_8.out:    Running contrast 1101/1266
deg_analysis.35128434_8.out:    Running contrast 1151/1266
deg_analysis.35128434_8.out:    Running contrast 1201/1266
deg_analysis.35128434_8.out:    Running contrast 1251/1266
deg_analysis.35128434_8.out:    Running contrast 1266/1266
deg_analysis.35128434_8.out:Contrasts are completed in 862.4 seconds
deg_analysis.35128434_8.out:
deg_analysis.35128434_8.out:    Writing:  ./data/vcpi_0001/deg_data/group_rep/full/qc_false/filter_min_cells_0/intermediate/CVCL_0006/CVCL_0006_batch_7_de.h5ad
deg_analysis.35128434_8.out:
deg_analysis.35128434_8.out:    Rewriting h5ad file: ./data/vcpi_0001/deg_data/group_rep/full/qc_false/filter_min_cells_0/intermediate/CVCL_0006/CVCL_0006_batch_7_de.h5ad
deg_analysis.35128434_8.out:    Removed X matrix
deg_analysis.35128434_8.out:    Rewriting h5ad file is done!
deg_analysis.35128434_8.out:✓ Cell line completed in 28794.7 seconds
deg_analysis.35128434_8.out:
deg_analysis.35128434_8.out:DE analysis completed!
deg_analysis.35128434_8.out:
deg_analysis.35128434_8.out:Total runtime: 28810.6 seconds
deg_analysis.35128434_8.err:
deg_analysis.35128434_8.err:=== 1 Warnings encountered ===
deg_analysis.35128434_8.err:
deg_analysis.35128434_8.err:1. sparse->dense coercion: allocating vector of size 1.8 GiB
deg_analysis.35128435_9.out:
deg_analysis.35128435_9.out:DE analysis started...
deg_analysis.35128435_9.out:Loaded input file:  ./data/vcpi_0001/pseudobulk_processed/group_rep/by_celltype/CVCL_0006/CVCL_0006_processed_batch_8.h5ad
deg_analysis.35128435_9.out:Initial dimensions:  3117  samples ×  78677  genes
deg_analysis.35128435_9.out:Filter samples with the low number of cells
deg_analysis.35128435_9.out:    Filter threshold (min_cells):  0
deg_analysis.35128435_9.out:    Found  3117  samples with sentinel value (-666), keeping all
deg_analysis.35128435_9.out:    n_obs:  3117 -->  3117
deg_analysis.35128435_9.out:
deg_analysis.35128435_9.out:▶︎ Processing cell_type:  CVCL_0006
deg_analysis.35128435_9.out:    Filter controls by  pert_time_h  column
deg_analysis.35128435_9.out:        n_obs:  3117 -->  3117
deg_analysis.35128435_9.out:
deg_analysis.35128435_9.out:    Constructing design matrix...
deg_analysis.35128435_9.out:    Design matrix is constructed in 0.2 seconds
deg_analysis.35128435_9.out:    Design matrix dimensions: 3117 samples × 1349 coefficients
deg_analysis.35128435_9.out:    Filtering genes and normalizing counts...
deg_analysis.35128435_9.out:    Genes are filtered and normalized in 51.3 seconds
deg_analysis.35128435_9.out:    Running voom...
deg_analysis.35128435_9.out:    Voom is completed in 135.0 seconds
deg_analysis.35128435_9.out:    Running lmFit...
deg_analysis.35128435_9.out:    LmFit is completed in 28623.9 seconds
deg_analysis.35128435_9.out:DGE fit is completed in 28815.6 seconds
deg_analysis.35128435_9.out:    Running contrasts...
deg_analysis.35128435_9.out:    Running contrast 1/1272
deg_analysis.35128435_9.out:    Running contrast 51/1272
deg_analysis.35128435_9.out:    Running contrast 101/1272
deg_analysis.35128435_9.out:    Running contrast 151/1272
deg_analysis.35128435_9.out:    Running contrast 201/1272
deg_analysis.35128435_9.out:    Running contrast 251/1272
deg_analysis.35128435_9.out:    Running contrast 301/1272
deg_analysis.35128435_9.out:    Running contrast 351/1272
deg_analysis.35128435_9.out:    Running contrast 401/1272
deg_analysis.35128435_9.out:    Running contrast 451/1272
deg_analysis.35128435_9.out:    Running contrast 501/1272
deg_analysis.35128435_9.out:    Running contrast 551/1272
deg_analysis.35128435_9.out:    Running contrast 601/1272
deg_analysis.35128435_9.out:    Running contrast 651/1272
deg_analysis.35128435_9.out:    Running contrast 701/1272
deg_analysis.35128435_9.out:    Running contrast 751/1272
deg_analysis.35128435_9.out:    Running contrast 801/1272
deg_analysis.35128435_9.out:    Running contrast 851/1272
deg_analysis.35128435_9.out:    Running contrast 901/1272
deg_analysis.35128435_9.out:    Running contrast 951/1272
deg_analysis.35128435_9.out:    Running contrast 1001/1272
deg_analysis.35128435_9.out:    Running contrast 1051/1272
deg_analysis.35128435_9.out:    Running contrast 1101/1272
deg_analysis.35128435_9.out:    Running contrast 1151/1272
deg_analysis.35128435_9.out:    Running contrast 1201/1272
deg_analysis.35128435_9.out:    Running contrast 1251/1272
deg_analysis.35128435_9.out:    Running contrast 1272/1272
deg_analysis.35128435_9.out:Contrasts are completed in 854.2 seconds
deg_analysis.35128435_9.out:
deg_analysis.35128435_9.out:    Writing:  ./data/vcpi_0001/deg_data/group_rep/full/qc_false/filter_min_cells_0/intermediate/CVCL_0006/CVCL_0006_batch_8_de.h5ad
deg_analysis.35128435_9.out:
deg_analysis.35128435_9.out:    Rewriting h5ad file: ./data/vcpi_0001/deg_data/group_rep/full/qc_false/filter_min_cells_0/intermediate/CVCL_0006/CVCL_0006_batch_8_de.h5ad
deg_analysis.35128435_9.out:    Removed X matrix
deg_analysis.35128435_9.out:    Rewriting h5ad file is done!
deg_analysis.35128435_9.out:✓ Cell line completed in 29814.8 seconds
deg_analysis.35128435_9.out:
deg_analysis.35128435_9.out:DE analysis completed!
deg_analysis.35128435_9.out:
deg_analysis.35128435_9.out:Total runtime: 29830.8 seconds
deg_analysis.35128435_9.err:
deg_analysis.35128435_9.err:=== 1 Warnings encountered ===
deg_analysis.35128435_9.err:
deg_analysis.35128435_9.err:1. sparse->dense coercion: allocating vector of size 1.8 GiB
deg_analysis.35128425_10.out:
deg_analysis.35128425_10.out:DE analysis started...
deg_analysis.35128425_10.out:Loaded input file:  ./data/vcpi_0001/pseudobulk_processed/group_rep/by_celltype/CVCL_0006/CVCL_0006_processed_batch_9.h5ad
deg_analysis.35128425_10.out:Initial dimensions:  3112  samples ×  78677  genes
deg_analysis.35128425_10.out:Filter samples with the low number of cells
deg_analysis.35128425_10.out:    Filter threshold (min_cells):  0
deg_analysis.35128425_10.out:    Found  3112  samples with sentinel value (-666), keeping all
deg_analysis.35128425_10.out:    n_obs:  3112 -->  3112
deg_analysis.35128425_10.out:
deg_analysis.35128425_10.out:▶︎ Processing cell_type:  CVCL_0006
deg_analysis.35128425_10.out:    Filter controls by  pert_time_h  column
deg_analysis.35128425_10.out:        n_obs:  3112 -->  3112
deg_analysis.35128425_10.out:
deg_analysis.35128425_10.out:    Constructing design matrix...
deg_analysis.35128425_10.out:    Design matrix is constructed in 0.2 seconds
deg_analysis.35128425_10.out:    Design matrix dimensions: 3112 samples × 1349 coefficients
deg_analysis.35128425_10.out:    Filtering genes and normalizing counts...
deg_analysis.35128425_10.out:    Genes are filtered and normalized in 50.5 seconds
deg_analysis.35128425_10.out:    Running voom...
deg_analysis.35128425_10.out:    Voom is completed in 135.8 seconds
deg_analysis.35128425_10.out:    Running lmFit...
deg_analysis.35128425_10.out:    LmFit is completed in 28452.5 seconds
deg_analysis.35128425_10.out:DGE fit is completed in 28644.4 seconds
deg_analysis.35128425_10.out:    Running contrasts...
deg_analysis.35128425_10.out:    Running contrast 1/1272
deg_analysis.35128425_10.out:    Running contrast 51/1272
deg_analysis.35128425_10.out:    Running contrast 101/1272
deg_analysis.35128425_10.out:    Running contrast 151/1272
deg_analysis.35128425_10.out:    Running contrast 201/1272
deg_analysis.35128425_10.out:    Running contrast 251/1272
deg_analysis.35128425_10.out:    Running contrast 301/1272
deg_analysis.35128425_10.out:    Running contrast 351/1272
deg_analysis.35128425_10.out:    Running contrast 401/1272
deg_analysis.35128425_10.out:    Running contrast 451/1272
deg_analysis.35128425_10.out:    Running contrast 501/1272
deg_analysis.35128425_10.out:    Running contrast 551/1272
deg_analysis.35128425_10.out:    Running contrast 601/1272
deg_analysis.35128425_10.out:    Running contrast 651/1272
deg_analysis.35128425_10.out:    Running contrast 701/1272
deg_analysis.35128425_10.out:    Running contrast 751/1272
deg_analysis.35128425_10.out:    Running contrast 801/1272
deg_analysis.35128425_10.out:    Running contrast 851/1272
deg_analysis.35128425_10.out:    Running contrast 901/1272
deg_analysis.35128425_10.out:    Running contrast 951/1272
deg_analysis.35128425_10.out:    Running contrast 1001/1272
deg_analysis.35128425_10.out:    Running contrast 1051/1272
deg_analysis.35128425_10.out:    Running contrast 1101/1272
deg_analysis.35128425_10.out:    Running contrast 1151/1272
deg_analysis.35128425_10.out:    Running contrast 1201/1272
deg_analysis.35128425_10.out:    Running contrast 1251/1272
deg_analysis.35128425_10.out:    Running contrast 1272/1272
deg_analysis.35128425_10.out:Contrasts are completed in 862.1 seconds
deg_analysis.35128425_10.out:
deg_analysis.35128425_10.out:    Writing:  ./data/vcpi_0001/deg_data/group_rep/full/qc_false/filter_min_cells_0/intermediate/CVCL_0006/CVCL_0006_batch_9_de.h5ad
deg_analysis.35128425_10.out:
deg_analysis.35128425_10.out:    Rewriting h5ad file: ./data/vcpi_0001/deg_data/group_rep/full/qc_false/filter_min_cells_0/intermediate/CVCL_0006/CVCL_0006_batch_9_de.h5ad
deg_analysis.35128425_10.out:    Removed X matrix
deg_analysis.35128425_10.out:    Rewriting h5ad file is done!
deg_analysis.35128425_10.out:✓ Cell line completed in 29652.2 seconds
deg_analysis.35128425_10.out:
deg_analysis.35128425_10.out:DE analysis completed!
deg_analysis.35128425_10.out:
deg_analysis.35128425_10.out:Total runtime: 29668.2 seconds
deg_analysis.35128425_10.err:
deg_analysis.35128425_10.err:=== 1 Warnings encountered ===
deg_analysis.35128425_10.err:
deg_analysis.35128425_10.err:1. sparse->dense coercion: allocating vector of size 1.8 GiB
deg_aggregation.35129381.out:2026-04-13 10:08:54 | [INFO] Found 1 cell type(s) to aggregate
deg_aggregation.35129381.out:2026-04-13 10:08:54 | [INFO] Aggregating 11 batch files for CVCL_0006
deg_aggregation.35129381.out:2026-04-13 10:08:54 | [INFO]   Reading: CVCL_0006_batch_1_de.h5ad
deg_aggregation.35129381.out:2026-04-13 10:09:07 | [INFO]   Reading: CVCL_0006_batch_2_de.h5ad
deg_aggregation.35129381.out:2026-04-13 10:09:20 | [INFO]   Reading: CVCL_0006_batch_3_de.h5ad
deg_aggregation.35129381.out:2026-04-13 10:09:33 | [INFO]   Reading: CVCL_0006_batch_4_de.h5ad
deg_aggregation.35129381.out:2026-04-13 10:09:45 | [INFO]   Reading: CVCL_0006_batch_5_de.h5ad
deg_aggregation.35129381.out:2026-04-13 10:09:55 | [INFO]   Reading: CVCL_0006_batch_6_de.h5ad
deg_aggregation.35129381.out:2026-04-13 10:10:08 | [INFO]   Reading: CVCL_0006_batch_7_de.h5ad
deg_aggregation.35129381.out:2026-04-13 10:10:20 | [INFO]   Reading: CVCL_0006_batch_8_de.h5ad
deg_aggregation.35129381.out:2026-04-13 10:10:32 | [INFO]   Reading: CVCL_0006_batch_9_de.h5ad
deg_aggregation.35129381.out:2026-04-13 10:10:45 | [INFO]   Reading: CVCL_0006_batch_10_de.h5ad
deg_aggregation.35129381.out:2026-04-13 10:10:57 | [INFO]   Reading: CVCL_0006_batch_11_de.h5ad
deg_aggregation.35129381.out:2026-04-13 10:11:09 | [INFO]   Concatenating 11 batches...
deg_aggregation.35129381.out:2026-04-13 10:11:31 | [INFO]   Batch column added with 11
deg_aggregation.35129381.out:2026-04-13 10:21:16 | [INFO]     Rewriting h5ad file: ./data/vcpi_0001/deg_data/group_rep/full/qc_false/filter_min_cells_0/results/CVCL_0006_de.h5ad
deg_aggregation.35129381.out:2026-04-13 10:21:16 | [INFO]     Removed X matrix
deg_aggregation.35129381.out:2026-04-13 10:21:16 | [INFO]     Rewriting h5ad file is done!
deg_aggregation.35129381.out:2026-04-13 10:21:16 | [INFO]   Saved aggregated file: ./data/vcpi_0001/deg_data/group_rep/full/qc_false/filter_min_cells_0/results/CVCL_0006_de.h5ad (13955 obs, 19517 vars)
deg_aggregation.35129381.out:2026-04-13 10:21:16 | [INFO] Aggregation completed
deg_aggregation.35129381.err:./venv/lib/python3.12/site-packages/anndata/_core/anndata.py:1774: UserWarning: Observation names are not unique. To make them unique, call `.obs_names_make_unique`.
deg_aggregation.35129381.err:  utils.warn_names_duplicates("obs")
