deg_op3.PID3769190.out:> Do not filter samples that did not pass quality control
deg_op3.PID3769190.out:> Work with a full version
deg_op3.PID3769190.out:> Mode: PARALLEL BY CELL TYPE (array jobs per cell type)
deg_op3.PID3769190.out:> Dataset is not normalized, running normalization steps
deg_op3.PID3769190.out:> Using config: ./pipelines/op3/configs/deg/config.json
deg_op3.PID3769190.out:> Preprocess pseudobulk with parameter: separate_replicates
deg_op3.PID3769190.out:> Running preprocessing pseudobulk
deg_op3.PID3769190.out:Submitted batch job 34014886
deg_op3.PID3769190.out:> Preprocessing completed
deg_op3.PID3769190.out:> Starting DGE analysis with parameter: separate_replicates
deg_op3.PID3769190.out:  Found 4 file(s) to process
deg_op3.PID3769190.out:
deg_op3.PID3769190.out:============================================
deg_op3.PID3769190.out:DGE ANALYSIS
deg_op3.PID3769190.out:============================================
deg_op3.PID3769190.out:  Processing 4 file(s)...
deg_op3.PID3769190.out:
deg_op3.PID3769190.out:
deg_op3.PID3769190.out:============================================
deg_op3.PID3769190.out:DEG ANALYSIS: Array Job Mode
deg_op3.PID3769190.out:============================================
deg_op3.PID3769190.out:  Processing 4 file(s) with array job...
deg_op3.PID3769190.out:  Submitting array job [4 jobs, max 50 concurrent]...
deg_op3.PID3769190.out:Submitted batch job 34015004
deg_op3.PID3769190.out:> DEG array job completed
deg_op3.PID3769190.out:
deg_op3.PID3769190.out:============================================
deg_op3.PID3769190.out:AGGREGATING BATCH FILES
deg_op3.PID3769190.out:============================================
deg_op3.PID3769190.out:  Found files in ./data/op3/deg_data/sep_rep/full/qc_false/filter_min_cells_50/intermediate and results directory is empty
deg_op3.PID3769190.out:  Aggregating batch files from intermediate/ to results/...
deg_op3.PID3769190.out:  Running aggregation...
deg_op3.PID3769190.out:Submitted batch job 34015016
deg_op3.PID3769190.out:> Aggregation completed
deg_op3.PID3769190.out:
deg_op3.PID3769190.out:============================================
deg_op3.PID3769190.out:DGE PIPELINE COMPLETED
deg_op3.PID3769190.out:============================================
deg_op3.PID3769190.out:  Results saved to: ./data/op3/deg_data/sep_rep/full/qc_false/filter_min_cells_50
deg_op3.PID3769190.out:    - intermediate/ for separate files
deg_op3.PID3769190.out:    - results/ for combined
deg_op3.PID3769190.out:
deg_op3.PID3769190.out:> DGE pipeline is finished
deg_op3.PID3769190.out:> Cleaning up temporary files...
deg_op3.PID3769190.out:> Cleanup complete
deg_processing_pseudobulk.34014886.out:2026-02-18 21:00:15 | [INFO] Read pseudobulk file
deg_processing_pseudobulk.34014886.out:2026-02-18 21:00:16 | [INFO] Dataset "op3" specified but no processing_functions configured, skipping
deg_processing_pseudobulk.34014886.out:2026-02-18 21:00:16 | [INFO] Map ensembl IDs to current/replacement IDs
deg_processing_pseudobulk.34014886.out:2026-02-18 21:00:16 | [INFO] Mapping Ensembl IDs to current/replacement IDs
deg_processing_pseudobulk.34014886.out:2026-02-18 21:00:16 | [INFO]   Found 5317 genes with Ensembl IDs in var.index
deg_processing_pseudobulk.34014886.out:2026-02-18 21:00:16 | [INFO] Processing 5317 IDs in 6 queries
deg_processing_pseudobulk.34014886.out:2026-02-18 21:00:16 | [INFO]   Query 1/6: processing 1000 IDs
deg_processing_pseudobulk.34014886.out:2026-02-18 21:01:29 | [INFO]   Query 2/6: processing 1000 IDs
deg_processing_pseudobulk.34014886.out:2026-02-18 21:02:30 | [INFO]   Query 3/6: processing 1000 IDs
deg_processing_pseudobulk.34014886.out:2026-02-18 21:05:21 | [INFO]   Query 4/6: processing 1000 IDs
deg_processing_pseudobulk.34014886.out:2026-02-18 21:08:25 | [INFO]   Query 5/6: processing 1000 IDs
deg_processing_pseudobulk.34014886.out:2026-02-18 21:10:02 | [INFO]   Query 6/6: processing 317 IDs
deg_processing_pseudobulk.34014886.out:2026-02-18 21:10:26 | [INFO] Summary:
deg_processing_pseudobulk.34014886.out:2026-02-18 21:10:26 | [INFO]   Total results: 5289 out of 5317
deg_processing_pseudobulk.34014886.out:2026-02-18 21:10:26 | [INFO]   Current IDs: 5286
deg_processing_pseudobulk.34014886.out:2026-02-18 21:10:26 | [INFO]   Deprecated (no replacement): 1
deg_processing_pseudobulk.34014886.out:2026-02-18 21:10:26 | [INFO]   Single replacements: 2
deg_processing_pseudobulk.34014886.out:2026-02-18 21:10:26 | [INFO]   Multiple replacements: 0
deg_processing_pseudobulk.34014886.out:2026-02-18 21:10:26 | [INFO]   Unique target IDs with duplicates: 0
deg_processing_pseudobulk.34014886.out:2026-02-18 21:10:26 | [INFO]   Mapping size: 5288
deg_processing_pseudobulk.34014886.out:2026-02-18 21:10:26 | [INFO]   Result: 5317 → 5288 genes (reduced by 29)
deg_processing_pseudobulk.34014886.out:2026-02-18 21:10:26 | [INFO] Add perturbation label
deg_processing_pseudobulk.34014886.out:2026-02-18 21:10:26 | [INFO] Save data
deg_processing_pseudobulk.34014886.out:2026-02-18 21:10:29 | [INFO]   Saved: ./data/op3/pseudobulk_processed/sep_rep/file_tmp.h5ad (1813 obs, 139 perturbagens)
deg_processing_pseudobulk.34014886.out:2026-02-18 21:10:29 | [INFO] Splitting into 4 cell types
deg_processing_pseudobulk.34014886.out:2026-02-18 21:10:29 | [INFO]   Saved: ./data/op3/pseudobulk_processed/sep_rep/tmp/CL_0000084/CL_0000084_processed.h5ad (458 obs, 139 perturbagens)
deg_processing_pseudobulk.34014886.out:2026-02-18 21:10:30 | [INFO]   Saved: ./data/op3/pseudobulk_processed/sep_rep/tmp/CL_0000236/CL_0000236_processed.h5ad (456 obs, 138 perturbagens)
deg_processing_pseudobulk.34014886.out:2026-02-18 21:10:31 | [INFO]   Saved: ./data/op3/pseudobulk_processed/sep_rep/tmp/CL_0000623/CL_0000623_processed.h5ad (455 obs, 138 perturbagens)
deg_processing_pseudobulk.34014886.out:2026-02-18 21:10:32 | [INFO]   Saved: ./data/op3/pseudobulk_processed/sep_rep/tmp/CL_0000763/CL_0000763_processed.h5ad (444 obs, 134 perturbagens)
deg_processing_pseudobulk.34014886.out:2026-02-18 21:10:32 | [INFO] Moved temporary file ./data/op3/pseudobulk_processed/sep_rep/file_tmp.h5ad to ./data/op3/pseudobulk_processed/sep_rep/op3_standardized_processed.h5ad
deg_processing_pseudobulk.34014886.out:2026-02-18 21:10:32 | [INFO] Moved temporary directory ./data/op3/pseudobulk_processed/sep_rep/tmp to ./data/op3/pseudobulk_processed/sep_rep/by_celltype
deg_processing_pseudobulk.34014886.err:2026-02-18 21:10:26 | [WARNING] Filtering out 29 genes that could not be mapped (deprecated with no replacement or multiple replacements)
deg_analysis.34015005_0.out:
deg_analysis.34015005_0.out:DE analysis started...
deg_analysis.34015005_0.out:Loaded input file:  ./data/op3/pseudobulk_processed/sep_rep/by_celltype/CL_0000084/CL_0000084_processed.h5ad
deg_analysis.34015005_0.out:Initial dimensions:  458  samples ×  5288  genes
deg_analysis.34015005_0.out:Filter samples with the low number of cells
deg_analysis.34015005_0.out:    Filter threshold (min_cells):  50
deg_analysis.34015005_0.out:    n_obs:  458 -->  458
deg_analysis.34015005_0.out:
deg_analysis.34015005_0.out:▶︎ Processing cell_type:  CL_0000084
deg_analysis.34015005_0.out:    Filter controls by  pert_time_h  column
deg_analysis.34015005_0.out:        n_obs:  458 -->  458
deg_analysis.34015005_0.out:
deg_analysis.34015005_0.out:    Constructing design matrix...
deg_analysis.34015005_0.out:    Design matrix is constructed in 0.0 seconds
deg_analysis.34015005_0.out:    Design matrix dimensions: 458 samples × 416 coefficients
deg_analysis.34015005_0.out:    Filtering genes and normalizing counts...
deg_analysis.34015005_0.out:    Genes are filtered and normalized in 2.2 seconds
deg_analysis.34015005_0.out:    Running voom...
deg_analysis.34015005_0.out:    Voom is completed in 2.1 seconds
deg_analysis.34015005_0.out:    Running lmFit...
deg_analysis.34015005_0.out:    LmFit is completed in 93.1 seconds
deg_analysis.34015005_0.out:DGE fit is completed in 98.3 seconds
deg_analysis.34015005_0.out:    Running contrasts...
deg_analysis.34015005_0.out:    Running contrast 1/410
deg_analysis.34015005_0.out:    Running contrast 51/410
deg_analysis.34015005_0.out:    Running contrast 101/410
deg_analysis.34015005_0.out:    Running contrast 151/410
deg_analysis.34015005_0.out:    Running contrast 201/410
deg_analysis.34015005_0.out:    Running contrast 251/410
deg_analysis.34015005_0.out:    Running contrast 301/410
deg_analysis.34015005_0.out:    Running contrast 351/410
deg_analysis.34015005_0.out:    Running contrast 401/410
deg_analysis.34015005_0.out:    Running contrast 410/410
deg_analysis.34015005_0.out:Contrasts are completed in 57.6 seconds
deg_analysis.34015005_0.out:
deg_analysis.34015005_0.out:    Writing:  ./data/op3/deg_data/sep_rep/full/qc_false/filter_min_cells_50/intermediate/CL_0000084/CL_0000084_de.h5ad
deg_analysis.34015005_0.out:
deg_analysis.34015005_0.out:    Rewriting h5ad file: ./data/op3/deg_data/sep_rep/full/qc_false/filter_min_cells_50/intermediate/CL_0000084/CL_0000084_de.h5ad
deg_analysis.34015005_0.out:    Removed X matrix
deg_analysis.34015005_0.out:    Rewriting h5ad file is done!
deg_analysis.34015005_0.out:✓ Cell line completed in 175.1 seconds
deg_analysis.34015005_0.out:
deg_analysis.34015005_0.out:DE analysis completed!
deg_analysis.34015005_0.out:
deg_analysis.34015005_0.out:Total runtime: 221.0 seconds
deg_analysis.34015006_1.out:
deg_analysis.34015006_1.out:DE analysis started...
deg_analysis.34015006_1.out:Loaded input file:  ./data/op3/pseudobulk_processed/sep_rep/by_celltype/CL_0000236/CL_0000236_processed.h5ad
deg_analysis.34015006_1.out:Initial dimensions:  456  samples ×  5288  genes
deg_analysis.34015006_1.out:Filter samples with the low number of cells
deg_analysis.34015006_1.out:    Filter threshold (min_cells):  50
deg_analysis.34015006_1.out:    n_obs:  456 -->  396
deg_analysis.34015006_1.out:
deg_analysis.34015006_1.out:▶︎ Processing cell_type:  CL_0000236
deg_analysis.34015006_1.out:    Filter controls by  pert_time_h  column
deg_analysis.34015006_1.out:        n_obs:  396 -->  396
deg_analysis.34015006_1.out:
deg_analysis.34015006_1.out:    Constructing design matrix...
deg_analysis.34015006_1.out:    Design matrix is constructed in 0.0 seconds
deg_analysis.34015006_1.out:    Design matrix dimensions: 396 samples × 356 coefficients
deg_analysis.34015006_1.out:    Filtering genes and normalizing counts...
deg_analysis.34015006_1.out:    Genes are filtered and normalized in 2.0 seconds
deg_analysis.34015006_1.out:    Running voom...
deg_analysis.34015006_1.out:    Voom is completed in 1.7 seconds
deg_analysis.34015006_1.out:    Running lmFit...
deg_analysis.34015006_1.out:    LmFit is completed in 67.1 seconds
deg_analysis.34015006_1.out:DGE fit is completed in 71.7 seconds
deg_analysis.34015006_1.out:    Running contrasts...
deg_analysis.34015006_1.out:    Running contrast 1/350
deg_analysis.34015006_1.out:    Running contrast 51/350
deg_analysis.34015006_1.out:    Running contrast 101/350
deg_analysis.34015006_1.out:    Running contrast 151/350
deg_analysis.34015006_1.out:    Running contrast 201/350
deg_analysis.34015006_1.out:    Running contrast 251/350
deg_analysis.34015006_1.out:    Running contrast 301/350
deg_analysis.34015006_1.out:    Running contrast 350/350
deg_analysis.34015006_1.out:Contrasts are completed in 49.7 seconds
deg_analysis.34015006_1.out:
deg_analysis.34015006_1.out:    Writing:  ./data/op3/deg_data/sep_rep/full/qc_false/filter_min_cells_50/intermediate/CL_0000236/CL_0000236_de.h5ad
deg_analysis.34015006_1.out:
deg_analysis.34015006_1.out:    Rewriting h5ad file: ./data/op3/deg_data/sep_rep/full/qc_false/filter_min_cells_50/intermediate/CL_0000236/CL_0000236_de.h5ad
deg_analysis.34015006_1.out:    Removed X matrix
deg_analysis.34015006_1.out:    Rewriting h5ad file is done!
deg_analysis.34015006_1.out:✓ Cell line completed in 138.0 seconds
deg_analysis.34015006_1.out:
deg_analysis.34015006_1.out:DE analysis completed!
deg_analysis.34015006_1.out:
deg_analysis.34015006_1.out:Total runtime: 176.7 seconds
deg_analysis.34015007_2.out:
deg_analysis.34015007_2.out:DE analysis started...
deg_analysis.34015007_2.out:Loaded input file:  ./data/op3/pseudobulk_processed/sep_rep/by_celltype/CL_0000623/CL_0000623_processed.h5ad
deg_analysis.34015007_2.out:Initial dimensions:  455  samples ×  5288  genes
deg_analysis.34015007_2.out:Filter samples with the low number of cells
deg_analysis.34015007_2.out:    Filter threshold (min_cells):  50
deg_analysis.34015007_2.out:    n_obs:  455 -->  51
deg_analysis.34015007_2.out:
deg_analysis.34015007_2.out:▶︎ Processing cell_type:  CL_0000623
deg_analysis.34015007_2.out:    Filter controls by  pert_time_h  column
deg_analysis.34015007_2.out:        n_obs:  51 -->  51
deg_analysis.34015007_2.out:
deg_analysis.34015007_2.out:    Constructing design matrix...
deg_analysis.34015007_2.out:    Design matrix is constructed in 0.0 seconds
deg_analysis.34015007_2.out:    Design matrix dimensions: 51 samples × 52 coefficients
deg_analysis.34015007_2.out:    Filtering genes and normalizing counts...
deg_analysis.34015007_2.out:    Genes are filtered and normalized in 0.3 seconds
deg_analysis.34015007_2.out:    Running voom...
deg_analysis.34015007_2.out:Coefficients not estimable: plateNeurIPS2023_012 plateNeurIPS2023_014 plateNeurIPS2023_015
deg_analysis.34015007_2.out:    Voom is completed in 0.6 seconds
deg_analysis.34015007_2.out:    Running lmFit...
deg_analysis.34015007_2.out:Coefficients not estimable: plateNeurIPS2023_012 plateNeurIPS2023_014 plateNeurIPS2023_015
deg_analysis.34015007_2.out:    LmFit is completed in 1.9 seconds
deg_analysis.34015007_2.out:DGE fit is completed in 3.0 seconds
deg_analysis.34015007_2.out:    Running contrasts...
deg_analysis.34015007_2.out:    Running contrast 1/46
deg_analysis.34015007_2.out:    Running contrast 46/46
deg_analysis.34015007_2.out:Contrasts are completed in 3.3 seconds
deg_analysis.34015007_2.out:
deg_analysis.34015007_2.out:    Writing:  ./data/op3/deg_data/sep_rep/full/qc_false/filter_min_cells_50/intermediate/CL_0000623/CL_0000623_de.h5ad
deg_analysis.34015007_2.out:
deg_analysis.34015007_2.out:    Rewriting h5ad file: ./data/op3/deg_data/sep_rep/full/qc_false/filter_min_cells_50/intermediate/CL_0000623/CL_0000623_de.h5ad
deg_analysis.34015007_2.out:    Removed X matrix
deg_analysis.34015007_2.out:    Rewriting h5ad file is done!
deg_analysis.34015007_2.out:✓ Cell line completed in 10.0 seconds
deg_analysis.34015007_2.out:
deg_analysis.34015007_2.out:DE analysis completed!
deg_analysis.34015007_2.out:
deg_analysis.34015007_2.out:Total runtime: 49.2 seconds
deg_analysis.34015007_2.err:
deg_analysis.34015007_2.err:=== 2 Warnings encountered ===
deg_analysis.34015007_2.err:
deg_analysis.34015007_2.err:1. Partial NA coefficients for 4828 probe(s)
deg_analysis.34015007_2.err:2. Partial NA coefficients for 4828 probe(s)
deg_analysis.34015004_3.out:
deg_analysis.34015004_3.out:DE analysis started...
deg_analysis.34015004_3.out:Loaded input file:  ./data/op3/pseudobulk_processed/sep_rep/by_celltype/CL_0000763/CL_0000763_processed.h5ad
deg_analysis.34015004_3.out:Initial dimensions:  444  samples ×  5288  genes
deg_analysis.34015004_3.out:Filter samples with the low number of cells
deg_analysis.34015004_3.out:    Filter threshold (min_cells):  50
deg_analysis.34015004_3.out:    n_obs:  444 -->  345
deg_analysis.34015004_3.out:
deg_analysis.34015004_3.out:▶︎ Processing cell_type:  CL_0000763
deg_analysis.34015004_3.out:    Filter controls by  pert_time_h  column
deg_analysis.34015004_3.out:        n_obs:  345 -->  345
deg_analysis.34015004_3.out:
deg_analysis.34015004_3.out:    Constructing design matrix...
deg_analysis.34015004_3.out:    Design matrix is constructed in 0.0 seconds
deg_analysis.34015004_3.out:    Design matrix dimensions: 345 samples × 305 coefficients
deg_analysis.34015004_3.out:    Filtering genes and normalizing counts...
deg_analysis.34015004_3.out:    Genes are filtered and normalized in 1.8 seconds
deg_analysis.34015004_3.out:    Running voom...
deg_analysis.34015004_3.out:    Voom is completed in 1.2 seconds
deg_analysis.34015004_3.out:    Running lmFit...
deg_analysis.34015004_3.out:    LmFit is completed in 40.6 seconds
deg_analysis.34015004_3.out:DGE fit is completed in 44.2 seconds
deg_analysis.34015004_3.out:    Running contrasts...
deg_analysis.34015004_3.out:    Running contrast 1/299
deg_analysis.34015004_3.out:    Running contrast 51/299
deg_analysis.34015004_3.out:    Running contrast 101/299
deg_analysis.34015004_3.out:    Running contrast 151/299
deg_analysis.34015004_3.out:    Running contrast 201/299
deg_analysis.34015004_3.out:    Running contrast 251/299
deg_analysis.34015004_3.out:    Running contrast 299/299
deg_analysis.34015004_3.out:Contrasts are completed in 39.6 seconds
deg_analysis.34015004_3.out:
deg_analysis.34015004_3.out:    Writing:  ./data/op3/deg_data/sep_rep/full/qc_false/filter_min_cells_50/intermediate/CL_0000763/CL_0000763_de.h5ad
deg_analysis.34015004_3.out:
deg_analysis.34015004_3.out:    Rewriting h5ad file: ./data/op3/deg_data/sep_rep/full/qc_false/filter_min_cells_50/intermediate/CL_0000763/CL_0000763_de.h5ad
deg_analysis.34015004_3.out:    Removed X matrix
deg_analysis.34015004_3.out:    Rewriting h5ad file is done!
deg_analysis.34015004_3.out:✓ Cell line completed in 98.5 seconds
deg_analysis.34015004_3.out:
deg_analysis.34015004_3.out:DE analysis completed!
deg_analysis.34015004_3.out:
deg_analysis.34015004_3.out:Total runtime: 140.3 seconds
deg_aggregation.34015016.out:2026-02-18 21:15:16 | [INFO] Found 4 cell type(s) to aggregate
deg_aggregation.34015016.out:2026-02-18 21:15:16 | [INFO] Aggregating 1 batch files for CL_0000084
deg_aggregation.34015016.out:2026-02-18 21:15:16 | [INFO]   Reading: CL_0000084_de.h5ad
deg_aggregation.34015016.out:2026-02-18 21:15:18 | [INFO]   Concatenating 1 batches...
deg_aggregation.34015016.out:2026-02-18 21:15:19 | [INFO]   Batch column added with 1
deg_aggregation.34015016.out:2026-02-18 21:15:24 | [INFO]     Rewriting h5ad file: ./data/op3/deg_data/sep_rep/full/qc_false/filter_min_cells_50/results/CL_0000084_de.h5ad
deg_aggregation.34015016.out:2026-02-18 21:15:24 | [INFO]     Removed X matrix
deg_aggregation.34015016.out:2026-02-18 21:15:24 | [INFO]     Rewriting h5ad file is done!
deg_aggregation.34015016.out:2026-02-18 21:15:24 | [INFO]   Saved aggregated file: ./data/op3/deg_data/sep_rep/full/qc_false/filter_min_cells_50/results/CL_0000084_de.h5ad (410 obs, 5288 vars)
deg_aggregation.34015016.out:2026-02-18 21:15:24 | [INFO] Aggregating 1 batch files for CL_0000236
deg_aggregation.34015016.out:2026-02-18 21:15:24 | [INFO]   Reading: CL_0000236_de.h5ad
deg_aggregation.34015016.out:2026-02-18 21:15:27 | [INFO]   Concatenating 1 batches...
deg_aggregation.34015016.out:2026-02-18 21:15:27 | [INFO]   Batch column added with 1
deg_aggregation.34015016.out:2026-02-18 21:15:31 | [INFO]     Rewriting h5ad file: ./data/op3/deg_data/sep_rep/full/qc_false/filter_min_cells_50/results/CL_0000236_de.h5ad
deg_aggregation.34015016.out:2026-02-18 21:15:31 | [INFO]     Removed X matrix
deg_aggregation.34015016.out:2026-02-18 21:15:31 | [INFO]     Rewriting h5ad file is done!
deg_aggregation.34015016.out:2026-02-18 21:15:31 | [INFO]   Saved aggregated file: ./data/op3/deg_data/sep_rep/full/qc_false/filter_min_cells_50/results/CL_0000236_de.h5ad (350 obs, 5271 vars)
deg_aggregation.34015016.out:2026-02-18 21:15:31 | [INFO] Aggregating 1 batch files for CL_0000623
deg_aggregation.34015016.out:2026-02-18 21:15:31 | [INFO]   Reading: CL_0000623_de.h5ad
deg_aggregation.34015016.out:2026-02-18 21:15:31 | [INFO]   Concatenating 1 batches...
deg_aggregation.34015016.out:2026-02-18 21:15:31 | [INFO]   Batch column added with 1
deg_aggregation.34015016.out:2026-02-18 21:15:32 | [INFO]     Rewriting h5ad file: ./data/op3/deg_data/sep_rep/full/qc_false/filter_min_cells_50/results/CL_0000623_de.h5ad
deg_aggregation.34015016.out:2026-02-18 21:15:32 | [INFO]     Removed X matrix
deg_aggregation.34015016.out:2026-02-18 21:15:32 | [INFO]     Rewriting h5ad file is done!
deg_aggregation.34015016.out:2026-02-18 21:15:32 | [INFO]   Saved aggregated file: ./data/op3/deg_data/sep_rep/full/qc_false/filter_min_cells_50/results/CL_0000623_de.h5ad (46 obs, 4828 vars)
deg_aggregation.34015016.out:2026-02-18 21:15:32 | [INFO] Aggregating 1 batch files for CL_0000763
deg_aggregation.34015016.out:2026-02-18 21:15:32 | [INFO]   Reading: CL_0000763_de.h5ad
deg_aggregation.34015016.out:2026-02-18 21:15:34 | [INFO]   Concatenating 1 batches...
deg_aggregation.34015016.out:2026-02-18 21:15:34 | [INFO]   Batch column added with 1
deg_aggregation.34015016.out:2026-02-18 21:15:38 | [INFO]     Rewriting h5ad file: ./data/op3/deg_data/sep_rep/full/qc_false/filter_min_cells_50/results/CL_0000763_de.h5ad
deg_aggregation.34015016.out:2026-02-18 21:15:38 | [INFO]     Removed X matrix
deg_aggregation.34015016.out:2026-02-18 21:15:38 | [INFO]     Rewriting h5ad file is done!
deg_aggregation.34015016.out:2026-02-18 21:15:38 | [INFO]   Saved aggregated file: ./data/op3/deg_data/sep_rep/full/qc_false/filter_min_cells_50/results/CL_0000763_de.h5ad (299 obs, 5284 vars)
deg_aggregation.34015016.out:2026-02-18 21:15:38 | [INFO] Aggregation completed
