
DE analysis started...
Loaded input file:  ./data/tahoe/pseudobulk_processed/sep_rep/by_celltype/CVCL_1517_processed.h5ad 
Initial dimensions:  1344  samples ×  62710  genes
Filter samples with the low number of cells
    Filter threshold (min_cells):  10 
    n_obs:  1344 -->  1336 

▶︎ Processing cell_type  1 / 1 :  CVCL_1517 
    Filter controls by  pert_time_h  column
        n_obs:  1336 -->  1336 

    Running contrast 1/1308
    Running contrast 6/1308
    Running contrast 11/1308
    Running contrast 16/1308
    Running contrast 21/1308
    Running contrast 26/1308
    Running contrast 31/1308
    Running contrast 36/1308
    Running contrast 41/1308
    Running contrast 46/1308
    Running contrast 51/1308
    Running contrast 56/1308
    Running contrast 61/1308
    Running contrast 66/1308
    Running contrast 71/1308
    Running contrast 76/1308
    Running contrast 81/1308
    Running contrast 86/1308
    Running contrast 91/1308
    Running contrast 96/1308
    Running contrast 101/1308
    Running contrast 106/1308
    Running contrast 111/1308
    Running contrast 116/1308
    Running contrast 121/1308
    Running contrast 126/1308
    Running contrast 131/1308
    Running contrast 136/1308
    Running contrast 141/1308
    Running contrast 146/1308
    Running contrast 151/1308
    Running contrast 156/1308
    Running contrast 161/1308
    Running contrast 166/1308
    Running contrast 171/1308
    Running contrast 176/1308
    Running contrast 181/1308
    Running contrast 186/1308
    Running contrast 191/1308
    Running contrast 196/1308
    Running contrast 201/1308
    Running contrast 206/1308
    Running contrast 211/1308
    Running contrast 216/1308
    Running contrast 221/1308
    Running contrast 226/1308
    Running contrast 231/1308
    Running contrast 236/1308
    Running contrast 241/1308
    Running contrast 246/1308
    Running contrast 251/1308
    Running contrast 256/1308
    Running contrast 261/1308
    Running contrast 266/1308
    Running contrast 271/1308
    Running contrast 276/1308
    Running contrast 281/1308
    Running contrast 286/1308
    Running contrast 291/1308
    Running contrast 296/1308
    Running contrast 301/1308
    Running contrast 306/1308
    Running contrast 311/1308
    Running contrast 316/1308
    Running contrast 321/1308
    Running contrast 326/1308
    Running contrast 331/1308
    Running contrast 336/1308
    Running contrast 341/1308
    Running contrast 346/1308
    Running contrast 351/1308
    Running contrast 356/1308
    Running contrast 361/1308
    Running contrast 366/1308
    Running contrast 371/1308
    Running contrast 376/1308
    Running contrast 381/1308
    Running contrast 386/1308
    Running contrast 391/1308
    Running contrast 396/1308
    Running contrast 401/1308
    Running contrast 406/1308
    Running contrast 411/1308
    Running contrast 416/1308
    Running contrast 421/1308
    Running contrast 426/1308
    Running contrast 431/1308
    Running contrast 436/1308
    Running contrast 441/1308
    Running contrast 446/1308
    Running contrast 451/1308
    Running contrast 456/1308
    Running contrast 461/1308
    Running contrast 466/1308
    Running contrast 471/1308
    Running contrast 476/1308
    Running contrast 481/1308
    Running contrast 486/1308
    Running contrast 491/1308
    Running contrast 496/1308
    Running contrast 501/1308
    Running contrast 506/1308
    Running contrast 511/1308
    Running contrast 516/1308
    Running contrast 521/1308
    Running contrast 526/1308
    Running contrast 531/1308
    Running contrast 536/1308
    Running contrast 541/1308
    Running contrast 546/1308
    Running contrast 551/1308
    Running contrast 556/1308
    Running contrast 561/1308
    Running contrast 566/1308
    Running contrast 571/1308
    Running contrast 576/1308
    Running contrast 581/1308
    Running contrast 586/1308
    Running contrast 591/1308
    Running contrast 596/1308
    Running contrast 601/1308
    Running contrast 606/1308
    Running contrast 611/1308
    Running contrast 616/1308
    Running contrast 621/1308
    Running contrast 626/1308
    Running contrast 631/1308
    Running contrast 636/1308
    Running contrast 641/1308
    Running contrast 646/1308
    Running contrast 651/1308
    Running contrast 656/1308
    Running contrast 661/1308
    Running contrast 666/1308
    Running contrast 671/1308
    Running contrast 676/1308
    Running contrast 681/1308
    Running contrast 686/1308
    Running contrast 691/1308
    Running contrast 696/1308
    Running contrast 701/1308
    Running contrast 706/1308
    Running contrast 711/1308
    Running contrast 716/1308
    Running contrast 721/1308
    Running contrast 726/1308
    Running contrast 731/1308
    Running contrast 736/1308
    Running contrast 741/1308
    Running contrast 746/1308
    Running contrast 751/1308
    Running contrast 756/1308
    Running contrast 761/1308
    Running contrast 766/1308
    Running contrast 771/1308
    Running contrast 776/1308
    Running contrast 781/1308
    Running contrast 786/1308
    Running contrast 791/1308
    Running contrast 796/1308
    Running contrast 801/1308
    Running contrast 806/1308
    Running contrast 811/1308
    Running contrast 816/1308
    Running contrast 821/1308
    Running contrast 826/1308
    Running contrast 831/1308
    Running contrast 836/1308
    Running contrast 841/1308
    Running contrast 846/1308
    Running contrast 851/1308
    Running contrast 856/1308
    Running contrast 861/1308
    Running contrast 866/1308
    Running contrast 871/1308
    Running contrast 876/1308
    Running contrast 881/1308
    Running contrast 886/1308
    Running contrast 891/1308
    Running contrast 896/1308
    Running contrast 901/1308
    Running contrast 906/1308
    Running contrast 911/1308
    Running contrast 916/1308
    Running contrast 921/1308
    Running contrast 926/1308
    Running contrast 931/1308
    Running contrast 936/1308
    Running contrast 941/1308
    Running contrast 946/1308
    Running contrast 951/1308
    Running contrast 956/1308
    Running contrast 961/1308
    Running contrast 966/1308
    Running contrast 971/1308
    Running contrast 976/1308
    Running contrast 981/1308
    Running contrast 986/1308
    Running contrast 991/1308
    Running contrast 996/1308
    Running contrast 1001/1308
    Running contrast 1006/1308
    Running contrast 1011/1308
    Running contrast 1016/1308
    Running contrast 1021/1308
    Running contrast 1026/1308
    Running contrast 1031/1308
    Running contrast 1036/1308
    Running contrast 1041/1308
    Running contrast 1046/1308
    Running contrast 1051/1308
    Running contrast 1056/1308
    Running contrast 1061/1308
    Running contrast 1066/1308
    Running contrast 1071/1308
    Running contrast 1076/1308
    Running contrast 1081/1308
    Running contrast 1086/1308
    Running contrast 1091/1308
    Running contrast 1096/1308
    Running contrast 1101/1308
    Running contrast 1106/1308
    Running contrast 1111/1308
    Running contrast 1116/1308
    Running contrast 1121/1308
    Running contrast 1126/1308
    Running contrast 1131/1308
    Running contrast 1136/1308
    Running contrast 1141/1308
    Running contrast 1146/1308
    Running contrast 1151/1308
    Running contrast 1156/1308
    Running contrast 1161/1308
    Running contrast 1166/1308
    Running contrast 1171/1308
    Running contrast 1176/1308
    Running contrast 1181/1308
    Running contrast 1186/1308
    Running contrast 1191/1308
    Running contrast 1196/1308
    Running contrast 1201/1308
    Running contrast 1206/1308
    Running contrast 1211/1308
    Running contrast 1216/1308
    Running contrast 1221/1308
    Running contrast 1226/1308
    Running contrast 1231/1308
    Running contrast 1236/1308
    Running contrast 1241/1308
    Running contrast 1246/1308
    Running contrast 1251/1308
    Running contrast 1256/1308
    Running contrast 1261/1308
    Running contrast 1266/1308
    Running contrast 1271/1308
    Running contrast 1276/1308
    Running contrast 1281/1308
    Running contrast 1286/1308
    Running contrast 1291/1308
    Running contrast 1296/1308
    Running contrast 1301/1308
    Running contrast 1306/1308
    Running contrast 1308/1308

    Writing:  ./data/tahoe/deg_data/sep_rep/full/qc_false/filter_min_cells_10/CVCL_1517_de.h5ad 

    Rewriting h5ad file: ./data/tahoe/deg_data/sep_rep/full/qc_false/filter_min_cells_10/CVCL_1517_de.h5ad 
    Removed X matrix
    Rewriting h5ad file is done!
✓ Cell line completed in 10931.8 seconds

DE analysis completed!

Total runtime: 10943.0 seconds
