
DE analysis started...
Loaded input file:  ./data/tahoe/pseudobulk_processed/sep_rep/by_celltype/CVCL_1571_processed.h5ad 
Initial dimensions:  1331  samples ×  62710  genes
Filter samples with the low number of cells
    Filter threshold (min_cells):  10 
    n_obs:  1331 -->  970 

▶︎ Processing cell_type  1 / 1 :  CVCL_1571 
    Filter controls by  pert_time_h  column
        n_obs:  970 -->  970 

Coefficients not estimable: plateplate14 
Coefficients not estimable: plateplate14 
    Running contrast 1/950
    Running contrast 6/950
    Running contrast 11/950
    Running contrast 16/950
    Running contrast 21/950
    Running contrast 26/950
    Running contrast 31/950
    Running contrast 36/950
    Running contrast 41/950
    Running contrast 46/950
    Running contrast 51/950
    Running contrast 56/950
    Running contrast 61/950
    Running contrast 66/950
    Running contrast 71/950
    Running contrast 76/950
    Running contrast 81/950
    Running contrast 86/950
    Running contrast 91/950
    Running contrast 96/950
    Running contrast 101/950
    Running contrast 106/950
    Running contrast 111/950
    Running contrast 116/950
    Running contrast 121/950
    Running contrast 126/950
    Running contrast 131/950
    Running contrast 136/950
    Running contrast 141/950
    Running contrast 146/950
    Running contrast 151/950
    Running contrast 156/950
    Running contrast 161/950
    Running contrast 166/950
    Running contrast 171/950
    Running contrast 176/950
    Running contrast 181/950
    Running contrast 186/950
    Running contrast 191/950
    Running contrast 196/950
    Running contrast 201/950
    Running contrast 206/950
    Running contrast 211/950
    Running contrast 216/950
    Running contrast 221/950
    Running contrast 226/950
    Running contrast 231/950
    Running contrast 236/950
    Running contrast 241/950
    Running contrast 246/950
    Running contrast 251/950
    Running contrast 256/950
    Running contrast 261/950
    Running contrast 266/950
    Running contrast 271/950
    Running contrast 276/950
    Running contrast 281/950
    Running contrast 286/950
    Running contrast 291/950
    Running contrast 296/950
    Running contrast 301/950
    Running contrast 306/950
    Running contrast 311/950
    Running contrast 316/950
    Running contrast 321/950
    Running contrast 326/950
    Running contrast 331/950
    Running contrast 336/950
    Running contrast 341/950
    Running contrast 346/950
    Running contrast 351/950
    Running contrast 356/950
    Running contrast 361/950
    Running contrast 366/950
    Running contrast 371/950
    Running contrast 376/950
    Running contrast 381/950
    Running contrast 386/950
    Running contrast 391/950
    Running contrast 396/950
    Running contrast 401/950
    Running contrast 406/950
    Running contrast 411/950
    Running contrast 416/950
    Running contrast 421/950
    Running contrast 426/950
    Running contrast 431/950
    Running contrast 436/950
    Running contrast 441/950
    Running contrast 446/950
    Running contrast 451/950
    Running contrast 456/950
    Running contrast 461/950
    Running contrast 466/950
    Running contrast 471/950
    Running contrast 476/950
    Running contrast 481/950
    Running contrast 486/950
    Running contrast 491/950
    Running contrast 496/950
    Running contrast 501/950
    Running contrast 506/950
    Running contrast 511/950
    Running contrast 516/950
    Running contrast 521/950
    Running contrast 526/950
    Running contrast 531/950
    Running contrast 536/950
    Running contrast 541/950
    Running contrast 546/950
    Running contrast 551/950
    Running contrast 556/950
    Running contrast 561/950
    Running contrast 566/950
    Running contrast 571/950
    Running contrast 576/950
    Running contrast 581/950
    Running contrast 586/950
    Running contrast 591/950
    Running contrast 596/950
    Running contrast 601/950
    Running contrast 606/950
    Running contrast 611/950
    Running contrast 616/950
    Running contrast 621/950
    Running contrast 626/950
    Running contrast 631/950
    Running contrast 636/950
    Running contrast 641/950
    Running contrast 646/950
    Running contrast 651/950
    Running contrast 656/950
    Running contrast 661/950
    Running contrast 666/950
    Running contrast 671/950
    Running contrast 676/950
    Running contrast 681/950
    Running contrast 686/950
    Running contrast 691/950
    Running contrast 696/950
    Running contrast 701/950
    Running contrast 706/950
    Running contrast 711/950
    Running contrast 716/950
    Running contrast 721/950
    Running contrast 726/950
    Running contrast 731/950
    Running contrast 736/950
    Running contrast 741/950
    Running contrast 746/950
    Running contrast 751/950
    Running contrast 756/950
    Running contrast 761/950
    Running contrast 766/950
    Running contrast 771/950
    Running contrast 776/950
    Running contrast 781/950
    Running contrast 786/950
    Running contrast 791/950
    Running contrast 796/950
    Running contrast 801/950
    Running contrast 806/950
    Running contrast 811/950
    Running contrast 816/950
    Running contrast 821/950
    Running contrast 826/950
    Running contrast 831/950
    Running contrast 836/950
    Running contrast 841/950
    Running contrast 846/950
    Running contrast 851/950
    Running contrast 856/950
    Running contrast 861/950
    Running contrast 866/950
    Running contrast 871/950
    Running contrast 876/950
    Running contrast 881/950
    Running contrast 886/950
    Running contrast 891/950
    Running contrast 896/950
    Running contrast 901/950
    Running contrast 906/950
    Running contrast 911/950
    Running contrast 916/950
    Running contrast 921/950
    Running contrast 926/950
    Running contrast 931/950
    Running contrast 936/950
    Running contrast 941/950
    Running contrast 946/950
    Running contrast 950/950

    Writing:  ./data/tahoe/deg_data/sep_rep/full/qc_false/filter_min_cells_10/CVCL_1571_de.h5ad 

    Rewriting h5ad file: ./data/tahoe/deg_data/sep_rep/full/qc_false/filter_min_cells_10/CVCL_1571_de.h5ad 
    Removed X matrix
    Rewriting h5ad file is done!
✓ Cell line completed in 501.0 seconds

DE analysis completed!

Total runtime: 536.7 seconds
