
DE analysis started...
Loaded input file:  ./data/tahoe/pseudobulk_processed/sep_rep/by_celltype/CVCL_1715_processed.h5ad 
Initial dimensions:  1340  samples ×  62710  genes
Filter samples with the low number of cells
    Filter threshold (min_cells):  10 
    n_obs:  1340 -->  1326 

▶︎ Processing cell_type  1 / 1 :  CVCL_1715 
    Filter controls by  pert_time_h  column
        n_obs:  1326 -->  1326 

    Running contrast 1/1298
    Running contrast 6/1298
    Running contrast 11/1298
    Running contrast 16/1298
    Running contrast 21/1298
    Running contrast 26/1298
    Running contrast 31/1298
    Running contrast 36/1298
    Running contrast 41/1298
    Running contrast 46/1298
    Running contrast 51/1298
    Running contrast 56/1298
    Running contrast 61/1298
    Running contrast 66/1298
    Running contrast 71/1298
    Running contrast 76/1298
    Running contrast 81/1298
    Running contrast 86/1298
    Running contrast 91/1298
    Running contrast 96/1298
    Running contrast 101/1298
    Running contrast 106/1298
    Running contrast 111/1298
    Running contrast 116/1298
    Running contrast 121/1298
    Running contrast 126/1298
    Running contrast 131/1298
    Running contrast 136/1298
    Running contrast 141/1298
    Running contrast 146/1298
    Running contrast 151/1298
    Running contrast 156/1298
    Running contrast 161/1298
    Running contrast 166/1298
    Running contrast 171/1298
    Running contrast 176/1298
    Running contrast 181/1298
    Running contrast 186/1298
    Running contrast 191/1298
    Running contrast 196/1298
    Running contrast 201/1298
    Running contrast 206/1298
    Running contrast 211/1298
    Running contrast 216/1298
    Running contrast 221/1298
    Running contrast 226/1298
    Running contrast 231/1298
    Running contrast 236/1298
    Running contrast 241/1298
    Running contrast 246/1298
    Running contrast 251/1298
    Running contrast 256/1298
    Running contrast 261/1298
    Running contrast 266/1298
    Running contrast 271/1298
    Running contrast 276/1298
    Running contrast 281/1298
    Running contrast 286/1298
    Running contrast 291/1298
    Running contrast 296/1298
    Running contrast 301/1298
    Running contrast 306/1298
    Running contrast 311/1298
    Running contrast 316/1298
    Running contrast 321/1298
    Running contrast 326/1298
    Running contrast 331/1298
    Running contrast 336/1298
    Running contrast 341/1298
    Running contrast 346/1298
    Running contrast 351/1298
    Running contrast 356/1298
    Running contrast 361/1298
    Running contrast 366/1298
    Running contrast 371/1298
    Running contrast 376/1298
    Running contrast 381/1298
    Running contrast 386/1298
    Running contrast 391/1298
    Running contrast 396/1298
    Running contrast 401/1298
    Running contrast 406/1298
    Running contrast 411/1298
    Running contrast 416/1298
    Running contrast 421/1298
    Running contrast 426/1298
    Running contrast 431/1298
    Running contrast 436/1298
    Running contrast 441/1298
    Running contrast 446/1298
    Running contrast 451/1298
    Running contrast 456/1298
    Running contrast 461/1298
    Running contrast 466/1298
    Running contrast 471/1298
    Running contrast 476/1298
    Running contrast 481/1298
    Running contrast 486/1298
    Running contrast 491/1298
    Running contrast 496/1298
    Running contrast 501/1298
    Running contrast 506/1298
    Running contrast 511/1298
    Running contrast 516/1298
    Running contrast 521/1298
    Running contrast 526/1298
    Running contrast 531/1298
    Running contrast 536/1298
    Running contrast 541/1298
    Running contrast 546/1298
    Running contrast 551/1298
    Running contrast 556/1298
    Running contrast 561/1298
    Running contrast 566/1298
    Running contrast 571/1298
    Running contrast 576/1298
    Running contrast 581/1298
    Running contrast 586/1298
    Running contrast 591/1298
    Running contrast 596/1298
    Running contrast 601/1298
    Running contrast 606/1298
    Running contrast 611/1298
    Running contrast 616/1298
    Running contrast 621/1298
    Running contrast 626/1298
    Running contrast 631/1298
    Running contrast 636/1298
    Running contrast 641/1298
    Running contrast 646/1298
    Running contrast 651/1298
    Running contrast 656/1298
    Running contrast 661/1298
    Running contrast 666/1298
    Running contrast 671/1298
    Running contrast 676/1298
    Running contrast 681/1298
    Running contrast 686/1298
    Running contrast 691/1298
    Running contrast 696/1298
    Running contrast 701/1298
    Running contrast 706/1298
    Running contrast 711/1298
    Running contrast 716/1298
    Running contrast 721/1298
    Running contrast 726/1298
    Running contrast 731/1298
    Running contrast 736/1298
    Running contrast 741/1298
    Running contrast 746/1298
    Running contrast 751/1298
    Running contrast 756/1298
    Running contrast 761/1298
    Running contrast 766/1298
    Running contrast 771/1298
    Running contrast 776/1298
    Running contrast 781/1298
    Running contrast 786/1298
    Running contrast 791/1298
    Running contrast 796/1298
    Running contrast 801/1298
    Running contrast 806/1298
    Running contrast 811/1298
    Running contrast 816/1298
    Running contrast 821/1298
    Running contrast 826/1298
    Running contrast 831/1298
    Running contrast 836/1298
    Running contrast 841/1298
    Running contrast 846/1298
    Running contrast 851/1298
    Running contrast 856/1298
    Running contrast 861/1298
    Running contrast 866/1298
    Running contrast 871/1298
    Running contrast 876/1298
    Running contrast 881/1298
    Running contrast 886/1298
    Running contrast 891/1298
    Running contrast 896/1298
    Running contrast 901/1298
    Running contrast 906/1298
    Running contrast 911/1298
    Running contrast 916/1298
    Running contrast 921/1298
    Running contrast 926/1298
    Running contrast 931/1298
    Running contrast 936/1298
    Running contrast 941/1298
    Running contrast 946/1298
    Running contrast 951/1298
    Running contrast 956/1298
    Running contrast 961/1298
    Running contrast 966/1298
    Running contrast 971/1298
    Running contrast 976/1298
    Running contrast 981/1298
    Running contrast 986/1298
    Running contrast 991/1298
    Running contrast 996/1298
    Running contrast 1001/1298
    Running contrast 1006/1298
    Running contrast 1011/1298
    Running contrast 1016/1298
    Running contrast 1021/1298
    Running contrast 1026/1298
    Running contrast 1031/1298
    Running contrast 1036/1298
    Running contrast 1041/1298
    Running contrast 1046/1298
    Running contrast 1051/1298
    Running contrast 1056/1298
    Running contrast 1061/1298
    Running contrast 1066/1298
    Running contrast 1071/1298
    Running contrast 1076/1298
    Running contrast 1081/1298
    Running contrast 1086/1298
    Running contrast 1091/1298
    Running contrast 1096/1298
    Running contrast 1101/1298
    Running contrast 1106/1298
    Running contrast 1111/1298
    Running contrast 1116/1298
    Running contrast 1121/1298
    Running contrast 1126/1298
    Running contrast 1131/1298
    Running contrast 1136/1298
    Running contrast 1141/1298
    Running contrast 1146/1298
    Running contrast 1151/1298
    Running contrast 1156/1298
    Running contrast 1161/1298
    Running contrast 1166/1298
    Running contrast 1171/1298
    Running contrast 1176/1298
    Running contrast 1181/1298
    Running contrast 1186/1298
    Running contrast 1191/1298
    Running contrast 1196/1298
    Running contrast 1201/1298
    Running contrast 1206/1298
    Running contrast 1211/1298
    Running contrast 1216/1298
    Running contrast 1221/1298
    Running contrast 1226/1298
    Running contrast 1231/1298
    Running contrast 1236/1298
    Running contrast 1241/1298
    Running contrast 1246/1298
    Running contrast 1251/1298
    Running contrast 1256/1298
    Running contrast 1261/1298
    Running contrast 1266/1298
    Running contrast 1271/1298
    Running contrast 1276/1298
    Running contrast 1281/1298
    Running contrast 1286/1298
    Running contrast 1291/1298
    Running contrast 1296/1298
    Running contrast 1298/1298

    Writing:  ./data/tahoe/deg_data/sep_rep/full/qc_false/filter_min_cells_10/CVCL_1715_de.h5ad 

    Rewriting h5ad file: ./data/tahoe/deg_data/sep_rep/full/qc_false/filter_min_cells_10/CVCL_1715_de.h5ad 
    Removed X matrix
    Rewriting h5ad file is done!
✓ Cell line completed in 5060.2 seconds

DE analysis completed!

Total runtime: 5072.4 seconds
