
DE analysis started...
Loaded input file:  ./data/tahoe/pseudobulk_processed/sep_rep/by_celltype/CVCL_1531_processed.h5ad 
Initial dimensions:  1331  samples ×  62710  genes
Filter samples with the low number of cells
    Filter threshold (min_cells):  10 
    n_obs:  1331 -->  1226 

▶︎ Processing cell_type  1 / 1 :  CVCL_1531 
    Filter controls by  pert_time_h  column
        n_obs:  1226 -->  1226 

Coefficients not estimable: plateplate13 
Coefficients not estimable: plateplate13 
    Running contrast 1/1200
    Running contrast 6/1200
    Running contrast 11/1200
    Running contrast 16/1200
    Running contrast 21/1200
    Running contrast 26/1200
    Running contrast 31/1200
    Running contrast 36/1200
    Running contrast 41/1200
    Running contrast 46/1200
    Running contrast 51/1200
    Running contrast 56/1200
    Running contrast 61/1200
    Running contrast 66/1200
    Running contrast 71/1200
    Running contrast 76/1200
    Running contrast 81/1200
    Running contrast 86/1200
    Running contrast 91/1200
    Running contrast 96/1200
    Running contrast 101/1200
    Running contrast 106/1200
    Running contrast 111/1200
    Running contrast 116/1200
    Running contrast 121/1200
    Running contrast 126/1200
    Running contrast 131/1200
    Running contrast 136/1200
    Running contrast 141/1200
    Running contrast 146/1200
    Running contrast 151/1200
    Running contrast 156/1200
    Running contrast 161/1200
    Running contrast 166/1200
    Running contrast 171/1200
    Running contrast 176/1200
    Running contrast 181/1200
    Running contrast 186/1200
    Running contrast 191/1200
    Running contrast 196/1200
    Running contrast 201/1200
    Running contrast 206/1200
    Running contrast 211/1200
    Running contrast 216/1200
    Running contrast 221/1200
    Running contrast 226/1200
    Running contrast 231/1200
    Running contrast 236/1200
    Running contrast 241/1200
    Running contrast 246/1200
    Running contrast 251/1200
    Running contrast 256/1200
    Running contrast 261/1200
    Running contrast 266/1200
    Running contrast 271/1200
    Running contrast 276/1200
    Running contrast 281/1200
    Running contrast 286/1200
    Running contrast 291/1200
    Running contrast 296/1200
    Running contrast 301/1200
    Running contrast 306/1200
    Running contrast 311/1200
    Running contrast 316/1200
    Running contrast 321/1200
    Running contrast 326/1200
    Running contrast 331/1200
    Running contrast 336/1200
    Running contrast 341/1200
    Running contrast 346/1200
    Running contrast 351/1200
    Running contrast 356/1200
    Running contrast 361/1200
    Running contrast 366/1200
    Running contrast 371/1200
    Running contrast 376/1200
    Running contrast 381/1200
    Running contrast 386/1200
    Running contrast 391/1200
    Running contrast 396/1200
    Running contrast 401/1200
    Running contrast 406/1200
    Running contrast 411/1200
    Running contrast 416/1200
    Running contrast 421/1200
    Running contrast 426/1200
    Running contrast 431/1200
    Running contrast 436/1200
    Running contrast 441/1200
    Running contrast 446/1200
    Running contrast 451/1200
    Running contrast 456/1200
    Running contrast 461/1200
    Running contrast 466/1200
    Running contrast 471/1200
    Running contrast 476/1200
    Running contrast 481/1200
    Running contrast 486/1200
    Running contrast 491/1200
    Running contrast 496/1200
    Running contrast 501/1200
    Running contrast 506/1200
    Running contrast 511/1200
    Running contrast 516/1200
    Running contrast 521/1200
    Running contrast 526/1200
    Running contrast 531/1200
    Running contrast 536/1200
    Running contrast 541/1200
    Running contrast 546/1200
    Running contrast 551/1200
    Running contrast 556/1200
    Running contrast 561/1200
    Running contrast 566/1200
    Running contrast 571/1200
    Running contrast 576/1200
    Running contrast 581/1200
    Running contrast 586/1200
    Running contrast 591/1200
    Running contrast 596/1200
    Running contrast 601/1200
    Running contrast 606/1200
    Running contrast 611/1200
    Running contrast 616/1200
    Running contrast 621/1200
    Running contrast 626/1200
    Running contrast 631/1200
    Running contrast 636/1200
    Running contrast 641/1200
    Running contrast 646/1200
    Running contrast 651/1200
    Running contrast 656/1200
    Running contrast 661/1200
    Running contrast 666/1200
    Running contrast 671/1200
    Running contrast 676/1200
    Running contrast 681/1200
    Running contrast 686/1200
    Running contrast 691/1200
    Running contrast 696/1200
    Running contrast 701/1200
    Running contrast 706/1200
    Running contrast 711/1200
    Running contrast 716/1200
    Running contrast 721/1200
    Running contrast 726/1200
    Running contrast 731/1200
    Running contrast 736/1200
    Running contrast 741/1200
    Running contrast 746/1200
    Running contrast 751/1200
    Running contrast 756/1200
    Running contrast 761/1200
    Running contrast 766/1200
    Running contrast 771/1200
    Running contrast 776/1200
    Running contrast 781/1200
    Running contrast 786/1200
    Running contrast 791/1200
    Running contrast 796/1200
    Running contrast 801/1200
    Running contrast 806/1200
    Running contrast 811/1200
    Running contrast 816/1200
    Running contrast 821/1200
    Running contrast 826/1200
    Running contrast 831/1200
    Running contrast 836/1200
    Running contrast 841/1200
    Running contrast 846/1200
    Running contrast 851/1200
    Running contrast 856/1200
    Running contrast 861/1200
    Running contrast 866/1200
    Running contrast 871/1200
    Running contrast 876/1200
    Running contrast 881/1200
    Running contrast 886/1200
    Running contrast 891/1200
    Running contrast 896/1200
    Running contrast 901/1200
    Running contrast 906/1200
    Running contrast 911/1200
    Running contrast 916/1200
    Running contrast 921/1200
    Running contrast 926/1200
    Running contrast 931/1200
    Running contrast 936/1200
    Running contrast 941/1200
    Running contrast 946/1200
    Running contrast 951/1200
    Running contrast 956/1200
    Running contrast 961/1200
    Running contrast 966/1200
    Running contrast 971/1200
    Running contrast 976/1200
    Running contrast 981/1200
    Running contrast 986/1200
    Running contrast 991/1200
    Running contrast 996/1200
    Running contrast 1001/1200
    Running contrast 1006/1200
    Running contrast 1011/1200
    Running contrast 1016/1200
    Running contrast 1021/1200
    Running contrast 1026/1200
    Running contrast 1031/1200
    Running contrast 1036/1200
    Running contrast 1041/1200
    Running contrast 1046/1200
    Running contrast 1051/1200
    Running contrast 1056/1200
    Running contrast 1061/1200
    Running contrast 1066/1200
    Running contrast 1071/1200
    Running contrast 1076/1200
    Running contrast 1081/1200
    Running contrast 1086/1200
    Running contrast 1091/1200
    Running contrast 1096/1200
    Running contrast 1101/1200
    Running contrast 1106/1200
    Running contrast 1111/1200
    Running contrast 1116/1200
    Running contrast 1121/1200
    Running contrast 1126/1200
    Running contrast 1131/1200
    Running contrast 1136/1200
    Running contrast 1141/1200
    Running contrast 1146/1200
    Running contrast 1151/1200
    Running contrast 1156/1200
    Running contrast 1161/1200
    Running contrast 1166/1200
    Running contrast 1171/1200
    Running contrast 1176/1200
    Running contrast 1181/1200
    Running contrast 1186/1200
    Running contrast 1191/1200
    Running contrast 1196/1200
    Running contrast 1200/1200

    Writing:  ./data/tahoe/deg_data/sep_rep/full/qc_false/filter_min_cells_10/CVCL_1531_de.h5ad 

    Rewriting h5ad file: ./data/tahoe/deg_data/sep_rep/full/qc_false/filter_min_cells_10/CVCL_1531_de.h5ad 
    Removed X matrix
    Rewriting h5ad file is done!
✓ Cell line completed in 1892.9 seconds

DE analysis completed!

Total runtime: 1929.2 seconds
