
DE analysis started...
Loaded input file:  ./data/tahoe/pseudobulk_processed/sep_rep/by_celltype/CVCL_0504_processed.h5ad 
Initial dimensions:  1344  samples ×  62710  genes
Filter samples with the low number of cells
    Filter threshold (min_cells):  10 
    n_obs:  1344 -->  1334 

▶︎ Processing cell_type  1 / 1 :  CVCL_0504 
    Filter controls by  pert_time_h  column
        n_obs:  1334 -->  1334 

    Running contrast 1/1306
    Running contrast 6/1306
    Running contrast 11/1306
    Running contrast 16/1306
    Running contrast 21/1306
    Running contrast 26/1306
    Running contrast 31/1306
    Running contrast 36/1306
    Running contrast 41/1306
    Running contrast 46/1306
    Running contrast 51/1306
    Running contrast 56/1306
    Running contrast 61/1306
    Running contrast 66/1306
    Running contrast 71/1306
    Running contrast 76/1306
    Running contrast 81/1306
    Running contrast 86/1306
    Running contrast 91/1306
    Running contrast 96/1306
    Running contrast 101/1306
    Running contrast 106/1306
    Running contrast 111/1306
    Running contrast 116/1306
    Running contrast 121/1306
    Running contrast 126/1306
    Running contrast 131/1306
    Running contrast 136/1306
    Running contrast 141/1306
    Running contrast 146/1306
    Running contrast 151/1306
    Running contrast 156/1306
    Running contrast 161/1306
    Running contrast 166/1306
    Running contrast 171/1306
    Running contrast 176/1306
    Running contrast 181/1306
    Running contrast 186/1306
    Running contrast 191/1306
    Running contrast 196/1306
    Running contrast 201/1306
    Running contrast 206/1306
    Running contrast 211/1306
    Running contrast 216/1306
    Running contrast 221/1306
    Running contrast 226/1306
    Running contrast 231/1306
    Running contrast 236/1306
    Running contrast 241/1306
    Running contrast 246/1306
    Running contrast 251/1306
    Running contrast 256/1306
    Running contrast 261/1306
    Running contrast 266/1306
    Running contrast 271/1306
    Running contrast 276/1306
    Running contrast 281/1306
    Running contrast 286/1306
    Running contrast 291/1306
    Running contrast 296/1306
    Running contrast 301/1306
    Running contrast 306/1306
    Running contrast 311/1306
    Running contrast 316/1306
    Running contrast 321/1306
    Running contrast 326/1306
    Running contrast 331/1306
    Running contrast 336/1306
    Running contrast 341/1306
    Running contrast 346/1306
    Running contrast 351/1306
    Running contrast 356/1306
    Running contrast 361/1306
    Running contrast 366/1306
    Running contrast 371/1306
    Running contrast 376/1306
    Running contrast 381/1306
    Running contrast 386/1306
    Running contrast 391/1306
    Running contrast 396/1306
    Running contrast 401/1306
    Running contrast 406/1306
    Running contrast 411/1306
    Running contrast 416/1306
    Running contrast 421/1306
    Running contrast 426/1306
    Running contrast 431/1306
    Running contrast 436/1306
    Running contrast 441/1306
    Running contrast 446/1306
    Running contrast 451/1306
    Running contrast 456/1306
    Running contrast 461/1306
    Running contrast 466/1306
    Running contrast 471/1306
    Running contrast 476/1306
    Running contrast 481/1306
    Running contrast 486/1306
    Running contrast 491/1306
    Running contrast 496/1306
    Running contrast 501/1306
    Running contrast 506/1306
    Running contrast 511/1306
    Running contrast 516/1306
    Running contrast 521/1306
    Running contrast 526/1306
    Running contrast 531/1306
    Running contrast 536/1306
    Running contrast 541/1306
    Running contrast 546/1306
    Running contrast 551/1306
    Running contrast 556/1306
    Running contrast 561/1306
    Running contrast 566/1306
    Running contrast 571/1306
    Running contrast 576/1306
    Running contrast 581/1306
    Running contrast 586/1306
    Running contrast 591/1306
    Running contrast 596/1306
    Running contrast 601/1306
    Running contrast 606/1306
    Running contrast 611/1306
    Running contrast 616/1306
    Running contrast 621/1306
    Running contrast 626/1306
    Running contrast 631/1306
    Running contrast 636/1306
    Running contrast 641/1306
    Running contrast 646/1306
    Running contrast 651/1306
    Running contrast 656/1306
    Running contrast 661/1306
    Running contrast 666/1306
    Running contrast 671/1306
    Running contrast 676/1306
    Running contrast 681/1306
    Running contrast 686/1306
    Running contrast 691/1306
    Running contrast 696/1306
    Running contrast 701/1306
    Running contrast 706/1306
    Running contrast 711/1306
    Running contrast 716/1306
    Running contrast 721/1306
    Running contrast 726/1306
    Running contrast 731/1306
    Running contrast 736/1306
    Running contrast 741/1306
    Running contrast 746/1306
    Running contrast 751/1306
    Running contrast 756/1306
    Running contrast 761/1306
    Running contrast 766/1306
    Running contrast 771/1306
    Running contrast 776/1306
    Running contrast 781/1306
    Running contrast 786/1306
    Running contrast 791/1306
    Running contrast 796/1306
    Running contrast 801/1306
    Running contrast 806/1306
    Running contrast 811/1306
    Running contrast 816/1306
    Running contrast 821/1306
    Running contrast 826/1306
    Running contrast 831/1306
    Running contrast 836/1306
    Running contrast 841/1306
    Running contrast 846/1306
    Running contrast 851/1306
    Running contrast 856/1306
    Running contrast 861/1306
    Running contrast 866/1306
    Running contrast 871/1306
    Running contrast 876/1306
    Running contrast 881/1306
    Running contrast 886/1306
    Running contrast 891/1306
    Running contrast 896/1306
    Running contrast 901/1306
    Running contrast 906/1306
    Running contrast 911/1306
    Running contrast 916/1306
    Running contrast 921/1306
    Running contrast 926/1306
    Running contrast 931/1306
    Running contrast 936/1306
    Running contrast 941/1306
    Running contrast 946/1306
    Running contrast 951/1306
    Running contrast 956/1306
    Running contrast 961/1306
    Running contrast 966/1306
    Running contrast 971/1306
    Running contrast 976/1306
    Running contrast 981/1306
    Running contrast 986/1306
    Running contrast 991/1306
    Running contrast 996/1306
    Running contrast 1001/1306
    Running contrast 1006/1306
    Running contrast 1011/1306
    Running contrast 1016/1306
    Running contrast 1021/1306
    Running contrast 1026/1306
    Running contrast 1031/1306
    Running contrast 1036/1306
    Running contrast 1041/1306
    Running contrast 1046/1306
    Running contrast 1051/1306
    Running contrast 1056/1306
    Running contrast 1061/1306
    Running contrast 1066/1306
    Running contrast 1071/1306
    Running contrast 1076/1306
    Running contrast 1081/1306
    Running contrast 1086/1306
    Running contrast 1091/1306
    Running contrast 1096/1306
    Running contrast 1101/1306
    Running contrast 1106/1306
    Running contrast 1111/1306
    Running contrast 1116/1306
    Running contrast 1121/1306
    Running contrast 1126/1306
    Running contrast 1131/1306
    Running contrast 1136/1306
    Running contrast 1141/1306
    Running contrast 1146/1306
    Running contrast 1151/1306
    Running contrast 1156/1306
    Running contrast 1161/1306
    Running contrast 1166/1306
    Running contrast 1171/1306
    Running contrast 1176/1306
    Running contrast 1181/1306
    Running contrast 1186/1306
    Running contrast 1191/1306
    Running contrast 1196/1306
    Running contrast 1201/1306
    Running contrast 1206/1306
    Running contrast 1211/1306
    Running contrast 1216/1306
    Running contrast 1221/1306
    Running contrast 1226/1306
    Running contrast 1231/1306
    Running contrast 1236/1306
    Running contrast 1241/1306
    Running contrast 1246/1306
    Running contrast 1251/1306
    Running contrast 1256/1306
    Running contrast 1261/1306
    Running contrast 1266/1306
    Running contrast 1271/1306
    Running contrast 1276/1306
    Running contrast 1281/1306
    Running contrast 1286/1306
    Running contrast 1291/1306
    Running contrast 1296/1306
    Running contrast 1301/1306
    Running contrast 1306/1306

    Writing:  ./data/tahoe/deg_data/sep_rep/full/qc_false/filter_min_cells_10/CVCL_0504_de.h5ad 

    Rewriting h5ad file: ./data/tahoe/deg_data/sep_rep/full/qc_false/filter_min_cells_10/CVCL_0504_de.h5ad 
    Removed X matrix
    Rewriting h5ad file is done!
✓ Cell line completed in 11034.7 seconds

DE analysis completed!

Total runtime: 11064.8 seconds
