
DE analysis started...
Loaded input file:  ./data/tahoe/pseudobulk_processed/sep_rep/by_celltype/CVCL_0459_processed.h5ad 
Initial dimensions:  1344  samples ×  62710  genes
Filter samples with the low number of cells
    Filter threshold (min_cells):  10 
    n_obs:  1344 -->  1342 

▶︎ Processing cell_type  1 / 1 :  CVCL_0459 
    Filter controls by  pert_time_h  column
        n_obs:  1342 -->  1342 

    Running contrast 1/1314
    Running contrast 6/1314
    Running contrast 11/1314
    Running contrast 16/1314
    Running contrast 21/1314
    Running contrast 26/1314
    Running contrast 31/1314
    Running contrast 36/1314
    Running contrast 41/1314
    Running contrast 46/1314
    Running contrast 51/1314
    Running contrast 56/1314
    Running contrast 61/1314
    Running contrast 66/1314
    Running contrast 71/1314
    Running contrast 76/1314
    Running contrast 81/1314
    Running contrast 86/1314
    Running contrast 91/1314
    Running contrast 96/1314
    Running contrast 101/1314
    Running contrast 106/1314
    Running contrast 111/1314
    Running contrast 116/1314
    Running contrast 121/1314
    Running contrast 126/1314
    Running contrast 131/1314
    Running contrast 136/1314
    Running contrast 141/1314
    Running contrast 146/1314
    Running contrast 151/1314
    Running contrast 156/1314
    Running contrast 161/1314
    Running contrast 166/1314
    Running contrast 171/1314
    Running contrast 176/1314
    Running contrast 181/1314
    Running contrast 186/1314
    Running contrast 191/1314
    Running contrast 196/1314
    Running contrast 201/1314
    Running contrast 206/1314
    Running contrast 211/1314
    Running contrast 216/1314
    Running contrast 221/1314
    Running contrast 226/1314
    Running contrast 231/1314
    Running contrast 236/1314
    Running contrast 241/1314
    Running contrast 246/1314
    Running contrast 251/1314
    Running contrast 256/1314
    Running contrast 261/1314
    Running contrast 266/1314
    Running contrast 271/1314
    Running contrast 276/1314
    Running contrast 281/1314
    Running contrast 286/1314
    Running contrast 291/1314
    Running contrast 296/1314
    Running contrast 301/1314
    Running contrast 306/1314
    Running contrast 311/1314
    Running contrast 316/1314
    Running contrast 321/1314
    Running contrast 326/1314
    Running contrast 331/1314
    Running contrast 336/1314
    Running contrast 341/1314
    Running contrast 346/1314
    Running contrast 351/1314
    Running contrast 356/1314
    Running contrast 361/1314
    Running contrast 366/1314
    Running contrast 371/1314
    Running contrast 376/1314
    Running contrast 381/1314
    Running contrast 386/1314
    Running contrast 391/1314
    Running contrast 396/1314
    Running contrast 401/1314
    Running contrast 406/1314
    Running contrast 411/1314
    Running contrast 416/1314
    Running contrast 421/1314
    Running contrast 426/1314
    Running contrast 431/1314
    Running contrast 436/1314
    Running contrast 441/1314
    Running contrast 446/1314
    Running contrast 451/1314
    Running contrast 456/1314
    Running contrast 461/1314
    Running contrast 466/1314
    Running contrast 471/1314
    Running contrast 476/1314
    Running contrast 481/1314
    Running contrast 486/1314
    Running contrast 491/1314
    Running contrast 496/1314
    Running contrast 501/1314
    Running contrast 506/1314
    Running contrast 511/1314
    Running contrast 516/1314
    Running contrast 521/1314
    Running contrast 526/1314
    Running contrast 531/1314
    Running contrast 536/1314
    Running contrast 541/1314
    Running contrast 546/1314
    Running contrast 551/1314
    Running contrast 556/1314
    Running contrast 561/1314
    Running contrast 566/1314
    Running contrast 571/1314
    Running contrast 576/1314
    Running contrast 581/1314
    Running contrast 586/1314
    Running contrast 591/1314
    Running contrast 596/1314
    Running contrast 601/1314
    Running contrast 606/1314
    Running contrast 611/1314
    Running contrast 616/1314
    Running contrast 621/1314
    Running contrast 626/1314
    Running contrast 631/1314
    Running contrast 636/1314
    Running contrast 641/1314
    Running contrast 646/1314
    Running contrast 651/1314
    Running contrast 656/1314
    Running contrast 661/1314
    Running contrast 666/1314
    Running contrast 671/1314
    Running contrast 676/1314
    Running contrast 681/1314
    Running contrast 686/1314
    Running contrast 691/1314
    Running contrast 696/1314
    Running contrast 701/1314
    Running contrast 706/1314
    Running contrast 711/1314
    Running contrast 716/1314
    Running contrast 721/1314
    Running contrast 726/1314
    Running contrast 731/1314
    Running contrast 736/1314
    Running contrast 741/1314
    Running contrast 746/1314
    Running contrast 751/1314
    Running contrast 756/1314
    Running contrast 761/1314
    Running contrast 766/1314
    Running contrast 771/1314
    Running contrast 776/1314
    Running contrast 781/1314
    Running contrast 786/1314
    Running contrast 791/1314
    Running contrast 796/1314
    Running contrast 801/1314
    Running contrast 806/1314
    Running contrast 811/1314
    Running contrast 816/1314
    Running contrast 821/1314
    Running contrast 826/1314
    Running contrast 831/1314
    Running contrast 836/1314
    Running contrast 841/1314
    Running contrast 846/1314
    Running contrast 851/1314
    Running contrast 856/1314
    Running contrast 861/1314
    Running contrast 866/1314
    Running contrast 871/1314
    Running contrast 876/1314
    Running contrast 881/1314
    Running contrast 886/1314
    Running contrast 891/1314
    Running contrast 896/1314
    Running contrast 901/1314
    Running contrast 906/1314
    Running contrast 911/1314
    Running contrast 916/1314
    Running contrast 921/1314
    Running contrast 926/1314
    Running contrast 931/1314
    Running contrast 936/1314
    Running contrast 941/1314
    Running contrast 946/1314
    Running contrast 951/1314
    Running contrast 956/1314
    Running contrast 961/1314
    Running contrast 966/1314
    Running contrast 971/1314
    Running contrast 976/1314
    Running contrast 981/1314
    Running contrast 986/1314
    Running contrast 991/1314
    Running contrast 996/1314
    Running contrast 1001/1314
    Running contrast 1006/1314
    Running contrast 1011/1314
    Running contrast 1016/1314
    Running contrast 1021/1314
    Running contrast 1026/1314
    Running contrast 1031/1314
    Running contrast 1036/1314
    Running contrast 1041/1314
    Running contrast 1046/1314
    Running contrast 1051/1314
    Running contrast 1056/1314
    Running contrast 1061/1314
    Running contrast 1066/1314
    Running contrast 1071/1314
    Running contrast 1076/1314
    Running contrast 1081/1314
    Running contrast 1086/1314
    Running contrast 1091/1314
    Running contrast 1096/1314
    Running contrast 1101/1314
    Running contrast 1106/1314
    Running contrast 1111/1314
    Running contrast 1116/1314
    Running contrast 1121/1314
    Running contrast 1126/1314
    Running contrast 1131/1314
    Running contrast 1136/1314
    Running contrast 1141/1314
    Running contrast 1146/1314
    Running contrast 1151/1314
    Running contrast 1156/1314
    Running contrast 1161/1314
    Running contrast 1166/1314
    Running contrast 1171/1314
    Running contrast 1176/1314
    Running contrast 1181/1314
    Running contrast 1186/1314
    Running contrast 1191/1314
    Running contrast 1196/1314
    Running contrast 1201/1314
    Running contrast 1206/1314
    Running contrast 1211/1314
    Running contrast 1216/1314
    Running contrast 1221/1314
    Running contrast 1226/1314
    Running contrast 1231/1314
    Running contrast 1236/1314
    Running contrast 1241/1314
    Running contrast 1246/1314
    Running contrast 1251/1314
    Running contrast 1256/1314
    Running contrast 1261/1314
    Running contrast 1266/1314
    Running contrast 1271/1314
    Running contrast 1276/1314
    Running contrast 1281/1314
    Running contrast 1286/1314
    Running contrast 1291/1314
    Running contrast 1296/1314
    Running contrast 1301/1314
    Running contrast 1306/1314
    Running contrast 1311/1314
    Running contrast 1314/1314

    Writing:  ./data/tahoe/deg_data/sep_rep/full/qc_false/filter_min_cells_10/CVCL_0459_de.h5ad 

    Rewriting h5ad file: ./data/tahoe/deg_data/sep_rep/full/qc_false/filter_min_cells_10/CVCL_0459_de.h5ad 
    Removed X matrix
    Rewriting h5ad file is done!
✓ Cell line completed in 13286.2 seconds

DE analysis completed!

Total runtime: 13347.8 seconds
