
DE analysis started...
Loaded input file:  ./data/tahoe/pseudobulk_processed/sep_rep/by_celltype/CVCL_0069_processed.h5ad 
Initial dimensions:  1339  samples ×  62710  genes
Filter samples with the low number of cells
    Filter threshold (min_cells):  10 
    n_obs:  1339 -->  1333 

▶︎ Processing cell_type  1 / 1 :  CVCL_0069 
    Filter controls by  pert_time_h  column
        n_obs:  1333 -->  1333 

    Running contrast 1/1305
    Running contrast 6/1305
    Running contrast 11/1305
    Running contrast 16/1305
    Running contrast 21/1305
    Running contrast 26/1305
    Running contrast 31/1305
    Running contrast 36/1305
    Running contrast 41/1305
    Running contrast 46/1305
    Running contrast 51/1305
    Running contrast 56/1305
    Running contrast 61/1305
    Running contrast 66/1305
    Running contrast 71/1305
    Running contrast 76/1305
    Running contrast 81/1305
    Running contrast 86/1305
    Running contrast 91/1305
    Running contrast 96/1305
    Running contrast 101/1305
    Running contrast 106/1305
    Running contrast 111/1305
    Running contrast 116/1305
    Running contrast 121/1305
    Running contrast 126/1305
    Running contrast 131/1305
    Running contrast 136/1305
    Running contrast 141/1305
    Running contrast 146/1305
    Running contrast 151/1305
    Running contrast 156/1305
    Running contrast 161/1305
    Running contrast 166/1305
    Running contrast 171/1305
    Running contrast 176/1305
    Running contrast 181/1305
    Running contrast 186/1305
    Running contrast 191/1305
    Running contrast 196/1305
    Running contrast 201/1305
    Running contrast 206/1305
    Running contrast 211/1305
    Running contrast 216/1305
    Running contrast 221/1305
    Running contrast 226/1305
    Running contrast 231/1305
    Running contrast 236/1305
    Running contrast 241/1305
    Running contrast 246/1305
    Running contrast 251/1305
    Running contrast 256/1305
    Running contrast 261/1305
    Running contrast 266/1305
    Running contrast 271/1305
    Running contrast 276/1305
    Running contrast 281/1305
    Running contrast 286/1305
    Running contrast 291/1305
    Running contrast 296/1305
    Running contrast 301/1305
    Running contrast 306/1305
    Running contrast 311/1305
    Running contrast 316/1305
    Running contrast 321/1305
    Running contrast 326/1305
    Running contrast 331/1305
    Running contrast 336/1305
    Running contrast 341/1305
    Running contrast 346/1305
    Running contrast 351/1305
    Running contrast 356/1305
    Running contrast 361/1305
    Running contrast 366/1305
    Running contrast 371/1305
    Running contrast 376/1305
    Running contrast 381/1305
    Running contrast 386/1305
    Running contrast 391/1305
    Running contrast 396/1305
    Running contrast 401/1305
    Running contrast 406/1305
    Running contrast 411/1305
    Running contrast 416/1305
    Running contrast 421/1305
    Running contrast 426/1305
    Running contrast 431/1305
    Running contrast 436/1305
    Running contrast 441/1305
    Running contrast 446/1305
    Running contrast 451/1305
    Running contrast 456/1305
    Running contrast 461/1305
    Running contrast 466/1305
    Running contrast 471/1305
    Running contrast 476/1305
    Running contrast 481/1305
    Running contrast 486/1305
    Running contrast 491/1305
    Running contrast 496/1305
    Running contrast 501/1305
    Running contrast 506/1305
    Running contrast 511/1305
    Running contrast 516/1305
    Running contrast 521/1305
    Running contrast 526/1305
    Running contrast 531/1305
    Running contrast 536/1305
    Running contrast 541/1305
    Running contrast 546/1305
    Running contrast 551/1305
    Running contrast 556/1305
    Running contrast 561/1305
    Running contrast 566/1305
    Running contrast 571/1305
    Running contrast 576/1305
    Running contrast 581/1305
    Running contrast 586/1305
    Running contrast 591/1305
    Running contrast 596/1305
    Running contrast 601/1305
    Running contrast 606/1305
    Running contrast 611/1305
    Running contrast 616/1305
    Running contrast 621/1305
    Running contrast 626/1305
    Running contrast 631/1305
    Running contrast 636/1305
    Running contrast 641/1305
    Running contrast 646/1305
    Running contrast 651/1305
    Running contrast 656/1305
    Running contrast 661/1305
    Running contrast 666/1305
    Running contrast 671/1305
    Running contrast 676/1305
    Running contrast 681/1305
    Running contrast 686/1305
    Running contrast 691/1305
    Running contrast 696/1305
    Running contrast 701/1305
    Running contrast 706/1305
    Running contrast 711/1305
    Running contrast 716/1305
    Running contrast 721/1305
    Running contrast 726/1305
    Running contrast 731/1305
    Running contrast 736/1305
    Running contrast 741/1305
    Running contrast 746/1305
    Running contrast 751/1305
    Running contrast 756/1305
    Running contrast 761/1305
    Running contrast 766/1305
    Running contrast 771/1305
    Running contrast 776/1305
    Running contrast 781/1305
    Running contrast 786/1305
    Running contrast 791/1305
    Running contrast 796/1305
    Running contrast 801/1305
    Running contrast 806/1305
    Running contrast 811/1305
    Running contrast 816/1305
    Running contrast 821/1305
    Running contrast 826/1305
    Running contrast 831/1305
    Running contrast 836/1305
    Running contrast 841/1305
    Running contrast 846/1305
    Running contrast 851/1305
    Running contrast 856/1305
    Running contrast 861/1305
    Running contrast 866/1305
    Running contrast 871/1305
    Running contrast 876/1305
    Running contrast 881/1305
    Running contrast 886/1305
    Running contrast 891/1305
    Running contrast 896/1305
    Running contrast 901/1305
    Running contrast 906/1305
    Running contrast 911/1305
    Running contrast 916/1305
    Running contrast 921/1305
    Running contrast 926/1305
    Running contrast 931/1305
    Running contrast 936/1305
    Running contrast 941/1305
    Running contrast 946/1305
    Running contrast 951/1305
    Running contrast 956/1305
    Running contrast 961/1305
    Running contrast 966/1305
    Running contrast 971/1305
    Running contrast 976/1305
    Running contrast 981/1305
    Running contrast 986/1305
    Running contrast 991/1305
    Running contrast 996/1305
    Running contrast 1001/1305
    Running contrast 1006/1305
    Running contrast 1011/1305
    Running contrast 1016/1305
    Running contrast 1021/1305
    Running contrast 1026/1305
    Running contrast 1031/1305
    Running contrast 1036/1305
    Running contrast 1041/1305
    Running contrast 1046/1305
    Running contrast 1051/1305
    Running contrast 1056/1305
    Running contrast 1061/1305
    Running contrast 1066/1305
    Running contrast 1071/1305
    Running contrast 1076/1305
    Running contrast 1081/1305
    Running contrast 1086/1305
    Running contrast 1091/1305
    Running contrast 1096/1305
    Running contrast 1101/1305
    Running contrast 1106/1305
    Running contrast 1111/1305
    Running contrast 1116/1305
    Running contrast 1121/1305
    Running contrast 1126/1305
    Running contrast 1131/1305
    Running contrast 1136/1305
    Running contrast 1141/1305
    Running contrast 1146/1305
    Running contrast 1151/1305
    Running contrast 1156/1305
    Running contrast 1161/1305
    Running contrast 1166/1305
    Running contrast 1171/1305
    Running contrast 1176/1305
    Running contrast 1181/1305
    Running contrast 1186/1305
    Running contrast 1191/1305
    Running contrast 1196/1305
    Running contrast 1201/1305
    Running contrast 1206/1305
    Running contrast 1211/1305
    Running contrast 1216/1305
    Running contrast 1221/1305
    Running contrast 1226/1305
    Running contrast 1231/1305
    Running contrast 1236/1305
    Running contrast 1241/1305
    Running contrast 1246/1305
    Running contrast 1251/1305
    Running contrast 1256/1305
    Running contrast 1261/1305
    Running contrast 1266/1305
    Running contrast 1271/1305
    Running contrast 1276/1305
    Running contrast 1281/1305
    Running contrast 1286/1305
    Running contrast 1291/1305
    Running contrast 1296/1305
    Running contrast 1301/1305
    Running contrast 1305/1305

    Writing:  ./data/tahoe/deg_data/sep_rep/full/qc_false/filter_min_cells_10/CVCL_0069_de.h5ad 

    Rewriting h5ad file: ./data/tahoe/deg_data/sep_rep/full/qc_false/filter_min_cells_10/CVCL_0069_de.h5ad 
    Removed X matrix
    Rewriting h5ad file is done!
✓ Cell line completed in 10234.6 seconds

DE analysis completed!

Total runtime: 10246.0 seconds
