
DE analysis started...
Loaded input file:  ./data/tahoe/pseudobulk_processed/sep_rep/by_celltype/CVCL_0218_processed.h5ad 
Initial dimensions:  1343  samples ×  62710  genes
Filter samples with the low number of cells
    Filter threshold (min_cells):  10 
    n_obs:  1343 -->  1335 

▶︎ Processing cell_type  1 / 1 :  CVCL_0218 
    Filter controls by  pert_time_h  column
        n_obs:  1335 -->  1335 

    Running contrast 1/1307
    Running contrast 6/1307
    Running contrast 11/1307
    Running contrast 16/1307
    Running contrast 21/1307
    Running contrast 26/1307
    Running contrast 31/1307
    Running contrast 36/1307
    Running contrast 41/1307
    Running contrast 46/1307
    Running contrast 51/1307
    Running contrast 56/1307
    Running contrast 61/1307
    Running contrast 66/1307
    Running contrast 71/1307
    Running contrast 76/1307
    Running contrast 81/1307
    Running contrast 86/1307
    Running contrast 91/1307
    Running contrast 96/1307
    Running contrast 101/1307
    Running contrast 106/1307
    Running contrast 111/1307
    Running contrast 116/1307
    Running contrast 121/1307
    Running contrast 126/1307
    Running contrast 131/1307
    Running contrast 136/1307
    Running contrast 141/1307
    Running contrast 146/1307
    Running contrast 151/1307
    Running contrast 156/1307
    Running contrast 161/1307
    Running contrast 166/1307
    Running contrast 171/1307
    Running contrast 176/1307
    Running contrast 181/1307
    Running contrast 186/1307
    Running contrast 191/1307
    Running contrast 196/1307
    Running contrast 201/1307
    Running contrast 206/1307
    Running contrast 211/1307
    Running contrast 216/1307
    Running contrast 221/1307
    Running contrast 226/1307
    Running contrast 231/1307
    Running contrast 236/1307
    Running contrast 241/1307
    Running contrast 246/1307
    Running contrast 251/1307
    Running contrast 256/1307
    Running contrast 261/1307
    Running contrast 266/1307
    Running contrast 271/1307
    Running contrast 276/1307
    Running contrast 281/1307
    Running contrast 286/1307
    Running contrast 291/1307
    Running contrast 296/1307
    Running contrast 301/1307
    Running contrast 306/1307
    Running contrast 311/1307
    Running contrast 316/1307
    Running contrast 321/1307
    Running contrast 326/1307
    Running contrast 331/1307
    Running contrast 336/1307
    Running contrast 341/1307
    Running contrast 346/1307
    Running contrast 351/1307
    Running contrast 356/1307
    Running contrast 361/1307
    Running contrast 366/1307
    Running contrast 371/1307
    Running contrast 376/1307
    Running contrast 381/1307
    Running contrast 386/1307
    Running contrast 391/1307
    Running contrast 396/1307
    Running contrast 401/1307
    Running contrast 406/1307
    Running contrast 411/1307
    Running contrast 416/1307
    Running contrast 421/1307
    Running contrast 426/1307
    Running contrast 431/1307
    Running contrast 436/1307
    Running contrast 441/1307
    Running contrast 446/1307
    Running contrast 451/1307
    Running contrast 456/1307
    Running contrast 461/1307
    Running contrast 466/1307
    Running contrast 471/1307
    Running contrast 476/1307
    Running contrast 481/1307
    Running contrast 486/1307
    Running contrast 491/1307
    Running contrast 496/1307
    Running contrast 501/1307
    Running contrast 506/1307
    Running contrast 511/1307
    Running contrast 516/1307
    Running contrast 521/1307
    Running contrast 526/1307
    Running contrast 531/1307
    Running contrast 536/1307
    Running contrast 541/1307
    Running contrast 546/1307
    Running contrast 551/1307
    Running contrast 556/1307
    Running contrast 561/1307
    Running contrast 566/1307
    Running contrast 571/1307
    Running contrast 576/1307
    Running contrast 581/1307
    Running contrast 586/1307
    Running contrast 591/1307
    Running contrast 596/1307
    Running contrast 601/1307
    Running contrast 606/1307
    Running contrast 611/1307
    Running contrast 616/1307
    Running contrast 621/1307
    Running contrast 626/1307
    Running contrast 631/1307
    Running contrast 636/1307
    Running contrast 641/1307
    Running contrast 646/1307
    Running contrast 651/1307
    Running contrast 656/1307
    Running contrast 661/1307
    Running contrast 666/1307
    Running contrast 671/1307
    Running contrast 676/1307
    Running contrast 681/1307
    Running contrast 686/1307
    Running contrast 691/1307
    Running contrast 696/1307
    Running contrast 701/1307
    Running contrast 706/1307
    Running contrast 711/1307
    Running contrast 716/1307
    Running contrast 721/1307
    Running contrast 726/1307
    Running contrast 731/1307
    Running contrast 736/1307
    Running contrast 741/1307
    Running contrast 746/1307
    Running contrast 751/1307
    Running contrast 756/1307
    Running contrast 761/1307
    Running contrast 766/1307
    Running contrast 771/1307
    Running contrast 776/1307
    Running contrast 781/1307
    Running contrast 786/1307
    Running contrast 791/1307
    Running contrast 796/1307
    Running contrast 801/1307
    Running contrast 806/1307
    Running contrast 811/1307
    Running contrast 816/1307
    Running contrast 821/1307
    Running contrast 826/1307
    Running contrast 831/1307
    Running contrast 836/1307
    Running contrast 841/1307
    Running contrast 846/1307
    Running contrast 851/1307
    Running contrast 856/1307
    Running contrast 861/1307
    Running contrast 866/1307
    Running contrast 871/1307
    Running contrast 876/1307
    Running contrast 881/1307
    Running contrast 886/1307
    Running contrast 891/1307
    Running contrast 896/1307
    Running contrast 901/1307
    Running contrast 906/1307
    Running contrast 911/1307
    Running contrast 916/1307
    Running contrast 921/1307
    Running contrast 926/1307
    Running contrast 931/1307
    Running contrast 936/1307
    Running contrast 941/1307
    Running contrast 946/1307
    Running contrast 951/1307
    Running contrast 956/1307
    Running contrast 961/1307
    Running contrast 966/1307
    Running contrast 971/1307
    Running contrast 976/1307
    Running contrast 981/1307
    Running contrast 986/1307
    Running contrast 991/1307
    Running contrast 996/1307
    Running contrast 1001/1307
    Running contrast 1006/1307
    Running contrast 1011/1307
    Running contrast 1016/1307
    Running contrast 1021/1307
    Running contrast 1026/1307
    Running contrast 1031/1307
    Running contrast 1036/1307
    Running contrast 1041/1307
    Running contrast 1046/1307
    Running contrast 1051/1307
    Running contrast 1056/1307
    Running contrast 1061/1307
    Running contrast 1066/1307
    Running contrast 1071/1307
    Running contrast 1076/1307
    Running contrast 1081/1307
    Running contrast 1086/1307
    Running contrast 1091/1307
    Running contrast 1096/1307
    Running contrast 1101/1307
    Running contrast 1106/1307
    Running contrast 1111/1307
    Running contrast 1116/1307
    Running contrast 1121/1307
    Running contrast 1126/1307
    Running contrast 1131/1307
    Running contrast 1136/1307
    Running contrast 1141/1307
    Running contrast 1146/1307
    Running contrast 1151/1307
    Running contrast 1156/1307
    Running contrast 1161/1307
    Running contrast 1166/1307
    Running contrast 1171/1307
    Running contrast 1176/1307
    Running contrast 1181/1307
    Running contrast 1186/1307
    Running contrast 1191/1307
    Running contrast 1196/1307
    Running contrast 1201/1307
    Running contrast 1206/1307
    Running contrast 1211/1307
    Running contrast 1216/1307
    Running contrast 1221/1307
    Running contrast 1226/1307
    Running contrast 1231/1307
    Running contrast 1236/1307
    Running contrast 1241/1307
    Running contrast 1246/1307
    Running contrast 1251/1307
    Running contrast 1256/1307
    Running contrast 1261/1307
    Running contrast 1266/1307
    Running contrast 1271/1307
    Running contrast 1276/1307
    Running contrast 1281/1307
    Running contrast 1286/1307
    Running contrast 1291/1307
    Running contrast 1296/1307
    Running contrast 1301/1307
    Running contrast 1306/1307
    Running contrast 1307/1307

    Writing:  ./data/tahoe/deg_data/sep_rep/full/qc_false/filter_min_cells_10/CVCL_0218_de.h5ad 

    Rewriting h5ad file: ./data/tahoe/deg_data/sep_rep/full/qc_false/filter_min_cells_10/CVCL_0218_de.h5ad 
    Removed X matrix
    Rewriting h5ad file is done!
✓ Cell line completed in 15632.0 seconds

DE analysis completed!

Total runtime: 15645.5 seconds
