
DE analysis started...
Loaded input file:  ./data/tahoe/pseudobulk_processed/sep_rep/by_celltype/CVCL_1055_processed.h5ad 
Initial dimensions:  1340  samples ×  62710  genes
Filter samples with the low number of cells
    Filter threshold (min_cells):  10 
    n_obs:  1340 -->  1331 

▶︎ Processing cell_type  1 / 1 :  CVCL_1055 
    Filter controls by  pert_time_h  column
        n_obs:  1331 -->  1331 

    Running contrast 1/1303
    Running contrast 6/1303
    Running contrast 11/1303
    Running contrast 16/1303
    Running contrast 21/1303
    Running contrast 26/1303
    Running contrast 31/1303
    Running contrast 36/1303
    Running contrast 41/1303
    Running contrast 46/1303
    Running contrast 51/1303
    Running contrast 56/1303
    Running contrast 61/1303
    Running contrast 66/1303
    Running contrast 71/1303
    Running contrast 76/1303
    Running contrast 81/1303
    Running contrast 86/1303
    Running contrast 91/1303
    Running contrast 96/1303
    Running contrast 101/1303
    Running contrast 106/1303
    Running contrast 111/1303
    Running contrast 116/1303
    Running contrast 121/1303
    Running contrast 126/1303
    Running contrast 131/1303
    Running contrast 136/1303
    Running contrast 141/1303
    Running contrast 146/1303
    Running contrast 151/1303
    Running contrast 156/1303
    Running contrast 161/1303
    Running contrast 166/1303
    Running contrast 171/1303
    Running contrast 176/1303
    Running contrast 181/1303
    Running contrast 186/1303
    Running contrast 191/1303
    Running contrast 196/1303
    Running contrast 201/1303
    Running contrast 206/1303
    Running contrast 211/1303
    Running contrast 216/1303
    Running contrast 221/1303
    Running contrast 226/1303
    Running contrast 231/1303
    Running contrast 236/1303
    Running contrast 241/1303
    Running contrast 246/1303
    Running contrast 251/1303
    Running contrast 256/1303
    Running contrast 261/1303
    Running contrast 266/1303
    Running contrast 271/1303
    Running contrast 276/1303
    Running contrast 281/1303
    Running contrast 286/1303
    Running contrast 291/1303
    Running contrast 296/1303
    Running contrast 301/1303
    Running contrast 306/1303
    Running contrast 311/1303
    Running contrast 316/1303
    Running contrast 321/1303
    Running contrast 326/1303
    Running contrast 331/1303
    Running contrast 336/1303
    Running contrast 341/1303
    Running contrast 346/1303
    Running contrast 351/1303
    Running contrast 356/1303
    Running contrast 361/1303
    Running contrast 366/1303
    Running contrast 371/1303
    Running contrast 376/1303
    Running contrast 381/1303
    Running contrast 386/1303
    Running contrast 391/1303
    Running contrast 396/1303
    Running contrast 401/1303
    Running contrast 406/1303
    Running contrast 411/1303
    Running contrast 416/1303
    Running contrast 421/1303
    Running contrast 426/1303
    Running contrast 431/1303
    Running contrast 436/1303
    Running contrast 441/1303
    Running contrast 446/1303
    Running contrast 451/1303
    Running contrast 456/1303
    Running contrast 461/1303
    Running contrast 466/1303
    Running contrast 471/1303
    Running contrast 476/1303
    Running contrast 481/1303
    Running contrast 486/1303
    Running contrast 491/1303
    Running contrast 496/1303
    Running contrast 501/1303
    Running contrast 506/1303
    Running contrast 511/1303
    Running contrast 516/1303
    Running contrast 521/1303
    Running contrast 526/1303
    Running contrast 531/1303
    Running contrast 536/1303
    Running contrast 541/1303
    Running contrast 546/1303
    Running contrast 551/1303
    Running contrast 556/1303
    Running contrast 561/1303
    Running contrast 566/1303
    Running contrast 571/1303
    Running contrast 576/1303
    Running contrast 581/1303
    Running contrast 586/1303
    Running contrast 591/1303
    Running contrast 596/1303
    Running contrast 601/1303
    Running contrast 606/1303
    Running contrast 611/1303
    Running contrast 616/1303
    Running contrast 621/1303
    Running contrast 626/1303
    Running contrast 631/1303
    Running contrast 636/1303
    Running contrast 641/1303
    Running contrast 646/1303
    Running contrast 651/1303
    Running contrast 656/1303
    Running contrast 661/1303
    Running contrast 666/1303
    Running contrast 671/1303
    Running contrast 676/1303
    Running contrast 681/1303
    Running contrast 686/1303
    Running contrast 691/1303
    Running contrast 696/1303
    Running contrast 701/1303
    Running contrast 706/1303
    Running contrast 711/1303
    Running contrast 716/1303
    Running contrast 721/1303
    Running contrast 726/1303
    Running contrast 731/1303
    Running contrast 736/1303
    Running contrast 741/1303
    Running contrast 746/1303
    Running contrast 751/1303
    Running contrast 756/1303
    Running contrast 761/1303
    Running contrast 766/1303
    Running contrast 771/1303
    Running contrast 776/1303
    Running contrast 781/1303
    Running contrast 786/1303
    Running contrast 791/1303
    Running contrast 796/1303
    Running contrast 801/1303
    Running contrast 806/1303
    Running contrast 811/1303
    Running contrast 816/1303
    Running contrast 821/1303
    Running contrast 826/1303
    Running contrast 831/1303
    Running contrast 836/1303
    Running contrast 841/1303
    Running contrast 846/1303
    Running contrast 851/1303
    Running contrast 856/1303
    Running contrast 861/1303
    Running contrast 866/1303
    Running contrast 871/1303
    Running contrast 876/1303
    Running contrast 881/1303
    Running contrast 886/1303
    Running contrast 891/1303
    Running contrast 896/1303
    Running contrast 901/1303
    Running contrast 906/1303
    Running contrast 911/1303
    Running contrast 916/1303
    Running contrast 921/1303
    Running contrast 926/1303
    Running contrast 931/1303
    Running contrast 936/1303
    Running contrast 941/1303
    Running contrast 946/1303
    Running contrast 951/1303
    Running contrast 956/1303
    Running contrast 961/1303
    Running contrast 966/1303
    Running contrast 971/1303
    Running contrast 976/1303
    Running contrast 981/1303
    Running contrast 986/1303
    Running contrast 991/1303
    Running contrast 996/1303
    Running contrast 1001/1303
    Running contrast 1006/1303
    Running contrast 1011/1303
    Running contrast 1016/1303
    Running contrast 1021/1303
    Running contrast 1026/1303
    Running contrast 1031/1303
    Running contrast 1036/1303
    Running contrast 1041/1303
    Running contrast 1046/1303
    Running contrast 1051/1303
    Running contrast 1056/1303
    Running contrast 1061/1303
    Running contrast 1066/1303
    Running contrast 1071/1303
    Running contrast 1076/1303
    Running contrast 1081/1303
    Running contrast 1086/1303
    Running contrast 1091/1303
    Running contrast 1096/1303
    Running contrast 1101/1303
    Running contrast 1106/1303
    Running contrast 1111/1303
    Running contrast 1116/1303
    Running contrast 1121/1303
    Running contrast 1126/1303
    Running contrast 1131/1303
    Running contrast 1136/1303
    Running contrast 1141/1303
    Running contrast 1146/1303
    Running contrast 1151/1303
    Running contrast 1156/1303
    Running contrast 1161/1303
    Running contrast 1166/1303
    Running contrast 1171/1303
    Running contrast 1176/1303
    Running contrast 1181/1303
    Running contrast 1186/1303
    Running contrast 1191/1303
    Running contrast 1196/1303
    Running contrast 1201/1303
    Running contrast 1206/1303
    Running contrast 1211/1303
    Running contrast 1216/1303
    Running contrast 1221/1303
    Running contrast 1226/1303
    Running contrast 1231/1303
    Running contrast 1236/1303
    Running contrast 1241/1303
    Running contrast 1246/1303
    Running contrast 1251/1303
    Running contrast 1256/1303
    Running contrast 1261/1303
    Running contrast 1266/1303
    Running contrast 1271/1303
    Running contrast 1276/1303
    Running contrast 1281/1303
    Running contrast 1286/1303
    Running contrast 1291/1303
    Running contrast 1296/1303
    Running contrast 1301/1303
    Running contrast 1303/1303

    Writing:  ./data/tahoe/deg_data/sep_rep/full/qc_false/filter_min_cells_10/CVCL_1055_de.h5ad 

    Rewriting h5ad file: ./data/tahoe/deg_data/sep_rep/full/qc_false/filter_min_cells_10/CVCL_1055_de.h5ad 
    Removed X matrix
    Rewriting h5ad file is done!
✓ Cell line completed in 10148.5 seconds

DE analysis completed!

Total runtime: 10204.3 seconds
