
DE analysis started...
Loaded input file:  ./data/tahoe/pseudobulk_processed/sep_rep/by_celltype/CVCL_C466_processed.h5ad 
Initial dimensions:  1344  samples ×  62710  genes
Filter samples with the low number of cells
    Filter threshold (min_cells):  10 
    n_obs:  1344 -->  1337 

▶︎ Processing cell_type  1 / 1 :  CVCL_C466 
    Filter controls by  pert_time_h  column
        n_obs:  1337 -->  1337 

    Running contrast 1/1309
    Running contrast 6/1309
    Running contrast 11/1309
    Running contrast 16/1309
    Running contrast 21/1309
    Running contrast 26/1309
    Running contrast 31/1309
    Running contrast 36/1309
    Running contrast 41/1309
    Running contrast 46/1309
    Running contrast 51/1309
    Running contrast 56/1309
    Running contrast 61/1309
    Running contrast 66/1309
    Running contrast 71/1309
    Running contrast 76/1309
    Running contrast 81/1309
    Running contrast 86/1309
    Running contrast 91/1309
    Running contrast 96/1309
    Running contrast 101/1309
    Running contrast 106/1309
    Running contrast 111/1309
    Running contrast 116/1309
    Running contrast 121/1309
    Running contrast 126/1309
    Running contrast 131/1309
    Running contrast 136/1309
    Running contrast 141/1309
    Running contrast 146/1309
    Running contrast 151/1309
    Running contrast 156/1309
    Running contrast 161/1309
    Running contrast 166/1309
    Running contrast 171/1309
    Running contrast 176/1309
    Running contrast 181/1309
    Running contrast 186/1309
    Running contrast 191/1309
    Running contrast 196/1309
    Running contrast 201/1309
    Running contrast 206/1309
    Running contrast 211/1309
    Running contrast 216/1309
    Running contrast 221/1309
    Running contrast 226/1309
    Running contrast 231/1309
    Running contrast 236/1309
    Running contrast 241/1309
    Running contrast 246/1309
    Running contrast 251/1309
    Running contrast 256/1309
    Running contrast 261/1309
    Running contrast 266/1309
    Running contrast 271/1309
    Running contrast 276/1309
    Running contrast 281/1309
    Running contrast 286/1309
    Running contrast 291/1309
    Running contrast 296/1309
    Running contrast 301/1309
    Running contrast 306/1309
    Running contrast 311/1309
    Running contrast 316/1309
    Running contrast 321/1309
    Running contrast 326/1309
    Running contrast 331/1309
    Running contrast 336/1309
    Running contrast 341/1309
    Running contrast 346/1309
    Running contrast 351/1309
    Running contrast 356/1309
    Running contrast 361/1309
    Running contrast 366/1309
    Running contrast 371/1309
    Running contrast 376/1309
    Running contrast 381/1309
    Running contrast 386/1309
    Running contrast 391/1309
    Running contrast 396/1309
    Running contrast 401/1309
    Running contrast 406/1309
    Running contrast 411/1309
    Running contrast 416/1309
    Running contrast 421/1309
    Running contrast 426/1309
    Running contrast 431/1309
    Running contrast 436/1309
    Running contrast 441/1309
    Running contrast 446/1309
    Running contrast 451/1309
    Running contrast 456/1309
    Running contrast 461/1309
    Running contrast 466/1309
    Running contrast 471/1309
    Running contrast 476/1309
    Running contrast 481/1309
    Running contrast 486/1309
    Running contrast 491/1309
    Running contrast 496/1309
    Running contrast 501/1309
    Running contrast 506/1309
    Running contrast 511/1309
    Running contrast 516/1309
    Running contrast 521/1309
    Running contrast 526/1309
    Running contrast 531/1309
    Running contrast 536/1309
    Running contrast 541/1309
    Running contrast 546/1309
    Running contrast 551/1309
    Running contrast 556/1309
    Running contrast 561/1309
    Running contrast 566/1309
    Running contrast 571/1309
    Running contrast 576/1309
    Running contrast 581/1309
    Running contrast 586/1309
    Running contrast 591/1309
    Running contrast 596/1309
    Running contrast 601/1309
    Running contrast 606/1309
    Running contrast 611/1309
    Running contrast 616/1309
    Running contrast 621/1309
    Running contrast 626/1309
    Running contrast 631/1309
    Running contrast 636/1309
    Running contrast 641/1309
    Running contrast 646/1309
    Running contrast 651/1309
    Running contrast 656/1309
    Running contrast 661/1309
    Running contrast 666/1309
    Running contrast 671/1309
    Running contrast 676/1309
    Running contrast 681/1309
    Running contrast 686/1309
    Running contrast 691/1309
    Running contrast 696/1309
    Running contrast 701/1309
    Running contrast 706/1309
    Running contrast 711/1309
    Running contrast 716/1309
    Running contrast 721/1309
    Running contrast 726/1309
    Running contrast 731/1309
    Running contrast 736/1309
    Running contrast 741/1309
    Running contrast 746/1309
    Running contrast 751/1309
    Running contrast 756/1309
    Running contrast 761/1309
    Running contrast 766/1309
    Running contrast 771/1309
    Running contrast 776/1309
    Running contrast 781/1309
    Running contrast 786/1309
    Running contrast 791/1309
    Running contrast 796/1309
    Running contrast 801/1309
    Running contrast 806/1309
    Running contrast 811/1309
    Running contrast 816/1309
    Running contrast 821/1309
    Running contrast 826/1309
    Running contrast 831/1309
    Running contrast 836/1309
    Running contrast 841/1309
    Running contrast 846/1309
    Running contrast 851/1309
    Running contrast 856/1309
    Running contrast 861/1309
    Running contrast 866/1309
    Running contrast 871/1309
    Running contrast 876/1309
    Running contrast 881/1309
    Running contrast 886/1309
    Running contrast 891/1309
    Running contrast 896/1309
    Running contrast 901/1309
    Running contrast 906/1309
    Running contrast 911/1309
    Running contrast 916/1309
    Running contrast 921/1309
    Running contrast 926/1309
    Running contrast 931/1309
    Running contrast 936/1309
    Running contrast 941/1309
    Running contrast 946/1309
    Running contrast 951/1309
    Running contrast 956/1309
    Running contrast 961/1309
    Running contrast 966/1309
    Running contrast 971/1309
    Running contrast 976/1309
    Running contrast 981/1309
    Running contrast 986/1309
    Running contrast 991/1309
    Running contrast 996/1309
    Running contrast 1001/1309
    Running contrast 1006/1309
    Running contrast 1011/1309
    Running contrast 1016/1309
    Running contrast 1021/1309
    Running contrast 1026/1309
    Running contrast 1031/1309
    Running contrast 1036/1309
    Running contrast 1041/1309
    Running contrast 1046/1309
    Running contrast 1051/1309
    Running contrast 1056/1309
    Running contrast 1061/1309
    Running contrast 1066/1309
    Running contrast 1071/1309
    Running contrast 1076/1309
    Running contrast 1081/1309
    Running contrast 1086/1309
    Running contrast 1091/1309
    Running contrast 1096/1309
    Running contrast 1101/1309
    Running contrast 1106/1309
    Running contrast 1111/1309
    Running contrast 1116/1309
    Running contrast 1121/1309
    Running contrast 1126/1309
    Running contrast 1131/1309
    Running contrast 1136/1309
    Running contrast 1141/1309
    Running contrast 1146/1309
    Running contrast 1151/1309
    Running contrast 1156/1309
    Running contrast 1161/1309
    Running contrast 1166/1309
    Running contrast 1171/1309
    Running contrast 1176/1309
    Running contrast 1181/1309
    Running contrast 1186/1309
    Running contrast 1191/1309
    Running contrast 1196/1309
    Running contrast 1201/1309
    Running contrast 1206/1309
    Running contrast 1211/1309
    Running contrast 1216/1309
    Running contrast 1221/1309
    Running contrast 1226/1309
    Running contrast 1231/1309
    Running contrast 1236/1309
    Running contrast 1241/1309
    Running contrast 1246/1309
    Running contrast 1251/1309
    Running contrast 1256/1309
    Running contrast 1261/1309
    Running contrast 1266/1309
    Running contrast 1271/1309
    Running contrast 1276/1309
    Running contrast 1281/1309
    Running contrast 1286/1309
    Running contrast 1291/1309
    Running contrast 1296/1309
    Running contrast 1301/1309
    Running contrast 1306/1309
    Running contrast 1309/1309

    Writing:  ./data/tahoe/deg_data/sep_rep/full/qc_false/filter_min_cells_10/CVCL_C466_de.h5ad 

    Rewriting h5ad file: ./data/tahoe/deg_data/sep_rep/full/qc_false/filter_min_cells_10/CVCL_C466_de.h5ad 
    Removed X matrix
    Rewriting h5ad file is done!
✓ Cell line completed in 9279.8 seconds

DE analysis completed!

Total runtime: 9292.4 seconds
