2025-09-12 22:17:05 | [INFO] Read data from ./data/tahoe/raw/plate1_subsample.h5ad
2025-09-12 22:17:06 | [INFO] Read data from ./data/tahoe/raw/plate1_obs.parquet
2025-09-12 22:17:14 | [INFO] Read data from ./data/tahoe/raw/var.parquet
2025-09-12 22:17:14 | [INFO] Merge datasets
2025-09-12 22:17:21 | [INFO] Standardize anndata
2025-09-12 22:17:21 | [INFO] Mapping drugs to PubChem idx
2025-09-12 22:17:21 | [INFO] Looking up 84 new perturbations on PubChem...
2025-09-12 22:18:04 | [INFO] Determine groupby fields
2025-09-12 22:18:04 | [INFO] Initial adata size: (5000, 62710)
2025-09-12 22:18:04 | [INFO] Filter by counts
2025-09-12 22:18:04 | [INFO]     n_obs: 5000 --> 4890
2025-09-12 22:18:04 | [INFO]     n_var: 62710 --> 62710
2025-09-12 22:18:04 | [INFO]     n_ct: 49 --> 49
2025-09-12 22:18:04 | [INFO]     n_pa: 84 --> 84
2025-09-12 22:18:04 | [INFO] Filter by nans
2025-09-12 22:18:04 | [INFO]     n_obs: 4890 --> 4890
2025-09-12 22:18:04 | [INFO]     n_var: 62710 --> 62710
2025-09-12 22:18:04 | [INFO]     n_ct: 49 --> 49
2025-09-12 22:18:04 | [INFO]     n_pa: 84 --> 84
2025-09-12 22:18:04 | [INFO] Filter by humanMALAT1
2025-09-12 22:18:04 | [INFO]     n_obs: 4890 --> 4883
2025-09-12 22:18:04 | [INFO]     n_var: 62710 --> 62710
2025-09-12 22:18:04 | [INFO]     n_ct: 49 --> 49
2025-09-12 22:18:04 | [INFO]     n_pa: 84 --> 84
2025-09-12 22:18:04 | [INFO] Final adata size: (4883, 62710)
2025-09-12 22:18:04 | [INFO] Build pseudobulk
2025-09-12 22:18:18 | [INFO] Process pseudobulk
2025-09-12 22:18:21 | [INFO] Save data to ./data/tahoe/pseudobulk_to_merge/subsample/plate1_subsample.h5ad
