
DE analysis started...
Loaded input file:  ./data/tahoe/pseudobulk_processed/sep_rep/by_celltype/CVCL_1056_processed.h5ad 
Initial dimensions:  1340  samples ×  62710  genes
Filter samples with the low number of cells
    Filter threshold (min_cells):  50 
    n_obs:  1340 -->  1329 

⚡ TEST MODE ENABLED ⚡
Original dataset dimensions:  1329  samples x  25  genes
Filtering to time points:  24  hours
Subsetting to  3  perturbations (+ control):  DMSO_TF, alpelisib, Lapatinib ditosylate, palbociclib 
Calculating gene variance for subsetting...
Subset to top  1000  most variable genes
Test mode dataset:  37  samples x  1000  genes

Conditions to analyze:
# A tibble: 4 × 4
  cell_type perturbagen          pert_time_h n_samples
  <fct>     <fct>                      <dbl>     <int>
1 CVCL_1056 DMSO_TF                       24        28
2 CVCL_1056 Lapatinib ditosylate          24         3
3 CVCL_1056 alpelisib                     24         3
4 CVCL_1056 palbociclib                   24         3

▶︎ Processing cell_type  1 / 1 :  CVCL_1056 
    Filter controls by  pert_time_h  column
        n_obs:  37 -->  37 

    Running contrast 1/9
    Running contrast 6/9
    Running contrast 9/9

    Writing:  ./data/tahoe/deg_data/sep_rep/subsampling/qc_false/filter_min_cells_50/CVCL_1056_de.h5ad 

    Rewriting h5ad file: ./data/tahoe/deg_data/sep_rep/subsampling/qc_false/filter_min_cells_50/CVCL_1056_de.h5ad 
    Removed X matrix
    Rewriting h5ad file is done!
✓ Cell line completed in 1.2 seconds

DE analysis completed!

Total runtime: 13.6 seconds

📝 Note: This was a TEST RUN with reduced data.
Set subsampling = FALSE for full analysis.

