2025-11-07 18:10:35 | [INFO] Read pseudobulk file
2025-11-07 18:13:37 | [INFO] Add perturbation label
2025-11-07 18:13:41 | [INFO] Save data
2025-11-07 18:32:32 | [INFO] Splitting into 50 cell types
2025-11-07 18:32:57 | [INFO]   Saved: CVCL_0023 (1342 obs)
2025-11-07 18:33:15 | [INFO]   Saved: CVCL_0028 (1339 obs)
2025-11-07 18:33:40 | [INFO]   Saved: CVCL_0069 (1339 obs)
2025-11-07 18:34:00 | [INFO]   Saved: CVCL_0099 (1340 obs)
2025-11-07 18:34:26 | [INFO]   Saved: CVCL_0131 (1338 obs)
2025-11-07 18:34:49 | [INFO]   Saved: CVCL_0152 (1341 obs)
2025-11-07 18:35:12 | [INFO]   Saved: CVCL_0179 (1338 obs)
2025-11-07 18:35:33 | [INFO]   Saved: CVCL_0218 (1343 obs)
2025-11-07 18:35:55 | [INFO]   Saved: CVCL_0292 (1343 obs)
2025-11-07 18:36:23 | [INFO]   Saved: CVCL_0293 (1342 obs)
2025-11-07 18:36:48 | [INFO]   Saved: CVCL_0320 (1342 obs)
2025-11-07 18:37:12 | [INFO]   Saved: CVCL_0332 (1342 obs)
2025-11-07 18:37:36 | [INFO]   Saved: CVCL_0334 (1340 obs)
2025-11-07 18:38:01 | [INFO]   Saved: CVCL_0359 (1342 obs)
2025-11-07 18:38:25 | [INFO]   Saved: CVCL_0366 (1344 obs)
2025-11-07 18:38:50 | [INFO]   Saved: CVCL_0371 (1340 obs)
2025-11-07 18:39:15 | [INFO]   Saved: CVCL_0397 (1342 obs)
2025-11-07 18:39:44 | [INFO]   Saved: CVCL_0399 (1343 obs)
2025-11-07 18:40:09 | [INFO]   Saved: CVCL_0428 (1337 obs)
2025-11-07 18:40:38 | [INFO]   Saved: CVCL_0459 (1344 obs)
2025-11-07 18:41:07 | [INFO]   Saved: CVCL_0480 (1338 obs)
2025-11-07 18:41:29 | [INFO]   Saved: CVCL_0504 (1344 obs)
2025-11-07 18:41:59 | [INFO]   Saved: CVCL_0546 (1343 obs)
2025-11-07 18:42:24 | [INFO]   Saved: CVCL_1055 (1340 obs)
2025-11-07 18:42:52 | [INFO]   Saved: CVCL_1056 (1340 obs)
2025-11-07 18:43:14 | [INFO]   Saved: CVCL_1094 (1342 obs)
2025-11-07 18:43:37 | [INFO]   Saved: CVCL_1097 (1341 obs)
2025-11-07 18:43:59 | [INFO]   Saved: CVCL_1098 (1342 obs)
2025-11-07 18:44:25 | [INFO]   Saved: CVCL_1119 (1341 obs)
2025-11-07 18:44:42 | [INFO]   Saved: CVCL_1125 (1340 obs)
2025-11-07 18:45:04 | [INFO]   Saved: CVCL_1239 (1343 obs)
2025-11-07 18:45:31 | [INFO]   Saved: CVCL_1285 (1343 obs)
2025-11-07 18:45:55 | [INFO]   Saved: CVCL_1381 (1342 obs)
2025-11-07 18:46:24 | [INFO]   Saved: CVCL_1478 (1341 obs)
2025-11-07 18:46:47 | [INFO]   Saved: CVCL_1495 (1338 obs)
2025-11-07 18:47:14 | [INFO]   Saved: CVCL_1517 (1344 obs)
2025-11-07 18:47:21 | [INFO]   Saved: CVCL_1531 (1331 obs)
2025-11-07 18:47:45 | [INFO]   Saved: CVCL_1547 (1340 obs)
2025-11-07 18:48:13 | [INFO]   Saved: CVCL_1550 (1338 obs)
2025-11-07 18:48:17 | [INFO]   Saved: CVCL_1571 (1331 obs)
2025-11-07 18:48:33 | [INFO]   Saved: CVCL_1577 (1333 obs)
2025-11-07 18:48:56 | [INFO]   Saved: CVCL_1635 (1341 obs)
2025-11-07 18:49:19 | [INFO]   Saved: CVCL_1666 (1341 obs)
2025-11-07 18:49:43 | [INFO]   Saved: CVCL_1693 (1342 obs)
2025-11-07 18:49:56 | [INFO]   Saved: CVCL_1715 (1340 obs)
2025-11-07 18:50:11 | [INFO]   Saved: CVCL_1716 (1333 obs)
2025-11-07 18:50:37 | [INFO]   Saved: CVCL_1717 (1340 obs)
2025-11-07 18:50:57 | [INFO]   Saved: CVCL_1724 (1339 obs)
2025-11-07 18:51:20 | [INFO]   Saved: CVCL_1731 (1342 obs)
2025-11-07 18:51:42 | [INFO]   Saved: CVCL_C466 (1344 obs)
