2025-11-07 18:10:35 | [INFO] Read pseudobulk file
2025-11-07 18:12:32 | [INFO] Add perturbation label
2025-11-07 18:12:34 | [INFO] Save data
2025-11-07 18:24:53 | [INFO] Splitting into 50 cell types
2025-11-07 18:25:09 | [INFO]   Saved: CVCL_0023 (1342 obs)
2025-11-07 18:25:20 | [INFO]   Saved: CVCL_0028 (1339 obs)
2025-11-07 18:25:36 | [INFO]   Saved: CVCL_0069 (1339 obs)
2025-11-07 18:25:49 | [INFO]   Saved: CVCL_0099 (1340 obs)
2025-11-07 18:26:06 | [INFO]   Saved: CVCL_0131 (1338 obs)
2025-11-07 18:26:21 | [INFO]   Saved: CVCL_0152 (1341 obs)
2025-11-07 18:26:36 | [INFO]   Saved: CVCL_0179 (1338 obs)
2025-11-07 18:26:50 | [INFO]   Saved: CVCL_0218 (1343 obs)
2025-11-07 18:27:04 | [INFO]   Saved: CVCL_0292 (1343 obs)
2025-11-07 18:27:22 | [INFO]   Saved: CVCL_0293 (1342 obs)
2025-11-07 18:27:38 | [INFO]   Saved: CVCL_0320 (1342 obs)
2025-11-07 18:27:54 | [INFO]   Saved: CVCL_0332 (1342 obs)
2025-11-07 18:28:09 | [INFO]   Saved: CVCL_0334 (1340 obs)
2025-11-07 18:28:26 | [INFO]   Saved: CVCL_0359 (1342 obs)
2025-11-07 18:28:41 | [INFO]   Saved: CVCL_0366 (1344 obs)
2025-11-07 18:28:57 | [INFO]   Saved: CVCL_0371 (1340 obs)
2025-11-07 18:29:14 | [INFO]   Saved: CVCL_0397 (1342 obs)
2025-11-07 18:29:32 | [INFO]   Saved: CVCL_0399 (1343 obs)
2025-11-07 18:29:47 | [INFO]   Saved: CVCL_0428 (1337 obs)
2025-11-07 18:30:06 | [INFO]   Saved: CVCL_0459 (1344 obs)
2025-11-07 18:30:25 | [INFO]   Saved: CVCL_0480 (1338 obs)
2025-11-07 18:30:39 | [INFO]   Saved: CVCL_0504 (1344 obs)
2025-11-07 18:30:59 | [INFO]   Saved: CVCL_0546 (1343 obs)
2025-11-07 18:31:15 | [INFO]   Saved: CVCL_1055 (1340 obs)
2025-11-07 18:31:33 | [INFO]   Saved: CVCL_1056 (1340 obs)
2025-11-07 18:31:48 | [INFO]   Saved: CVCL_1094 (1342 obs)
2025-11-07 18:32:03 | [INFO]   Saved: CVCL_1097 (1341 obs)
2025-11-07 18:32:16 | [INFO]   Saved: CVCL_1098 (1342 obs)
2025-11-07 18:32:33 | [INFO]   Saved: CVCL_1119 (1341 obs)
2025-11-07 18:32:44 | [INFO]   Saved: CVCL_1125 (1340 obs)
2025-11-07 18:32:58 | [INFO]   Saved: CVCL_1239 (1343 obs)
2025-11-07 18:33:16 | [INFO]   Saved: CVCL_1285 (1343 obs)
2025-11-07 18:33:32 | [INFO]   Saved: CVCL_1381 (1342 obs)
2025-11-07 18:33:50 | [INFO]   Saved: CVCL_1478 (1341 obs)
2025-11-07 18:34:06 | [INFO]   Saved: CVCL_1495 (1338 obs)
2025-11-07 18:34:23 | [INFO]   Saved: CVCL_1517 (1344 obs)
2025-11-07 18:34:27 | [INFO]   Saved: CVCL_1531 (1331 obs)
2025-11-07 18:34:43 | [INFO]   Saved: CVCL_1547 (1340 obs)
2025-11-07 18:35:01 | [INFO]   Saved: CVCL_1550 (1338 obs)
2025-11-07 18:35:04 | [INFO]   Saved: CVCL_1571 (1331 obs)
2025-11-07 18:35:14 | [INFO]   Saved: CVCL_1577 (1333 obs)
2025-11-07 18:35:29 | [INFO]   Saved: CVCL_1635 (1341 obs)
2025-11-07 18:35:44 | [INFO]   Saved: CVCL_1666 (1341 obs)
2025-11-07 18:36:00 | [INFO]   Saved: CVCL_1693 (1342 obs)
2025-11-07 18:36:08 | [INFO]   Saved: CVCL_1715 (1340 obs)
2025-11-07 18:36:18 | [INFO]   Saved: CVCL_1716 (1333 obs)
2025-11-07 18:36:35 | [INFO]   Saved: CVCL_1717 (1340 obs)
2025-11-07 18:36:48 | [INFO]   Saved: CVCL_1724 (1339 obs)
2025-11-07 18:37:03 | [INFO]   Saved: CVCL_1731 (1342 obs)
2025-11-07 18:37:17 | [INFO]   Saved: CVCL_C466 (1344 obs)
