enrich_novartis.PID3746608.out:> DEG directory (scan *_de.h5ad): ./data/novartis/deg_data/group_rep/full/qc_false/filter_min_cells_0/results/
enrich_novartis.PID3746608.out:> Reference pseudobulk: ./data/novartis/pseudobulk_processed/group_rep/novartis_standardized_processed.h5ad
enrich_novartis.PID3746608.out:> Submitting Slurm job (sbatch -W) enrich_pseudobulk_var
enrich_novartis.PID3746608.out:> Slurm logs: /home/icb/olga.novitskaia/op3_v2/logs/novartis/full/enrich_pseudobulk_var/enrich_novartis.%j.out / /home/icb/olga.novitskaia/op3_v2/logs/novartis/full/enrich_pseudobulk_var/enrich_novartis.%j.err
enrich_novartis.PID3746608.out:Submitted batch job 34986384
enrich_novartis.PID3746608.out:> enrich_pseudobulk_var Slurm job finished
enrich_novartis.PID3818311.out:> DEG directory (scan *_de.h5ad): ./data/novartis/deg_data/sep_rep/full/qc_false/filter_min_cells_0/results/
enrich_novartis.PID3818311.out:> Reference pseudobulk: ./data/novartis/pseudobulk_processed/sep_rep/novartis_standardized_processed.h5ad
enrich_novartis.PID3818311.out:> Submitting Slurm job (sbatch -W) enrich_pseudobulk_var
enrich_novartis.PID3818311.out:> Slurm logs: /home/icb/olga.novitskaia/op3_v2/logs/novartis/full/enrich_pseudobulk_var/enrich_novartis.%j.out / /home/icb/olga.novitskaia/op3_v2/logs/novartis/full/enrich_pseudobulk_var/enrich_novartis.%j.err
enrich_novartis.PID3818311.out:Submitted batch job 34986387
enrich_novartis.PID3818311.out:> enrich_pseudobulk_var Slurm job finished
enrich_novartis.34986384.out:2026-04-02 22:04:53 | [INFO] DEG directory (scan *_de.h5ad): /ictstr01/home/icb/olga.novitskaia/op3_v2/data/novartis/deg_data/group_rep/full/qc_false/filter_min_cells_0/results
enrich_novartis.34986384.out:2026-04-02 22:04:53 | [INFO] Reference pseudobulk: /ictstr01/home/icb/olga.novitskaia/op3_v2/data/novartis/pseudobulk_processed/group_rep/novartis_standardized_processed.h5ad
enrich_novartis.34986384.out:2026-04-02 22:07:14 | [INFO] Enrich /ictstr01/home/icb/olga.novitskaia/op3_v2/data/novartis/deg_data/group_rep/full/qc_false/filter_min_cells_0/results/CVCL_0042_de.h5ad
enrich_novartis.34986384.out:2026-04-02 22:17:01 | [INFO]     Rewriting h5ad file: /ictstr01/home/icb/olga.novitskaia/op3_v2/data/novartis/deg_data/group_rep/full/qc_false/filter_min_cells_0/results/CVCL_0042_de.h5ad
enrich_novartis.34986384.out:2026-04-02 22:17:01 | [INFO]     Removed X matrix
enrich_novartis.34986384.out:2026-04-02 22:17:01 | [INFO]     Rewriting h5ad file is done!
enrich_novartis.34986384.out:2026-04-02 22:17:01 | [INFO] Done: scanned=1, need_enrichment=1, written=1 (dry_run=False)
enrich_novartis.34986384.err:/ictstr01/home/icb/olga.novitskaia/venv/lib/python3.12/site-packages/anndata/_core/anndata.py:1774: UserWarning: Observation names are not unique. To make them unique, call `.obs_names_make_unique`.
enrich_novartis.34986384.err:  utils.warn_names_duplicates("obs")
enrich_novartis.34986384.err:/ictstr01/home/icb/olga.novitskaia/venv/lib/python3.12/site-packages/anndata/_core/anndata.py:1774: UserWarning: Observation names are not unique. To make them unique, call `.obs_names_make_unique`.
enrich_novartis.34986384.err:  utils.warn_names_duplicates("obs")
enrich_novartis.34986387.out:2026-04-02 22:04:53 | [INFO] DEG directory (scan *_de.h5ad): /ictstr01/home/icb/olga.novitskaia/op3_v2/data/novartis/deg_data/sep_rep/full/qc_false/filter_min_cells_0/results
enrich_novartis.34986387.out:2026-04-02 22:04:53 | [INFO] Reference pseudobulk: /ictstr01/home/icb/olga.novitskaia/op3_v2/data/novartis/pseudobulk_processed/sep_rep/novartis_standardized_processed.h5ad
enrich_novartis.34986387.out:2026-04-02 22:12:00 | [INFO] Enrich /ictstr01/home/icb/olga.novitskaia/op3_v2/data/novartis/deg_data/sep_rep/full/qc_false/filter_min_cells_0/results/CVCL_0042_de.h5ad
enrich_novartis.34986387.out:2026-04-02 22:44:53 | [INFO]     Rewriting h5ad file: /ictstr01/home/icb/olga.novitskaia/op3_v2/data/novartis/deg_data/sep_rep/full/qc_false/filter_min_cells_0/results/CVCL_0042_de.h5ad
enrich_novartis.34986387.out:2026-04-02 22:44:53 | [INFO]     Removed X matrix
enrich_novartis.34986387.out:2026-04-02 22:44:53 | [INFO]     Rewriting h5ad file is done!
enrich_novartis.34986387.out:2026-04-02 22:44:53 | [INFO] Done: scanned=1, need_enrichment=1, written=1 (dry_run=False)
enrich_novartis.34986387.err:/ictstr01/home/icb/olga.novitskaia/venv/lib/python3.12/site-packages/anndata/_core/anndata.py:1774: UserWarning: Observation names are not unique. To make them unique, call `.obs_names_make_unique`.
enrich_novartis.34986387.err:  utils.warn_names_duplicates("obs")
enrich_novartis.34986387.err:/ictstr01/home/icb/olga.novitskaia/venv/lib/python3.12/site-packages/anndata/_core/anndata.py:1774: UserWarning: Observation names are not unique. To make them unique, call `.obs_names_make_unique`.
enrich_novartis.34986387.err:  utils.warn_names_duplicates("obs")
