2025-09-15 02:58:24 | [INFO] Read data from ./data/tahoe/raw/plate6.h5ad
2025-09-15 03:05:08 | [INFO] Read data from ./data/tahoe/raw/plate6_obs.parquet
2025-09-15 03:05:20 | [INFO] Read data from ./data/tahoe/raw/var.parquet
2025-09-15 03:05:20 | [INFO] Merge datasets
2025-09-15 03:05:32 | [INFO] Standardize anndata
2025-09-15 03:05:43 | [INFO] Mapping drugs to PubChem idx
2025-09-15 03:05:48 | [INFO] Looking up 95 new perturbations on PubChem...
2025-09-15 03:06:53 | [INFO] Determine groupby fields
2025-09-15 03:06:53 | [INFO] Initial adata size: (7545393, 62710)
2025-09-15 03:06:53 | [INFO] Filter by counts
2025-09-15 03:07:14 | [INFO]     n_obs: 7545393 --> 7343169
2025-09-15 03:07:14 | [INFO]     n_var: 62710 --> 62710
2025-09-15 03:07:14 | [INFO]     n_ct: 50 --> 50
2025-09-15 03:07:14 | [INFO]     n_pa: 95 --> 95
2025-09-15 03:07:14 | [INFO] Filter by nans
2025-09-15 03:07:34 | [INFO]     n_obs: 7343169 --> 7343169
2025-09-15 03:07:34 | [INFO]     n_var: 62710 --> 62710
2025-09-15 03:07:34 | [INFO]     n_ct: 50 --> 50
2025-09-15 03:07:34 | [INFO]     n_pa: 95 --> 95
2025-09-15 03:07:34 | [INFO] Filter by humanMALAT1
2025-09-15 03:08:36 | [INFO]     n_obs: 7343169 --> 7327857
2025-09-15 03:08:36 | [INFO]     n_var: 62710 --> 62710
2025-09-15 03:08:36 | [INFO]     n_ct: 50 --> 50
2025-09-15 03:08:36 | [INFO]     n_pa: 95 --> 95
2025-09-15 03:08:46 | [INFO] Final adata size: (7327857, 62710)
2025-09-15 03:08:46 | [INFO] Build pseudobulk
2025-09-15 05:45:07 | [INFO] Process pseudobulk
2025-09-15 05:45:20 | [INFO] Save data to ./data/tahoe/pseudobulk_to_merge/full/plate6.h5ad
