2025-09-16 06:25:35 | [INFO] Read data from ./data/tahoe/raw/plate14.h5ad
2025-09-16 06:31:41 | [INFO] Read data from ./data/tahoe/raw/plate14_obs.parquet
2025-09-16 06:31:54 | [INFO] Read data from ./data/tahoe/raw/var.parquet
2025-09-16 06:31:54 | [INFO] Merge datasets
2025-09-16 06:32:05 | [INFO] Standardize anndata
2025-09-16 06:32:16 | [INFO] Mapping drugs to PubChem idx
2025-09-16 06:32:21 | [INFO] Looking up 95 new perturbations on PubChem...
2025-09-16 06:33:21 | [INFO] Determine groupby fields
2025-09-16 06:33:21 | [INFO] Initial adata size: (6518806, 62710)
2025-09-16 06:33:21 | [INFO] Filter by counts
2025-09-16 06:33:41 | [INFO]     n_obs: 6518806 --> 6278868
2025-09-16 06:33:41 | [INFO]     n_var: 62710 --> 62710
2025-09-16 06:33:41 | [INFO]     n_ct: 50 --> 50
2025-09-16 06:33:41 | [INFO]     n_pa: 95 --> 95
2025-09-16 06:33:41 | [INFO] Filter by nans
2025-09-16 06:34:00 | [INFO]     n_obs: 6278868 --> 6278868
2025-09-16 06:34:00 | [INFO]     n_var: 62710 --> 62710
2025-09-16 06:34:00 | [INFO]     n_ct: 50 --> 50
2025-09-16 06:34:00 | [INFO]     n_pa: 95 --> 95
2025-09-16 06:34:00 | [INFO] Filter by humanMALAT1
2025-09-16 06:35:00 | [INFO]     n_obs: 6278868 --> 6273332
2025-09-16 06:35:00 | [INFO]     n_var: 62710 --> 62710
2025-09-16 06:35:00 | [INFO]     n_ct: 50 --> 50
2025-09-16 06:35:00 | [INFO]     n_pa: 95 --> 95
2025-09-16 06:35:09 | [INFO] Final adata size: (6273332, 62710)
2025-09-16 06:35:09 | [INFO] Build pseudobulk
2025-09-16 09:18:28 | [INFO] Process pseudobulk
2025-09-16 09:18:41 | [INFO] Save data to ./data/tahoe/pseudobulk_to_merge/full/plate14.h5ad
