2025-09-14 20:09:18 | [INFO] Read data from ./data/tahoe/raw/plate3.h5ad
2025-09-14 20:12:44 | [INFO] Read data from ./data/tahoe/raw/plate3_obs.parquet
2025-09-14 20:12:53 | [INFO] Read data from ./data/tahoe/raw/var.parquet
2025-09-14 20:12:53 | [INFO] Merge datasets
2025-09-14 20:13:00 | [INFO] Standardize anndata
2025-09-14 20:13:06 | [INFO] Mapping drugs to PubChem idx
2025-09-14 20:13:09 | [INFO] Looking up 93 new perturbations on PubChem...
2025-09-14 20:14:12 | [INFO] Determine groupby fields
2025-09-14 20:14:12 | [INFO] Initial adata size: (4705402, 62710)
2025-09-14 20:14:12 | [INFO] Filter by counts
2025-09-14 20:14:24 | [INFO]     n_obs: 4705402 --> 4205352
2025-09-14 20:14:24 | [INFO]     n_var: 62710 --> 62710
2025-09-14 20:14:24 | [INFO]     n_ct: 50 --> 50
2025-09-14 20:14:24 | [INFO]     n_pa: 93 --> 93
2025-09-14 20:14:24 | [INFO] Filter by nans
2025-09-14 20:14:35 | [INFO]     n_obs: 4205352 --> 4205352
2025-09-14 20:14:35 | [INFO]     n_var: 62710 --> 62710
2025-09-14 20:14:35 | [INFO]     n_ct: 50 --> 50
2025-09-14 20:14:35 | [INFO]     n_pa: 93 --> 93
2025-09-14 20:14:35 | [INFO] Filter by humanMALAT1
2025-09-14 20:15:07 | [INFO]     n_obs: 4205352 --> 4195473
2025-09-14 20:15:07 | [INFO]     n_var: 62710 --> 62710
2025-09-14 20:15:07 | [INFO]     n_ct: 50 --> 50
2025-09-14 20:15:07 | [INFO]     n_pa: 93 --> 93
2025-09-14 20:15:12 | [INFO] Final adata size: (4195473, 62710)
2025-09-14 20:15:12 | [INFO] Build pseudobulk
2025-09-14 21:45:53 | [INFO] Process pseudobulk
2025-09-14 21:46:04 | [INFO] Save data to ./data/tahoe/pseudobulk_to_merge/full/plate3.h5ad
