2025-09-12 22:18:32 | [INFO] Read data from ./data/tahoe/raw/plate4_subsample.h5ad
2025-09-12 22:18:32 | [INFO] Read data from ./data/tahoe/raw/plate4_obs.parquet
2025-09-12 22:18:42 | [INFO] Read data from ./data/tahoe/raw/var.parquet
2025-09-12 22:18:42 | [INFO] Merge datasets
2025-09-12 22:18:54 | [INFO] Standardize anndata
2025-09-12 22:18:54 | [INFO] Mapping drugs to PubChem idx
2025-09-12 22:18:54 | [INFO] Looking up 95 new perturbations on PubChem...
2025-09-12 22:19:39 | [INFO] Determine groupby fields
2025-09-12 22:19:39 | [INFO] Initial adata size: (5000, 62710)
2025-09-12 22:19:39 | [INFO] Filter by counts
2025-09-12 22:19:39 | [INFO]     n_obs: 5000 --> 4809
2025-09-12 22:19:39 | [INFO]     n_var: 62710 --> 62710
2025-09-12 22:19:39 | [INFO]     n_ct: 50 --> 49
2025-09-12 22:19:39 | [INFO]     n_pa: 95 --> 95
2025-09-12 22:19:39 | [INFO] Filter by nans
2025-09-12 22:19:39 | [INFO]     n_obs: 4809 --> 4809
2025-09-12 22:19:39 | [INFO]     n_var: 62710 --> 62710
2025-09-12 22:19:39 | [INFO]     n_ct: 49 --> 49
2025-09-12 22:19:39 | [INFO]     n_pa: 95 --> 95
2025-09-12 22:19:39 | [INFO] Filter by humanMALAT1
2025-09-12 22:19:39 | [INFO]     n_obs: 4809 --> 4807
2025-09-12 22:19:39 | [INFO]     n_var: 62710 --> 62710
2025-09-12 22:19:39 | [INFO]     n_ct: 49 --> 49
2025-09-12 22:19:39 | [INFO]     n_pa: 95 --> 95
2025-09-12 22:19:39 | [INFO] Final adata size: (4807, 62710)
2025-09-12 22:19:39 | [INFO] Build pseudobulk
2025-09-12 22:19:54 | [INFO] Process pseudobulk
2025-09-12 22:19:57 | [INFO] Save data to ./data/tahoe/pseudobulk_to_merge/subsample/plate4_subsample.h5ad
