
DE analysis started...
Loaded input file:  ./data/sciplex/pseudobulk_processed/sep_rep/by_celltype/CVCL_0031_processed.h5ad 
Initial dimensions:  1529  samples ×  58302  genes
Filter samples with the low number of cells
    Filter threshold (min_cells):  50 
    n_obs:  1529 -->  1318 

▶︎ Processing cell_type  1 / 1 :  CVCL_0031 
    Filter controls by  pert_time_h  column
        n_obs:  1318 -->  1318 

Coefficients not estimable: plateplate19 plateplate22 
Coefficients not estimable: plateplate19 plateplate22 
    Running contrast 1/1290
    Running contrast 6/1290
    Running contrast 11/1290
    Running contrast 16/1290
    Running contrast 21/1290
    Running contrast 26/1290
    Running contrast 31/1290
    Running contrast 36/1290
    Running contrast 41/1290
    Running contrast 46/1290
    Running contrast 51/1290
    Running contrast 56/1290
    Running contrast 61/1290
    Running contrast 66/1290
    Running contrast 71/1290
    Running contrast 76/1290
    Running contrast 81/1290
    Running contrast 86/1290
    Running contrast 91/1290
    Running contrast 96/1290
    Running contrast 101/1290
    Running contrast 106/1290
    Running contrast 111/1290
    Running contrast 116/1290
    Running contrast 121/1290
    Running contrast 126/1290
    Running contrast 131/1290
    Running contrast 136/1290
    Running contrast 141/1290
    Running contrast 146/1290
    Running contrast 151/1290
    Running contrast 156/1290
    Running contrast 161/1290
    Running contrast 166/1290
    Running contrast 171/1290
    Running contrast 176/1290
    Running contrast 181/1290
    Running contrast 186/1290
    Running contrast 191/1290
    Running contrast 196/1290
    Running contrast 201/1290
    Running contrast 206/1290
    Running contrast 211/1290
    Running contrast 216/1290
    Running contrast 221/1290
    Running contrast 226/1290
    Running contrast 231/1290
    Running contrast 236/1290
    Running contrast 241/1290
    Running contrast 246/1290
    Running contrast 251/1290
    Running contrast 256/1290
    Running contrast 261/1290
    Running contrast 266/1290
    Running contrast 271/1290
    Running contrast 276/1290
    Running contrast 281/1290
    Running contrast 286/1290
    Running contrast 291/1290
    Running contrast 296/1290
    Running contrast 301/1290
    Running contrast 306/1290
    Running contrast 311/1290
    Running contrast 316/1290
    Running contrast 321/1290
    Running contrast 326/1290
    Running contrast 331/1290
    Running contrast 336/1290
    Running contrast 341/1290
    Running contrast 346/1290
    Running contrast 351/1290
    Running contrast 356/1290
    Running contrast 361/1290
    Running contrast 366/1290
    Running contrast 371/1290
    Running contrast 376/1290
    Running contrast 381/1290
    Running contrast 386/1290
    Running contrast 391/1290
    Running contrast 396/1290
    Running contrast 401/1290
    Running contrast 406/1290
    Running contrast 411/1290
    Running contrast 416/1290
    Running contrast 421/1290
    Running contrast 426/1290
    Running contrast 431/1290
    Running contrast 436/1290
    Running contrast 441/1290
    Running contrast 446/1290
    Running contrast 451/1290
    Running contrast 456/1290
    Running contrast 461/1290
    Running contrast 466/1290
    Running contrast 471/1290
    Running contrast 476/1290
    Running contrast 481/1290
    Running contrast 486/1290
    Running contrast 491/1290
    Running contrast 496/1290
    Running contrast 501/1290
    Running contrast 506/1290
    Running contrast 511/1290
    Running contrast 516/1290
    Running contrast 521/1290
    Running contrast 526/1290
    Running contrast 531/1290
    Running contrast 536/1290
    Running contrast 541/1290
    Running contrast 546/1290
    Running contrast 551/1290
    Running contrast 556/1290
    Running contrast 561/1290
    Running contrast 566/1290
    Running contrast 571/1290
    Running contrast 576/1290
    Running contrast 581/1290
    Running contrast 586/1290
    Running contrast 591/1290
    Running contrast 596/1290
    Running contrast 601/1290
    Running contrast 606/1290
    Running contrast 611/1290
    Running contrast 616/1290
    Running contrast 621/1290
    Running contrast 626/1290
    Running contrast 631/1290
    Running contrast 636/1290
    Running contrast 641/1290
    Running contrast 646/1290
    Running contrast 651/1290
    Running contrast 656/1290
    Running contrast 661/1290
    Running contrast 666/1290
    Running contrast 671/1290
    Running contrast 676/1290
    Running contrast 681/1290
    Running contrast 686/1290
    Running contrast 691/1290
    Running contrast 696/1290
    Running contrast 701/1290
    Running contrast 706/1290
    Running contrast 711/1290
    Running contrast 716/1290
    Running contrast 721/1290
    Running contrast 726/1290
    Running contrast 731/1290
    Running contrast 736/1290
    Running contrast 741/1290
    Running contrast 746/1290
    Running contrast 751/1290
    Running contrast 756/1290
    Running contrast 761/1290
    Running contrast 766/1290
    Running contrast 771/1290
    Running contrast 776/1290
    Running contrast 781/1290
    Running contrast 786/1290
    Running contrast 791/1290
    Running contrast 796/1290
    Running contrast 801/1290
    Running contrast 806/1290
    Running contrast 811/1290
    Running contrast 816/1290
    Running contrast 821/1290
    Running contrast 826/1290
    Running contrast 831/1290
    Running contrast 836/1290
    Running contrast 841/1290
    Running contrast 846/1290
    Running contrast 851/1290
    Running contrast 856/1290
    Running contrast 861/1290
    Running contrast 866/1290
    Running contrast 871/1290
    Running contrast 876/1290
    Running contrast 881/1290
    Running contrast 886/1290
    Running contrast 891/1290
    Running contrast 896/1290
    Running contrast 901/1290
    Running contrast 906/1290
    Running contrast 911/1290
    Running contrast 916/1290
    Running contrast 921/1290
    Running contrast 926/1290
    Running contrast 931/1290
    Running contrast 936/1290
    Running contrast 941/1290
    Running contrast 946/1290
    Running contrast 951/1290
    Running contrast 956/1290
    Running contrast 961/1290
    Running contrast 966/1290
    Running contrast 971/1290
    Running contrast 976/1290
    Running contrast 981/1290
    Running contrast 986/1290
    Running contrast 991/1290
    Running contrast 996/1290
    Running contrast 1001/1290
    Running contrast 1006/1290
    Running contrast 1011/1290
    Running contrast 1016/1290
    Running contrast 1021/1290
    Running contrast 1026/1290
    Running contrast 1031/1290
    Running contrast 1036/1290
    Running contrast 1041/1290
    Running contrast 1046/1290
    Running contrast 1051/1290
    Running contrast 1056/1290
    Running contrast 1061/1290
    Running contrast 1066/1290
    Running contrast 1071/1290
    Running contrast 1076/1290
    Running contrast 1081/1290
    Running contrast 1086/1290
    Running contrast 1091/1290
    Running contrast 1096/1290
    Running contrast 1101/1290
    Running contrast 1106/1290
    Running contrast 1111/1290
    Running contrast 1116/1290
    Running contrast 1121/1290
    Running contrast 1126/1290
    Running contrast 1131/1290
    Running contrast 1136/1290
    Running contrast 1141/1290
    Running contrast 1146/1290
    Running contrast 1151/1290
    Running contrast 1156/1290
    Running contrast 1161/1290
    Running contrast 1166/1290
    Running contrast 1171/1290
    Running contrast 1176/1290
    Running contrast 1181/1290
    Running contrast 1186/1290
    Running contrast 1191/1290
    Running contrast 1196/1290
    Running contrast 1201/1290
    Running contrast 1206/1290
    Running contrast 1211/1290
    Running contrast 1216/1290
    Running contrast 1221/1290
    Running contrast 1226/1290
    Running contrast 1231/1290
    Running contrast 1236/1290
    Running contrast 1241/1290
    Running contrast 1246/1290
    Running contrast 1251/1290
    Running contrast 1256/1290
    Running contrast 1261/1290
    Running contrast 1266/1290
    Running contrast 1271/1290
    Running contrast 1276/1290
    Running contrast 1281/1290
    Running contrast 1286/1290
    Running contrast 1290/1290

    Writing:  ./data/sciplex/deg_data/sep_rep/full/qc_false/filter_min_cells_50/CVCL_0031_de.h5ad 

    Rewriting h5ad file: ./data/sciplex/deg_data/sep_rep/full/qc_false/filter_min_cells_50/CVCL_0031_de.h5ad 
    Removed X matrix
    Rewriting h5ad file is done!
✓ Cell line completed in 4843.3 seconds

DE analysis completed!

Total runtime: 4860.2 seconds
