
DE analysis started...
Loaded input file:  ./data/sciplex/pseudobulk_processed/sep_rep/by_celltype/CVCL_0004_processed.h5ad 
Initial dimensions:  1535  samples ×  58302  genes
Filter samples with the low number of cells
    Filter threshold (min_cells):  50 
    n_obs:  1535 -->  948 

▶︎ Processing cell_type  1 / 1 :  CVCL_0004 
    Filter controls by  pert_time_h  column
        n_obs:  948 -->  948 

Coefficients not estimable: plateplate28 
Coefficients not estimable: plateplate28 
    Running contrast 1/921
    Running contrast 6/921
    Running contrast 11/921
    Running contrast 16/921
    Running contrast 21/921
    Running contrast 26/921
    Running contrast 31/921
    Running contrast 36/921
    Running contrast 41/921
    Running contrast 46/921
    Running contrast 51/921
    Running contrast 56/921
    Running contrast 61/921
    Running contrast 66/921
    Running contrast 71/921
    Running contrast 76/921
    Running contrast 81/921
    Running contrast 86/921
    Running contrast 91/921
    Running contrast 96/921
    Running contrast 101/921
    Running contrast 106/921
    Running contrast 111/921
    Running contrast 116/921
    Running contrast 121/921
    Running contrast 126/921
    Running contrast 131/921
    Running contrast 136/921
    Running contrast 141/921
    Running contrast 146/921
    Running contrast 151/921
    Running contrast 156/921
    Running contrast 161/921
    Running contrast 166/921
    Running contrast 171/921
    Running contrast 176/921
    Running contrast 181/921
    Running contrast 186/921
    Running contrast 191/921
    Running contrast 196/921
    Running contrast 201/921
    Running contrast 206/921
    Running contrast 211/921
    Running contrast 216/921
    Running contrast 221/921
    Running contrast 226/921
    Running contrast 231/921
    Running contrast 236/921
    Running contrast 241/921
    Running contrast 246/921
    Running contrast 251/921
    Running contrast 256/921
    Running contrast 261/921
    Running contrast 266/921
    Running contrast 271/921
    Running contrast 276/921
    Running contrast 281/921
    Running contrast 286/921
    Running contrast 291/921
    Running contrast 296/921
    Running contrast 301/921
    Running contrast 306/921
    Running contrast 311/921
    Running contrast 316/921
    Running contrast 321/921
    Running contrast 326/921
    Running contrast 331/921
    Running contrast 336/921
    Running contrast 341/921
    Running contrast 346/921
    Running contrast 351/921
    Running contrast 356/921
    Running contrast 361/921
    Running contrast 366/921
    Running contrast 371/921
    Running contrast 376/921
    Running contrast 381/921
    Running contrast 386/921
    Running contrast 391/921
    Running contrast 396/921
    Running contrast 401/921
    Running contrast 406/921
    Running contrast 411/921
    Running contrast 416/921
    Running contrast 421/921
    Running contrast 426/921
    Running contrast 431/921
    Running contrast 436/921
    Running contrast 441/921
    Running contrast 446/921
    Running contrast 451/921
    Running contrast 456/921
    Running contrast 461/921
    Running contrast 466/921
    Running contrast 471/921
    Running contrast 476/921
    Running contrast 481/921
    Running contrast 486/921
    Running contrast 491/921
    Running contrast 496/921
    Running contrast 501/921
    Running contrast 506/921
    Running contrast 511/921
    Running contrast 516/921
    Running contrast 521/921
    Running contrast 526/921
    Running contrast 531/921
    Running contrast 536/921
    Running contrast 541/921
    Running contrast 546/921
    Running contrast 551/921
    Running contrast 556/921
    Running contrast 561/921
    Running contrast 566/921
    Running contrast 571/921
    Running contrast 576/921
    Running contrast 581/921
    Running contrast 586/921
    Running contrast 591/921
    Running contrast 596/921
    Running contrast 601/921
    Running contrast 606/921
    Running contrast 611/921
    Running contrast 616/921
    Running contrast 621/921
    Running contrast 626/921
    Running contrast 631/921
    Running contrast 636/921
    Running contrast 641/921
    Running contrast 646/921
    Running contrast 651/921
    Running contrast 656/921
    Running contrast 661/921
    Running contrast 666/921
    Running contrast 671/921
    Running contrast 676/921
    Running contrast 681/921
    Running contrast 686/921
    Running contrast 691/921
    Running contrast 696/921
    Running contrast 701/921
    Running contrast 706/921
    Running contrast 711/921
    Running contrast 716/921
    Running contrast 721/921
    Running contrast 726/921
    Running contrast 731/921
    Running contrast 736/921
    Running contrast 741/921
    Running contrast 746/921
    Running contrast 751/921
    Running contrast 756/921
    Running contrast 761/921
    Running contrast 766/921
    Running contrast 771/921
    Running contrast 776/921
    Running contrast 781/921
    Running contrast 786/921
    Running contrast 791/921
    Running contrast 796/921
    Running contrast 801/921
    Running contrast 806/921
    Running contrast 811/921
    Running contrast 816/921
    Running contrast 821/921
    Running contrast 826/921
    Running contrast 831/921
    Running contrast 836/921
    Running contrast 841/921
    Running contrast 846/921
    Running contrast 851/921
    Running contrast 856/921
    Running contrast 861/921
    Running contrast 866/921
    Running contrast 871/921
    Running contrast 876/921
    Running contrast 881/921
    Running contrast 886/921
    Running contrast 891/921
    Running contrast 896/921
    Running contrast 901/921
    Running contrast 906/921
    Running contrast 911/921
    Running contrast 916/921
    Running contrast 921/921

    Writing:  ./data/sciplex/deg_data/sep_rep/full/qc_false/filter_min_cells_50/CVCL_0004_de.h5ad 

    Rewriting h5ad file: ./data/sciplex/deg_data/sep_rep/full/qc_false/filter_min_cells_50/CVCL_0004_de.h5ad 
    Removed X matrix
    Rewriting h5ad file is done!
✓ Cell line completed in 1550.2 seconds

DE analysis completed!

Total runtime: 1565.3 seconds
