2025-09-12 22:21:14 | [INFO] Read data from ./data/tahoe/raw/plate7_subsample.h5ad
2025-09-12 22:21:14 | [INFO] Read data from ./data/tahoe/raw/plate7_obs.parquet
2025-09-12 22:21:22 | [INFO] Read data from ./data/tahoe/raw/var.parquet
2025-09-12 22:21:22 | [INFO] Merge datasets
2025-09-12 22:21:29 | [INFO] Standardize anndata
2025-09-12 22:21:29 | [INFO] Mapping drugs to PubChem idx
2025-09-12 22:21:29 | [INFO] Looking up 94 new perturbations on PubChem...
2025-09-12 22:22:20 | [INFO] Determine groupby fields
2025-09-12 22:22:20 | [INFO] Initial adata size: (5000, 62710)
2025-09-12 22:22:20 | [INFO] Filter by counts
2025-09-12 22:22:20 | [INFO]     n_obs: 5000 --> 4620
2025-09-12 22:22:20 | [INFO]     n_var: 62710 --> 62710
2025-09-12 22:22:20 | [INFO]     n_ct: 50 --> 50
2025-09-12 22:22:20 | [INFO]     n_pa: 94 --> 94
2025-09-12 22:22:20 | [INFO] Filter by nans
2025-09-12 22:22:20 | [INFO]     n_obs: 4620 --> 4620
2025-09-12 22:22:20 | [INFO]     n_var: 62710 --> 62710
2025-09-12 22:22:20 | [INFO]     n_ct: 50 --> 50
2025-09-12 22:22:20 | [INFO]     n_pa: 94 --> 94
2025-09-12 22:22:20 | [INFO] Filter by humanMALAT1
2025-09-12 22:22:20 | [INFO]     n_obs: 4620 --> 4610
2025-09-12 22:22:20 | [INFO]     n_var: 62710 --> 62710
2025-09-12 22:22:20 | [INFO]     n_ct: 50 --> 50
2025-09-12 22:22:20 | [INFO]     n_pa: 94 --> 94
2025-09-12 22:22:20 | [INFO] Final adata size: (4610, 62710)
2025-09-12 22:22:20 | [INFO] Build pseudobulk
2025-09-12 22:22:32 | [INFO] Process pseudobulk
2025-09-12 22:22:34 | [INFO] Save data to ./data/tahoe/pseudobulk_to_merge/subsample/plate7_subsample.h5ad
