enrich_dilimap_train.PID3117261.out:> DEG directory (scan *_de.h5ad): ./data/dilimap_train/deg_data/sep_rep/full/qc_false/filter_min_cells_0/results/
enrich_dilimap_train.PID3117261.out:> Reference pseudobulk: ./data/dilimap_train/pseudobulk_processed/sep_rep/dilimap_train_assembled_processed.h5ad
enrich_dilimap_train.PID3117261.out:> Submitting Slurm job (sbatch -W) enrich_pseudobulk_var
enrich_dilimap_train.PID3117261.out:> Slurm logs: /home/icb/olga.novitskaia/op3_v2_dili/logs/dilimap_train/full/enrich_pseudobulk_var/enrich_dilimap_train.%j.out / /home/icb/olga.novitskaia/op3_v2_dili/logs/dilimap_train/full/enrich_pseudobulk_var/enrich_dilimap_train.%j.err
enrich_dilimap_train.PID3117261.out:Submitted batch job 35316880
enrich_dilimap_train.PID3117261.out:> enrich_pseudobulk_var Slurm job finished
enrich_dilimap_train.PID3143168.out:> DEG directory (scan *_de.h5ad): ./data/dilimap_train/deg_data/group_rep/full/qc_false/filter_min_cells_0/results/
enrich_dilimap_train.PID3143168.out:> Reference pseudobulk: ./data/dilimap_train/pseudobulk_processed/group_rep/dilimap_train_assembled_processed.h5ad
enrich_dilimap_train.PID3143168.out:> Submitting Slurm job (sbatch -W) enrich_pseudobulk_var
enrich_dilimap_train.PID3143168.out:> Slurm logs: /home/icb/olga.novitskaia/op3_v2_dili/logs/dilimap_train/full/enrich_pseudobulk_var/enrich_dilimap_train.%j.out / /home/icb/olga.novitskaia/op3_v2_dili/logs/dilimap_train/full/enrich_pseudobulk_var/enrich_dilimap_train.%j.err
enrich_dilimap_train.PID3143168.out:Submitted batch job 35316879
enrich_dilimap_train.PID3143168.out:> enrich_pseudobulk_var Slurm job finished
enrich_dilimap_train.35316879.out:2026-04-18 22:21:06 | [INFO] DEG directory (scan *_de.h5ad): /ictstr01/home/icb/olga.novitskaia/op3_v2_dili/data/dilimap_train/deg_data/group_rep/full/qc_false/filter_min_cells_0/results
enrich_dilimap_train.35316879.out:2026-04-18 22:21:06 | [INFO] Reference pseudobulk: /ictstr01/home/icb/olga.novitskaia/op3_v2_dili/data/dilimap_train/pseudobulk_processed/group_rep/dilimap_train_assembled_processed.h5ad
enrich_dilimap_train.35316879.out:2026-04-18 22:21:35 | [INFO] Enrich /ictstr01/home/icb/olga.novitskaia/op3_v2_dili/data/dilimap_train/deg_data/group_rep/full/qc_false/filter_min_cells_0/results/CL_0000182_de.h5ad
enrich_dilimap_train.35316879.out:2026-04-18 22:23:08 | [INFO]     Rewriting h5ad file: /ictstr01/home/icb/olga.novitskaia/op3_v2_dili/data/dilimap_train/deg_data/group_rep/full/qc_false/filter_min_cells_0/results/CL_0000182_de.h5ad
enrich_dilimap_train.35316879.out:2026-04-18 22:23:08 | [INFO]     Removed X matrix
enrich_dilimap_train.35316879.out:2026-04-18 22:23:08 | [INFO]     Rewriting h5ad file is done!
enrich_dilimap_train.35316879.out:2026-04-18 22:23:08 | [INFO] Done: scanned=1, need_enrichment=1, written=1 (dry_run=False)
enrich_dilimap_train.35316879.err:/ictstr01/home/icb/olga.novitskaia/venv/lib/python3.12/site-packages/anndata/_core/anndata.py:1774: UserWarning: Observation names are not unique. To make them unique, call `.obs_names_make_unique`.
enrich_dilimap_train.35316879.err:  utils.warn_names_duplicates("obs")
enrich_dilimap_train.35316879.err:/ictstr01/home/icb/olga.novitskaia/venv/lib/python3.12/site-packages/anndata/_core/anndata.py:1774: UserWarning: Observation names are not unique. To make them unique, call `.obs_names_make_unique`.
enrich_dilimap_train.35316879.err:  utils.warn_names_duplicates("obs")
enrich_dilimap_train.35316880.out:2026-04-18 22:21:06 | [INFO] DEG directory (scan *_de.h5ad): /ictstr01/home/icb/olga.novitskaia/op3_v2_dili/data/dilimap_train/deg_data/sep_rep/full/qc_false/filter_min_cells_0/results
enrich_dilimap_train.35316880.out:2026-04-18 22:21:06 | [INFO] Reference pseudobulk: /ictstr01/home/icb/olga.novitskaia/op3_v2_dili/data/dilimap_train/pseudobulk_processed/sep_rep/dilimap_train_assembled_processed.h5ad
enrich_dilimap_train.35316880.out:2026-04-18 22:22:24 | [INFO] Enrich /ictstr01/home/icb/olga.novitskaia/op3_v2_dili/data/dilimap_train/deg_data/sep_rep/full/qc_false/filter_min_cells_0/results/CL_0000182_de.h5ad
enrich_dilimap_train.35316880.out:2026-04-18 22:27:04 | [INFO]     Rewriting h5ad file: /ictstr01/home/icb/olga.novitskaia/op3_v2_dili/data/dilimap_train/deg_data/sep_rep/full/qc_false/filter_min_cells_0/results/CL_0000182_de.h5ad
enrich_dilimap_train.35316880.out:2026-04-18 22:27:04 | [INFO]     Removed X matrix
enrich_dilimap_train.35316880.out:2026-04-18 22:27:04 | [INFO]     Rewriting h5ad file is done!
enrich_dilimap_train.35316880.out:2026-04-18 22:27:04 | [INFO] Done: scanned=1, need_enrichment=1, written=1 (dry_run=False)
enrich_dilimap_train.35316880.err:/ictstr01/home/icb/olga.novitskaia/venv/lib/python3.12/site-packages/anndata/_core/anndata.py:1774: UserWarning: Observation names are not unique. To make them unique, call `.obs_names_make_unique`.
enrich_dilimap_train.35316880.err:  utils.warn_names_duplicates("obs")
enrich_dilimap_train.35316880.err:/ictstr01/home/icb/olga.novitskaia/venv/lib/python3.12/site-packages/anndata/_core/anndata.py:1774: UserWarning: Observation names are not unique. To make them unique, call `.obs_names_make_unique`.
enrich_dilimap_train.35316880.err:  utils.warn_names_duplicates("obs")
