2025-09-14 21:50:03 | [INFO] Read data from ./data/tahoe/raw/plate4.h5ad
2025-09-14 21:55:29 | [INFO] Read data from ./data/tahoe/raw/plate4_obs.parquet
2025-09-14 21:55:41 | [INFO] Read data from ./data/tahoe/raw/var.parquet
2025-09-14 21:55:41 | [INFO] Merge datasets
2025-09-14 21:55:52 | [INFO] Standardize anndata
2025-09-14 21:56:01 | [INFO] Mapping drugs to PubChem idx
2025-09-14 21:56:06 | [INFO] Looking up 95 new perturbations on PubChem...
2025-09-14 21:57:10 | [INFO] Determine groupby fields
2025-09-14 21:57:10 | [INFO] Initial adata size: (7004356, 62710)
2025-09-14 21:57:10 | [INFO] Filter by counts
2025-09-14 21:57:29 | [INFO]     n_obs: 7004356 --> 6733865
2025-09-14 21:57:29 | [INFO]     n_var: 62710 --> 62710
2025-09-14 21:57:29 | [INFO]     n_ct: 50 --> 50
2025-09-14 21:57:29 | [INFO]     n_pa: 95 --> 95
2025-09-14 21:57:29 | [INFO] Filter by nans
2025-09-14 21:57:47 | [INFO]     n_obs: 6733865 --> 6733865
2025-09-14 21:57:47 | [INFO]     n_var: 62710 --> 62710
2025-09-14 21:57:47 | [INFO]     n_ct: 50 --> 50
2025-09-14 21:57:47 | [INFO]     n_pa: 95 --> 95
2025-09-14 21:57:47 | [INFO] Filter by humanMALAT1
2025-09-14 21:58:41 | [INFO]     n_obs: 6733865 --> 6728811
2025-09-14 21:58:41 | [INFO]     n_var: 62710 --> 62710
2025-09-14 21:58:41 | [INFO]     n_ct: 50 --> 50
2025-09-14 21:58:41 | [INFO]     n_pa: 95 --> 95
2025-09-14 21:58:50 | [INFO] Final adata size: (6728811, 62710)
2025-09-14 21:58:50 | [INFO] Build pseudobulk
2025-09-15 00:29:30 | [INFO] Process pseudobulk
2025-09-15 00:29:42 | [INFO] Save data to ./data/tahoe/pseudobulk_to_merge/full/plate4.h5ad
