
DE analysis started...
Loaded input file:  ./data/sciplex/pseudobulk_processed/group_rep/by_celltype/CVCL_0023_processed.h5ad 
Initial dimensions:  1910  samples ×  58302  genes
Filter samples with the low number of cells
    Filter threshold (min_cells):  50 
    n_obs:  1910 -->  343 

▶︎ Processing cell_type  1 / 1 :  CVCL_0023 
    Filter controls by  pert_time_h  column
        n_obs:  343 -->  343 

Coefficients not estimable: plateplate33 plateplate34 plateplate35 plateplate36 plateplate37 plateplate52 
Coefficients not estimable: plateplate33 plateplate34 plateplate35 plateplate36 plateplate37 plateplate52 
    Running contrast 1/193
    Running contrast 6/193
    Running contrast 11/193
    Running contrast 16/193
    Running contrast 21/193
    Running contrast 26/193
    Running contrast 31/193
    Running contrast 36/193
    Running contrast 41/193
    Running contrast 46/193
    Running contrast 51/193
    Running contrast 56/193
    Running contrast 61/193
    Running contrast 66/193
    Running contrast 71/193
    Running contrast 76/193
    Running contrast 81/193
    Running contrast 86/193
    Running contrast 91/193
    Running contrast 96/193
    Running contrast 101/193
    Running contrast 106/193
    Running contrast 111/193
    Running contrast 116/193
    Running contrast 121/193
    Running contrast 126/193
    Running contrast 131/193
    Running contrast 136/193
    Running contrast 141/193
    Running contrast 146/193
    Running contrast 151/193
    Running contrast 156/193
    Running contrast 161/193
    Running contrast 166/193
    Running contrast 171/193
    Running contrast 176/193
    Running contrast 181/193
    Running contrast 186/193
    Running contrast 191/193
    Running contrast 193/193

    Writing:  ./data/sciplex/deg_data/group_rep/full/qc_false/filter_min_cells_50/CVCL_0023_de.h5ad 

    Rewriting h5ad file: ./data/sciplex/deg_data/group_rep/full/qc_false/filter_min_cells_50/CVCL_0023_de.h5ad 
    Removed X matrix
    Rewriting h5ad file is done!
✓ Cell line completed in 94.7 seconds

DE analysis completed!

Total runtime: 111.5 seconds
