
DE analysis started...
Loaded input file:  ./data/sciplex/pseudobulk_processed/group_rep/by_celltype/CVCL_0004_processed.h5ad 
Initial dimensions:  1535  samples ×  58302  genes
Filter samples with the low number of cells
    Filter threshold (min_cells):  50 
    n_obs:  1535 -->  948 

▶︎ Processing cell_type  1 / 1 :  CVCL_0004 
    Filter controls by  pert_time_h  column
        n_obs:  948 -->  948 

    Running contrast 1/581
    Running contrast 6/581
    Running contrast 11/581
    Running contrast 16/581
    Running contrast 21/581
    Running contrast 26/581
    Running contrast 31/581
    Running contrast 36/581
    Running contrast 41/581
    Running contrast 46/581
    Running contrast 51/581
    Running contrast 56/581
    Running contrast 61/581
    Running contrast 66/581
    Running contrast 71/581
    Running contrast 76/581
    Running contrast 81/581
    Running contrast 86/581
    Running contrast 91/581
    Running contrast 96/581
    Running contrast 101/581
    Running contrast 106/581
    Running contrast 111/581
    Running contrast 116/581
    Running contrast 121/581
    Running contrast 126/581
    Running contrast 131/581
    Running contrast 136/581
    Running contrast 141/581
    Running contrast 146/581
    Running contrast 151/581
    Running contrast 156/581
    Running contrast 161/581
    Running contrast 166/581
    Running contrast 171/581
    Running contrast 176/581
    Running contrast 181/581
    Running contrast 186/581
    Running contrast 191/581
    Running contrast 196/581
    Running contrast 201/581
    Running contrast 206/581
    Running contrast 211/581
    Running contrast 216/581
    Running contrast 221/581
    Running contrast 226/581
    Running contrast 231/581
    Running contrast 236/581
    Running contrast 241/581
    Running contrast 246/581
    Running contrast 251/581
    Running contrast 256/581
    Running contrast 261/581
    Running contrast 266/581
    Running contrast 271/581
    Running contrast 276/581
    Running contrast 281/581
    Running contrast 286/581
    Running contrast 291/581
    Running contrast 296/581
    Running contrast 301/581
    Running contrast 306/581
    Running contrast 311/581
    Running contrast 316/581
    Running contrast 321/581
    Running contrast 326/581
    Running contrast 331/581
    Running contrast 336/581
    Running contrast 341/581
    Running contrast 346/581
    Running contrast 351/581
    Running contrast 356/581
    Running contrast 361/581
    Running contrast 366/581
    Running contrast 371/581
    Running contrast 376/581
    Running contrast 381/581
    Running contrast 386/581
    Running contrast 391/581
    Running contrast 396/581
    Running contrast 401/581
    Running contrast 406/581
    Running contrast 411/581
    Running contrast 416/581
    Running contrast 421/581
    Running contrast 426/581
    Running contrast 431/581
    Running contrast 436/581
    Running contrast 441/581
    Running contrast 446/581
    Running contrast 451/581
    Running contrast 456/581
    Running contrast 461/581
    Running contrast 466/581
    Running contrast 471/581
    Running contrast 476/581
    Running contrast 481/581
    Running contrast 486/581
    Running contrast 491/581
    Running contrast 496/581
    Running contrast 501/581
    Running contrast 506/581
    Running contrast 511/581
    Running contrast 516/581
    Running contrast 521/581
    Running contrast 526/581
    Running contrast 531/581
    Running contrast 536/581
    Running contrast 541/581
    Running contrast 546/581
    Running contrast 551/581
    Running contrast 556/581
    Running contrast 561/581
    Running contrast 566/581
    Running contrast 571/581
    Running contrast 576/581
    Running contrast 581/581

    Writing:  ./data/sciplex/deg_data/group_rep/full/qc_false/filter_min_cells_50/CVCL_0004_de.h5ad 

    Rewriting h5ad file: ./data/sciplex/deg_data/group_rep/full/qc_false/filter_min_cells_50/CVCL_0004_de.h5ad 
    Removed X matrix
    Rewriting h5ad file is done!
✓ Cell line completed in 641.1 seconds

DE analysis completed!

Total runtime: 657.9 seconds
