2025-12-04 13:53:07 | [INFO] Read pseudobulk file
2025-12-04 13:53:29 | [INFO] Add perturbation label
2025-12-04 13:53:42 | [INFO] Save data
2025-12-04 13:55:36 | [INFO]     Saved: ./data/l1000/pseudobulk_processed/group_rep/l1000_level3_deg_ready_landmark_processed.h5ad (699298 obs, 19813 perturbagens)
2025-12-04 13:55:36 | [INFO] Splitting into 71 cell types
2025-12-04 13:55:39 | [INFO] Splitting A375: 54903 obs, 13945 perturbation labels
2025-12-04 13:55:39 | [INFO]   After separation: 11031 perturbagens, 52707 non-control obs, 13943 non-control labels
2025-12-04 13:55:39 | [INFO]   Create batches
2025-12-04 13:57:04 | [INFO]   Pad batches
2025-12-04 13:58:30 | [INFO]   1 batches need to be padded
2025-12-04 13:58:30 | [INFO]   After padding before adding controls: 20 batches, batch sizes: ['2750 x 736', '2750 x 802', '2750 x 668', '2750 x 753', '2750 x 751', '2750 x 655', '2750 x 730', '2750 x 710', '2750 x 690', '2750 x 723', '2750 x 750', '2750 x 688', '2750 x 791', '2750 x 756', '2750 x 722', '2750 x 728', '2750 x 702', '2750 x 695', '2750 x 767', '2315 x 567']
2025-12-04 13:58:30 | [INFO]   Add controls to batches
2025-12-04 13:58:30 | [INFO]   Save batches:
2025-12-04 13:58:33 | [INFO]     Saved: ./data/l1000/pseudobulk_processed/group_rep/by_celltype/A375/A375_processed_batch_1.h5ad (4946 obs, 598 perturbagens)
2025-12-04 13:58:34 | [INFO]     Saved: ./data/l1000/pseudobulk_processed/group_rep/by_celltype/A375/A375_processed_batch_2.h5ad (4946 obs, 665 perturbagens)
2025-12-04 13:58:35 | [INFO]     Saved: ./data/l1000/pseudobulk_processed/group_rep/by_celltype/A375/A375_processed_batch_3.h5ad (4946 obs, 513 perturbagens)
2025-12-04 13:58:37 | [INFO]     Saved: ./data/l1000/pseudobulk_processed/group_rep/by_celltype/A375/A375_processed_batch_4.h5ad (4946 obs, 606 perturbagens)
2025-12-04 13:58:38 | [INFO]     Saved: ./data/l1000/pseudobulk_processed/group_rep/by_celltype/A375/A375_processed_batch_5.h5ad (4946 obs, 609 perturbagens)
2025-12-04 13:58:40 | [INFO]     Saved: ./data/l1000/pseudobulk_processed/group_rep/by_celltype/A375/A375_processed_batch_6.h5ad (4946 obs, 493 perturbagens)
2025-12-04 13:58:41 | [INFO]     Saved: ./data/l1000/pseudobulk_processed/group_rep/by_celltype/A375/A375_processed_batch_7.h5ad (4946 obs, 546 perturbagens)
2025-12-04 13:58:43 | [INFO]     Saved: ./data/l1000/pseudobulk_processed/group_rep/by_celltype/A375/A375_processed_batch_8.h5ad (4946 obs, 550 perturbagens)
2025-12-04 13:58:44 | [INFO]     Saved: ./data/l1000/pseudobulk_processed/group_rep/by_celltype/A375/A375_processed_batch_9.h5ad (4946 obs, 542 perturbagens)
2025-12-04 13:58:46 | [INFO]     Saved: ./data/l1000/pseudobulk_processed/group_rep/by_celltype/A375/A375_processed_batch_10.h5ad (4946 obs, 569 perturbagens)
2025-12-04 13:58:48 | [INFO]     Saved: ./data/l1000/pseudobulk_processed/group_rep/by_celltype/A375/A375_processed_batch_11.h5ad (4946 obs, 587 perturbagens)
2025-12-04 13:58:49 | [INFO]     Saved: ./data/l1000/pseudobulk_processed/group_rep/by_celltype/A375/A375_processed_batch_12.h5ad (4946 obs, 545 perturbagens)
2025-12-04 13:58:51 | [INFO]     Saved: ./data/l1000/pseudobulk_processed/group_rep/by_celltype/A375/A375_processed_batch_13.h5ad (4946 obs, 643 perturbagens)
2025-12-04 13:58:53 | [INFO]     Saved: ./data/l1000/pseudobulk_processed/group_rep/by_celltype/A375/A375_processed_batch_14.h5ad (4946 obs, 616 perturbagens)
2025-12-04 13:58:54 | [INFO]     Saved: ./data/l1000/pseudobulk_processed/group_rep/by_celltype/A375/A375_processed_batch_15.h5ad (4946 obs, 575 perturbagens)
2025-12-04 13:58:56 | [INFO]     Saved: ./data/l1000/pseudobulk_processed/group_rep/by_celltype/A375/A375_processed_batch_16.h5ad (4946 obs, 570 perturbagens)
2025-12-04 13:58:57 | [INFO]     Saved: ./data/l1000/pseudobulk_processed/group_rep/by_celltype/A375/A375_processed_batch_17.h5ad (4946 obs, 551 perturbagens)
2025-12-04 13:58:59 | [INFO]     Saved: ./data/l1000/pseudobulk_processed/group_rep/by_celltype/A375/A375_processed_batch_18.h5ad (4946 obs, 555 perturbagens)
2025-12-04 13:59:00 | [INFO]     Saved: ./data/l1000/pseudobulk_processed/group_rep/by_celltype/A375/A375_processed_batch_19.h5ad (4946 obs, 610 perturbagens)
2025-12-04 13:59:02 | [INFO]     Saved: ./data/l1000/pseudobulk_processed/group_rep/by_celltype/A375/A375_processed_batch_20.h5ad (4511 obs, 427 perturbagens)
2025-12-04 13:59:02 | [INFO] Splitting A375 is done
