2025-09-15 13:39:19 | [INFO] Read data from ./data/tahoe/raw/plate10.h5ad
2025-09-15 13:45:36 | [INFO] Read data from ./data/tahoe/raw/plate10_obs.parquet
2025-09-15 13:45:50 | [INFO] Read data from ./data/tahoe/raw/var.parquet
2025-09-15 13:45:50 | [INFO] Merge datasets
2025-09-15 13:46:03 | [INFO] Standardize anndata
2025-09-15 13:46:15 | [INFO] Mapping drugs to PubChem idx
2025-09-15 13:46:20 | [INFO] Looking up 95 new perturbations on PubChem...
2025-09-15 13:47:25 | [INFO] Determine groupby fields
2025-09-15 13:47:25 | [INFO] Initial adata size: (8044908, 62710)
2025-09-15 13:47:25 | [INFO] Filter by counts
2025-09-15 13:47:48 | [INFO]     n_obs: 8044908 --> 7818017
2025-09-15 13:47:48 | [INFO]     n_var: 62710 --> 62710
2025-09-15 13:47:48 | [INFO]     n_ct: 50 --> 50
2025-09-15 13:47:48 | [INFO]     n_pa: 95 --> 95
2025-09-15 13:47:48 | [INFO] Filter by nans
2025-09-15 13:48:09 | [INFO]     n_obs: 7818017 --> 7818017
2025-09-15 13:48:09 | [INFO]     n_var: 62710 --> 62710
2025-09-15 13:48:09 | [INFO]     n_ct: 50 --> 50
2025-09-15 13:48:09 | [INFO]     n_pa: 95 --> 95
2025-09-15 13:48:09 | [INFO] Filter by humanMALAT1
2025-09-15 13:49:10 | [INFO]     n_obs: 7818017 --> 7804836
2025-09-15 13:49:10 | [INFO]     n_var: 62710 --> 62710
2025-09-15 13:49:10 | [INFO]     n_ct: 50 --> 50
2025-09-15 13:49:10 | [INFO]     n_pa: 95 --> 95
2025-09-15 13:49:20 | [INFO] Final adata size: (7804836, 62710)
2025-09-15 13:49:20 | [INFO] Build pseudobulk
2025-09-15 17:28:27 | [INFO] Process pseudobulk
2025-09-15 17:28:40 | [INFO] Save data to ./data/tahoe/pseudobulk_to_merge/full/plate10.h5ad
