deg_vcpi_0002.PID1384929.out:> Do not filter samples that did not pass quality control
deg_vcpi_0002.PID1384929.out:> Work with a full version
deg_vcpi_0002.PID1384929.out:> Mode: PARALLEL BY CELL TYPE (array jobs per cell type)
deg_vcpi_0002.PID1384929.out:> Dataset is not normalized, running normalization steps
deg_vcpi_0002.PID1384929.out:> Using config: ./pipelines/vcpi_0002/configs/deg/config.json
deg_vcpi_0002.PID1384929.out:> Preprocess pseudobulk with parameter: group_all_replicates
deg_vcpi_0002.PID1384929.out:> Running preprocessing pseudobulk
deg_vcpi_0002.PID1384929.out:Submitted batch job 35128399
deg_vcpi_0002.PID1384929.out:> Preprocessing completed
deg_vcpi_0002.PID1384929.out:> Starting DGE analysis with parameter: group_all_replicates
deg_vcpi_0002.PID1384929.out:  Found 8 file(s) to process
deg_vcpi_0002.PID1384929.out:
deg_vcpi_0002.PID1384929.out:============================================
deg_vcpi_0002.PID1384929.out:DGE ANALYSIS
deg_vcpi_0002.PID1384929.out:============================================
deg_vcpi_0002.PID1384929.out:  Processing 8 file(s)...
deg_vcpi_0002.PID1384929.out:
deg_vcpi_0002.PID1384929.out:
deg_vcpi_0002.PID1384929.out:============================================
deg_vcpi_0002.PID1384929.out:DEG ANALYSIS: Array Job Mode
deg_vcpi_0002.PID1384929.out:============================================
deg_vcpi_0002.PID1384929.out:  Processing 8 file(s) with array job...
deg_vcpi_0002.PID1384929.out:  Submitting array job [8 jobs, max 50 concurrent]...
deg_vcpi_0002.PID1384929.out:Submitted batch job 35128406
deg_vcpi_0002.PID1384929.out:> DEG array job completed
deg_vcpi_0002.PID1384929.out:
deg_vcpi_0002.PID1384929.out:============================================
deg_vcpi_0002.PID1384929.out:AGGREGATING BATCH FILES
deg_vcpi_0002.PID1384929.out:============================================
deg_vcpi_0002.PID1384929.out:  Found files in ./data/vcpi_0002/deg_data/group_rep/full/qc_false/filter_min_cells_0/intermediate and results directory is empty
deg_vcpi_0002.PID1384929.out:  Aggregating batch files from intermediate/ to results/...
deg_vcpi_0002.PID1384929.out:  Running aggregation...
deg_vcpi_0002.PID1384929.out:Submitted batch job 35129045
deg_vcpi_0002.PID1384929.out:> Aggregation completed
deg_vcpi_0002.PID1384929.out:
deg_vcpi_0002.PID1384929.out:============================================
deg_vcpi_0002.PID1384929.out:DGE PIPELINE COMPLETED
deg_vcpi_0002.PID1384929.out:============================================
deg_vcpi_0002.PID1384929.out:  Results saved to: ./data/vcpi_0002/deg_data/group_rep/full/qc_false/filter_min_cells_0
deg_vcpi_0002.PID1384929.out:    - intermediate/ for separate files
deg_vcpi_0002.PID1384929.out:    - results/ for combined
deg_vcpi_0002.PID1384929.out:
deg_vcpi_0002.PID1384929.out:> DGE pipeline is finished
deg_vcpi_0002.PID1384929.out:> Cleaning up temporary files...
deg_vcpi_0002.PID1384929.out:> Cleanup complete
deg_processing_pseudobulk.35128399.out:2026-04-13 01:20:35 | [INFO] Read pseudobulk file
deg_processing_pseudobulk.35128399.out:2026-04-13 01:20:48 | [INFO] Dataset "vcpi_0002" specified but no processing_functions configured, skipping
deg_processing_pseudobulk.35128399.out:2026-04-13 01:20:48 | [INFO] Map ensembl IDs to current/replacement IDs
deg_processing_pseudobulk.35128399.out:2026-04-13 01:20:48 | [INFO] Mapping Ensembl IDs to current/replacement IDs
deg_processing_pseudobulk.35128399.out:2026-04-13 01:20:48 | [INFO]   Found 78686 genes with Ensembl IDs in var.index
deg_processing_pseudobulk.35128399.out:2026-04-13 01:20:48 | [INFO] Processing 78686 IDs in 79 queries
deg_processing_pseudobulk.35128399.out:2026-04-13 01:20:48 | [INFO]   Query 1/79: processing 1000 IDs
deg_processing_pseudobulk.35128399.out:2026-04-13 01:20:49 | [INFO]   Query 2/79: processing 1000 IDs
deg_processing_pseudobulk.35128399.out:2026-04-13 01:20:51 | [INFO]   Query 3/79: processing 1000 IDs
deg_processing_pseudobulk.35128399.out:2026-04-13 01:20:53 | [INFO]   Query 4/79: processing 1000 IDs
deg_processing_pseudobulk.35128399.out:2026-04-13 01:20:55 | [INFO]   Query 5/79: processing 1000 IDs
deg_processing_pseudobulk.35128399.out:2026-04-13 01:20:57 | [INFO]   Query 6/79: processing 1000 IDs
deg_processing_pseudobulk.35128399.out:2026-04-13 01:20:59 | [INFO]   Query 7/79: processing 1000 IDs
deg_processing_pseudobulk.35128399.out:2026-04-13 01:21:01 | [INFO]   Query 8/79: processing 1000 IDs
deg_processing_pseudobulk.35128399.out:2026-04-13 01:21:03 | [INFO]   Query 9/79: processing 1000 IDs
deg_processing_pseudobulk.35128399.out:2026-04-13 01:21:06 | [INFO]   Query 10/79: processing 1000 IDs
deg_processing_pseudobulk.35128399.out:2026-04-13 01:21:09 | [INFO]   Query 11/79: processing 1000 IDs
deg_processing_pseudobulk.35128399.out:2026-04-13 01:21:13 | [INFO]   Query 12/79: processing 1000 IDs
deg_processing_pseudobulk.35128399.out:2026-04-13 01:21:16 | [INFO]   Query 13/79: processing 1000 IDs
deg_processing_pseudobulk.35128399.out:2026-04-13 01:21:18 | [INFO]   Query 14/79: processing 1000 IDs
deg_processing_pseudobulk.35128399.out:2026-04-13 01:21:21 | [INFO]   Query 15/79: processing 1000 IDs
deg_processing_pseudobulk.35128399.out:2026-04-13 01:21:26 | [INFO]   Query 16/79: processing 1000 IDs
deg_processing_pseudobulk.35128399.out:2026-04-13 01:21:28 | [INFO]   Query 17/79: processing 1000 IDs
deg_processing_pseudobulk.35128399.out:2026-04-13 01:21:30 | [INFO]   Query 18/79: processing 1000 IDs
deg_processing_pseudobulk.35128399.out:2026-04-13 01:21:32 | [INFO]   Query 19/79: processing 1000 IDs
deg_processing_pseudobulk.35128399.out:2026-04-13 01:21:35 | [INFO]   Query 20/79: processing 1000 IDs
deg_processing_pseudobulk.35128399.out:2026-04-13 01:21:37 | [INFO]   Query 21/79: processing 1000 IDs
deg_processing_pseudobulk.35128399.out:2026-04-13 01:21:39 | [INFO]   Query 22/79: processing 1000 IDs
deg_processing_pseudobulk.35128399.out:2026-04-13 01:21:41 | [INFO]   Query 23/79: processing 1000 IDs
deg_processing_pseudobulk.35128399.out:2026-04-13 01:21:43 | [INFO]   Query 24/79: processing 1000 IDs
deg_processing_pseudobulk.35128399.out:2026-04-13 01:21:45 | [INFO]   Query 25/79: processing 1000 IDs
deg_processing_pseudobulk.35128399.out:2026-04-13 01:21:47 | [INFO]   Query 26/79: processing 1000 IDs
deg_processing_pseudobulk.35128399.out:2026-04-13 01:21:49 | [INFO]   Query 27/79: processing 1000 IDs
deg_processing_pseudobulk.35128399.out:2026-04-13 01:21:51 | [INFO]   Query 28/79: processing 1000 IDs
deg_processing_pseudobulk.35128399.out:2026-04-13 01:21:54 | [INFO]   Query 29/79: processing 1000 IDs
deg_processing_pseudobulk.35128399.out:2026-04-13 01:21:56 | [INFO]   Query 30/79: processing 1000 IDs
deg_processing_pseudobulk.35128399.out:2026-04-13 01:21:58 | [INFO]   Query 31/79: processing 1000 IDs
deg_processing_pseudobulk.35128399.out:2026-04-13 01:21:59 | [INFO]   Query 32/79: processing 1000 IDs
deg_processing_pseudobulk.35128399.out:2026-04-13 01:22:01 | [INFO]   Query 33/79: processing 1000 IDs
deg_processing_pseudobulk.35128399.out:2026-04-13 01:22:03 | [INFO]   Query 34/79: processing 1000 IDs
deg_processing_pseudobulk.35128399.out:2026-04-13 01:22:06 | [INFO]   Query 35/79: processing 1000 IDs
deg_processing_pseudobulk.35128399.out:2026-04-13 01:22:09 | [INFO]   Query 36/79: processing 1000 IDs
deg_processing_pseudobulk.35128399.out:2026-04-13 01:22:11 | [INFO]   Query 37/79: processing 1000 IDs
deg_processing_pseudobulk.35128399.out:2026-04-13 01:22:13 | [INFO]   Query 38/79: processing 1000 IDs
deg_processing_pseudobulk.35128399.out:2026-04-13 01:22:15 | [INFO]   Query 39/79: processing 1000 IDs
deg_processing_pseudobulk.35128399.out:2026-04-13 01:22:18 | [INFO]   Query 40/79: processing 1000 IDs
deg_processing_pseudobulk.35128399.out:2026-04-13 01:22:20 | [INFO]   Query 41/79: processing 1000 IDs
deg_processing_pseudobulk.35128399.out:2026-04-13 01:22:23 | [INFO]   Query 42/79: processing 1000 IDs
deg_processing_pseudobulk.35128399.out:2026-04-13 01:22:26 | [INFO]   Query 43/79: processing 1000 IDs
deg_processing_pseudobulk.35128399.out:2026-04-13 01:22:29 | [INFO]   Query 44/79: processing 1000 IDs
deg_processing_pseudobulk.35128399.out:2026-04-13 01:22:31 | [INFO]   Query 45/79: processing 1000 IDs
deg_processing_pseudobulk.35128399.out:2026-04-13 01:22:34 | [INFO]   Query 46/79: processing 1000 IDs
deg_processing_pseudobulk.35128399.out:2026-04-13 01:22:36 | [INFO]   Query 47/79: processing 1000 IDs
deg_processing_pseudobulk.35128399.out:2026-04-13 01:22:39 | [INFO]   Query 48/79: processing 1000 IDs
deg_processing_pseudobulk.35128399.out:2026-04-13 01:22:42 | [INFO]   Query 49/79: processing 1000 IDs
deg_processing_pseudobulk.35128399.out:2026-04-13 01:22:44 | [INFO]   Query 50/79: processing 1000 IDs
deg_processing_pseudobulk.35128399.out:2026-04-13 01:22:48 | [INFO]   Query 51/79: processing 1000 IDs
deg_processing_pseudobulk.35128399.out:2026-04-13 01:22:51 | [INFO]   Query 52/79: processing 1000 IDs
deg_processing_pseudobulk.35128399.out:2026-04-13 01:22:53 | [INFO]   Query 53/79: processing 1000 IDs
deg_processing_pseudobulk.35128399.out:2026-04-13 01:22:55 | [INFO]   Query 54/79: processing 1000 IDs
deg_processing_pseudobulk.35128399.out:2026-04-13 01:22:58 | [INFO]   Query 55/79: processing 1000 IDs
deg_processing_pseudobulk.35128399.out:2026-04-13 01:23:00 | [INFO]   Query 56/79: processing 1000 IDs
deg_processing_pseudobulk.35128399.out:2026-04-13 01:23:03 | [INFO]   Query 57/79: processing 1000 IDs
deg_processing_pseudobulk.35128399.out:2026-04-13 01:23:06 | [INFO]   Query 58/79: processing 1000 IDs
deg_processing_pseudobulk.35128399.out:2026-04-13 01:23:09 | [INFO]   Query 59/79: processing 1000 IDs
deg_processing_pseudobulk.35128399.out:2026-04-13 01:23:12 | [INFO]   Query 60/79: processing 1000 IDs
deg_processing_pseudobulk.35128399.out:2026-04-13 01:23:14 | [INFO]   Query 61/79: processing 1000 IDs
deg_processing_pseudobulk.35128399.out:2026-04-13 01:23:16 | [INFO]   Query 62/79: processing 1000 IDs
deg_processing_pseudobulk.35128399.out:2026-04-13 01:23:19 | [INFO]   Query 63/79: processing 1000 IDs
deg_processing_pseudobulk.35128399.out:2026-04-13 01:23:21 | [INFO]   Query 64/79: processing 1000 IDs
deg_processing_pseudobulk.35128399.out:2026-04-13 01:23:22 | [INFO]   Query 65/79: processing 1000 IDs
deg_processing_pseudobulk.35128399.out:2026-04-13 01:23:24 | [INFO]   Query 66/79: processing 1000 IDs
deg_processing_pseudobulk.35128399.out:2026-04-13 01:23:26 | [INFO]   Query 67/79: processing 1000 IDs
deg_processing_pseudobulk.35128399.out:2026-04-13 01:23:28 | [INFO]   Query 68/79: processing 1000 IDs
deg_processing_pseudobulk.35128399.out:2026-04-13 01:23:29 | [INFO]   Query 69/79: processing 1000 IDs
deg_processing_pseudobulk.35128399.out:2026-04-13 01:23:32 | [INFO]   Query 70/79: processing 1000 IDs
deg_processing_pseudobulk.35128399.out:2026-04-13 01:23:34 | [INFO]   Query 71/79: processing 1000 IDs
deg_processing_pseudobulk.35128399.out:2026-04-13 01:23:36 | [INFO]   Query 72/79: processing 1000 IDs
deg_processing_pseudobulk.35128399.out:2026-04-13 01:23:39 | [INFO]   Query 73/79: processing 1000 IDs
deg_processing_pseudobulk.35128399.out:2026-04-13 01:23:41 | [INFO]   Query 74/79: processing 1000 IDs
deg_processing_pseudobulk.35128399.out:2026-04-13 01:23:42 | [INFO]   Query 75/79: processing 1000 IDs
deg_processing_pseudobulk.35128399.out:2026-04-13 01:23:44 | [INFO]   Query 76/79: processing 1000 IDs
deg_processing_pseudobulk.35128399.out:2026-04-13 01:23:46 | [INFO]   Query 77/79: processing 1000 IDs
deg_processing_pseudobulk.35128399.out:2026-04-13 01:23:48 | [INFO]   Query 78/79: processing 1000 IDs
deg_processing_pseudobulk.35128399.out:2026-04-13 01:23:51 | [INFO]   Query 79/79: processing 686 IDs
deg_processing_pseudobulk.35128399.out:2026-04-13 01:23:53 | [INFO] Summary:
deg_processing_pseudobulk.35128399.out:2026-04-13 01:23:53 | [INFO]   Total results: 78686 out of 78686
deg_processing_pseudobulk.35128399.out:2026-04-13 01:23:53 | [INFO]   Current IDs: 78677
deg_processing_pseudobulk.35128399.out:2026-04-13 01:23:53 | [INFO]   Deprecated (no replacement): 2
deg_processing_pseudobulk.35128399.out:2026-04-13 01:23:53 | [INFO]   Single replacements: 7
deg_processing_pseudobulk.35128399.out:2026-04-13 01:23:53 | [INFO]   Multiple replacements: 0
deg_processing_pseudobulk.35128399.out:2026-04-13 01:23:53 | [INFO]   Unique target IDs with duplicates: 7
deg_processing_pseudobulk.35128399.out:2026-04-13 01:23:53 | [INFO]   Mapping size: 78684
deg_processing_pseudobulk.35128399.out:2026-04-13 01:23:53 | [INFO] Aggregating running...
deg_processing_pseudobulk.35128399.out:2026-04-13 01:23:53 | [INFO]   The layer containing 'psbulk_props' will be deprecated.
deg_processing_pseudobulk.35128399.out:2026-04-13 01:24:11 | [INFO]   Result: 78686 → 78677 genes (reduced by 9)
deg_processing_pseudobulk.35128399.out:2026-04-13 01:24:11 | [INFO] Check total counts
deg_processing_pseudobulk.35128399.out:2026-04-13 01:24:11 | [INFO] Total counts are greater than 0
deg_processing_pseudobulk.35128399.out:2026-04-13 01:24:11 | [INFO] Add perturbation label
deg_processing_pseudobulk.35128399.out:2026-04-13 01:24:12 | [INFO] Save data
deg_processing_pseudobulk.35128399.out:2026-04-13 01:25:19 | [INFO]   Saved: ./data/vcpi_0002/pseudobulk_processed/group_rep/file_tmp.h5ad (18197 obs, 1494 perturbagens)
deg_processing_pseudobulk.35128399.out:2026-04-13 01:25:19 | [INFO] Splitting into 1 groups by ['cell_type']
deg_processing_pseudobulk.35128399.out:2026-04-13 01:25:23 | [INFO] Splitting CVCL_0006: 18197 obs, 8958 perturbation labels
deg_processing_pseudobulk.35128399.out:2026-04-13 01:25:23 | [INFO]   After separation: 1493 perturbagens, 17791 non-control obs, 8957 non-control labels
deg_processing_pseudobulk.35128399.out:2026-04-13 01:25:23 | [INFO]   Create batches
deg_processing_pseudobulk.35128399.out:2026-04-13 01:25:56 | [INFO]   Pad batches
deg_processing_pseudobulk.35128399.out:2026-04-13 01:26:17 | [INFO]   1 batches need to be padded
deg_processing_pseudobulk.35128399.out:2026-04-13 01:26:17 | [INFO]   After padding before adding controls: 8 batches, batch sizes: ['2509 x 1266', '2504 x 1260', '2500 x 1259', '2506 x 1260', '2507 x 1260', '2504 x 1260', '2510 x 1266', '2500 x 1260']
deg_processing_pseudobulk.35128399.out:2026-04-13 01:26:17 | [INFO]   Add controls to batches
deg_processing_pseudobulk.35128399.out:2026-04-13 01:26:17 | [INFO]   Save batches:
deg_processing_pseudobulk.35128399.out:2026-04-13 01:26:28 | [INFO]   Saved: ./data/vcpi_0002/pseudobulk_processed/group_rep/tmp/CVCL_0006/CVCL_0006_processed_batch_1.h5ad (2915 obs, 212 perturbagens)
deg_processing_pseudobulk.35128399.out:2026-04-13 01:26:39 | [INFO]   Saved: ./data/vcpi_0002/pseudobulk_processed/group_rep/tmp/CVCL_0006/CVCL_0006_processed_batch_2.h5ad (2910 obs, 211 perturbagens)
deg_processing_pseudobulk.35128399.out:2026-04-13 01:26:52 | [INFO]   Saved: ./data/vcpi_0002/pseudobulk_processed/group_rep/tmp/CVCL_0006/CVCL_0006_processed_batch_3.h5ad (2906 obs, 211 perturbagens)
deg_processing_pseudobulk.35128399.out:2026-04-13 01:27:03 | [INFO]   Saved: ./data/vcpi_0002/pseudobulk_processed/group_rep/tmp/CVCL_0006/CVCL_0006_processed_batch_4.h5ad (2912 obs, 211 perturbagens)
deg_processing_pseudobulk.35128399.out:2026-04-13 01:27:14 | [INFO]   Saved: ./data/vcpi_0002/pseudobulk_processed/group_rep/tmp/CVCL_0006/CVCL_0006_processed_batch_5.h5ad (2913 obs, 211 perturbagens)
deg_processing_pseudobulk.35128399.out:2026-04-13 01:27:25 | [INFO]   Saved: ./data/vcpi_0002/pseudobulk_processed/group_rep/tmp/CVCL_0006/CVCL_0006_processed_batch_6.h5ad (2910 obs, 211 perturbagens)
deg_processing_pseudobulk.35128399.out:2026-04-13 01:27:37 | [INFO]   Saved: ./data/vcpi_0002/pseudobulk_processed/group_rep/tmp/CVCL_0006/CVCL_0006_processed_batch_7.h5ad (2916 obs, 212 perturbagens)
deg_processing_pseudobulk.35128399.out:2026-04-13 01:27:48 | [INFO]   Saved: ./data/vcpi_0002/pseudobulk_processed/group_rep/tmp/CVCL_0006/CVCL_0006_processed_batch_8.h5ad (2906 obs, 211 perturbagens)
deg_processing_pseudobulk.35128399.out:2026-04-13 01:27:48 | [INFO] Splitting CVCL_0006 is done
deg_processing_pseudobulk.35128399.out:2026-04-13 01:27:48 | [INFO] Moved temporary file ./data/vcpi_0002/pseudobulk_processed/group_rep/file_tmp.h5ad to ./data/vcpi_0002/pseudobulk_processed/group_rep/vcpi_0002_standardized_processed.h5ad
deg_processing_pseudobulk.35128399.out:2026-04-13 01:27:48 | [INFO] Moved temporary directory ./data/vcpi_0002/pseudobulk_processed/group_rep/tmp to ./data/vcpi_0002/pseudobulk_processed/group_rep/by_celltype
deg_processing_pseudobulk.35128399.err:2026-04-13 01:23:53 | [WARNING] Filtering out 2 genes that could not be mapped (deprecated with no replacement or multiple replacements)
deg_processing_pseudobulk.35128399.err:2026-04-13 01:23:53 | [WARNING] Found 7 target IDs with duplicates - will aggregate counts
deg_processing_pseudobulk.35128399.err:2026-04-13 01:25:23 | [WARNING]   Non-control n_obs (17791) exceeds 2500, creating batches
deg_processing_pseudobulk.35128399.err:2026-04-13 01:26:17 | [WARNING]   Batch 1 has only 212 perturbagens, which is below the minimum of 500
deg_processing_pseudobulk.35128399.err:2026-04-13 01:26:17 | [WARNING]   Batch 2 has only 211 perturbagens, which is below the minimum of 500
deg_processing_pseudobulk.35128399.err:2026-04-13 01:26:17 | [WARNING]   Batch 3 has only 211 perturbagens, which is below the minimum of 500
deg_processing_pseudobulk.35128399.err:2026-04-13 01:26:17 | [WARNING]   Batch 4 has only 211 perturbagens, which is below the minimum of 500
deg_processing_pseudobulk.35128399.err:2026-04-13 01:26:17 | [WARNING]   Batch 5 has only 211 perturbagens, which is below the minimum of 500
deg_processing_pseudobulk.35128399.err:2026-04-13 01:26:17 | [WARNING]   Batch 6 has only 211 perturbagens, which is below the minimum of 500
deg_processing_pseudobulk.35128399.err:2026-04-13 01:26:17 | [WARNING]   Batch 7 has only 212 perturbagens, which is below the minimum of 500
deg_processing_pseudobulk.35128399.err:2026-04-13 01:26:17 | [WARNING]   Batch 8 has only 211 perturbagens, which is below the minimum of 500
deg_analysis.35128408_0.out:
deg_analysis.35128408_0.out:DE analysis started...
deg_analysis.35128408_0.out:Loaded input file:  ./data/vcpi_0002/pseudobulk_processed/group_rep/by_celltype/CVCL_0006/CVCL_0006_processed_batch_1.h5ad
deg_analysis.35128408_0.out:Initial dimensions:  2915  samples ×  78677  genes
deg_analysis.35128408_0.out:Filter samples with the low number of cells
deg_analysis.35128408_0.out:    Filter threshold (min_cells):  0
deg_analysis.35128408_0.out:    Found  2915  samples with sentinel value (-666), keeping all
deg_analysis.35128408_0.out:    n_obs:  2915 -->  2915
deg_analysis.35128408_0.out:
deg_analysis.35128408_0.out:▶︎ Processing cell_type:  CVCL_0006
deg_analysis.35128408_0.out:    Filter controls by  pert_time_h  column
deg_analysis.35128408_0.out:        n_obs:  2915 -->  2915
deg_analysis.35128408_0.out:
deg_analysis.35128408_0.out:    Constructing design matrix...
deg_analysis.35128408_0.out:    Design matrix is constructed in 0.2 seconds
deg_analysis.35128408_0.out:    Design matrix dimensions: 2915 samples × 1317 coefficients
deg_analysis.35128408_0.out:    Filtering genes and normalizing counts...
deg_analysis.35128408_0.out:    Genes are filtered and normalized in 52.9 seconds
deg_analysis.35128408_0.out:    Running voom...
deg_analysis.35128408_0.out:    Voom is completed in 130.5 seconds
deg_analysis.35128408_0.out:    Running lmFit...
deg_analysis.35128408_0.out:    LmFit is completed in 24408.4 seconds
deg_analysis.35128408_0.out:DGE fit is completed in 24597.7 seconds
deg_analysis.35128408_0.out:    Running contrasts...
deg_analysis.35128408_0.out:    Running contrast 1/1266
deg_analysis.35128408_0.out:    Running contrast 51/1266
deg_analysis.35128408_0.out:    Running contrast 101/1266
deg_analysis.35128408_0.out:    Running contrast 151/1266
deg_analysis.35128408_0.out:    Running contrast 201/1266
deg_analysis.35128408_0.out:    Running contrast 251/1266
deg_analysis.35128408_0.out:    Running contrast 301/1266
deg_analysis.35128408_0.out:    Running contrast 351/1266
deg_analysis.35128408_0.out:    Running contrast 401/1266
deg_analysis.35128408_0.out:    Running contrast 451/1266
deg_analysis.35128408_0.out:    Running contrast 501/1266
deg_analysis.35128408_0.out:    Running contrast 551/1266
deg_analysis.35128408_0.out:    Running contrast 601/1266
deg_analysis.35128408_0.out:    Running contrast 651/1266
deg_analysis.35128408_0.out:    Running contrast 701/1266
deg_analysis.35128408_0.out:    Running contrast 751/1266
deg_analysis.35128408_0.out:    Running contrast 801/1266
deg_analysis.35128408_0.out:    Running contrast 851/1266
deg_analysis.35128408_0.out:    Running contrast 901/1266
deg_analysis.35128408_0.out:    Running contrast 951/1266
deg_analysis.35128408_0.out:    Running contrast 1001/1266
deg_analysis.35128408_0.out:    Running contrast 1051/1266
deg_analysis.35128408_0.out:    Running contrast 1101/1266
deg_analysis.35128408_0.out:    Running contrast 1151/1266
deg_analysis.35128408_0.out:    Running contrast 1201/1266
deg_analysis.35128408_0.out:    Running contrast 1251/1266
deg_analysis.35128408_0.out:    Running contrast 1266/1266
deg_analysis.35128408_0.out:Contrasts are completed in 870.2 seconds
deg_analysis.35128408_0.out:
deg_analysis.35128408_0.out:    Writing:  ./data/vcpi_0002/deg_data/group_rep/full/qc_false/filter_min_cells_0/intermediate/CVCL_0006/CVCL_0006_batch_1_de.h5ad
deg_analysis.35128408_0.out:
deg_analysis.35128408_0.out:    Rewriting h5ad file: ./data/vcpi_0002/deg_data/group_rep/full/qc_false/filter_min_cells_0/intermediate/CVCL_0006/CVCL_0006_batch_1_de.h5ad
deg_analysis.35128408_0.out:    Removed X matrix
deg_analysis.35128408_0.out:    Rewriting h5ad file is done!
deg_analysis.35128408_0.out:✓ Cell line completed in 25618.5 seconds
deg_analysis.35128408_0.out:
deg_analysis.35128408_0.out:DE analysis completed!
deg_analysis.35128408_0.out:
deg_analysis.35128408_0.out:Total runtime: 25642.2 seconds
deg_analysis.35128408_0.err:
deg_analysis.35128408_0.err:=== 1 Warnings encountered ===
deg_analysis.35128408_0.err:
deg_analysis.35128408_0.err:1. sparse->dense coercion: allocating vector of size 1.7 GiB
deg_analysis.35128409_1.out:
deg_analysis.35128409_1.out:DE analysis started...
deg_analysis.35128409_1.out:Loaded input file:  ./data/vcpi_0002/pseudobulk_processed/group_rep/by_celltype/CVCL_0006/CVCL_0006_processed_batch_2.h5ad
deg_analysis.35128409_1.out:Initial dimensions:  2910  samples ×  78677  genes
deg_analysis.35128409_1.out:Filter samples with the low number of cells
deg_analysis.35128409_1.out:    Filter threshold (min_cells):  0
deg_analysis.35128409_1.out:    Found  2910  samples with sentinel value (-666), keeping all
deg_analysis.35128409_1.out:    n_obs:  2910 -->  2910
deg_analysis.35128409_1.out:
deg_analysis.35128409_1.out:▶︎ Processing cell_type:  CVCL_0006
deg_analysis.35128409_1.out:    Filter controls by  pert_time_h  column
deg_analysis.35128409_1.out:        n_obs:  2910 -->  2910
deg_analysis.35128409_1.out:
deg_analysis.35128409_1.out:    Constructing design matrix...
deg_analysis.35128409_1.out:    Design matrix is constructed in 0.2 seconds
deg_analysis.35128409_1.out:    Design matrix dimensions: 2910 samples × 1311 coefficients
deg_analysis.35128409_1.out:    Filtering genes and normalizing counts...
deg_analysis.35128409_1.out:    Genes are filtered and normalized in 44.4 seconds
deg_analysis.35128409_1.out:    Running voom...
deg_analysis.35128409_1.out:    Voom is completed in 108.7 seconds
deg_analysis.35128409_1.out:    Running lmFit...
deg_analysis.35128409_1.out:    LmFit is completed in 17345.2 seconds
deg_analysis.35128409_1.out:DGE fit is completed in 17503.6 seconds
deg_analysis.35128409_1.out:    Running contrasts...
deg_analysis.35128409_1.out:    Running contrast 1/1260
deg_analysis.35128409_1.out:    Running contrast 51/1260
deg_analysis.35128409_1.out:    Running contrast 101/1260
deg_analysis.35128409_1.out:    Running contrast 151/1260
deg_analysis.35128409_1.out:    Running contrast 201/1260
deg_analysis.35128409_1.out:    Running contrast 251/1260
deg_analysis.35128409_1.out:    Running contrast 301/1260
deg_analysis.35128409_1.out:    Running contrast 351/1260
deg_analysis.35128409_1.out:    Running contrast 401/1260
deg_analysis.35128409_1.out:    Running contrast 451/1260
deg_analysis.35128409_1.out:    Running contrast 501/1260
deg_analysis.35128409_1.out:    Running contrast 551/1260
deg_analysis.35128409_1.out:    Running contrast 601/1260
deg_analysis.35128409_1.out:    Running contrast 651/1260
deg_analysis.35128409_1.out:    Running contrast 701/1260
deg_analysis.35128409_1.out:    Running contrast 751/1260
deg_analysis.35128409_1.out:    Running contrast 801/1260
deg_analysis.35128409_1.out:    Running contrast 851/1260
deg_analysis.35128409_1.out:    Running contrast 901/1260
deg_analysis.35128409_1.out:    Running contrast 951/1260
deg_analysis.35128409_1.out:    Running contrast 1001/1260
deg_analysis.35128409_1.out:    Running contrast 1051/1260
deg_analysis.35128409_1.out:    Running contrast 1101/1260
deg_analysis.35128409_1.out:    Running contrast 1151/1260
deg_analysis.35128409_1.out:    Running contrast 1201/1260
deg_analysis.35128409_1.out:    Running contrast 1251/1260
deg_analysis.35128409_1.out:    Running contrast 1260/1260
deg_analysis.35128409_1.out:Contrasts are completed in 774.2 seconds
deg_analysis.35128409_1.out:
deg_analysis.35128409_1.out:    Writing:  ./data/vcpi_0002/deg_data/group_rep/full/qc_false/filter_min_cells_0/intermediate/CVCL_0006/CVCL_0006_batch_2_de.h5ad
deg_analysis.35128409_1.out:
deg_analysis.35128409_1.out:    Rewriting h5ad file: ./data/vcpi_0002/deg_data/group_rep/full/qc_false/filter_min_cells_0/intermediate/CVCL_0006/CVCL_0006_batch_2_de.h5ad
deg_analysis.35128409_1.out:    Removed X matrix
deg_analysis.35128409_1.out:    Rewriting h5ad file is done!
deg_analysis.35128409_1.out:✓ Cell line completed in 18423.0 seconds
deg_analysis.35128409_1.out:
deg_analysis.35128409_1.out:DE analysis completed!
deg_analysis.35128409_1.out:
deg_analysis.35128409_1.out:Total runtime: 18446.4 seconds
deg_analysis.35128409_1.err:
deg_analysis.35128409_1.err:=== 1 Warnings encountered ===
deg_analysis.35128409_1.err:
deg_analysis.35128409_1.err:1. sparse->dense coercion: allocating vector of size 1.7 GiB
deg_analysis.35128410_2.out:
deg_analysis.35128410_2.out:DE analysis started...
deg_analysis.35128410_2.out:Loaded input file:  ./data/vcpi_0002/pseudobulk_processed/group_rep/by_celltype/CVCL_0006/CVCL_0006_processed_batch_3.h5ad
deg_analysis.35128410_2.out:Initial dimensions:  2906  samples ×  78677  genes
deg_analysis.35128410_2.out:Filter samples with the low number of cells
deg_analysis.35128410_2.out:    Filter threshold (min_cells):  0
deg_analysis.35128410_2.out:    Found  2906  samples with sentinel value (-666), keeping all
deg_analysis.35128410_2.out:    n_obs:  2906 -->  2906
deg_analysis.35128410_2.out:
deg_analysis.35128410_2.out:▶︎ Processing cell_type:  CVCL_0006
deg_analysis.35128410_2.out:    Filter controls by  pert_time_h  column
deg_analysis.35128410_2.out:        n_obs:  2906 -->  2906
deg_analysis.35128410_2.out:
deg_analysis.35128410_2.out:    Constructing design matrix...
deg_analysis.35128410_2.out:    Design matrix is constructed in 0.2 seconds
deg_analysis.35128410_2.out:    Design matrix dimensions: 2906 samples × 1310 coefficients
deg_analysis.35128410_2.out:    Filtering genes and normalizing counts...
deg_analysis.35128410_2.out:    Genes are filtered and normalized in 49.6 seconds
deg_analysis.35128410_2.out:    Running voom...
deg_analysis.35128410_2.out:    Voom is completed in 124.2 seconds
deg_analysis.35128410_2.out:    Running lmFit...
deg_analysis.35128410_2.out:    LmFit is completed in 23406.9 seconds
deg_analysis.35128410_2.out:DGE fit is completed in 23586.3 seconds
deg_analysis.35128410_2.out:    Running contrasts...
deg_analysis.35128410_2.out:    Running contrast 1/1259
deg_analysis.35128410_2.out:    Running contrast 51/1259
deg_analysis.35128410_2.out:    Running contrast 101/1259
deg_analysis.35128410_2.out:    Running contrast 151/1259
deg_analysis.35128410_2.out:    Running contrast 201/1259
deg_analysis.35128410_2.out:    Running contrast 251/1259
deg_analysis.35128410_2.out:    Running contrast 301/1259
deg_analysis.35128410_2.out:    Running contrast 351/1259
deg_analysis.35128410_2.out:    Running contrast 401/1259
deg_analysis.35128410_2.out:    Running contrast 451/1259
deg_analysis.35128410_2.out:    Running contrast 501/1259
deg_analysis.35128410_2.out:    Running contrast 551/1259
deg_analysis.35128410_2.out:    Running contrast 601/1259
deg_analysis.35128410_2.out:    Running contrast 651/1259
deg_analysis.35128410_2.out:    Running contrast 701/1259
deg_analysis.35128410_2.out:    Running contrast 751/1259
deg_analysis.35128410_2.out:    Running contrast 801/1259
deg_analysis.35128410_2.out:    Running contrast 851/1259
deg_analysis.35128410_2.out:    Running contrast 901/1259
deg_analysis.35128410_2.out:    Running contrast 951/1259
deg_analysis.35128410_2.out:    Running contrast 1001/1259
deg_analysis.35128410_2.out:    Running contrast 1051/1259
deg_analysis.35128410_2.out:    Running contrast 1101/1259
deg_analysis.35128410_2.out:    Running contrast 1151/1259
deg_analysis.35128410_2.out:    Running contrast 1201/1259
deg_analysis.35128410_2.out:    Running contrast 1251/1259
deg_analysis.35128410_2.out:    Running contrast 1259/1259
deg_analysis.35128410_2.out:Contrasts are completed in 845.2 seconds
deg_analysis.35128410_2.out:
deg_analysis.35128410_2.out:    Writing:  ./data/vcpi_0002/deg_data/group_rep/full/qc_false/filter_min_cells_0/intermediate/CVCL_0006/CVCL_0006_batch_3_de.h5ad
deg_analysis.35128410_2.out:
deg_analysis.35128410_2.out:    Rewriting h5ad file: ./data/vcpi_0002/deg_data/group_rep/full/qc_false/filter_min_cells_0/intermediate/CVCL_0006/CVCL_0006_batch_3_de.h5ad
deg_analysis.35128410_2.out:    Removed X matrix
deg_analysis.35128410_2.out:    Rewriting h5ad file is done!
deg_analysis.35128410_2.out:✓ Cell line completed in 24569.6 seconds
deg_analysis.35128410_2.out:
deg_analysis.35128410_2.out:DE analysis completed!
deg_analysis.35128410_2.out:
deg_analysis.35128410_2.out:Total runtime: 24593.1 seconds
deg_analysis.35128410_2.err:
deg_analysis.35128410_2.err:=== 1 Warnings encountered ===
deg_analysis.35128410_2.err:
deg_analysis.35128410_2.err:1. sparse->dense coercion: allocating vector of size 1.7 GiB
deg_analysis.35128411_3.out:
deg_analysis.35128411_3.out:DE analysis started...
deg_analysis.35128411_3.out:Loaded input file:  ./data/vcpi_0002/pseudobulk_processed/group_rep/by_celltype/CVCL_0006/CVCL_0006_processed_batch_4.h5ad
deg_analysis.35128411_3.out:Initial dimensions:  2912  samples ×  78677  genes
deg_analysis.35128411_3.out:Filter samples with the low number of cells
deg_analysis.35128411_3.out:    Filter threshold (min_cells):  0
deg_analysis.35128411_3.out:    Found  2912  samples with sentinel value (-666), keeping all
deg_analysis.35128411_3.out:    n_obs:  2912 -->  2912
deg_analysis.35128411_3.out:
deg_analysis.35128411_3.out:▶︎ Processing cell_type:  CVCL_0006
deg_analysis.35128411_3.out:    Filter controls by  pert_time_h  column
deg_analysis.35128411_3.out:        n_obs:  2912 -->  2912
deg_analysis.35128411_3.out:
deg_analysis.35128411_3.out:    Constructing design matrix...
deg_analysis.35128411_3.out:    Design matrix is constructed in 0.2 seconds
deg_analysis.35128411_3.out:    Design matrix dimensions: 2912 samples × 1311 coefficients
deg_analysis.35128411_3.out:    Filtering genes and normalizing counts...
deg_analysis.35128411_3.out:    Genes are filtered and normalized in 49.7 seconds
deg_analysis.35128411_3.out:    Running voom...
deg_analysis.35128411_3.out:    Voom is completed in 122.5 seconds
deg_analysis.35128411_3.out:    Running lmFit...
deg_analysis.35128411_3.out:    LmFit is completed in 23143.0 seconds
deg_analysis.35128411_3.out:DGE fit is completed in 23320.9 seconds
deg_analysis.35128411_3.out:    Running contrasts...
deg_analysis.35128411_3.out:    Running contrast 1/1260
deg_analysis.35128411_3.out:    Running contrast 51/1260
deg_analysis.35128411_3.out:    Running contrast 101/1260
deg_analysis.35128411_3.out:    Running contrast 151/1260
deg_analysis.35128411_3.out:    Running contrast 201/1260
deg_analysis.35128411_3.out:    Running contrast 251/1260
deg_analysis.35128411_3.out:    Running contrast 301/1260
deg_analysis.35128411_3.out:    Running contrast 351/1260
deg_analysis.35128411_3.out:    Running contrast 401/1260
deg_analysis.35128411_3.out:    Running contrast 451/1260
deg_analysis.35128411_3.out:    Running contrast 501/1260
deg_analysis.35128411_3.out:    Running contrast 551/1260
deg_analysis.35128411_3.out:    Running contrast 601/1260
deg_analysis.35128411_3.out:    Running contrast 651/1260
deg_analysis.35128411_3.out:    Running contrast 701/1260
deg_analysis.35128411_3.out:    Running contrast 751/1260
deg_analysis.35128411_3.out:    Running contrast 801/1260
deg_analysis.35128411_3.out:    Running contrast 851/1260
deg_analysis.35128411_3.out:    Running contrast 901/1260
deg_analysis.35128411_3.out:    Running contrast 951/1260
deg_analysis.35128411_3.out:    Running contrast 1001/1260
deg_analysis.35128411_3.out:    Running contrast 1051/1260
deg_analysis.35128411_3.out:    Running contrast 1101/1260
deg_analysis.35128411_3.out:    Running contrast 1151/1260
deg_analysis.35128411_3.out:    Running contrast 1201/1260
deg_analysis.35128411_3.out:    Running contrast 1251/1260
deg_analysis.35128411_3.out:    Running contrast 1260/1260
deg_analysis.35128411_3.out:Contrasts are completed in 852.9 seconds
deg_analysis.35128411_3.out:
deg_analysis.35128411_3.out:    Writing:  ./data/vcpi_0002/deg_data/group_rep/full/qc_false/filter_min_cells_0/intermediate/CVCL_0006/CVCL_0006_batch_4_de.h5ad
deg_analysis.35128411_3.out:
deg_analysis.35128411_3.out:    Rewriting h5ad file: ./data/vcpi_0002/deg_data/group_rep/full/qc_false/filter_min_cells_0/intermediate/CVCL_0006/CVCL_0006_batch_4_de.h5ad
deg_analysis.35128411_3.out:    Removed X matrix
deg_analysis.35128411_3.out:    Rewriting h5ad file is done!
deg_analysis.35128411_3.out:✓ Cell line completed in 24309.5 seconds
deg_analysis.35128411_3.out:
deg_analysis.35128411_3.out:DE analysis completed!
deg_analysis.35128411_3.out:
deg_analysis.35128411_3.out:Total runtime: 24332.9 seconds
deg_analysis.35128411_3.err:
deg_analysis.35128411_3.err:=== 1 Warnings encountered ===
deg_analysis.35128411_3.err:
deg_analysis.35128411_3.err:1. sparse->dense coercion: allocating vector of size 1.7 GiB
deg_analysis.35128412_4.out:
deg_analysis.35128412_4.out:DE analysis started...
deg_analysis.35128412_4.out:Loaded input file:  ./data/vcpi_0002/pseudobulk_processed/group_rep/by_celltype/CVCL_0006/CVCL_0006_processed_batch_5.h5ad
deg_analysis.35128412_4.out:Initial dimensions:  2913  samples ×  78677  genes
deg_analysis.35128412_4.out:Filter samples with the low number of cells
deg_analysis.35128412_4.out:    Filter threshold (min_cells):  0
deg_analysis.35128412_4.out:    Found  2913  samples with sentinel value (-666), keeping all
deg_analysis.35128412_4.out:    n_obs:  2913 -->  2913
deg_analysis.35128412_4.out:
deg_analysis.35128412_4.out:▶︎ Processing cell_type:  CVCL_0006
deg_analysis.35128412_4.out:    Filter controls by  pert_time_h  column
deg_analysis.35128412_4.out:        n_obs:  2913 -->  2913
deg_analysis.35128412_4.out:
deg_analysis.35128412_4.out:    Constructing design matrix...
deg_analysis.35128412_4.out:    Design matrix is constructed in 0.2 seconds
deg_analysis.35128412_4.out:    Design matrix dimensions: 2913 samples × 1311 coefficients
deg_analysis.35128412_4.out:    Filtering genes and normalizing counts...
deg_analysis.35128412_4.out:    Genes are filtered and normalized in 46.1 seconds
deg_analysis.35128412_4.out:    Running voom...
deg_analysis.35128412_4.out:    Voom is completed in 112.1 seconds
deg_analysis.35128412_4.out:    Running lmFit...
deg_analysis.35128412_4.out:    LmFit is completed in 18894.4 seconds
deg_analysis.35128412_4.out:DGE fit is completed in 19057.8 seconds
deg_analysis.35128412_4.out:    Running contrasts...
deg_analysis.35128412_4.out:    Running contrast 1/1260
deg_analysis.35128412_4.out:    Running contrast 51/1260
deg_analysis.35128412_4.out:    Running contrast 101/1260
deg_analysis.35128412_4.out:    Running contrast 151/1260
deg_analysis.35128412_4.out:    Running contrast 201/1260
deg_analysis.35128412_4.out:    Running contrast 251/1260
deg_analysis.35128412_4.out:    Running contrast 301/1260
deg_analysis.35128412_4.out:    Running contrast 351/1260
deg_analysis.35128412_4.out:    Running contrast 401/1260
deg_analysis.35128412_4.out:    Running contrast 451/1260
deg_analysis.35128412_4.out:    Running contrast 501/1260
deg_analysis.35128412_4.out:    Running contrast 551/1260
deg_analysis.35128412_4.out:    Running contrast 601/1260
deg_analysis.35128412_4.out:    Running contrast 651/1260
deg_analysis.35128412_4.out:    Running contrast 701/1260
deg_analysis.35128412_4.out:    Running contrast 751/1260
deg_analysis.35128412_4.out:    Running contrast 801/1260
deg_analysis.35128412_4.out:    Running contrast 851/1260
deg_analysis.35128412_4.out:    Running contrast 901/1260
deg_analysis.35128412_4.out:    Running contrast 951/1260
deg_analysis.35128412_4.out:    Running contrast 1001/1260
deg_analysis.35128412_4.out:    Running contrast 1051/1260
deg_analysis.35128412_4.out:    Running contrast 1101/1260
deg_analysis.35128412_4.out:    Running contrast 1151/1260
deg_analysis.35128412_4.out:    Running contrast 1201/1260
deg_analysis.35128412_4.out:    Running contrast 1251/1260
deg_analysis.35128412_4.out:    Running contrast 1260/1260
deg_analysis.35128412_4.out:Contrasts are completed in 771.6 seconds
deg_analysis.35128412_4.out:
deg_analysis.35128412_4.out:    Writing:  ./data/vcpi_0002/deg_data/group_rep/full/qc_false/filter_min_cells_0/intermediate/CVCL_0006/CVCL_0006_batch_5_de.h5ad
deg_analysis.35128412_4.out:
deg_analysis.35128412_4.out:    Rewriting h5ad file: ./data/vcpi_0002/deg_data/group_rep/full/qc_false/filter_min_cells_0/intermediate/CVCL_0006/CVCL_0006_batch_5_de.h5ad
deg_analysis.35128412_4.out:    Removed X matrix
deg_analysis.35128412_4.out:    Rewriting h5ad file is done!
deg_analysis.35128412_4.out:✓ Cell line completed in 19957.2 seconds
deg_analysis.35128412_4.out:
deg_analysis.35128412_4.out:DE analysis completed!
deg_analysis.35128412_4.out:
deg_analysis.35128412_4.out:Total runtime: 19980.5 seconds
deg_analysis.35128412_4.err:
deg_analysis.35128412_4.err:=== 1 Warnings encountered ===
deg_analysis.35128412_4.err:
deg_analysis.35128412_4.err:1. sparse->dense coercion: allocating vector of size 1.7 GiB
deg_analysis.35128413_5.out:
deg_analysis.35128413_5.out:DE analysis started...
deg_analysis.35128413_5.out:Loaded input file:  ./data/vcpi_0002/pseudobulk_processed/group_rep/by_celltype/CVCL_0006/CVCL_0006_processed_batch_6.h5ad
deg_analysis.35128413_5.out:Initial dimensions:  2910  samples ×  78677  genes
deg_analysis.35128413_5.out:Filter samples with the low number of cells
deg_analysis.35128413_5.out:    Filter threshold (min_cells):  0
deg_analysis.35128413_5.out:    Found  2910  samples with sentinel value (-666), keeping all
deg_analysis.35128413_5.out:    n_obs:  2910 -->  2910
deg_analysis.35128413_5.out:
deg_analysis.35128413_5.out:▶︎ Processing cell_type:  CVCL_0006
deg_analysis.35128413_5.out:    Filter controls by  pert_time_h  column
deg_analysis.35128413_5.out:        n_obs:  2910 -->  2910
deg_analysis.35128413_5.out:
deg_analysis.35128413_5.out:    Constructing design matrix...
deg_analysis.35128413_5.out:    Design matrix is constructed in 0.2 seconds
deg_analysis.35128413_5.out:    Design matrix dimensions: 2910 samples × 1311 coefficients
deg_analysis.35128413_5.out:    Filtering genes and normalizing counts...
deg_analysis.35128413_5.out:    Genes are filtered and normalized in 45.5 seconds
deg_analysis.35128413_5.out:    Running voom...
deg_analysis.35128413_5.out:    Voom is completed in 111.4 seconds
deg_analysis.35128413_5.out:    Running lmFit...
deg_analysis.35128413_5.out:    LmFit is completed in 18884.7 seconds
deg_analysis.35128413_5.out:DGE fit is completed in 19046.6 seconds
deg_analysis.35128413_5.out:    Running contrasts...
deg_analysis.35128413_5.out:    Running contrast 1/1260
deg_analysis.35128413_5.out:    Running contrast 51/1260
deg_analysis.35128413_5.out:    Running contrast 101/1260
deg_analysis.35128413_5.out:    Running contrast 151/1260
deg_analysis.35128413_5.out:    Running contrast 201/1260
deg_analysis.35128413_5.out:    Running contrast 251/1260
deg_analysis.35128413_5.out:    Running contrast 301/1260
deg_analysis.35128413_5.out:    Running contrast 351/1260
deg_analysis.35128413_5.out:    Running contrast 401/1260
deg_analysis.35128413_5.out:    Running contrast 451/1260
deg_analysis.35128413_5.out:    Running contrast 501/1260
deg_analysis.35128413_5.out:    Running contrast 551/1260
deg_analysis.35128413_5.out:    Running contrast 601/1260
deg_analysis.35128413_5.out:    Running contrast 651/1260
deg_analysis.35128413_5.out:    Running contrast 701/1260
deg_analysis.35128413_5.out:    Running contrast 751/1260
deg_analysis.35128413_5.out:    Running contrast 801/1260
deg_analysis.35128413_5.out:    Running contrast 851/1260
deg_analysis.35128413_5.out:    Running contrast 901/1260
deg_analysis.35128413_5.out:    Running contrast 951/1260
deg_analysis.35128413_5.out:    Running contrast 1001/1260
deg_analysis.35128413_5.out:    Running contrast 1051/1260
deg_analysis.35128413_5.out:    Running contrast 1101/1260
deg_analysis.35128413_5.out:    Running contrast 1151/1260
deg_analysis.35128413_5.out:    Running contrast 1201/1260
deg_analysis.35128413_5.out:    Running contrast 1251/1260
deg_analysis.35128413_5.out:    Running contrast 1260/1260
deg_analysis.35128413_5.out:Contrasts are completed in 773.1 seconds
deg_analysis.35128413_5.out:
deg_analysis.35128413_5.out:    Writing:  ./data/vcpi_0002/deg_data/group_rep/full/qc_false/filter_min_cells_0/intermediate/CVCL_0006/CVCL_0006_batch_6_de.h5ad
deg_analysis.35128413_5.out:
deg_analysis.35128413_5.out:    Rewriting h5ad file: ./data/vcpi_0002/deg_data/group_rep/full/qc_false/filter_min_cells_0/intermediate/CVCL_0006/CVCL_0006_batch_6_de.h5ad
deg_analysis.35128413_5.out:    Removed X matrix
deg_analysis.35128413_5.out:    Rewriting h5ad file is done!
deg_analysis.35128413_5.out:✓ Cell line completed in 19954.8 seconds
deg_analysis.35128413_5.out:
deg_analysis.35128413_5.out:DE analysis completed!
deg_analysis.35128413_5.out:
deg_analysis.35128413_5.out:Total runtime: 19978.2 seconds
deg_analysis.35128413_5.err:
deg_analysis.35128413_5.err:=== 1 Warnings encountered ===
deg_analysis.35128413_5.err:
deg_analysis.35128413_5.err:1. sparse->dense coercion: allocating vector of size 1.7 GiB
deg_analysis.35128414_6.out:
deg_analysis.35128414_6.out:DE analysis started...
deg_analysis.35128414_6.out:Loaded input file:  ./data/vcpi_0002/pseudobulk_processed/group_rep/by_celltype/CVCL_0006/CVCL_0006_processed_batch_7.h5ad
deg_analysis.35128414_6.out:Initial dimensions:  2916  samples ×  78677  genes
deg_analysis.35128414_6.out:Filter samples with the low number of cells
deg_analysis.35128414_6.out:    Filter threshold (min_cells):  0
deg_analysis.35128414_6.out:    Found  2916  samples with sentinel value (-666), keeping all
deg_analysis.35128414_6.out:    n_obs:  2916 -->  2916
deg_analysis.35128414_6.out:
deg_analysis.35128414_6.out:▶︎ Processing cell_type:  CVCL_0006
deg_analysis.35128414_6.out:    Filter controls by  pert_time_h  column
deg_analysis.35128414_6.out:        n_obs:  2916 -->  2916
deg_analysis.35128414_6.out:
deg_analysis.35128414_6.out:    Constructing design matrix...
deg_analysis.35128414_6.out:    Design matrix is constructed in 0.2 seconds
deg_analysis.35128414_6.out:    Design matrix dimensions: 2916 samples × 1317 coefficients
deg_analysis.35128414_6.out:    Filtering genes and normalizing counts...
deg_analysis.35128414_6.out:    Genes are filtered and normalized in 50.3 seconds
deg_analysis.35128414_6.out:    Running voom...
deg_analysis.35128414_6.out:    Voom is completed in 120.1 seconds
deg_analysis.35128414_6.out:    Running lmFit...
deg_analysis.35128414_6.out:    LmFit is completed in 23184.7 seconds
deg_analysis.35128414_6.out:DGE fit is completed in 23360.4 seconds
deg_analysis.35128414_6.out:    Running contrasts...
deg_analysis.35128414_6.out:    Running contrast 1/1266
deg_analysis.35128414_6.out:    Running contrast 51/1266
deg_analysis.35128414_6.out:    Running contrast 101/1266
deg_analysis.35128414_6.out:    Running contrast 151/1266
deg_analysis.35128414_6.out:    Running contrast 201/1266
deg_analysis.35128414_6.out:    Running contrast 251/1266
deg_analysis.35128414_6.out:    Running contrast 301/1266
deg_analysis.35128414_6.out:    Running contrast 351/1266
deg_analysis.35128414_6.out:    Running contrast 401/1266
deg_analysis.35128414_6.out:    Running contrast 451/1266
deg_analysis.35128414_6.out:    Running contrast 501/1266
deg_analysis.35128414_6.out:    Running contrast 551/1266
deg_analysis.35128414_6.out:    Running contrast 601/1266
deg_analysis.35128414_6.out:    Running contrast 651/1266
deg_analysis.35128414_6.out:    Running contrast 701/1266
deg_analysis.35128414_6.out:    Running contrast 751/1266
deg_analysis.35128414_6.out:    Running contrast 801/1266
deg_analysis.35128414_6.out:    Running contrast 851/1266
deg_analysis.35128414_6.out:    Running contrast 901/1266
deg_analysis.35128414_6.out:    Running contrast 951/1266
deg_analysis.35128414_6.out:    Running contrast 1001/1266
deg_analysis.35128414_6.out:    Running contrast 1051/1266
deg_analysis.35128414_6.out:    Running contrast 1101/1266
deg_analysis.35128414_6.out:    Running contrast 1151/1266
deg_analysis.35128414_6.out:    Running contrast 1201/1266
deg_analysis.35128414_6.out:    Running contrast 1251/1266
deg_analysis.35128414_6.out:    Running contrast 1266/1266
deg_analysis.35128414_6.out:Contrasts are completed in 837.7 seconds
deg_analysis.35128414_6.out:
deg_analysis.35128414_6.out:    Writing:  ./data/vcpi_0002/deg_data/group_rep/full/qc_false/filter_min_cells_0/intermediate/CVCL_0006/CVCL_0006_batch_7_de.h5ad
deg_analysis.35128414_6.out:
deg_analysis.35128414_6.out:    Rewriting h5ad file: ./data/vcpi_0002/deg_data/group_rep/full/qc_false/filter_min_cells_0/intermediate/CVCL_0006/CVCL_0006_batch_7_de.h5ad
deg_analysis.35128414_6.out:    Removed X matrix
deg_analysis.35128414_6.out:    Rewriting h5ad file is done!
deg_analysis.35128414_6.out:✓ Cell line completed in 24337.4 seconds
deg_analysis.35128414_6.out:
deg_analysis.35128414_6.out:DE analysis completed!
deg_analysis.35128414_6.out:
deg_analysis.35128414_6.out:Total runtime: 24360.9 seconds
deg_analysis.35128414_6.err:
deg_analysis.35128414_6.err:=== 1 Warnings encountered ===
deg_analysis.35128414_6.err:
deg_analysis.35128414_6.err:1. sparse->dense coercion: allocating vector of size 1.7 GiB
deg_analysis.35128406_7.out:
deg_analysis.35128406_7.out:DE analysis started...
deg_analysis.35128406_7.out:Loaded input file:  ./data/vcpi_0002/pseudobulk_processed/group_rep/by_celltype/CVCL_0006/CVCL_0006_processed_batch_8.h5ad
deg_analysis.35128406_7.out:Initial dimensions:  2906  samples ×  78677  genes
deg_analysis.35128406_7.out:Filter samples with the low number of cells
deg_analysis.35128406_7.out:    Filter threshold (min_cells):  0
deg_analysis.35128406_7.out:    Found  2906  samples with sentinel value (-666), keeping all
deg_analysis.35128406_7.out:    n_obs:  2906 -->  2906
deg_analysis.35128406_7.out:
deg_analysis.35128406_7.out:▶︎ Processing cell_type:  CVCL_0006
deg_analysis.35128406_7.out:    Filter controls by  pert_time_h  column
deg_analysis.35128406_7.out:        n_obs:  2906 -->  2906
deg_analysis.35128406_7.out:
deg_analysis.35128406_7.out:    Constructing design matrix...
deg_analysis.35128406_7.out:    Design matrix is constructed in 0.2 seconds
deg_analysis.35128406_7.out:    Design matrix dimensions: 2906 samples × 1311 coefficients
deg_analysis.35128406_7.out:    Filtering genes and normalizing counts...
deg_analysis.35128406_7.out:    Genes are filtered and normalized in 49.4 seconds
deg_analysis.35128406_7.out:    Running voom...
deg_analysis.35128406_7.out:    Voom is completed in 118.7 seconds
deg_analysis.35128406_7.out:    Running lmFit...
deg_analysis.35128406_7.out:    LmFit is completed in 23033.9 seconds
deg_analysis.35128406_7.out:DGE fit is completed in 23207.4 seconds
deg_analysis.35128406_7.out:    Running contrasts...
deg_analysis.35128406_7.out:    Running contrast 1/1260
deg_analysis.35128406_7.out:    Running contrast 51/1260
deg_analysis.35128406_7.out:    Running contrast 101/1260
deg_analysis.35128406_7.out:    Running contrast 151/1260
deg_analysis.35128406_7.out:    Running contrast 201/1260
deg_analysis.35128406_7.out:    Running contrast 251/1260
deg_analysis.35128406_7.out:    Running contrast 301/1260
deg_analysis.35128406_7.out:    Running contrast 351/1260
deg_analysis.35128406_7.out:    Running contrast 401/1260
deg_analysis.35128406_7.out:    Running contrast 451/1260
deg_analysis.35128406_7.out:    Running contrast 501/1260
deg_analysis.35128406_7.out:    Running contrast 551/1260
deg_analysis.35128406_7.out:    Running contrast 601/1260
deg_analysis.35128406_7.out:    Running contrast 651/1260
deg_analysis.35128406_7.out:    Running contrast 701/1260
deg_analysis.35128406_7.out:    Running contrast 751/1260
deg_analysis.35128406_7.out:    Running contrast 801/1260
deg_analysis.35128406_7.out:    Running contrast 851/1260
deg_analysis.35128406_7.out:    Running contrast 901/1260
deg_analysis.35128406_7.out:    Running contrast 951/1260
deg_analysis.35128406_7.out:    Running contrast 1001/1260
deg_analysis.35128406_7.out:    Running contrast 1051/1260
deg_analysis.35128406_7.out:    Running contrast 1101/1260
deg_analysis.35128406_7.out:    Running contrast 1151/1260
deg_analysis.35128406_7.out:    Running contrast 1201/1260
deg_analysis.35128406_7.out:    Running contrast 1251/1260
deg_analysis.35128406_7.out:    Running contrast 1260/1260
deg_analysis.35128406_7.out:Contrasts are completed in 835.8 seconds
deg_analysis.35128406_7.out:
deg_analysis.35128406_7.out:    Writing:  ./data/vcpi_0002/deg_data/group_rep/full/qc_false/filter_min_cells_0/intermediate/CVCL_0006/CVCL_0006_batch_8_de.h5ad
deg_analysis.35128406_7.out:
deg_analysis.35128406_7.out:    Rewriting h5ad file: ./data/vcpi_0002/deg_data/group_rep/full/qc_false/filter_min_cells_0/intermediate/CVCL_0006/CVCL_0006_batch_8_de.h5ad
deg_analysis.35128406_7.out:    Removed X matrix
deg_analysis.35128406_7.out:    Rewriting h5ad file is done!
deg_analysis.35128406_7.out:✓ Cell line completed in 24191.6 seconds
deg_analysis.35128406_7.out:
deg_analysis.35128406_7.out:DE analysis completed!
deg_analysis.35128406_7.out:
deg_analysis.35128406_7.out:Total runtime: 24215.0 seconds
deg_analysis.35128406_7.err:
deg_analysis.35128406_7.err:=== 1 Warnings encountered ===
deg_analysis.35128406_7.err:
deg_analysis.35128406_7.err:1. sparse->dense coercion: allocating vector of size 1.7 GiB
deg_aggregation.35129045.out:2026-04-13 08:39:22 | [INFO] Found 1 cell type(s) to aggregate
deg_aggregation.35129045.out:2026-04-13 08:39:22 | [INFO] Aggregating 8 batch files for CVCL_0006
deg_aggregation.35129045.out:2026-04-13 08:39:22 | [INFO]   Reading: CVCL_0006_batch_1_de.h5ad
deg_aggregation.35129045.out:2026-04-13 08:39:34 | [INFO]   Reading: CVCL_0006_batch_2_de.h5ad
deg_aggregation.35129045.out:2026-04-13 08:39:47 | [INFO]   Reading: CVCL_0006_batch_3_de.h5ad
deg_aggregation.35129045.out:2026-04-13 08:39:59 | [INFO]   Reading: CVCL_0006_batch_4_de.h5ad
deg_aggregation.35129045.out:2026-04-13 08:40:10 | [INFO]   Reading: CVCL_0006_batch_5_de.h5ad
deg_aggregation.35129045.out:2026-04-13 08:40:22 | [INFO]   Reading: CVCL_0006_batch_6_de.h5ad
deg_aggregation.35129045.out:2026-04-13 08:40:34 | [INFO]   Reading: CVCL_0006_batch_7_de.h5ad
deg_aggregation.35129045.out:2026-04-13 08:40:45 | [INFO]   Reading: CVCL_0006_batch_8_de.h5ad
deg_aggregation.35129045.out:2026-04-13 08:40:57 | [INFO]   Concatenating 8 batches...
deg_aggregation.35129045.out:2026-04-13 08:41:09 | [INFO]   Batch column added with 8
deg_aggregation.35129045.out:2026-04-13 08:47:35 | [INFO]     Rewriting h5ad file: ./data/vcpi_0002/deg_data/group_rep/full/qc_false/filter_min_cells_0/results/CVCL_0006_de.h5ad
deg_aggregation.35129045.out:2026-04-13 08:47:36 | [INFO]     Removed X matrix
deg_aggregation.35129045.out:2026-04-13 08:47:36 | [INFO]     Rewriting h5ad file is done!
deg_aggregation.35129045.out:2026-04-13 08:47:36 | [INFO]   Saved aggregated file: ./data/vcpi_0002/deg_data/group_rep/full/qc_false/filter_min_cells_0/results/CVCL_0006_de.h5ad (10091 obs, 15736 vars)
deg_aggregation.35129045.out:2026-04-13 08:47:36 | [INFO] Aggregation completed
deg_aggregation.35129045.err:./venv/lib/python3.12/site-packages/anndata/_core/anndata.py:1774: UserWarning: Observation names are not unique. To make them unique, call `.obs_names_make_unique`.
deg_aggregation.35129045.err:  utils.warn_names_duplicates("obs")
