
DE analysis started...
Loaded input file:  ./data/sciplex/pseudobulk_processed/group_rep/by_celltype/CVCL_0031_processed.h5ad 
Initial dimensions:  1529  samples ×  58302  genes
Filter samples with the low number of cells
    Filter threshold (min_cells):  50 
    n_obs:  1529 -->  1318 

⚡ TEST MODE ENABLED ⚡
Original dataset dimensions:  1318  samples x  25  genes
Filtering to time points:  24  hours
Subsetting to  3  perturbations (+ control):  DMSO, tazemetostat, JNJ-7706621, ofloxacin 
Calculating gene variance for subsetting...
Subset to top  1000  most variable genes
Test mode dataset:  52  samples x  1000  genes

Conditions to analyze:
# A tibble: 4 × 4
  cell_type perturbagen  pert_time_h n_samples
  <fct>     <fct>              <dbl>     <int>
1 CVCL_0031 DMSO                  24        28
2 CVCL_0031 JNJ-7706621           24         8
3 CVCL_0031 ofloxacin             24         8
4 CVCL_0031 tazemetostat          24         8

▶︎ Processing cell_type  1 / 1 :  CVCL_0031 
    Filter controls by  pert_time_h  column
        n_obs:  52 -->  52 

    Running contrast 1/12
    Running contrast 6/12
    Running contrast 11/12
    Running contrast 12/12

    Writing:  ./data/sciplex/deg_data/group_rep/subsampling/qc_false/filter_min_cells_50/CVCL_0031_de.h5ad 

    Rewriting h5ad file: ./data/sciplex/deg_data/group_rep/subsampling/qc_false/filter_min_cells_50/CVCL_0031_de.h5ad 
    Removed X matrix
    Rewriting h5ad file is done!
✓ Cell line completed in 1.4 seconds

DE analysis completed!

Total runtime: 12.5 seconds

📝 Note: This was a TEST RUN with reduced data.
Set subsampling = FALSE for full analysis.

