deg_vcpi_0001.PID1430496.out:> Using preemptible QOS for DEG step (100G, 48h, 10 CPUs)
deg_vcpi_0001.PID1430496.out:> Do not filter samples that did not pass quality control
deg_vcpi_0001.PID1430496.out:> Work with a full version
deg_vcpi_0001.PID1430496.out:> Mode: PARALLEL BY CELL TYPE (array jobs per cell type)
deg_vcpi_0001.PID1430496.out:> Dataset is not normalized, running normalization steps
deg_vcpi_0001.PID1430496.out:> Using config: ./pipelines/vcpi_0001/configs/deg/config.json
deg_vcpi_0001.PID1430496.out:> Preprocess pseudobulk with parameter: separate_replicates
deg_vcpi_0001.PID1430496.out:> Running preprocessing pseudobulk
deg_vcpi_0001.PID1430496.out:Submitted batch job 35128401
deg_vcpi_0001.PID1430496.out:> Preprocessing completed
deg_vcpi_0001.PID1430496.out:> Starting DGE analysis with parameter: separate_replicates
deg_vcpi_0001.PID1430496.out:  Found 11 file(s) to process
deg_vcpi_0001.PID1430496.out:
deg_vcpi_0001.PID1430496.out:============================================
deg_vcpi_0001.PID1430496.out:DGE ANALYSIS
deg_vcpi_0001.PID1430496.out:============================================
deg_vcpi_0001.PID1430496.out:  Processing 11 file(s)...
deg_vcpi_0001.PID1430496.out:
deg_vcpi_0001.PID1430496.out:
deg_vcpi_0001.PID1430496.out:============================================
deg_vcpi_0001.PID1430496.out:DEG ANALYSIS: Array Job Mode
deg_vcpi_0001.PID1430496.out:============================================
deg_vcpi_0001.PID1430496.out:  Processing 11 file(s) with array job...
deg_vcpi_0001.PID1430496.out:  Submitting array job [11 jobs, max 50 concurrent]...
deg_vcpi_0001.PID1430496.out:Submitted batch job 35128436
deg_vcpi_0001.PID1430496.out:> DEG array job completed
deg_vcpi_0001.PID1430496.out:
deg_vcpi_0001.PID1430496.out:============================================
deg_vcpi_0001.PID1430496.out:AGGREGATING BATCH FILES
deg_vcpi_0001.PID1430496.out:============================================
deg_vcpi_0001.PID1430496.out:  Found files in ./data/vcpi_0001/deg_data/sep_rep/full/qc_false/filter_min_cells_0/intermediate and results directory is empty
deg_vcpi_0001.PID1430496.out:  Aggregating batch files from intermediate/ to results/...
deg_vcpi_0001.PID1430496.out:  Running aggregation...
deg_vcpi_0001.PID1430496.out:Submitted batch job 35148741
deg_vcpi_0001.PID1430496.out:> Aggregation completed
deg_vcpi_0001.PID1430496.out:
deg_vcpi_0001.PID1430496.out:============================================
deg_vcpi_0001.PID1430496.out:DGE PIPELINE COMPLETED
deg_vcpi_0001.PID1430496.out:============================================
deg_vcpi_0001.PID1430496.out:  Results saved to: ./data/vcpi_0001/deg_data/sep_rep/full/qc_false/filter_min_cells_0
deg_vcpi_0001.PID1430496.out:    - intermediate/ for separate files
deg_vcpi_0001.PID1430496.out:    - results/ for combined
deg_vcpi_0001.PID1430496.out:
deg_vcpi_0001.PID1430496.out:> DGE pipeline is finished
deg_vcpi_0001.PID1430496.out:> Cleaning up temporary files...
deg_vcpi_0001.PID1430496.out:> Cleanup complete
deg_processing_pseudobulk.35128401.out:2026-04-13 01:21:08 | [INFO] Read pseudobulk file
deg_processing_pseudobulk.35128401.out:2026-04-13 01:21:26 | [INFO] Dataset "vcpi_0001" specified but no processing_functions configured, skipping
deg_processing_pseudobulk.35128401.out:2026-04-13 01:21:26 | [INFO] Map ensembl IDs to current/replacement IDs
deg_processing_pseudobulk.35128401.out:2026-04-13 01:21:26 | [INFO] Mapping Ensembl IDs to current/replacement IDs
deg_processing_pseudobulk.35128401.out:2026-04-13 01:21:26 | [INFO]   Found 78686 genes with Ensembl IDs in var.index
deg_processing_pseudobulk.35128401.out:2026-04-13 01:21:26 | [INFO] Processing 78686 IDs in 79 queries
deg_processing_pseudobulk.35128401.out:2026-04-13 01:21:26 | [INFO]   Query 1/79: processing 1000 IDs
deg_processing_pseudobulk.35128401.out:2026-04-13 01:21:29 | [INFO]   Query 2/79: processing 1000 IDs
deg_processing_pseudobulk.35128401.out:2026-04-13 01:21:31 | [INFO]   Query 3/79: processing 1000 IDs
deg_processing_pseudobulk.35128401.out:2026-04-13 01:21:33 | [INFO]   Query 4/79: processing 1000 IDs
deg_processing_pseudobulk.35128401.out:2026-04-13 01:21:35 | [INFO]   Query 5/79: processing 1000 IDs
deg_processing_pseudobulk.35128401.out:2026-04-13 01:21:37 | [INFO]   Query 6/79: processing 1000 IDs
deg_processing_pseudobulk.35128401.out:2026-04-13 01:21:40 | [INFO]   Query 7/79: processing 1000 IDs
deg_processing_pseudobulk.35128401.out:2026-04-13 01:21:42 | [INFO]   Query 8/79: processing 1000 IDs
deg_processing_pseudobulk.35128401.out:2026-04-13 01:21:44 | [INFO]   Query 9/79: processing 1000 IDs
deg_processing_pseudobulk.35128401.out:2026-04-13 01:21:46 | [INFO]   Query 10/79: processing 1000 IDs
deg_processing_pseudobulk.35128401.out:2026-04-13 01:21:48 | [INFO]   Query 11/79: processing 1000 IDs
deg_processing_pseudobulk.35128401.out:2026-04-13 01:21:51 | [INFO]   Query 12/79: processing 1000 IDs
deg_processing_pseudobulk.35128401.out:2026-04-13 01:21:53 | [INFO]   Query 13/79: processing 1000 IDs
deg_processing_pseudobulk.35128401.out:2026-04-13 01:21:55 | [INFO]   Query 14/79: processing 1000 IDs
deg_processing_pseudobulk.35128401.out:2026-04-13 01:21:57 | [INFO]   Query 15/79: processing 1000 IDs
deg_processing_pseudobulk.35128401.out:2026-04-13 01:22:00 | [INFO]   Query 16/79: processing 1000 IDs
deg_processing_pseudobulk.35128401.out:2026-04-13 01:22:02 | [INFO]   Query 17/79: processing 1000 IDs
deg_processing_pseudobulk.35128401.out:2026-04-13 01:22:04 | [INFO]   Query 18/79: processing 1000 IDs
deg_processing_pseudobulk.35128401.out:2026-04-13 01:22:06 | [INFO]   Query 19/79: processing 1000 IDs
deg_processing_pseudobulk.35128401.out:2026-04-13 01:22:09 | [INFO]   Query 20/79: processing 1000 IDs
deg_processing_pseudobulk.35128401.out:2026-04-13 01:22:11 | [INFO]   Query 21/79: processing 1000 IDs
deg_processing_pseudobulk.35128401.out:2026-04-13 01:22:13 | [INFO]   Query 22/79: processing 1000 IDs
deg_processing_pseudobulk.35128401.out:2026-04-13 01:22:17 | [INFO]   Query 23/79: processing 1000 IDs
deg_processing_pseudobulk.35128401.out:2026-04-13 01:22:20 | [INFO]   Query 24/79: processing 1000 IDs
deg_processing_pseudobulk.35128401.out:2026-04-13 01:22:22 | [INFO]   Query 25/79: processing 1000 IDs
deg_processing_pseudobulk.35128401.out:2026-04-13 01:22:23 | [INFO]   Query 26/79: processing 1000 IDs
deg_processing_pseudobulk.35128401.out:2026-04-13 01:22:26 | [INFO]   Query 27/79: processing 1000 IDs
deg_processing_pseudobulk.35128401.out:2026-04-13 01:22:28 | [INFO]   Query 28/79: processing 1000 IDs
deg_processing_pseudobulk.35128401.out:2026-04-13 01:22:30 | [INFO]   Query 29/79: processing 1000 IDs
deg_processing_pseudobulk.35128401.out:2026-04-13 01:22:33 | [INFO]   Query 30/79: processing 1000 IDs
deg_processing_pseudobulk.35128401.out:2026-04-13 01:22:35 | [INFO]   Query 31/79: processing 1000 IDs
deg_processing_pseudobulk.35128401.out:2026-04-13 01:22:37 | [INFO]   Query 32/79: processing 1000 IDs
deg_processing_pseudobulk.35128401.out:2026-04-13 01:22:39 | [INFO]   Query 33/79: processing 1000 IDs
deg_processing_pseudobulk.35128401.out:2026-04-13 01:22:42 | [INFO]   Query 34/79: processing 1000 IDs
deg_processing_pseudobulk.35128401.out:2026-04-13 01:22:44 | [INFO]   Query 35/79: processing 1000 IDs
deg_processing_pseudobulk.35128401.out:2026-04-13 01:22:46 | [INFO]   Query 36/79: processing 1000 IDs
deg_processing_pseudobulk.35128401.out:2026-04-13 01:22:48 | [INFO]   Query 37/79: processing 1000 IDs
deg_processing_pseudobulk.35128401.out:2026-04-13 01:22:51 | [INFO]   Query 38/79: processing 1000 IDs
deg_processing_pseudobulk.35128401.out:2026-04-13 01:22:52 | [INFO]   Query 39/79: processing 1000 IDs
deg_processing_pseudobulk.35128401.out:2026-04-13 01:22:56 | [INFO]   Query 40/79: processing 1000 IDs
deg_processing_pseudobulk.35128401.out:2026-04-13 01:22:59 | [INFO]   Query 41/79: processing 1000 IDs
deg_processing_pseudobulk.35128401.out:2026-04-13 01:23:02 | [INFO]   Query 42/79: processing 1000 IDs
deg_processing_pseudobulk.35128401.out:2026-04-13 01:23:05 | [INFO]   Query 43/79: processing 1000 IDs
deg_processing_pseudobulk.35128401.out:2026-04-13 01:23:08 | [INFO]   Query 44/79: processing 1000 IDs
deg_processing_pseudobulk.35128401.out:2026-04-13 01:23:11 | [INFO]   Query 45/79: processing 1000 IDs
deg_processing_pseudobulk.35128401.out:2026-04-13 01:23:14 | [INFO]   Query 46/79: processing 1000 IDs
deg_processing_pseudobulk.35128401.out:2026-04-13 01:23:16 | [INFO]   Query 47/79: processing 1000 IDs
deg_processing_pseudobulk.35128401.out:2026-04-13 01:23:18 | [INFO]   Query 48/79: processing 1000 IDs
deg_processing_pseudobulk.35128401.out:2026-04-13 01:23:20 | [INFO]   Query 49/79: processing 1000 IDs
deg_processing_pseudobulk.35128401.out:2026-04-13 01:23:22 | [INFO]   Query 50/79: processing 1000 IDs
deg_processing_pseudobulk.35128401.out:2026-04-13 01:23:25 | [INFO]   Query 51/79: processing 1000 IDs
deg_processing_pseudobulk.35128401.out:2026-04-13 01:23:27 | [INFO]   Query 52/79: processing 1000 IDs
deg_processing_pseudobulk.35128401.out:2026-04-13 01:23:30 | [INFO]   Query 53/79: processing 1000 IDs
deg_processing_pseudobulk.35128401.out:2026-04-13 01:23:32 | [INFO]   Query 54/79: processing 1000 IDs
deg_processing_pseudobulk.35128401.out:2026-04-13 01:23:35 | [INFO]   Query 55/79: processing 1000 IDs
deg_processing_pseudobulk.35128401.out:2026-04-13 01:23:37 | [INFO]   Query 56/79: processing 1000 IDs
deg_processing_pseudobulk.35128401.out:2026-04-13 01:23:39 | [INFO]   Query 57/79: processing 1000 IDs
deg_processing_pseudobulk.35128401.out:2026-04-13 01:23:41 | [INFO]   Query 58/79: processing 1000 IDs
deg_processing_pseudobulk.35128401.out:2026-04-13 01:23:43 | [INFO]   Query 59/79: processing 1000 IDs
deg_processing_pseudobulk.35128401.out:2026-04-13 01:23:44 | [INFO]   Query 60/79: processing 1000 IDs
deg_processing_pseudobulk.35128401.out:2026-04-13 01:23:46 | [INFO]   Query 61/79: processing 1000 IDs
deg_processing_pseudobulk.35128401.out:2026-04-13 01:23:48 | [INFO]   Query 62/79: processing 1000 IDs
deg_processing_pseudobulk.35128401.out:2026-04-13 01:23:50 | [INFO]   Query 63/79: processing 1000 IDs
deg_processing_pseudobulk.35128401.out:2026-04-13 01:23:53 | [INFO]   Query 64/79: processing 1000 IDs
deg_processing_pseudobulk.35128401.out:2026-04-13 01:23:57 | [INFO]   Query 65/79: processing 1000 IDs
deg_processing_pseudobulk.35128401.out:2026-04-13 01:23:58 | [INFO]   Query 66/79: processing 1000 IDs
deg_processing_pseudobulk.35128401.out:2026-04-13 01:24:00 | [INFO]   Query 67/79: processing 1000 IDs
deg_processing_pseudobulk.35128401.out:2026-04-13 01:24:02 | [INFO]   Query 68/79: processing 1000 IDs
deg_processing_pseudobulk.35128401.out:2026-04-13 01:24:04 | [INFO]   Query 69/79: processing 1000 IDs
deg_processing_pseudobulk.35128401.out:2026-04-13 01:24:06 | [INFO]   Query 70/79: processing 1000 IDs
deg_processing_pseudobulk.35128401.out:2026-04-13 01:24:08 | [INFO]   Query 71/79: processing 1000 IDs
deg_processing_pseudobulk.35128401.out:2026-04-13 01:24:10 | [INFO]   Query 72/79: processing 1000 IDs
deg_processing_pseudobulk.35128401.out:2026-04-13 01:24:12 | [INFO]   Query 73/79: processing 1000 IDs
deg_processing_pseudobulk.35128401.out:2026-04-13 01:24:14 | [INFO]   Query 74/79: processing 1000 IDs
deg_processing_pseudobulk.35128401.out:2026-04-13 01:24:16 | [INFO]   Query 75/79: processing 1000 IDs
deg_processing_pseudobulk.35128401.out:2026-04-13 01:24:18 | [INFO]   Query 76/79: processing 1000 IDs
deg_processing_pseudobulk.35128401.out:2026-04-13 01:24:21 | [INFO]   Query 77/79: processing 1000 IDs
deg_processing_pseudobulk.35128401.out:2026-04-13 01:24:23 | [INFO]   Query 78/79: processing 1000 IDs
deg_processing_pseudobulk.35128401.out:2026-04-13 01:24:25 | [INFO]   Query 79/79: processing 686 IDs
deg_processing_pseudobulk.35128401.out:2026-04-13 01:24:27 | [INFO] Summary:
deg_processing_pseudobulk.35128401.out:2026-04-13 01:24:27 | [INFO]   Total results: 78686 out of 78686
deg_processing_pseudobulk.35128401.out:2026-04-13 01:24:27 | [INFO]   Current IDs: 78677
deg_processing_pseudobulk.35128401.out:2026-04-13 01:24:27 | [INFO]   Deprecated (no replacement): 2
deg_processing_pseudobulk.35128401.out:2026-04-13 01:24:27 | [INFO]   Single replacements: 7
deg_processing_pseudobulk.35128401.out:2026-04-13 01:24:27 | [INFO]   Multiple replacements: 0
deg_processing_pseudobulk.35128401.out:2026-04-13 01:24:27 | [INFO]   Unique target IDs with duplicates: 7
deg_processing_pseudobulk.35128401.out:2026-04-13 01:24:27 | [INFO]   Mapping size: 78684
deg_processing_pseudobulk.35128401.out:2026-04-13 01:24:27 | [INFO] Aggregating running...
deg_processing_pseudobulk.35128401.out:2026-04-13 01:24:27 | [INFO]   The layer containing 'psbulk_props' will be deprecated.
deg_processing_pseudobulk.35128401.out:2026-04-13 01:24:48 | [INFO]   Result: 78686 → 78677 genes (reduced by 9)
deg_processing_pseudobulk.35128401.out:2026-04-13 01:24:48 | [INFO] Check total counts
deg_processing_pseudobulk.35128401.out:2026-04-13 01:24:49 | [INFO] Total counts are greater than 0
deg_processing_pseudobulk.35128401.out:2026-04-13 01:24:49 | [INFO] Add perturbation label
deg_processing_pseudobulk.35128401.out:2026-04-13 01:24:49 | [INFO] Save data
deg_processing_pseudobulk.35128401.out:2026-04-13 01:26:37 | [INFO]   Saved: ./data/vcpi_0001/pseudobulk_processed/sep_rep/file_tmp.h5ad (27577 obs, 2278 perturbagens)
deg_processing_pseudobulk.35128401.out:2026-04-13 01:26:37 | [INFO] Splitting into 1 groups by ['cell_type']
deg_processing_pseudobulk.35128401.out:2026-04-13 01:26:44 | [INFO] Splitting CVCL_0006: 27577 obs, 26970 perturbation labels
deg_processing_pseudobulk.35128401.out:2026-04-13 01:26:44 | [INFO]   After separation: 2277 perturbagens, 26969 non-control obs, 26969 non-control labels
deg_processing_pseudobulk.35128401.out:2026-04-13 01:26:44 | [INFO]   Create batches
deg_processing_pseudobulk.35128401.out:2026-04-13 01:27:15 | [INFO]   Pad batches
deg_processing_pseudobulk.35128401.out:2026-04-13 01:27:47 | [INFO]   1 batches need to be padded
deg_processing_pseudobulk.35128401.out:2026-04-13 01:27:47 | [INFO]   After padding before adding controls: 11 batches, batch sizes: ['2508 x 2508', '2509 x 2509', '2502 x 2502', '2502 x 2502', '2500 x 2500', '2507 x 2507', '2500 x 2500', '2509 x 2509', '2504 x 2504', '2510 x 2510', '2501 x 2501']
deg_processing_pseudobulk.35128401.out:2026-04-13 01:27:47 | [INFO]   Add controls to batches
deg_processing_pseudobulk.35128401.out:2026-04-13 01:27:47 | [INFO]   Save batches:
deg_processing_pseudobulk.35128401.out:2026-04-13 01:27:59 | [INFO]   Saved: ./data/vcpi_0001/pseudobulk_processed/sep_rep/tmp/CVCL_0006/CVCL_0006_processed_batch_1.h5ad (3116 obs, 213 perturbagens)
deg_processing_pseudobulk.35128401.out:2026-04-13 01:28:11 | [INFO]   Saved: ./data/vcpi_0001/pseudobulk_processed/sep_rep/tmp/CVCL_0006/CVCL_0006_processed_batch_2.h5ad (3117 obs, 213 perturbagens)
deg_processing_pseudobulk.35128401.out:2026-04-13 01:28:23 | [INFO]   Saved: ./data/vcpi_0001/pseudobulk_processed/sep_rep/tmp/CVCL_0006/CVCL_0006_processed_batch_3.h5ad (3110 obs, 212 perturbagens)
deg_processing_pseudobulk.35128401.out:2026-04-13 01:28:35 | [INFO]   Saved: ./data/vcpi_0001/pseudobulk_processed/sep_rep/tmp/CVCL_0006/CVCL_0006_processed_batch_4.h5ad (3110 obs, 212 perturbagens)
deg_processing_pseudobulk.35128401.out:2026-04-13 01:28:47 | [INFO]   Saved: ./data/vcpi_0001/pseudobulk_processed/sep_rep/tmp/CVCL_0006/CVCL_0006_processed_batch_5.h5ad (3108 obs, 212 perturbagens)
deg_processing_pseudobulk.35128401.out:2026-04-13 01:28:59 | [INFO]   Saved: ./data/vcpi_0001/pseudobulk_processed/sep_rep/tmp/CVCL_0006/CVCL_0006_processed_batch_6.h5ad (3115 obs, 213 perturbagens)
deg_processing_pseudobulk.35128401.out:2026-04-13 01:29:10 | [INFO]   Saved: ./data/vcpi_0001/pseudobulk_processed/sep_rep/tmp/CVCL_0006/CVCL_0006_processed_batch_7.h5ad (3108 obs, 212 perturbagens)
deg_processing_pseudobulk.35128401.out:2026-04-13 01:29:22 | [INFO]   Saved: ./data/vcpi_0001/pseudobulk_processed/sep_rep/tmp/CVCL_0006/CVCL_0006_processed_batch_8.h5ad (3117 obs, 213 perturbagens)
deg_processing_pseudobulk.35128401.out:2026-04-13 01:29:34 | [INFO]   Saved: ./data/vcpi_0001/pseudobulk_processed/sep_rep/tmp/CVCL_0006/CVCL_0006_processed_batch_9.h5ad (3112 obs, 213 perturbagens)
deg_processing_pseudobulk.35128401.out:2026-04-13 01:29:46 | [INFO]   Saved: ./data/vcpi_0001/pseudobulk_processed/sep_rep/tmp/CVCL_0006/CVCL_0006_processed_batch_10.h5ad (3118 obs, 212 perturbagens)
deg_processing_pseudobulk.35128401.out:2026-04-13 01:29:58 | [INFO]   Saved: ./data/vcpi_0001/pseudobulk_processed/sep_rep/tmp/CVCL_0006/CVCL_0006_processed_batch_11.h5ad (3109 obs, 212 perturbagens)
deg_processing_pseudobulk.35128401.out:2026-04-13 01:29:58 | [INFO] Splitting CVCL_0006 is done
deg_processing_pseudobulk.35128401.out:2026-04-13 01:29:58 | [INFO] Moved temporary file ./data/vcpi_0001/pseudobulk_processed/sep_rep/file_tmp.h5ad to ./data/vcpi_0001/pseudobulk_processed/sep_rep/vcpi_0001_standardized_processed.h5ad
deg_processing_pseudobulk.35128401.out:2026-04-13 01:29:58 | [INFO] Moved temporary directory ./data/vcpi_0001/pseudobulk_processed/sep_rep/tmp to ./data/vcpi_0001/pseudobulk_processed/sep_rep/by_celltype
deg_processing_pseudobulk.35128401.err:2026-04-13 01:24:27 | [WARNING] Filtering out 2 genes that could not be mapped (deprecated with no replacement or multiple replacements)
deg_processing_pseudobulk.35128401.err:2026-04-13 01:24:27 | [WARNING] Found 7 target IDs with duplicates - will aggregate counts
deg_processing_pseudobulk.35128401.err:2026-04-13 01:26:44 | [WARNING]   Non-control n_obs (26969) exceeds 2500, creating batches
deg_processing_pseudobulk.35128401.err:2026-04-13 01:27:47 | [WARNING]   Batch 1 has only 213 perturbagens, which is below the minimum of 500
deg_processing_pseudobulk.35128401.err:2026-04-13 01:27:47 | [WARNING]   Batch 2 has only 213 perturbagens, which is below the minimum of 500
deg_processing_pseudobulk.35128401.err:2026-04-13 01:27:47 | [WARNING]   Batch 3 has only 212 perturbagens, which is below the minimum of 500
deg_processing_pseudobulk.35128401.err:2026-04-13 01:27:47 | [WARNING]   Batch 4 has only 212 perturbagens, which is below the minimum of 500
deg_processing_pseudobulk.35128401.err:2026-04-13 01:27:47 | [WARNING]   Batch 5 has only 212 perturbagens, which is below the minimum of 500
deg_processing_pseudobulk.35128401.err:2026-04-13 01:27:47 | [WARNING]   Batch 6 has only 213 perturbagens, which is below the minimum of 500
deg_processing_pseudobulk.35128401.err:2026-04-13 01:27:47 | [WARNING]   Batch 7 has only 212 perturbagens, which is below the minimum of 500
deg_processing_pseudobulk.35128401.err:2026-04-13 01:27:47 | [WARNING]   Batch 8 has only 213 perturbagens, which is below the minimum of 500
deg_processing_pseudobulk.35128401.err:2026-04-13 01:27:47 | [WARNING]   Batch 9 has only 213 perturbagens, which is below the minimum of 500
deg_processing_pseudobulk.35128401.err:2026-04-13 01:27:47 | [WARNING]   Batch 10 has only 212 perturbagens, which is below the minimum of 500
deg_processing_pseudobulk.35128401.err:2026-04-13 01:27:47 | [WARNING]   Batch 11 has only 212 perturbagens, which is below the minimum of 500
deg_analysis.35128437_0.out:
deg_analysis.35128437_0.out:DE analysis started...
deg_analysis.35128437_0.out:Loaded input file:  ./data/vcpi_0001/pseudobulk_processed/sep_rep/by_celltype/CVCL_0006/CVCL_0006_processed_batch_10.h5ad
deg_analysis.35128437_0.out:Initial dimensions:  3118  samples ×  78677  genes
deg_analysis.35128437_0.out:Filter samples with the low number of cells
deg_analysis.35128437_0.out:    Filter threshold (min_cells):  0
deg_analysis.35128437_0.out:    Found  3118  samples with sentinel value (-666), keeping all
deg_analysis.35128437_0.out:    n_obs:  3118 -->  3118
deg_analysis.35128437_0.out:
deg_analysis.35128437_0.out:▶︎ Processing cell_type:  CVCL_0006
deg_analysis.35128437_0.out:    Filter controls by  pert_time_h  column
deg_analysis.35128437_0.out:        n_obs:  3118 -->  3118
deg_analysis.35128437_0.out:
deg_analysis.35128437_0.out:    Constructing design matrix...
deg_analysis.35128437_0.out:    Design matrix is constructed in 0.3 seconds
deg_analysis.35128437_0.out:    Design matrix dimensions: 3118 samples × 2587 coefficients
deg_analysis.35128437_0.out:    Filtering genes and normalizing counts...
deg_analysis.35128437_0.out:    Genes are filtered and normalized in 58.3 seconds
deg_analysis.35128437_0.out:    Running voom...
deg_analysis.35128437_0.out:    Voom is completed in 162.6 seconds
deg_analysis.35128437_0.out:    Running lmFit...
deg_analysis.35128437_0.out:    LmFit is completed in 76283.2 seconds
deg_analysis.35128437_0.out:DGE fit is completed in 76509.3 seconds
deg_analysis.35128437_0.out:    Running contrasts...
deg_analysis.35128437_0.out:    Running contrast 1/2510
deg_analysis.35128437_0.out:    Running contrast 51/2510
deg_analysis.35128437_0.out:    Running contrast 101/2510
deg_analysis.35128437_0.out:    Running contrast 151/2510
deg_analysis.35128437_0.out:    Running contrast 201/2510
deg_analysis.35128437_0.out:    Running contrast 251/2510
deg_analysis.35128437_0.out:    Running contrast 301/2510
deg_analysis.35128437_0.out:    Running contrast 351/2510
deg_analysis.35128437_0.out:    Running contrast 401/2510
deg_analysis.35128437_0.out:    Running contrast 451/2510
deg_analysis.35128437_0.out:    Running contrast 501/2510
deg_analysis.35128437_0.out:    Running contrast 551/2510
deg_analysis.35128437_0.out:    Running contrast 601/2510
deg_analysis.35128437_0.out:    Running contrast 651/2510
deg_analysis.35128437_0.out:    Running contrast 701/2510
deg_analysis.35128437_0.out:    Running contrast 751/2510
deg_analysis.35128437_0.out:    Running contrast 801/2510
deg_analysis.35128437_0.out:    Running contrast 851/2510
deg_analysis.35128437_0.out:    Running contrast 901/2510
deg_analysis.35128437_0.out:    Running contrast 951/2510
deg_analysis.35128437_0.out:    Running contrast 1001/2510
deg_analysis.35128437_0.out:    Running contrast 1051/2510
deg_analysis.35128437_0.out:    Running contrast 1101/2510
deg_analysis.35128437_0.out:    Running contrast 1151/2510
deg_analysis.35128437_0.out:    Running contrast 1201/2510
deg_analysis.35128437_0.out:    Running contrast 1251/2510
deg_analysis.35128437_0.out:    Running contrast 1301/2510
deg_analysis.35128437_0.out:    Running contrast 1351/2510
deg_analysis.35128437_0.out:    Running contrast 1401/2510
deg_analysis.35128437_0.out:    Running contrast 1451/2510
deg_analysis.35128437_0.out:    Running contrast 1501/2510
deg_analysis.35128437_0.out:    Running contrast 1551/2510
deg_analysis.35128437_0.out:    Running contrast 1601/2510
deg_analysis.35128437_0.out:    Running contrast 1651/2510
deg_analysis.35128437_0.out:    Running contrast 1701/2510
deg_analysis.35128437_0.out:    Running contrast 1751/2510
deg_analysis.35128437_0.out:    Running contrast 1801/2510
deg_analysis.35128437_0.out:    Running contrast 1851/2510
deg_analysis.35128437_0.out:    Running contrast 1901/2510
deg_analysis.35128437_0.out:    Running contrast 1951/2510
deg_analysis.35128437_0.out:    Running contrast 2001/2510
deg_analysis.35128437_0.out:    Running contrast 2051/2510
deg_analysis.35128437_0.out:    Running contrast 2101/2510
deg_analysis.35128437_0.out:    Running contrast 2151/2510
deg_analysis.35128437_0.out:    Running contrast 2201/2510
deg_analysis.35128437_0.out:    Running contrast 2251/2510
deg_analysis.35128437_0.out:    Running contrast 2301/2510
deg_analysis.35128437_0.out:    Running contrast 2351/2510
deg_analysis.35128437_0.out:    Running contrast 2401/2510
deg_analysis.35128437_0.out:    Running contrast 2451/2510
deg_analysis.35128437_0.out:    Running contrast 2501/2510
deg_analysis.35128437_0.out:    Running contrast 2510/2510
deg_analysis.35128437_0.out:Contrasts are completed in 2847.0 seconds
deg_analysis.35128437_0.out:
deg_analysis.35128437_0.out:    Writing:  ./data/vcpi_0001/deg_data/sep_rep/full/qc_false/filter_min_cells_0/intermediate/CVCL_0006/CVCL_0006_batch_10_de.h5ad
deg_analysis.35128437_0.out:
deg_analysis.35128437_0.out:    Rewriting h5ad file: ./data/vcpi_0001/deg_data/sep_rep/full/qc_false/filter_min_cells_0/intermediate/CVCL_0006/CVCL_0006_batch_10_de.h5ad
deg_analysis.35128437_0.out:    Removed X matrix
deg_analysis.35128437_0.out:    Rewriting h5ad file is done!
deg_analysis.35128437_0.out:✓ Cell line completed in 79638.6 seconds
deg_analysis.35128437_0.out:
deg_analysis.35128437_0.out:DE analysis completed!
deg_analysis.35128437_0.out:
deg_analysis.35128437_0.out:Total runtime: 79653.1 seconds
deg_analysis.35128437_0.err:
deg_analysis.35128437_0.err:=== 1 Warnings encountered ===
deg_analysis.35128437_0.err:
deg_analysis.35128437_0.err:1. sparse->dense coercion: allocating vector of size 1.8 GiB
deg_analysis.35128438_1.out:
deg_analysis.35128438_1.out:DE analysis started...
deg_analysis.35128438_1.out:Loaded input file:  ./data/vcpi_0001/pseudobulk_processed/sep_rep/by_celltype/CVCL_0006/CVCL_0006_processed_batch_11.h5ad
deg_analysis.35128438_1.out:Initial dimensions:  3109  samples ×  78677  genes
deg_analysis.35128438_1.out:Filter samples with the low number of cells
deg_analysis.35128438_1.out:    Filter threshold (min_cells):  0
deg_analysis.35128438_1.out:    Found  3109  samples with sentinel value (-666), keeping all
deg_analysis.35128438_1.out:    n_obs:  3109 -->  3109
deg_analysis.35128438_1.out:
deg_analysis.35128438_1.out:▶︎ Processing cell_type:  CVCL_0006
deg_analysis.35128438_1.out:    Filter controls by  pert_time_h  column
deg_analysis.35128438_1.out:        n_obs:  3109 -->  3109
deg_analysis.35128438_1.out:
deg_analysis.35128438_1.out:    Constructing design matrix...
deg_analysis.35128438_1.out:    Design matrix is constructed in 0.2 seconds
deg_analysis.35128438_1.out:    Design matrix dimensions: 3109 samples × 2578 coefficients
deg_analysis.35128438_1.out:    Filtering genes and normalizing counts...
deg_analysis.35128438_1.out:    Genes are filtered and normalized in 59.3 seconds
deg_analysis.35128438_1.out:    Running voom...
deg_analysis.35128438_1.out:    Voom is completed in 187.4 seconds
deg_analysis.35128438_1.out:    Running lmFit...
deg_analysis.35128438_1.out:    LmFit is completed in 75073.9 seconds
deg_analysis.35128438_1.out:DGE fit is completed in 75325.9 seconds
deg_analysis.35128438_1.out:    Running contrasts...
deg_analysis.35128438_1.out:    Running contrast 1/2501
deg_analysis.35128438_1.out:    Running contrast 51/2501
deg_analysis.35128438_1.out:    Running contrast 101/2501
deg_analysis.35128438_1.out:    Running contrast 151/2501
deg_analysis.35128438_1.out:    Running contrast 201/2501
deg_analysis.35128438_1.out:    Running contrast 251/2501
deg_analysis.35128438_1.out:    Running contrast 301/2501
deg_analysis.35128438_1.out:    Running contrast 351/2501
deg_analysis.35128438_1.out:    Running contrast 401/2501
deg_analysis.35128438_1.out:    Running contrast 451/2501
deg_analysis.35128438_1.out:    Running contrast 501/2501
deg_analysis.35128438_1.out:    Running contrast 551/2501
deg_analysis.35128438_1.out:    Running contrast 601/2501
deg_analysis.35128438_1.out:    Running contrast 651/2501
deg_analysis.35128438_1.out:    Running contrast 701/2501
deg_analysis.35128438_1.out:    Running contrast 751/2501
deg_analysis.35128438_1.out:    Running contrast 801/2501
deg_analysis.35128438_1.out:    Running contrast 851/2501
deg_analysis.35128438_1.out:    Running contrast 901/2501
deg_analysis.35128438_1.out:    Running contrast 951/2501
deg_analysis.35128438_1.out:    Running contrast 1001/2501
deg_analysis.35128438_1.out:    Running contrast 1051/2501
deg_analysis.35128438_1.out:    Running contrast 1101/2501
deg_analysis.35128438_1.out:    Running contrast 1151/2501
deg_analysis.35128438_1.out:    Running contrast 1201/2501
deg_analysis.35128438_1.out:    Running contrast 1251/2501
deg_analysis.35128438_1.out:    Running contrast 1301/2501
deg_analysis.35128438_1.out:    Running contrast 1351/2501
deg_analysis.35128438_1.out:    Running contrast 1401/2501
deg_analysis.35128438_1.out:    Running contrast 1451/2501
deg_analysis.35128438_1.out:    Running contrast 1501/2501
deg_analysis.35128438_1.out:    Running contrast 1551/2501
deg_analysis.35128438_1.out:    Running contrast 1601/2501
deg_analysis.35128438_1.out:    Running contrast 1651/2501
deg_analysis.35128438_1.out:    Running contrast 1701/2501
deg_analysis.35128438_1.out:    Running contrast 1751/2501
deg_analysis.35128438_1.out:    Running contrast 1801/2501
deg_analysis.35128438_1.out:    Running contrast 1851/2501
deg_analysis.35128438_1.out:    Running contrast 1901/2501
deg_analysis.35128438_1.out:    Running contrast 1951/2501
deg_analysis.35128438_1.out:    Running contrast 2001/2501
deg_analysis.35128438_1.out:    Running contrast 2051/2501
deg_analysis.35128438_1.out:    Running contrast 2101/2501
deg_analysis.35128438_1.out:    Running contrast 2151/2501
deg_analysis.35128438_1.out:    Running contrast 2201/2501
deg_analysis.35128438_1.out:    Running contrast 2251/2501
deg_analysis.35128438_1.out:    Running contrast 2301/2501
deg_analysis.35128438_1.out:    Running contrast 2351/2501
deg_analysis.35128438_1.out:    Running contrast 2401/2501
deg_analysis.35128438_1.out:    Running contrast 2451/2501
deg_analysis.35128438_1.out:    Running contrast 2501/2501
deg_analysis.35128438_1.out:Contrasts are completed in 2744.6 seconds
deg_analysis.35128438_1.out:
deg_analysis.35128438_1.out:    Writing:  ./data/vcpi_0001/deg_data/sep_rep/full/qc_false/filter_min_cells_0/intermediate/CVCL_0006/CVCL_0006_batch_11_de.h5ad
deg_analysis.35128438_1.out:
deg_analysis.35128438_1.out:    Rewriting h5ad file: ./data/vcpi_0001/deg_data/sep_rep/full/qc_false/filter_min_cells_0/intermediate/CVCL_0006/CVCL_0006_batch_11_de.h5ad
deg_analysis.35128438_1.out:    Removed X matrix
deg_analysis.35128438_1.out:    Rewriting h5ad file is done!
deg_analysis.35128438_1.out:✓ Cell line completed in 78354.2 seconds
deg_analysis.35128438_1.out:
deg_analysis.35128438_1.out:DE analysis completed!
deg_analysis.35128438_1.out:
deg_analysis.35128438_1.out:Total runtime: 78368.9 seconds
deg_analysis.35128438_1.err:
deg_analysis.35128438_1.err:=== 1 Warnings encountered ===
deg_analysis.35128438_1.err:
deg_analysis.35128438_1.err:1. sparse->dense coercion: allocating vector of size 1.8 GiB
deg_analysis.35128439_2.out:
deg_analysis.35128439_2.out:DE analysis started...
deg_analysis.35128439_2.out:Loaded input file:  ./data/vcpi_0001/pseudobulk_processed/sep_rep/by_celltype/CVCL_0006/CVCL_0006_processed_batch_1.h5ad
deg_analysis.35128439_2.out:Initial dimensions:  3116  samples ×  78677  genes
deg_analysis.35128439_2.out:Filter samples with the low number of cells
deg_analysis.35128439_2.out:    Filter threshold (min_cells):  0
deg_analysis.35128439_2.out:    Found  3116  samples with sentinel value (-666), keeping all
deg_analysis.35128439_2.out:    n_obs:  3116 -->  3116
deg_analysis.35128439_2.out:
deg_analysis.35128439_2.out:▶︎ Processing cell_type:  CVCL_0006
deg_analysis.35128439_2.out:    Filter controls by  pert_time_h  column
deg_analysis.35128439_2.out:        n_obs:  3116 -->  3116
deg_analysis.35128439_2.out:
deg_analysis.35128439_2.out:    Constructing design matrix...
deg_analysis.35128439_2.out:    Design matrix is constructed in 0.2 seconds
deg_analysis.35128439_2.out:    Design matrix dimensions: 3116 samples × 2585 coefficients
deg_analysis.35128439_2.out:    Filtering genes and normalizing counts...
deg_analysis.35128439_2.out:    Genes are filtered and normalized in 60.3 seconds
deg_analysis.35128439_2.out:    Running voom...
deg_analysis.35128439_2.out:    Voom is completed in 193.6 seconds
deg_analysis.35128439_2.out:    Running lmFit...
deg_analysis.35128439_2.out:    LmFit is completed in 78472.0 seconds
deg_analysis.35128439_2.out:DGE fit is completed in 78731.1 seconds
deg_analysis.35128439_2.out:    Running contrasts...
deg_analysis.35128439_2.out:    Running contrast 1/2508
deg_analysis.35128439_2.out:    Running contrast 51/2508
deg_analysis.35128439_2.out:    Running contrast 101/2508
deg_analysis.35128439_2.out:    Running contrast 151/2508
deg_analysis.35128439_2.out:    Running contrast 201/2508
deg_analysis.35128439_2.out:    Running contrast 251/2508
deg_analysis.35128439_2.out:    Running contrast 301/2508
deg_analysis.35128439_2.out:    Running contrast 351/2508
deg_analysis.35128439_2.out:    Running contrast 401/2508
deg_analysis.35128439_2.out:    Running contrast 451/2508
deg_analysis.35128439_2.out:    Running contrast 501/2508
deg_analysis.35128439_2.out:    Running contrast 551/2508
deg_analysis.35128439_2.out:    Running contrast 601/2508
deg_analysis.35128439_2.out:    Running contrast 651/2508
deg_analysis.35128439_2.out:    Running contrast 701/2508
deg_analysis.35128439_2.out:    Running contrast 751/2508
deg_analysis.35128439_2.out:    Running contrast 801/2508
deg_analysis.35128439_2.out:    Running contrast 851/2508
deg_analysis.35128439_2.out:    Running contrast 901/2508
deg_analysis.35128439_2.out:    Running contrast 951/2508
deg_analysis.35128439_2.out:    Running contrast 1001/2508
deg_analysis.35128439_2.out:    Running contrast 1051/2508
deg_analysis.35128439_2.out:    Running contrast 1101/2508
deg_analysis.35128439_2.out:    Running contrast 1151/2508
deg_analysis.35128439_2.out:    Running contrast 1201/2508
deg_analysis.35128439_2.out:    Running contrast 1251/2508
deg_analysis.35128439_2.out:    Running contrast 1301/2508
deg_analysis.35128439_2.out:    Running contrast 1351/2508
deg_analysis.35128439_2.out:    Running contrast 1401/2508
deg_analysis.35128439_2.out:    Running contrast 1451/2508
deg_analysis.35128439_2.out:    Running contrast 1501/2508
deg_analysis.35128439_2.out:    Running contrast 1551/2508
deg_analysis.35128439_2.out:    Running contrast 1601/2508
deg_analysis.35128439_2.out:    Running contrast 1651/2508
deg_analysis.35128439_2.out:    Running contrast 1701/2508
deg_analysis.35128439_2.out:    Running contrast 1751/2508
deg_analysis.35128439_2.out:    Running contrast 1801/2508
deg_analysis.35128439_2.out:    Running contrast 1851/2508
deg_analysis.35128439_2.out:    Running contrast 1901/2508
deg_analysis.35128439_2.out:    Running contrast 1951/2508
deg_analysis.35128439_2.out:    Running contrast 2001/2508
deg_analysis.35128439_2.out:    Running contrast 2051/2508
deg_analysis.35128439_2.out:    Running contrast 2101/2508
deg_analysis.35128439_2.out:    Running contrast 2151/2508
deg_analysis.35128439_2.out:    Running contrast 2201/2508
deg_analysis.35128439_2.out:    Running contrast 2251/2508
deg_analysis.35128439_2.out:    Running contrast 2301/2508
deg_analysis.35128439_2.out:    Running contrast 2351/2508
deg_analysis.35128439_2.out:    Running contrast 2401/2508
deg_analysis.35128439_2.out:    Running contrast 2451/2508
deg_analysis.35128439_2.out:    Running contrast 2501/2508
deg_analysis.35128439_2.out:    Running contrast 2508/2508
deg_analysis.35128439_2.out:Contrasts are completed in 2985.2 seconds
deg_analysis.35128439_2.out:
deg_analysis.35128439_2.out:    Writing:  ./data/vcpi_0001/deg_data/sep_rep/full/qc_false/filter_min_cells_0/intermediate/CVCL_0006/CVCL_0006_batch_1_de.h5ad
deg_analysis.35128439_2.out:
deg_analysis.35128439_2.out:    Rewriting h5ad file: ./data/vcpi_0001/deg_data/sep_rep/full/qc_false/filter_min_cells_0/intermediate/CVCL_0006/CVCL_0006_batch_1_de.h5ad
deg_analysis.35128439_2.out:    Removed X matrix
deg_analysis.35128439_2.out:    Rewriting h5ad file is done!
deg_analysis.35128439_2.out:✓ Cell line completed in 82012.0 seconds
deg_analysis.35128439_2.out:
deg_analysis.35128439_2.out:DE analysis completed!
deg_analysis.35128439_2.out:
deg_analysis.35128439_2.out:Total runtime: 82026.5 seconds
deg_analysis.35128439_2.err:
deg_analysis.35128439_2.err:=== 1 Warnings encountered ===
deg_analysis.35128439_2.err:
deg_analysis.35128439_2.err:1. sparse->dense coercion: allocating vector of size 1.8 GiB
deg_analysis.35128440_3.out:
deg_analysis.35128440_3.out:DE analysis started...
deg_analysis.35128440_3.out:Loaded input file:  ./data/vcpi_0001/pseudobulk_processed/sep_rep/by_celltype/CVCL_0006/CVCL_0006_processed_batch_2.h5ad
deg_analysis.35128440_3.out:Initial dimensions:  3117  samples ×  78677  genes
deg_analysis.35128440_3.out:Filter samples with the low number of cells
deg_analysis.35128440_3.out:    Filter threshold (min_cells):  0
deg_analysis.35128440_3.out:    Found  3117  samples with sentinel value (-666), keeping all
deg_analysis.35128440_3.out:    n_obs:  3117 -->  3117
deg_analysis.35128440_3.out:
deg_analysis.35128440_3.out:▶︎ Processing cell_type:  CVCL_0006
deg_analysis.35128440_3.out:    Filter controls by  pert_time_h  column
deg_analysis.35128440_3.out:        n_obs:  3117 -->  3117
deg_analysis.35128440_3.out:
deg_analysis.35128440_3.out:    Constructing design matrix...
deg_analysis.35128440_3.out:    Design matrix is constructed in 0.3 seconds
deg_analysis.35128440_3.out:    Design matrix dimensions: 3117 samples × 2586 coefficients
deg_analysis.35128440_3.out:    Filtering genes and normalizing counts...
deg_analysis.35128440_3.out:    Genes are filtered and normalized in 58.2 seconds
deg_analysis.35128440_3.out:    Running voom...
deg_analysis.35128440_3.out:    Voom is completed in 202.8 seconds
deg_analysis.35128440_3.out:    Running lmFit...
deg_analysis.35128440_3.out:    LmFit is completed in 81092.6 seconds
deg_analysis.35128440_3.out:DGE fit is completed in 81358.8 seconds
deg_analysis.35128440_3.out:    Running contrasts...
deg_analysis.35128440_3.out:    Running contrast 1/2509
deg_analysis.35128440_3.out:    Running contrast 51/2509
deg_analysis.35128440_3.out:    Running contrast 101/2509
deg_analysis.35128440_3.out:    Running contrast 151/2509
deg_analysis.35128440_3.out:    Running contrast 201/2509
deg_analysis.35128440_3.out:    Running contrast 251/2509
deg_analysis.35128440_3.out:    Running contrast 301/2509
deg_analysis.35128440_3.out:    Running contrast 351/2509
deg_analysis.35128440_3.out:    Running contrast 401/2509
deg_analysis.35128440_3.out:    Running contrast 451/2509
deg_analysis.35128440_3.out:    Running contrast 501/2509
deg_analysis.35128440_3.out:    Running contrast 551/2509
deg_analysis.35128440_3.out:    Running contrast 601/2509
deg_analysis.35128440_3.out:    Running contrast 651/2509
deg_analysis.35128440_3.out:    Running contrast 701/2509
deg_analysis.35128440_3.out:    Running contrast 751/2509
deg_analysis.35128440_3.out:    Running contrast 801/2509
deg_analysis.35128440_3.out:    Running contrast 851/2509
deg_analysis.35128440_3.out:    Running contrast 901/2509
deg_analysis.35128440_3.out:    Running contrast 951/2509
deg_analysis.35128440_3.out:    Running contrast 1001/2509
deg_analysis.35128440_3.out:    Running contrast 1051/2509
deg_analysis.35128440_3.out:    Running contrast 1101/2509
deg_analysis.35128440_3.out:    Running contrast 1151/2509
deg_analysis.35128440_3.out:    Running contrast 1201/2509
deg_analysis.35128440_3.out:    Running contrast 1251/2509
deg_analysis.35128440_3.out:    Running contrast 1301/2509
deg_analysis.35128440_3.out:    Running contrast 1351/2509
deg_analysis.35128440_3.out:    Running contrast 1401/2509
deg_analysis.35128440_3.out:    Running contrast 1451/2509
deg_analysis.35128440_3.out:    Running contrast 1501/2509
deg_analysis.35128440_3.out:    Running contrast 1551/2509
deg_analysis.35128440_3.out:    Running contrast 1601/2509
deg_analysis.35128440_3.out:    Running contrast 1651/2509
deg_analysis.35128440_3.out:    Running contrast 1701/2509
deg_analysis.35128440_3.out:    Running contrast 1751/2509
deg_analysis.35128440_3.out:    Running contrast 1801/2509
deg_analysis.35128440_3.out:    Running contrast 1851/2509
deg_analysis.35128440_3.out:    Running contrast 1901/2509
deg_analysis.35128440_3.out:    Running contrast 1951/2509
deg_analysis.35128440_3.out:    Running contrast 2001/2509
deg_analysis.35128440_3.out:    Running contrast 2051/2509
deg_analysis.35128440_3.out:    Running contrast 2101/2509
deg_analysis.35128440_3.out:    Running contrast 2151/2509
deg_analysis.35128440_3.out:    Running contrast 2201/2509
deg_analysis.35128440_3.out:    Running contrast 2251/2509
deg_analysis.35128440_3.out:    Running contrast 2301/2509
deg_analysis.35128440_3.out:    Running contrast 2351/2509
deg_analysis.35128440_3.out:    Running contrast 2401/2509
deg_analysis.35128440_3.out:    Running contrast 2451/2509
deg_analysis.35128440_3.out:    Running contrast 2501/2509
deg_analysis.35128440_3.out:    Running contrast 2509/2509
deg_analysis.35128440_3.out:Contrasts are completed in 2812.5 seconds
deg_analysis.35128440_3.out:
deg_analysis.35128440_3.out:    Writing:  ./data/vcpi_0001/deg_data/sep_rep/full/qc_false/filter_min_cells_0/intermediate/CVCL_0006/CVCL_0006_batch_2_de.h5ad
deg_analysis.35128440_3.out:
deg_analysis.35128440_3.out:    Rewriting h5ad file: ./data/vcpi_0001/deg_data/sep_rep/full/qc_false/filter_min_cells_0/intermediate/CVCL_0006/CVCL_0006_batch_2_de.h5ad
deg_analysis.35128440_3.out:    Removed X matrix
deg_analysis.35128440_3.out:    Rewriting h5ad file is done!
deg_analysis.35128440_3.out:✓ Cell line completed in 84468.7 seconds
deg_analysis.35128440_3.out:
deg_analysis.35128440_3.out:DE analysis completed!
deg_analysis.35128440_3.out:
deg_analysis.35128440_3.out:Total runtime: 84483.9 seconds
deg_analysis.35128440_3.err:
deg_analysis.35128440_3.err:=== 1 Warnings encountered ===
deg_analysis.35128440_3.err:
deg_analysis.35128440_3.err:1. sparse->dense coercion: allocating vector of size 1.8 GiB
deg_analysis.35128441_4.out:
deg_analysis.35128441_4.out:DE analysis started...
deg_analysis.35128441_4.out:Loaded input file:  ./data/vcpi_0001/pseudobulk_processed/sep_rep/by_celltype/CVCL_0006/CVCL_0006_processed_batch_3.h5ad
deg_analysis.35128441_4.out:Initial dimensions:  3110  samples ×  78677  genes
deg_analysis.35128441_4.out:Filter samples with the low number of cells
deg_analysis.35128441_4.out:    Filter threshold (min_cells):  0
deg_analysis.35128441_4.out:    Found  3110  samples with sentinel value (-666), keeping all
deg_analysis.35128441_4.out:    n_obs:  3110 -->  3110
deg_analysis.35128441_4.out:
deg_analysis.35128441_4.out:▶︎ Processing cell_type:  CVCL_0006
deg_analysis.35128441_4.out:    Filter controls by  pert_time_h  column
deg_analysis.35128441_4.out:        n_obs:  3110 -->  3110
deg_analysis.35128441_4.out:
deg_analysis.35128441_4.out:    Constructing design matrix...
deg_analysis.35128441_4.out:    Design matrix is constructed in 0.3 seconds
deg_analysis.35128441_4.out:    Design matrix dimensions: 3110 samples × 2579 coefficients
deg_analysis.35128441_4.out:    Filtering genes and normalizing counts...
deg_analysis.35128441_4.out:    Genes are filtered and normalized in 60.8 seconds
deg_analysis.35128441_4.out:    Running voom...
deg_analysis.35128441_4.out:    Voom is completed in 198.1 seconds
deg_analysis.35128441_4.out:    Running lmFit...
deg_analysis.35128441_4.out:    LmFit is completed in 79342.3 seconds
deg_analysis.35128441_4.out:DGE fit is completed in 79606.5 seconds
deg_analysis.35128441_4.out:    Running contrasts...
deg_analysis.35128441_4.out:    Running contrast 1/2502
deg_analysis.35128441_4.out:    Running contrast 51/2502
deg_analysis.35128441_4.out:    Running contrast 101/2502
deg_analysis.35128441_4.out:    Running contrast 151/2502
deg_analysis.35128441_4.out:    Running contrast 201/2502
deg_analysis.35128441_4.out:    Running contrast 251/2502
deg_analysis.35128441_4.out:    Running contrast 301/2502
deg_analysis.35128441_4.out:    Running contrast 351/2502
deg_analysis.35128441_4.out:    Running contrast 401/2502
deg_analysis.35128441_4.out:    Running contrast 451/2502
deg_analysis.35128441_4.out:    Running contrast 501/2502
deg_analysis.35128441_4.out:    Running contrast 551/2502
deg_analysis.35128441_4.out:    Running contrast 601/2502
deg_analysis.35128441_4.out:    Running contrast 651/2502
deg_analysis.35128441_4.out:    Running contrast 701/2502
deg_analysis.35128441_4.out:    Running contrast 751/2502
deg_analysis.35128441_4.out:    Running contrast 801/2502
deg_analysis.35128441_4.out:    Running contrast 851/2502
deg_analysis.35128441_4.out:    Running contrast 901/2502
deg_analysis.35128441_4.out:    Running contrast 951/2502
deg_analysis.35128441_4.out:    Running contrast 1001/2502
deg_analysis.35128441_4.out:    Running contrast 1051/2502
deg_analysis.35128441_4.out:    Running contrast 1101/2502
deg_analysis.35128441_4.out:    Running contrast 1151/2502
deg_analysis.35128441_4.out:    Running contrast 1201/2502
deg_analysis.35128441_4.out:    Running contrast 1251/2502
deg_analysis.35128441_4.out:    Running contrast 1301/2502
deg_analysis.35128441_4.out:    Running contrast 1351/2502
deg_analysis.35128441_4.out:    Running contrast 1401/2502
deg_analysis.35128441_4.out:    Running contrast 1451/2502
deg_analysis.35128441_4.out:    Running contrast 1501/2502
deg_analysis.35128441_4.out:    Running contrast 1551/2502
deg_analysis.35128441_4.out:    Running contrast 1601/2502
deg_analysis.35128441_4.out:    Running contrast 1651/2502
deg_analysis.35128441_4.out:    Running contrast 1701/2502
deg_analysis.35128441_4.out:    Running contrast 1751/2502
deg_analysis.35128441_4.out:    Running contrast 1801/2502
deg_analysis.35128441_4.out:    Running contrast 1851/2502
deg_analysis.35128441_4.out:    Running contrast 1901/2502
deg_analysis.35128441_4.out:    Running contrast 1951/2502
deg_analysis.35128441_4.out:    Running contrast 2001/2502
deg_analysis.35128441_4.out:    Running contrast 2051/2502
deg_analysis.35128441_4.out:    Running contrast 2101/2502
deg_analysis.35128441_4.out:    Running contrast 2151/2502
deg_analysis.35128441_4.out:    Running contrast 2201/2502
deg_analysis.35128441_4.out:    Running contrast 2251/2502
deg_analysis.35128441_4.out:    Running contrast 2301/2502
deg_analysis.35128441_4.out:    Running contrast 2351/2502
deg_analysis.35128441_4.out:    Running contrast 2401/2502
deg_analysis.35128441_4.out:    Running contrast 2451/2502
deg_analysis.35128441_4.out:    Running contrast 2501/2502
deg_analysis.35128441_4.out:    Running contrast 2502/2502
deg_analysis.35128441_4.out:Contrasts are completed in 3011.3 seconds
deg_analysis.35128441_4.out:
deg_analysis.35128441_4.out:    Writing:  ./data/vcpi_0001/deg_data/sep_rep/full/qc_false/filter_min_cells_0/intermediate/CVCL_0006/CVCL_0006_batch_3_de.h5ad
deg_analysis.35128441_4.out:
deg_analysis.35128441_4.out:    Rewriting h5ad file: ./data/vcpi_0001/deg_data/sep_rep/full/qc_false/filter_min_cells_0/intermediate/CVCL_0006/CVCL_0006_batch_3_de.h5ad
deg_analysis.35128441_4.out:    Removed X matrix
deg_analysis.35128441_4.out:    Rewriting h5ad file is done!
deg_analysis.35128441_4.out:✓ Cell line completed in 82911.8 seconds
deg_analysis.35128441_4.out:
deg_analysis.35128441_4.out:DE analysis completed!
deg_analysis.35128441_4.out:
deg_analysis.35128441_4.out:Total runtime: 82927.0 seconds
deg_analysis.35128441_4.err:
deg_analysis.35128441_4.err:=== 1 Warnings encountered ===
deg_analysis.35128441_4.err:
deg_analysis.35128441_4.err:1. sparse->dense coercion: allocating vector of size 1.8 GiB
deg_analysis.35128442_5.out:
deg_analysis.35128442_5.out:DE analysis started...
deg_analysis.35128442_5.out:Loaded input file:  ./data/vcpi_0001/pseudobulk_processed/sep_rep/by_celltype/CVCL_0006/CVCL_0006_processed_batch_4.h5ad
deg_analysis.35128442_5.out:Initial dimensions:  3110  samples ×  78677  genes
deg_analysis.35128442_5.out:Filter samples with the low number of cells
deg_analysis.35128442_5.out:    Filter threshold (min_cells):  0
deg_analysis.35128442_5.out:    Found  3110  samples with sentinel value (-666), keeping all
deg_analysis.35128442_5.out:    n_obs:  3110 -->  3110
deg_analysis.35128442_5.out:
deg_analysis.35128442_5.out:▶︎ Processing cell_type:  CVCL_0006
deg_analysis.35128442_5.out:    Filter controls by  pert_time_h  column
deg_analysis.35128442_5.out:        n_obs:  3110 -->  3110
deg_analysis.35128442_5.out:
deg_analysis.35128442_5.out:    Constructing design matrix...
deg_analysis.35128442_5.out:    Design matrix is constructed in 0.2 seconds
deg_analysis.35128442_5.out:    Design matrix dimensions: 3110 samples × 2579 coefficients
deg_analysis.35128442_5.out:    Filtering genes and normalizing counts...
deg_analysis.35128442_5.out:    Genes are filtered and normalized in 59.1 seconds
deg_analysis.35128442_5.out:    Running voom...
deg_analysis.35128442_5.out:    Voom is completed in 193.7 seconds
deg_analysis.35128442_5.out:    Running lmFit...
deg_analysis.35128442_5.out:    LmFit is completed in 77184.4 seconds
deg_analysis.35128442_5.out:DGE fit is completed in 77442.3 seconds
deg_analysis.35128442_5.out:    Running contrasts...
deg_analysis.35128442_5.out:    Running contrast 1/2502
deg_analysis.35128442_5.out:    Running contrast 51/2502
deg_analysis.35128442_5.out:    Running contrast 101/2502
deg_analysis.35128442_5.out:    Running contrast 151/2502
deg_analysis.35128442_5.out:    Running contrast 201/2502
deg_analysis.35128442_5.out:    Running contrast 251/2502
deg_analysis.35128442_5.out:    Running contrast 301/2502
deg_analysis.35128442_5.out:    Running contrast 351/2502
deg_analysis.35128442_5.out:    Running contrast 401/2502
deg_analysis.35128442_5.out:    Running contrast 451/2502
deg_analysis.35128442_5.out:    Running contrast 501/2502
deg_analysis.35128442_5.out:    Running contrast 551/2502
deg_analysis.35128442_5.out:    Running contrast 601/2502
deg_analysis.35128442_5.out:    Running contrast 651/2502
deg_analysis.35128442_5.out:    Running contrast 701/2502
deg_analysis.35128442_5.out:    Running contrast 751/2502
deg_analysis.35128442_5.out:    Running contrast 801/2502
deg_analysis.35128442_5.out:    Running contrast 851/2502
deg_analysis.35128442_5.out:    Running contrast 901/2502
deg_analysis.35128442_5.out:    Running contrast 951/2502
deg_analysis.35128442_5.out:    Running contrast 1001/2502
deg_analysis.35128442_5.out:    Running contrast 1051/2502
deg_analysis.35128442_5.out:    Running contrast 1101/2502
deg_analysis.35128442_5.out:    Running contrast 1151/2502
deg_analysis.35128442_5.out:    Running contrast 1201/2502
deg_analysis.35128442_5.out:    Running contrast 1251/2502
deg_analysis.35128442_5.out:    Running contrast 1301/2502
deg_analysis.35128442_5.out:    Running contrast 1351/2502
deg_analysis.35128442_5.out:    Running contrast 1401/2502
deg_analysis.35128442_5.out:    Running contrast 1451/2502
deg_analysis.35128442_5.out:    Running contrast 1501/2502
deg_analysis.35128442_5.out:    Running contrast 1551/2502
deg_analysis.35128442_5.out:    Running contrast 1601/2502
deg_analysis.35128442_5.out:    Running contrast 1651/2502
deg_analysis.35128442_5.out:    Running contrast 1701/2502
deg_analysis.35128442_5.out:    Running contrast 1751/2502
deg_analysis.35128442_5.out:    Running contrast 1801/2502
deg_analysis.35128442_5.out:    Running contrast 1851/2502
deg_analysis.35128442_5.out:    Running contrast 1901/2502
deg_analysis.35128442_5.out:    Running contrast 1951/2502
deg_analysis.35128442_5.out:    Running contrast 2001/2502
deg_analysis.35128442_5.out:    Running contrast 2051/2502
deg_analysis.35128442_5.out:    Running contrast 2101/2502
deg_analysis.35128442_5.out:    Running contrast 2151/2502
deg_analysis.35128442_5.out:    Running contrast 2201/2502
deg_analysis.35128442_5.out:    Running contrast 2251/2502
deg_analysis.35128442_5.out:    Running contrast 2301/2502
deg_analysis.35128442_5.out:    Running contrast 2351/2502
deg_analysis.35128442_5.out:    Running contrast 2401/2502
deg_analysis.35128442_5.out:    Running contrast 2451/2502
deg_analysis.35128442_5.out:    Running contrast 2501/2502
deg_analysis.35128442_5.out:    Running contrast 2502/2502
deg_analysis.35128442_5.out:Contrasts are completed in 2819.1 seconds
deg_analysis.35128442_5.out:
deg_analysis.35128442_5.out:    Writing:  ./data/vcpi_0001/deg_data/sep_rep/full/qc_false/filter_min_cells_0/intermediate/CVCL_0006/CVCL_0006_batch_4_de.h5ad
deg_analysis.35128442_5.out:
deg_analysis.35128442_5.out:    Rewriting h5ad file: ./data/vcpi_0001/deg_data/sep_rep/full/qc_false/filter_min_cells_0/intermediate/CVCL_0006/CVCL_0006_batch_4_de.h5ad
deg_analysis.35128442_5.out:    Removed X matrix
deg_analysis.35128442_5.out:    Rewriting h5ad file is done!
deg_analysis.35128442_5.out:✓ Cell line completed in 80549.9 seconds
deg_analysis.35128442_5.out:
deg_analysis.35128442_5.out:DE analysis completed!
deg_analysis.35128442_5.out:
deg_analysis.35128442_5.out:Total runtime: 80560.5 seconds
deg_analysis.35128442_5.err:
deg_analysis.35128442_5.err:=== 1 Warnings encountered ===
deg_analysis.35128442_5.err:
deg_analysis.35128442_5.err:1. sparse->dense coercion: allocating vector of size 1.8 GiB
deg_analysis.35128443_6.out:
deg_analysis.35128443_6.out:DE analysis started...
deg_analysis.35128443_6.out:Loaded input file:  ./data/vcpi_0001/pseudobulk_processed/sep_rep/by_celltype/CVCL_0006/CVCL_0006_processed_batch_5.h5ad
deg_analysis.35128443_6.out:Initial dimensions:  3108  samples ×  78677  genes
deg_analysis.35128443_6.out:Filter samples with the low number of cells
deg_analysis.35128443_6.out:    Filter threshold (min_cells):  0
deg_analysis.35128443_6.out:    Found  3108  samples with sentinel value (-666), keeping all
deg_analysis.35128443_6.out:    n_obs:  3108 -->  3108
deg_analysis.35128443_6.out:
deg_analysis.35128443_6.out:▶︎ Processing cell_type:  CVCL_0006
deg_analysis.35128443_6.out:    Filter controls by  pert_time_h  column
deg_analysis.35128443_6.out:        n_obs:  3108 -->  3108
deg_analysis.35128443_6.out:
deg_analysis.35128443_6.out:    Constructing design matrix...
deg_analysis.35128443_6.out:    Design matrix is constructed in 0.3 seconds
deg_analysis.35128443_6.out:    Design matrix dimensions: 3108 samples × 2577 coefficients
deg_analysis.35128443_6.out:    Filtering genes and normalizing counts...
deg_analysis.35128443_6.out:    Genes are filtered and normalized in 60.2 seconds
deg_analysis.35128443_6.out:    Running voom...
deg_analysis.35128443_6.out:    Voom is completed in 188.7 seconds
deg_analysis.35128443_6.out:    Running lmFit...
deg_analysis.35128443_6.out:    LmFit is completed in 76427.8 seconds
deg_analysis.35128443_6.out:DGE fit is completed in 76681.9 seconds
deg_analysis.35128443_6.out:    Running contrasts...
deg_analysis.35128443_6.out:    Running contrast 1/2500
deg_analysis.35128443_6.out:    Running contrast 51/2500
deg_analysis.35128443_6.out:    Running contrast 101/2500
deg_analysis.35128443_6.out:    Running contrast 151/2500
deg_analysis.35128443_6.out:    Running contrast 201/2500
deg_analysis.35128443_6.out:    Running contrast 251/2500
deg_analysis.35128443_6.out:    Running contrast 301/2500
deg_analysis.35128443_6.out:    Running contrast 351/2500
deg_analysis.35128443_6.out:    Running contrast 401/2500
deg_analysis.35128443_6.out:    Running contrast 451/2500
deg_analysis.35128443_6.out:    Running contrast 501/2500
deg_analysis.35128443_6.out:    Running contrast 551/2500
deg_analysis.35128443_6.out:    Running contrast 601/2500
deg_analysis.35128443_6.out:    Running contrast 651/2500
deg_analysis.35128443_6.out:    Running contrast 701/2500
deg_analysis.35128443_6.out:    Running contrast 751/2500
deg_analysis.35128443_6.out:    Running contrast 801/2500
deg_analysis.35128443_6.out:    Running contrast 851/2500
deg_analysis.35128443_6.out:    Running contrast 901/2500
deg_analysis.35128443_6.out:    Running contrast 951/2500
deg_analysis.35128443_6.out:    Running contrast 1001/2500
deg_analysis.35128443_6.out:    Running contrast 1051/2500
deg_analysis.35128443_6.out:    Running contrast 1101/2500
deg_analysis.35128443_6.out:    Running contrast 1151/2500
deg_analysis.35128443_6.out:    Running contrast 1201/2500
deg_analysis.35128443_6.out:    Running contrast 1251/2500
deg_analysis.35128443_6.out:    Running contrast 1301/2500
deg_analysis.35128443_6.out:    Running contrast 1351/2500
deg_analysis.35128443_6.out:    Running contrast 1401/2500
deg_analysis.35128443_6.out:    Running contrast 1451/2500
deg_analysis.35128443_6.out:    Running contrast 1501/2500
deg_analysis.35128443_6.out:    Running contrast 1551/2500
deg_analysis.35128443_6.out:    Running contrast 1601/2500
deg_analysis.35128443_6.out:    Running contrast 1651/2500
deg_analysis.35128443_6.out:    Running contrast 1701/2500
deg_analysis.35128443_6.out:    Running contrast 1751/2500
deg_analysis.35128443_6.out:    Running contrast 1801/2500
deg_analysis.35128443_6.out:    Running contrast 1851/2500
deg_analysis.35128443_6.out:    Running contrast 1901/2500
deg_analysis.35128443_6.out:    Running contrast 1951/2500
deg_analysis.35128443_6.out:    Running contrast 2001/2500
deg_analysis.35128443_6.out:    Running contrast 2051/2500
deg_analysis.35128443_6.out:    Running contrast 2101/2500
deg_analysis.35128443_6.out:    Running contrast 2151/2500
deg_analysis.35128443_6.out:    Running contrast 2201/2500
deg_analysis.35128443_6.out:    Running contrast 2251/2500
deg_analysis.35128443_6.out:    Running contrast 2301/2500
deg_analysis.35128443_6.out:    Running contrast 2351/2500
deg_analysis.35128443_6.out:    Running contrast 2401/2500
deg_analysis.35128443_6.out:    Running contrast 2451/2500
deg_analysis.35128443_6.out:    Running contrast 2500/2500
deg_analysis.35128443_6.out:Contrasts are completed in 3114.8 seconds
deg_analysis.35128443_6.out:
deg_analysis.35128443_6.out:    Writing:  ./data/vcpi_0001/deg_data/sep_rep/full/qc_false/filter_min_cells_0/intermediate/CVCL_0006/CVCL_0006_batch_5_de.h5ad
deg_analysis.35128443_6.out:
deg_analysis.35128443_6.out:    Rewriting h5ad file: ./data/vcpi_0001/deg_data/sep_rep/full/qc_false/filter_min_cells_0/intermediate/CVCL_0006/CVCL_0006_batch_5_de.h5ad
deg_analysis.35128443_6.out:    Removed X matrix
deg_analysis.35128443_6.out:    Rewriting h5ad file is done!
deg_analysis.35128443_6.out:✓ Cell line completed in 80087.2 seconds
deg_analysis.35128443_6.out:
deg_analysis.35128443_6.out:DE analysis completed!
deg_analysis.35128443_6.out:
deg_analysis.35128443_6.out:Total runtime: 80098.0 seconds
deg_analysis.35128443_6.err:
deg_analysis.35128443_6.err:=== 1 Warnings encountered ===
deg_analysis.35128443_6.err:
deg_analysis.35128443_6.err:1. sparse->dense coercion: allocating vector of size 1.8 GiB
deg_analysis.35128444_7.out:
deg_analysis.35128444_7.out:DE analysis started...
deg_analysis.35128444_7.out:Loaded input file:  ./data/vcpi_0001/pseudobulk_processed/sep_rep/by_celltype/CVCL_0006/CVCL_0006_processed_batch_6.h5ad
deg_analysis.35128444_7.out:Initial dimensions:  3115  samples ×  78677  genes
deg_analysis.35128444_7.out:Filter samples with the low number of cells
deg_analysis.35128444_7.out:    Filter threshold (min_cells):  0
deg_analysis.35128444_7.out:    Found  3115  samples with sentinel value (-666), keeping all
deg_analysis.35128444_7.out:    n_obs:  3115 -->  3115
deg_analysis.35128444_7.out:
deg_analysis.35128444_7.out:▶︎ Processing cell_type:  CVCL_0006
deg_analysis.35128444_7.out:    Filter controls by  pert_time_h  column
deg_analysis.35128444_7.out:        n_obs:  3115 -->  3115
deg_analysis.35128444_7.out:
deg_analysis.35128444_7.out:    Constructing design matrix...
deg_analysis.35128444_7.out:    Design matrix is constructed in 0.2 seconds
deg_analysis.35128444_7.out:    Design matrix dimensions: 3115 samples × 2584 coefficients
deg_analysis.35128444_7.out:    Filtering genes and normalizing counts...
deg_analysis.35128444_7.out:    Genes are filtered and normalized in 59.9 seconds
deg_analysis.35128444_7.out:    Running voom...
deg_analysis.35128444_7.out:    Voom is completed in 192.7 seconds
deg_analysis.35128444_7.out:    Running lmFit...
deg_analysis.35128444_7.out:    LmFit is completed in 77385.3 seconds
deg_analysis.35128444_7.out:DGE fit is completed in 77643.0 seconds
deg_analysis.35128444_7.out:    Running contrasts...
deg_analysis.35128444_7.out:    Running contrast 1/2507
deg_analysis.35128444_7.out:    Running contrast 51/2507
deg_analysis.35128444_7.out:    Running contrast 101/2507
deg_analysis.35128444_7.out:    Running contrast 151/2507
deg_analysis.35128444_7.out:    Running contrast 201/2507
deg_analysis.35128444_7.out:    Running contrast 251/2507
deg_analysis.35128444_7.out:    Running contrast 301/2507
deg_analysis.35128444_7.out:    Running contrast 351/2507
deg_analysis.35128444_7.out:    Running contrast 401/2507
deg_analysis.35128444_7.out:    Running contrast 451/2507
deg_analysis.35128444_7.out:    Running contrast 501/2507
deg_analysis.35128444_7.out:    Running contrast 551/2507
deg_analysis.35128444_7.out:    Running contrast 601/2507
deg_analysis.35128444_7.out:    Running contrast 651/2507
deg_analysis.35128444_7.out:    Running contrast 701/2507
deg_analysis.35128444_7.out:    Running contrast 751/2507
deg_analysis.35128444_7.out:    Running contrast 801/2507
deg_analysis.35128444_7.out:    Running contrast 851/2507
deg_analysis.35128444_7.out:    Running contrast 901/2507
deg_analysis.35128444_7.out:    Running contrast 951/2507
deg_analysis.35128444_7.out:    Running contrast 1001/2507
deg_analysis.35128444_7.out:    Running contrast 1051/2507
deg_analysis.35128444_7.out:    Running contrast 1101/2507
deg_analysis.35128444_7.out:    Running contrast 1151/2507
deg_analysis.35128444_7.out:    Running contrast 1201/2507
deg_analysis.35128444_7.out:    Running contrast 1251/2507
deg_analysis.35128444_7.out:    Running contrast 1301/2507
deg_analysis.35128444_7.out:    Running contrast 1351/2507
deg_analysis.35128444_7.out:    Running contrast 1401/2507
deg_analysis.35128444_7.out:    Running contrast 1451/2507
deg_analysis.35128444_7.out:    Running contrast 1501/2507
deg_analysis.35128444_7.out:    Running contrast 1551/2507
deg_analysis.35128444_7.out:    Running contrast 1601/2507
deg_analysis.35128444_7.out:    Running contrast 1651/2507
deg_analysis.35128444_7.out:    Running contrast 1701/2507
deg_analysis.35128444_7.out:    Running contrast 1751/2507
deg_analysis.35128444_7.out:    Running contrast 1801/2507
deg_analysis.35128444_7.out:    Running contrast 1851/2507
deg_analysis.35128444_7.out:    Running contrast 1901/2507
deg_analysis.35128444_7.out:    Running contrast 1951/2507
deg_analysis.35128444_7.out:    Running contrast 2001/2507
deg_analysis.35128444_7.out:    Running contrast 2051/2507
deg_analysis.35128444_7.out:    Running contrast 2101/2507
deg_analysis.35128444_7.out:    Running contrast 2151/2507
deg_analysis.35128444_7.out:    Running contrast 2201/2507
deg_analysis.35128444_7.out:    Running contrast 2251/2507
deg_analysis.35128444_7.out:    Running contrast 2301/2507
deg_analysis.35128444_7.out:    Running contrast 2351/2507
deg_analysis.35128444_7.out:    Running contrast 2401/2507
deg_analysis.35128444_7.out:    Running contrast 2451/2507
deg_analysis.35128444_7.out:    Running contrast 2501/2507
deg_analysis.35128444_7.out:    Running contrast 2507/2507
deg_analysis.35128444_7.out:Contrasts are completed in 2771.7 seconds
deg_analysis.35128444_7.out:
deg_analysis.35128444_7.out:    Writing:  ./data/vcpi_0001/deg_data/sep_rep/full/qc_false/filter_min_cells_0/intermediate/CVCL_0006/CVCL_0006_batch_6_de.h5ad
deg_analysis.35128444_7.out:
deg_analysis.35128444_7.out:    Rewriting h5ad file: ./data/vcpi_0001/deg_data/sep_rep/full/qc_false/filter_min_cells_0/intermediate/CVCL_0006/CVCL_0006_batch_6_de.h5ad
deg_analysis.35128444_7.out:    Removed X matrix
deg_analysis.35128444_7.out:    Rewriting h5ad file is done!
deg_analysis.35128444_7.out:✓ Cell line completed in 80707.9 seconds
deg_analysis.35128444_7.out:
deg_analysis.35128444_7.out:DE analysis completed!
deg_analysis.35128444_7.out:
deg_analysis.35128444_7.out:Total runtime: 80723.2 seconds
deg_analysis.35128444_7.err:
deg_analysis.35128444_7.err:=== 1 Warnings encountered ===
deg_analysis.35128444_7.err:
deg_analysis.35128444_7.err:1. sparse->dense coercion: allocating vector of size 1.8 GiB
deg_analysis.35128445_8.out:
deg_analysis.35128445_8.out:DE analysis started...
deg_analysis.35128445_8.out:Loaded input file:  ./data/vcpi_0001/pseudobulk_processed/sep_rep/by_celltype/CVCL_0006/CVCL_0006_processed_batch_7.h5ad
deg_analysis.35128445_8.out:Initial dimensions:  3108  samples ×  78677  genes
deg_analysis.35128445_8.out:Filter samples with the low number of cells
deg_analysis.35128445_8.out:    Filter threshold (min_cells):  0
deg_analysis.35128445_8.out:    Found  3108  samples with sentinel value (-666), keeping all
deg_analysis.35128445_8.out:    n_obs:  3108 -->  3108
deg_analysis.35128445_8.out:
deg_analysis.35128445_8.out:▶︎ Processing cell_type:  CVCL_0006
deg_analysis.35128445_8.out:    Filter controls by  pert_time_h  column
deg_analysis.35128445_8.out:        n_obs:  3108 -->  3108
deg_analysis.35128445_8.out:
deg_analysis.35128445_8.out:    Constructing design matrix...
deg_analysis.35128445_8.out:    Design matrix is constructed in 0.3 seconds
deg_analysis.35128445_8.out:    Design matrix dimensions: 3108 samples × 2577 coefficients
deg_analysis.35128445_8.out:    Filtering genes and normalizing counts...
deg_analysis.35128445_8.out:    Genes are filtered and normalized in 59.5 seconds
deg_analysis.35128445_8.out:    Running voom...
deg_analysis.35128445_8.out:    Voom is completed in 186.0 seconds
deg_analysis.35128445_8.out:    Running lmFit...
deg_analysis.35128445_8.out:    LmFit is completed in 76473.7 seconds
deg_analysis.35128445_8.out:DGE fit is completed in 76724.4 seconds
deg_analysis.35128445_8.out:    Running contrasts...
deg_analysis.35128445_8.out:    Running contrast 1/2500
deg_analysis.35128445_8.out:    Running contrast 51/2500
deg_analysis.35128445_8.out:    Running contrast 101/2500
deg_analysis.35128445_8.out:    Running contrast 151/2500
deg_analysis.35128445_8.out:    Running contrast 201/2500
deg_analysis.35128445_8.out:    Running contrast 251/2500
deg_analysis.35128445_8.out:    Running contrast 301/2500
deg_analysis.35128445_8.out:    Running contrast 351/2500
deg_analysis.35128445_8.out:    Running contrast 401/2500
deg_analysis.35128445_8.out:    Running contrast 451/2500
deg_analysis.35128445_8.out:    Running contrast 501/2500
deg_analysis.35128445_8.out:    Running contrast 551/2500
deg_analysis.35128445_8.out:    Running contrast 601/2500
deg_analysis.35128445_8.out:    Running contrast 651/2500
deg_analysis.35128445_8.out:    Running contrast 701/2500
deg_analysis.35128445_8.out:    Running contrast 751/2500
deg_analysis.35128445_8.out:    Running contrast 801/2500
deg_analysis.35128445_8.out:    Running contrast 851/2500
deg_analysis.35128445_8.out:    Running contrast 901/2500
deg_analysis.35128445_8.out:    Running contrast 951/2500
deg_analysis.35128445_8.out:    Running contrast 1001/2500
deg_analysis.35128445_8.out:    Running contrast 1051/2500
deg_analysis.35128445_8.out:    Running contrast 1101/2500
deg_analysis.35128445_8.out:    Running contrast 1151/2500
deg_analysis.35128445_8.out:    Running contrast 1201/2500
deg_analysis.35128445_8.out:    Running contrast 1251/2500
deg_analysis.35128445_8.out:    Running contrast 1301/2500
deg_analysis.35128445_8.out:    Running contrast 1351/2500
deg_analysis.35128445_8.out:    Running contrast 1401/2500
deg_analysis.35128445_8.out:    Running contrast 1451/2500
deg_analysis.35128445_8.out:    Running contrast 1501/2500
deg_analysis.35128445_8.out:    Running contrast 1551/2500
deg_analysis.35128445_8.out:    Running contrast 1601/2500
deg_analysis.35128445_8.out:    Running contrast 1651/2500
deg_analysis.35128445_8.out:    Running contrast 1701/2500
deg_analysis.35128445_8.out:    Running contrast 1751/2500
deg_analysis.35128445_8.out:    Running contrast 1801/2500
deg_analysis.35128445_8.out:    Running contrast 1851/2500
deg_analysis.35128445_8.out:    Running contrast 1901/2500
deg_analysis.35128445_8.out:    Running contrast 1951/2500
deg_analysis.35128445_8.out:    Running contrast 2001/2500
deg_analysis.35128445_8.out:    Running contrast 2051/2500
deg_analysis.35128445_8.out:    Running contrast 2101/2500
deg_analysis.35128445_8.out:    Running contrast 2151/2500
deg_analysis.35128445_8.out:    Running contrast 2201/2500
deg_analysis.35128445_8.out:    Running contrast 2251/2500
deg_analysis.35128445_8.out:    Running contrast 2301/2500
deg_analysis.35128445_8.out:    Running contrast 2351/2500
deg_analysis.35128445_8.out:    Running contrast 2401/2500
deg_analysis.35128445_8.out:    Running contrast 2451/2500
deg_analysis.35128445_8.out:    Running contrast 2500/2500
deg_analysis.35128445_8.out:Contrasts are completed in 3041.8 seconds
deg_analysis.35128445_8.out:
deg_analysis.35128445_8.out:    Writing:  ./data/vcpi_0001/deg_data/sep_rep/full/qc_false/filter_min_cells_0/intermediate/CVCL_0006/CVCL_0006_batch_7_de.h5ad
deg_analysis.35128445_8.out:
deg_analysis.35128445_8.out:    Rewriting h5ad file: ./data/vcpi_0001/deg_data/sep_rep/full/qc_false/filter_min_cells_0/intermediate/CVCL_0006/CVCL_0006_batch_7_de.h5ad
deg_analysis.35128445_8.out:    Removed X matrix
deg_analysis.35128445_8.out:    Rewriting h5ad file is done!
deg_analysis.35128445_8.out:✓ Cell line completed in 80051.3 seconds
deg_analysis.35128445_8.out:
deg_analysis.35128445_8.out:DE analysis completed!
deg_analysis.35128445_8.out:
deg_analysis.35128445_8.out:Total runtime: 80066.6 seconds
deg_analysis.35128445_8.err:
deg_analysis.35128445_8.err:=== 1 Warnings encountered ===
deg_analysis.35128445_8.err:
deg_analysis.35128445_8.err:1. sparse->dense coercion: allocating vector of size 1.8 GiB
deg_analysis.35128446_9.out:
deg_analysis.35128446_9.out:DE analysis started...
deg_analysis.35128446_9.out:Loaded input file:  ./data/vcpi_0001/pseudobulk_processed/sep_rep/by_celltype/CVCL_0006/CVCL_0006_processed_batch_8.h5ad
deg_analysis.35128446_9.out:Initial dimensions:  3117  samples ×  78677  genes
deg_analysis.35128446_9.out:Filter samples with the low number of cells
deg_analysis.35128446_9.out:    Filter threshold (min_cells):  0
deg_analysis.35128446_9.out:    Found  3117  samples with sentinel value (-666), keeping all
deg_analysis.35128446_9.out:    n_obs:  3117 -->  3117
deg_analysis.35128446_9.out:
deg_analysis.35128446_9.out:▶︎ Processing cell_type:  CVCL_0006
deg_analysis.35128446_9.out:    Filter controls by  pert_time_h  column
deg_analysis.35128446_9.out:        n_obs:  3117 -->  3117
deg_analysis.35128446_9.out:
deg_analysis.35128446_9.out:    Constructing design matrix...
deg_analysis.35128446_9.out:    Design matrix is constructed in 0.2 seconds
deg_analysis.35128446_9.out:    Design matrix dimensions: 3117 samples × 2586 coefficients
deg_analysis.35128446_9.out:    Filtering genes and normalizing counts...
deg_analysis.35128446_9.out:    Genes are filtered and normalized in 60.6 seconds
deg_analysis.35128446_9.out:    Running voom...
deg_analysis.35128446_9.out:    Voom is completed in 179.0 seconds
deg_analysis.35128446_9.out:    Running lmFit...
deg_analysis.35128446_9.out:    LmFit is completed in 76351.4 seconds
deg_analysis.35128446_9.out:DGE fit is completed in 76596.2 seconds
deg_analysis.35128446_9.out:    Running contrasts...
deg_analysis.35128446_9.out:    Running contrast 1/2509
deg_analysis.35128446_9.out:    Running contrast 51/2509
deg_analysis.35128446_9.out:    Running contrast 101/2509
deg_analysis.35128446_9.out:    Running contrast 151/2509
deg_analysis.35128446_9.out:    Running contrast 201/2509
deg_analysis.35128446_9.out:    Running contrast 251/2509
deg_analysis.35128446_9.out:    Running contrast 301/2509
deg_analysis.35128446_9.out:    Running contrast 351/2509
deg_analysis.35128446_9.out:    Running contrast 401/2509
deg_analysis.35128446_9.out:    Running contrast 451/2509
deg_analysis.35128446_9.out:    Running contrast 501/2509
deg_analysis.35128446_9.out:    Running contrast 551/2509
deg_analysis.35128446_9.out:    Running contrast 601/2509
deg_analysis.35128446_9.out:    Running contrast 651/2509
deg_analysis.35128446_9.out:    Running contrast 701/2509
deg_analysis.35128446_9.out:    Running contrast 751/2509
deg_analysis.35128446_9.out:    Running contrast 801/2509
deg_analysis.35128446_9.out:    Running contrast 851/2509
deg_analysis.35128446_9.out:    Running contrast 901/2509
deg_analysis.35128446_9.out:    Running contrast 951/2509
deg_analysis.35128446_9.out:    Running contrast 1001/2509
deg_analysis.35128446_9.out:    Running contrast 1051/2509
deg_analysis.35128446_9.out:    Running contrast 1101/2509
deg_analysis.35128446_9.out:    Running contrast 1151/2509
deg_analysis.35128446_9.out:    Running contrast 1201/2509
deg_analysis.35128446_9.out:    Running contrast 1251/2509
deg_analysis.35128446_9.out:    Running contrast 1301/2509
deg_analysis.35128446_9.out:    Running contrast 1351/2509
deg_analysis.35128446_9.out:    Running contrast 1401/2509
deg_analysis.35128446_9.out:    Running contrast 1451/2509
deg_analysis.35128446_9.out:    Running contrast 1501/2509
deg_analysis.35128446_9.out:    Running contrast 1551/2509
deg_analysis.35128446_9.out:    Running contrast 1601/2509
deg_analysis.35128446_9.out:    Running contrast 1651/2509
deg_analysis.35128446_9.out:    Running contrast 1701/2509
deg_analysis.35128446_9.out:    Running contrast 1751/2509
deg_analysis.35128446_9.out:    Running contrast 1801/2509
deg_analysis.35128446_9.out:    Running contrast 1851/2509
deg_analysis.35128446_9.out:    Running contrast 1901/2509
deg_analysis.35128446_9.out:    Running contrast 1951/2509
deg_analysis.35128446_9.out:    Running contrast 2001/2509
deg_analysis.35128446_9.out:    Running contrast 2051/2509
deg_analysis.35128446_9.out:    Running contrast 2101/2509
deg_analysis.35128446_9.out:    Running contrast 2151/2509
deg_analysis.35128446_9.out:    Running contrast 2201/2509
deg_analysis.35128446_9.out:    Running contrast 2251/2509
deg_analysis.35128446_9.out:    Running contrast 2301/2509
deg_analysis.35128446_9.out:    Running contrast 2351/2509
deg_analysis.35128446_9.out:    Running contrast 2401/2509
deg_analysis.35128446_9.out:    Running contrast 2451/2509
deg_analysis.35128446_9.out:    Running contrast 2501/2509
deg_analysis.35128446_9.out:    Running contrast 2509/2509
deg_analysis.35128446_9.out:Contrasts are completed in 3161.3 seconds
deg_analysis.35128446_9.out:
deg_analysis.35128446_9.out:    Writing:  ./data/vcpi_0001/deg_data/sep_rep/full/qc_false/filter_min_cells_0/intermediate/CVCL_0006/CVCL_0006_batch_8_de.h5ad
deg_analysis.35128446_9.out:
deg_analysis.35128446_9.out:    Rewriting h5ad file: ./data/vcpi_0001/deg_data/sep_rep/full/qc_false/filter_min_cells_0/intermediate/CVCL_0006/CVCL_0006_batch_8_de.h5ad
deg_analysis.35128446_9.out:    Removed X matrix
deg_analysis.35128446_9.out:    Rewriting h5ad file is done!
deg_analysis.35128446_9.out:✓ Cell line completed in 80061.3 seconds
deg_analysis.35128446_9.out:
deg_analysis.35128446_9.out:DE analysis completed!
deg_analysis.35128446_9.out:
deg_analysis.35128446_9.out:Total runtime: 80076.3 seconds
deg_analysis.35128446_9.err:
deg_analysis.35128446_9.err:=== 1 Warnings encountered ===
deg_analysis.35128446_9.err:
deg_analysis.35128446_9.err:1. sparse->dense coercion: allocating vector of size 1.8 GiB
deg_analysis.35128436_10.out:
deg_analysis.35128436_10.out:DE analysis started...
deg_analysis.35128436_10.out:Loaded input file:  ./data/vcpi_0001/pseudobulk_processed/sep_rep/by_celltype/CVCL_0006/CVCL_0006_processed_batch_9.h5ad
deg_analysis.35128436_10.out:Initial dimensions:  3112  samples ×  78677  genes
deg_analysis.35128436_10.out:Filter samples with the low number of cells
deg_analysis.35128436_10.out:    Filter threshold (min_cells):  0
deg_analysis.35128436_10.out:    Found  3112  samples with sentinel value (-666), keeping all
deg_analysis.35128436_10.out:    n_obs:  3112 -->  3112
deg_analysis.35128436_10.out:
deg_analysis.35128436_10.out:▶︎ Processing cell_type:  CVCL_0006
deg_analysis.35128436_10.out:    Filter controls by  pert_time_h  column
deg_analysis.35128436_10.out:        n_obs:  3112 -->  3112
deg_analysis.35128436_10.out:
deg_analysis.35128436_10.out:    Constructing design matrix...
deg_analysis.35128436_10.out:    Design matrix is constructed in 0.2 seconds
deg_analysis.35128436_10.out:    Design matrix dimensions: 3112 samples × 2581 coefficients
deg_analysis.35128436_10.out:    Filtering genes and normalizing counts...
deg_analysis.35128436_10.out:    Genes are filtered and normalized in 59.8 seconds
deg_analysis.35128436_10.out:    Running voom...
deg_analysis.35128436_10.out:    Voom is completed in 177.3 seconds
deg_analysis.35128436_10.out:    Running lmFit...
deg_analysis.35128436_10.out:    LmFit is completed in 75835.1 seconds
deg_analysis.35128436_10.out:DGE fit is completed in 76077.4 seconds
deg_analysis.35128436_10.out:    Running contrasts...
deg_analysis.35128436_10.out:    Running contrast 1/2504
deg_analysis.35128436_10.out:    Running contrast 51/2504
deg_analysis.35128436_10.out:    Running contrast 101/2504
deg_analysis.35128436_10.out:    Running contrast 151/2504
deg_analysis.35128436_10.out:    Running contrast 201/2504
deg_analysis.35128436_10.out:    Running contrast 251/2504
deg_analysis.35128436_10.out:    Running contrast 301/2504
deg_analysis.35128436_10.out:    Running contrast 351/2504
deg_analysis.35128436_10.out:    Running contrast 401/2504
deg_analysis.35128436_10.out:    Running contrast 451/2504
deg_analysis.35128436_10.out:    Running contrast 501/2504
deg_analysis.35128436_10.out:    Running contrast 551/2504
deg_analysis.35128436_10.out:    Running contrast 601/2504
deg_analysis.35128436_10.out:    Running contrast 651/2504
deg_analysis.35128436_10.out:    Running contrast 701/2504
deg_analysis.35128436_10.out:    Running contrast 751/2504
deg_analysis.35128436_10.out:    Running contrast 801/2504
deg_analysis.35128436_10.out:    Running contrast 851/2504
deg_analysis.35128436_10.out:    Running contrast 901/2504
deg_analysis.35128436_10.out:    Running contrast 951/2504
deg_analysis.35128436_10.out:    Running contrast 1001/2504
deg_analysis.35128436_10.out:    Running contrast 1051/2504
deg_analysis.35128436_10.out:    Running contrast 1101/2504
deg_analysis.35128436_10.out:    Running contrast 1151/2504
deg_analysis.35128436_10.out:    Running contrast 1201/2504
deg_analysis.35128436_10.out:    Running contrast 1251/2504
deg_analysis.35128436_10.out:    Running contrast 1301/2504
deg_analysis.35128436_10.out:    Running contrast 1351/2504
deg_analysis.35128436_10.out:    Running contrast 1401/2504
deg_analysis.35128436_10.out:    Running contrast 1451/2504
deg_analysis.35128436_10.out:    Running contrast 1501/2504
deg_analysis.35128436_10.out:    Running contrast 1551/2504
deg_analysis.35128436_10.out:    Running contrast 1601/2504
deg_analysis.35128436_10.out:    Running contrast 1651/2504
deg_analysis.35128436_10.out:    Running contrast 1701/2504
deg_analysis.35128436_10.out:    Running contrast 1751/2504
deg_analysis.35128436_10.out:    Running contrast 1801/2504
deg_analysis.35128436_10.out:    Running contrast 1851/2504
deg_analysis.35128436_10.out:    Running contrast 1901/2504
deg_analysis.35128436_10.out:    Running contrast 1951/2504
deg_analysis.35128436_10.out:    Running contrast 2001/2504
deg_analysis.35128436_10.out:    Running contrast 2051/2504
deg_analysis.35128436_10.out:    Running contrast 2101/2504
deg_analysis.35128436_10.out:    Running contrast 2151/2504
deg_analysis.35128436_10.out:    Running contrast 2201/2504
deg_analysis.35128436_10.out:    Running contrast 2251/2504
deg_analysis.35128436_10.out:    Running contrast 2301/2504
deg_analysis.35128436_10.out:    Running contrast 2351/2504
deg_analysis.35128436_10.out:    Running contrast 2401/2504
deg_analysis.35128436_10.out:    Running contrast 2451/2504
deg_analysis.35128436_10.out:    Running contrast 2501/2504
deg_analysis.35128436_10.out:    Running contrast 2504/2504
deg_analysis.35128436_10.out:Contrasts are completed in 3144.7 seconds
deg_analysis.35128436_10.out:
deg_analysis.35128436_10.out:    Writing:  ./data/vcpi_0001/deg_data/sep_rep/full/qc_false/filter_min_cells_0/intermediate/CVCL_0006/CVCL_0006_batch_9_de.h5ad
deg_analysis.35128436_10.out:
deg_analysis.35128436_10.out:    Rewriting h5ad file: ./data/vcpi_0001/deg_data/sep_rep/full/qc_false/filter_min_cells_0/intermediate/CVCL_0006/CVCL_0006_batch_9_de.h5ad
deg_analysis.35128436_10.out:    Removed X matrix
deg_analysis.35128436_10.out:    Rewriting h5ad file is done!
deg_analysis.35128436_10.out:✓ Cell line completed in 79533.8 seconds
deg_analysis.35128436_10.out:
deg_analysis.35128436_10.out:DE analysis completed!
deg_analysis.35128436_10.out:
deg_analysis.35128436_10.out:Total runtime: 79548.9 seconds
deg_analysis.35128436_10.err:
deg_analysis.35128436_10.err:=== 1 Warnings encountered ===
deg_analysis.35128436_10.err:
deg_analysis.35128436_10.err:1. sparse->dense coercion: allocating vector of size 1.8 GiB
deg_aggregation.35148741.out:2026-04-14 01:00:58 | [INFO] Found 1 cell type(s) to aggregate
deg_aggregation.35148741.out:2026-04-14 01:00:58 | [INFO] Aggregating 11 batch files for CVCL_0006
deg_aggregation.35148741.out:2026-04-14 01:00:58 | [INFO]   Reading: CVCL_0006_batch_1_de.h5ad
deg_aggregation.35148741.out:2026-04-14 01:01:22 | [INFO]   Reading: CVCL_0006_batch_2_de.h5ad
deg_aggregation.35148741.out:2026-04-14 01:01:48 | [INFO]   Reading: CVCL_0006_batch_3_de.h5ad
deg_aggregation.35148741.out:2026-04-14 01:02:13 | [INFO]   Reading: CVCL_0006_batch_4_de.h5ad
deg_aggregation.35148741.out:2026-04-14 01:02:38 | [INFO]   Reading: CVCL_0006_batch_5_de.h5ad
deg_aggregation.35148741.out:2026-04-14 01:03:03 | [INFO]   Reading: CVCL_0006_batch_6_de.h5ad
deg_aggregation.35148741.out:2026-04-14 01:03:30 | [INFO]   Reading: CVCL_0006_batch_7_de.h5ad
deg_aggregation.35148741.out:2026-04-14 01:03:57 | [INFO]   Reading: CVCL_0006_batch_8_de.h5ad
deg_aggregation.35148741.out:2026-04-14 01:04:24 | [INFO]   Reading: CVCL_0006_batch_9_de.h5ad
deg_aggregation.35148741.out:2026-04-14 01:04:51 | [INFO]   Reading: CVCL_0006_batch_10_de.h5ad
deg_aggregation.35148741.out:2026-04-14 01:05:17 | [INFO]   Reading: CVCL_0006_batch_11_de.h5ad
deg_aggregation.35148741.out:2026-04-14 01:05:43 | [INFO]   Concatenating 11 batches...
deg_aggregation.35148741.out:2026-04-14 01:06:29 | [INFO]   Batch column added with 11
deg_aggregation.35148741.out:2026-04-14 01:25:32 | [INFO]     Rewriting h5ad file: ./data/vcpi_0001/deg_data/sep_rep/full/qc_false/filter_min_cells_0/results/CVCL_0006_de.h5ad
deg_aggregation.35148741.out:2026-04-14 01:25:32 | [INFO]     Removed X matrix
deg_aggregation.35148741.out:2026-04-14 01:25:32 | [INFO]     Rewriting h5ad file is done!
deg_aggregation.35148741.out:2026-04-14 01:25:32 | [INFO]   Saved aggregated file: ./data/vcpi_0001/deg_data/sep_rep/full/qc_false/filter_min_cells_0/results/CVCL_0006_de.h5ad (27552 obs, 19517 vars)
deg_aggregation.35148741.out:2026-04-14 01:25:33 | [INFO] Aggregation completed
deg_aggregation.35148741.err:./venv/lib/python3.12/site-packages/anndata/_core/anndata.py:1774: UserWarning: Observation names are not unique. To make them unique, call `.obs_names_make_unique`.
deg_aggregation.35148741.err:  utils.warn_names_duplicates("obs")
