
DE analysis started...
Loaded input file:  ./data/l1000/pseudobulk_processed/group_rep/by_celltype/A375/A375_processed_batch_4.h5ad 
Initial dimensions:  4946  samples ×  978  genes
Filter samples with the low number of cells
    Filter threshold (min_cells):  0 
    Found  4946  samples with sentinel value (-666), keeping all
    n_obs:  4946 -->  4946 

▶︎ Processing cell_type:  A375 
    Filter controls by  pert_time_h  column
        n_obs:  4946 -->  4946 

    Constructing design matrix...
    Design matrix is constructed in 0.0 seconds
    Design matrix dimensions: 4946 samples × 910 coefficients
    Skipping filtering and normalization (dataset is already normalized)
    Skipping voom transformation (dataset is already normalized)
    Using as.matrix() directly for lmFit (data assumed to be normalized and log-transformed)...
    as.matrix() prepared in 0.0 seconds
    Running lmFit...
Coefficients not estimable: platePRISM001_A375_6H_X1_B7_DUO52HI53LO 
    LmFit is completed in 11.5 seconds
DGE fit is completed in 12.6 seconds
    Running contrasts...
    Running contrast 1/753
    Running contrast 51/753
    Running contrast 101/753
    Running contrast 151/753
    Running contrast 201/753
    Running contrast 251/753
    Running contrast 301/753
    Running contrast 351/753
    Running contrast 401/753
    Running contrast 451/753
    Running contrast 501/753
    Running contrast 551/753
    Running contrast 601/753
    Running contrast 651/753
    Running contrast 701/753
    Running contrast 751/753
    Running contrast 753/753
Contrasts are completed in 186.9 seconds

    Writing:  ./data/l1000/deg_data/group_rep/full/qc_false/filter_min_cells_0/intermediate/A375/A375_batch_4_de.h5ad 

    Rewriting h5ad file: ./data/l1000/deg_data/group_rep/full/qc_false/filter_min_cells_0/intermediate/A375/A375_batch_4_de.h5ad 
    Removed X matrix
    Rewriting h5ad file is done!
✓ Cell line completed in 202.8 seconds

DE analysis completed!

Total runtime: 315.4 seconds
