
DE analysis started...
Loaded input file:  ./data/l1000/pseudobulk_processed/group_rep/by_celltype/A375/A375_processed_batch_19.h5ad 
Initial dimensions:  4946  samples ×  978  genes
Filter samples with the low number of cells
    Filter threshold (min_cells):  0 
    Found  4946  samples with sentinel value (-666), keeping all
    n_obs:  4946 -->  4946 

▶︎ Processing cell_type:  A375 
    Filter controls by  pert_time_h  column
        n_obs:  4946 -->  4946 

    Constructing design matrix...
    Design matrix is constructed in 0.0 seconds
    Design matrix dimensions: 4946 samples × 924 coefficients
    Skipping filtering and normalization (dataset is already normalized)
    Skipping voom transformation (dataset is already normalized)
    Using as.matrix() directly for lmFit (data assumed to be normalized and log-transformed)...
    as.matrix() prepared in 0.0 seconds
    Running lmFit...
Coefficients not estimable: platePRISM001_A375_6H_X1_B7_DUO52HI53LO 
    LmFit is completed in 12.2 seconds
DGE fit is completed in 13.3 seconds
    Running contrasts...
    Running contrast 1/767
    Running contrast 51/767
    Running contrast 101/767
    Running contrast 151/767
    Running contrast 201/767
    Running contrast 251/767
    Running contrast 301/767
    Running contrast 351/767
    Running contrast 401/767
    Running contrast 451/767
    Running contrast 501/767
    Running contrast 551/767
    Running contrast 601/767
    Running contrast 651/767
    Running contrast 701/767
    Running contrast 751/767
    Running contrast 767/767
Contrasts are completed in 208.0 seconds

    Writing:  ./data/l1000/deg_data/group_rep/full/qc_false/filter_min_cells_0/intermediate/A375/A375_batch_19_de.h5ad 

    Rewriting h5ad file: ./data/l1000/deg_data/group_rep/full/qc_false/filter_min_cells_0/intermediate/A375/A375_batch_19_de.h5ad 
    Removed X matrix
    Rewriting h5ad file is done!
✓ Cell line completed in 224.4 seconds

DE analysis completed!

Total runtime: 337.1 seconds
