
DE analysis started...
Loaded input file:  ./data/l1000/pseudobulk_processed/group_rep/by_celltype/A375/A375_processed_batch_20.h5ad 
Initial dimensions:  4511  samples ×  978  genes
Filter samples with the low number of cells
    Filter threshold (min_cells):  0 
    Found  4511  samples with sentinel value (-666), keeping all
    n_obs:  4511 -->  4511 

▶︎ Processing cell_type:  A375 
    Filter controls by  pert_time_h  column
        n_obs:  4511 -->  4511 

    Constructing design matrix...
    Design matrix is constructed in 0.0 seconds
    Design matrix dimensions: 4511 samples × 724 coefficients
    Skipping filtering and normalization (dataset is already normalized)
    Skipping voom transformation (dataset is already normalized)
    Using as.matrix() directly for lmFit (data assumed to be normalized and log-transformed)...
    as.matrix() prepared in 0.0 seconds
    Running lmFit...
Coefficients not estimable: platePRISM001_A375_6H_X1_B7_DUO52HI53LO 
    LmFit is completed in 6.4 seconds
DGE fit is completed in 7.5 seconds
    Running contrasts...
    Running contrast 1/567
    Running contrast 51/567
    Running contrast 101/567
    Running contrast 151/567
    Running contrast 201/567
    Running contrast 251/567
    Running contrast 301/567
    Running contrast 351/567
    Running contrast 401/567
    Running contrast 451/567
    Running contrast 501/567
    Running contrast 551/567
    Running contrast 567/567
Contrasts are completed in 93.7 seconds

    Writing:  ./data/l1000/deg_data/group_rep/full/qc_false/filter_min_cells_0/intermediate/A375/A375_batch_20_de.h5ad 

    Rewriting h5ad file: ./data/l1000/deg_data/group_rep/full/qc_false/filter_min_cells_0/intermediate/A375/A375_batch_20_de.h5ad 
    Removed X matrix
    Rewriting h5ad file is done!
✓ Cell line completed in 104.1 seconds

DE analysis completed!

Total runtime: 216.8 seconds
