pseudobulk_vcpi_0001.PID1952029.out:> Running vcpi_0001 VCPI standardization (vcpi-0001)
pseudobulk_vcpi_0001.PID1952029.out:Submitted batch job 35128166
pseudobulk_vcpi_0001.PID1952029.out:> vcpi_0001 standardization job finished
pseudobulk_vcpi_0001.35128166.out:2026-04-12 23:38:48 | [INFO] Loading and converting VCPI Ginkgo raw data
pseudobulk_vcpi_0001.35128166.out:2026-04-12 23:38:48 | [INFO] Loading VCPI payload from pickle: data/vcpi_0001/raw/experiments.pkl
pseudobulk_vcpi_0001.35128166.out:2026-04-12 23:39:15 | [INFO] Converting VCPI payload to AnnData ...
pseudobulk_vcpi_0001.35128166.out:2026-04-12 23:39:23 | [INFO] Expression matrix shape (samples × genes): (28788, 78778)
pseudobulk_vcpi_0001.35128166.out:2026-04-12 23:41:40 | [INFO] Saved raw AnnData: data/vcpi_0001/raw/vcpi_ginkgo_raw.h5ad
pseudobulk_vcpi_0001.35128166.out:2026-04-12 23:41:40 | [INFO] Extracting compound metadata from experiments['chemistry'] ...
pseudobulk_vcpi_0001.35128166.out:2026-04-12 23:41:40 | [INFO] Saved compound metadata: data/vcpi_0001/raw/df_compounds.csv (2282 rows)
pseudobulk_vcpi_0001.35128166.out:2026-04-12 23:41:40 | [INFO] Standardizing VCPI Ginkgo dataset
pseudobulk_vcpi_0001.35128166.out:2026-04-12 23:41:40 | [INFO] Loading raw data ...
pseudobulk_vcpi_0001.35128166.out:2026-04-12 23:41:56 | [INFO] Standardizing .var ...
pseudobulk_vcpi_0001.35128166.out:2026-04-12 23:41:56 | [INFO] Dropping 92 ERCC spike-in genes
pseudobulk_vcpi_0001.35128166.out:2026-04-12 23:42:02 | [INFO] Fetching gene symbols from Ensembl REST API ...
pseudobulk_vcpi_0001.35128166.out:2026-04-12 23:42:02 | [INFO] Ensembl symbol lookup: 78686 unique IDs total, 0 already cached, 78686 to fetch
pseudobulk_vcpi_0001.35128166.out:2026-04-12 23:42:02 | [INFO]   Batch 1/79: querying 1000 IDs
pseudobulk_vcpi_0001.35128166.out:2026-04-12 23:42:09 | [INFO]   Batch 2/79: querying 1000 IDs
pseudobulk_vcpi_0001.35128166.out:2026-04-12 23:42:15 | [INFO]   Batch 3/79: querying 1000 IDs
pseudobulk_vcpi_0001.35128166.out:2026-04-12 23:42:21 | [INFO]   Batch 4/79: querying 1000 IDs
pseudobulk_vcpi_0001.35128166.out:2026-04-12 23:42:25 | [INFO]   Batch 5/79: querying 1000 IDs
pseudobulk_vcpi_0001.35128166.out:2026-04-12 23:42:31 | [INFO]   Batch 6/79: querying 1000 IDs
pseudobulk_vcpi_0001.35128166.out:2026-04-12 23:42:37 | [INFO]   Batch 7/79: querying 1000 IDs
pseudobulk_vcpi_0001.35128166.out:2026-04-12 23:42:43 | [INFO]   Batch 8/79: querying 1000 IDs
pseudobulk_vcpi_0001.35128166.out:2026-04-12 23:42:53 | [INFO]   Batch 9/79: querying 1000 IDs
pseudobulk_vcpi_0001.35128166.out:2026-04-12 23:42:58 | [INFO]   Batch 10/79: querying 1000 IDs
pseudobulk_vcpi_0001.35128166.out:2026-04-12 23:43:04 | [INFO]   Batch 11/79: querying 1000 IDs
pseudobulk_vcpi_0001.35128166.out:2026-04-12 23:43:09 | [INFO]   Batch 12/79: querying 1000 IDs
pseudobulk_vcpi_0001.35128166.out:2026-04-12 23:43:17 | [INFO]   Batch 13/79: querying 1000 IDs
pseudobulk_vcpi_0001.35128166.out:2026-04-12 23:43:22 | [INFO]   Batch 14/79: querying 1000 IDs
pseudobulk_vcpi_0001.35128166.out:2026-04-12 23:43:29 | [INFO]   Batch 15/79: querying 1000 IDs
pseudobulk_vcpi_0001.35128166.out:2026-04-12 23:43:41 | [INFO]   Batch 16/79: querying 1000 IDs
pseudobulk_vcpi_0001.35128166.out:2026-04-12 23:43:47 | [INFO]   Batch 17/79: querying 1000 IDs
pseudobulk_vcpi_0001.35128166.out:2026-04-12 23:43:52 | [INFO]   Batch 18/79: querying 1000 IDs
pseudobulk_vcpi_0001.35128166.out:2026-04-12 23:43:58 | [INFO]   Batch 19/79: querying 1000 IDs
pseudobulk_vcpi_0001.35128166.out:2026-04-12 23:44:10 | [INFO]   Batch 20/79: querying 1000 IDs
pseudobulk_vcpi_0001.35128166.out:2026-04-12 23:44:14 | [INFO]   Batch 21/79: querying 1000 IDs
pseudobulk_vcpi_0001.35128166.out:2026-04-12 23:44:21 | [INFO]   Batch 22/79: querying 1000 IDs
pseudobulk_vcpi_0001.35128166.out:2026-04-12 23:44:25 | [INFO]   Batch 23/79: querying 1000 IDs
pseudobulk_vcpi_0001.35128166.out:2026-04-12 23:44:29 | [INFO]   Batch 24/79: querying 1000 IDs
pseudobulk_vcpi_0001.35128166.out:2026-04-12 23:44:35 | [INFO]   Batch 25/79: querying 1000 IDs
pseudobulk_vcpi_0001.35128166.out:2026-04-12 23:44:40 | [INFO]   Batch 26/79: querying 1000 IDs
pseudobulk_vcpi_0001.35128166.out:2026-04-12 23:44:47 | [INFO]   Batch 27/79: querying 1000 IDs
pseudobulk_vcpi_0001.35128166.out:2026-04-12 23:44:54 | [INFO]   Batch 28/79: querying 1000 IDs
pseudobulk_vcpi_0001.35128166.out:2026-04-12 23:45:01 | [INFO]   Batch 29/79: querying 1000 IDs
pseudobulk_vcpi_0001.35128166.out:2026-04-12 23:45:06 | [INFO]   Batch 30/79: querying 1000 IDs
pseudobulk_vcpi_0001.35128166.out:2026-04-12 23:45:12 | [INFO]   Batch 31/79: querying 1000 IDs
pseudobulk_vcpi_0001.35128166.out:2026-04-12 23:45:17 | [INFO]   Batch 32/79: querying 1000 IDs
pseudobulk_vcpi_0001.35128166.out:2026-04-12 23:45:24 | [INFO]   Batch 33/79: querying 1000 IDs
pseudobulk_vcpi_0001.35128166.out:2026-04-12 23:45:30 | [INFO]   Batch 34/79: querying 1000 IDs
pseudobulk_vcpi_0001.35128166.out:2026-04-12 23:45:37 | [INFO]   Batch 35/79: querying 1000 IDs
pseudobulk_vcpi_0001.35128166.out:2026-04-12 23:45:41 | [INFO]   Batch 36/79: querying 1000 IDs
pseudobulk_vcpi_0001.35128166.out:2026-04-12 23:45:46 | [INFO]   Batch 37/79: querying 1000 IDs
pseudobulk_vcpi_0001.35128166.out:2026-04-12 23:45:51 | [INFO]   Batch 38/79: querying 1000 IDs
pseudobulk_vcpi_0001.35128166.out:2026-04-12 23:45:55 | [INFO]   Batch 39/79: querying 1000 IDs
pseudobulk_vcpi_0001.35128166.out:2026-04-12 23:46:03 | [INFO]   Batch 40/79: querying 1000 IDs
pseudobulk_vcpi_0001.35128166.out:2026-04-12 23:46:11 | [INFO]   Batch 41/79: querying 1000 IDs
pseudobulk_vcpi_0001.35128166.out:2026-04-12 23:46:16 | [INFO]   Batch 42/79: querying 1000 IDs
pseudobulk_vcpi_0001.35128166.out:2026-04-12 23:46:27 | [INFO]   Batch 43/79: querying 1000 IDs
pseudobulk_vcpi_0001.35128166.out:2026-04-12 23:46:32 | [INFO]   Batch 44/79: querying 1000 IDs
pseudobulk_vcpi_0001.35128166.out:2026-04-12 23:46:37 | [INFO]   Batch 45/79: querying 1000 IDs
pseudobulk_vcpi_0001.35128166.out:2026-04-12 23:46:41 | [INFO]   Batch 46/79: querying 1000 IDs
pseudobulk_vcpi_0001.35128166.out:2026-04-12 23:46:49 | [INFO]   Batch 47/79: querying 1000 IDs
pseudobulk_vcpi_0001.35128166.out:2026-04-12 23:46:56 | [INFO]   Batch 48/79: querying 1000 IDs
pseudobulk_vcpi_0001.35128166.out:2026-04-12 23:47:02 | [INFO]   Batch 49/79: querying 1000 IDs
pseudobulk_vcpi_0001.35128166.out:2026-04-12 23:47:09 | [INFO]   Batch 50/79: querying 1000 IDs
pseudobulk_vcpi_0001.35128166.out:2026-04-12 23:47:13 | [INFO]   Batch 51/79: querying 1000 IDs
pseudobulk_vcpi_0001.35128166.out:2026-04-12 23:47:18 | [INFO]   Batch 52/79: querying 1000 IDs
pseudobulk_vcpi_0001.35128166.out:2026-04-12 23:47:24 | [INFO]   Batch 53/79: querying 1000 IDs
pseudobulk_vcpi_0001.35128166.out:2026-04-12 23:47:29 | [INFO]   Batch 54/79: querying 1000 IDs
pseudobulk_vcpi_0001.35128166.out:2026-04-12 23:47:34 | [INFO]   Batch 55/79: querying 1000 IDs
pseudobulk_vcpi_0001.35128166.out:2026-04-12 23:47:40 | [INFO]   Batch 56/79: querying 1000 IDs
pseudobulk_vcpi_0001.35128166.out:2026-04-12 23:47:44 | [INFO]   Batch 57/79: querying 1000 IDs
pseudobulk_vcpi_0001.35128166.out:2026-04-12 23:47:48 | [INFO]   Batch 58/79: querying 1000 IDs
pseudobulk_vcpi_0001.35128166.out:2026-04-12 23:47:54 | [INFO]   Batch 59/79: querying 1000 IDs
pseudobulk_vcpi_0001.35128166.out:2026-04-12 23:48:02 | [INFO]   Batch 60/79: querying 1000 IDs
pseudobulk_vcpi_0001.35128166.out:2026-04-12 23:48:11 | [INFO]   Batch 61/79: querying 1000 IDs
pseudobulk_vcpi_0001.35128166.out:2026-04-12 23:48:19 | [INFO]   Batch 62/79: querying 1000 IDs
pseudobulk_vcpi_0001.35128166.out:2026-04-12 23:48:23 | [INFO]   Batch 63/79: querying 1000 IDs
pseudobulk_vcpi_0001.35128166.out:2026-04-12 23:48:29 | [INFO]   Batch 64/79: querying 1000 IDs
pseudobulk_vcpi_0001.35128166.out:2026-04-12 23:48:35 | [INFO]   Batch 65/79: querying 1000 IDs
pseudobulk_vcpi_0001.35128166.out:2026-04-12 23:48:40 | [INFO]   Batch 66/79: querying 1000 IDs
pseudobulk_vcpi_0001.35128166.out:2026-04-12 23:48:48 | [INFO]   Batch 67/79: querying 1000 IDs
pseudobulk_vcpi_0001.35128166.out:2026-04-12 23:48:54 | [INFO]   Batch 68/79: querying 1000 IDs
pseudobulk_vcpi_0001.35128166.out:2026-04-12 23:48:58 | [INFO]   Batch 69/79: querying 1000 IDs
pseudobulk_vcpi_0001.35128166.out:2026-04-12 23:49:02 | [INFO]   Batch 70/79: querying 1000 IDs
pseudobulk_vcpi_0001.35128166.out:2026-04-12 23:49:07 | [INFO]   Batch 71/79: querying 1000 IDs
pseudobulk_vcpi_0001.35128166.out:2026-04-12 23:49:12 | [INFO]   Batch 72/79: querying 1000 IDs
pseudobulk_vcpi_0001.35128166.out:2026-04-12 23:49:16 | [INFO]   Batch 73/79: querying 1000 IDs
pseudobulk_vcpi_0001.35128166.out:2026-04-12 23:49:23 | [INFO]   Batch 74/79: querying 1000 IDs
pseudobulk_vcpi_0001.35128166.out:2026-04-12 23:49:29 | [INFO]   Batch 75/79: querying 1000 IDs
pseudobulk_vcpi_0001.35128166.out:2026-04-12 23:49:34 | [INFO]   Batch 76/79: querying 1000 IDs
pseudobulk_vcpi_0001.35128166.out:2026-04-12 23:49:38 | [INFO]   Batch 77/79: querying 1000 IDs
pseudobulk_vcpi_0001.35128166.out:2026-04-12 23:49:47 | [INFO]   Batch 78/79: querying 1000 IDs
pseudobulk_vcpi_0001.35128166.out:2026-04-12 23:49:51 | [INFO]   Batch 79/79: querying 686 IDs
pseudobulk_vcpi_0001.35128166.out:2026-04-12 23:49:55 | [INFO] Saved Ensembl symbol cache: 78686 entries to data/vcpi_0001/raw/vcpi_ginkgo_ensembl_symbol_cache.json
pseudobulk_vcpi_0001.35128166.out:2026-04-12 23:49:57 | [INFO] Symbol mapping: 43028 mapped, 35658 unmapped out of 78686 genes
pseudobulk_vcpi_0001.35128166.out:2026-04-12 23:49:57 | [INFO] Genes after ERCC removal: 78686
pseudobulk_vcpi_0001.35128166.out:2026-04-12 23:49:57 | [INFO] Filtering samples ...
pseudobulk_vcpi_0001.35128166.out:2026-04-12 23:49:57 | [INFO] Original: 28788 samples
pseudobulk_vcpi_0001.35128166.out:2026-04-12 23:49:57 | [INFO] Zero or negative library size (sum X <= 0): 0 samples
pseudobulk_vcpi_0001.35128166.out:2026-04-12 23:49:57 | [INFO] Positive controls (non-DMSO is_control): 1211 samples
pseudobulk_vcpi_0001.35128166.out:2026-04-12 23:49:57 | [INFO] Total outliers: 1211 / 28788
pseudobulk_vcpi_0001.35128166.out:2026-04-12 23:50:01 | [INFO] Remaining: 27577 samples
pseudobulk_vcpi_0001.35128166.out:2026-04-12 23:50:01 | [INFO] Annotating compounds with PubChem CIDs ...
pseudobulk_vcpi_0001.35128166.out:2026-04-12 23:50:01 | [INFO] Cache file data/vcpi_0001/raw/vcpi_ginkgo_pubchem_cache.json not found. Starting with empty cache.
pseudobulk_vcpi_0001.35128166.out:2026-04-12 23:50:01 | [INFO] Processing 2282 compounds
pseudobulk_vcpi_0001.35128166.out:2026-04-12 23:50:33 | [INFO] Processed 50/2282 compounds (50 mapped so far)
pseudobulk_vcpi_0001.35128166.out:2026-04-12 23:51:06 | [INFO] Processed 100/2282 compounds (100 mapped so far)
pseudobulk_vcpi_0001.35128166.out:2026-04-12 23:51:38 | [INFO] Processed 150/2282 compounds (150 mapped so far)
pseudobulk_vcpi_0001.35128166.out:2026-04-12 23:52:10 | [INFO] Processed 200/2282 compounds (200 mapped so far)
pseudobulk_vcpi_0001.35128166.out:2026-04-12 23:52:43 | [INFO] Processed 250/2282 compounds (250 mapped so far)
pseudobulk_vcpi_0001.35128166.out:2026-04-12 23:53:15 | [INFO] Processed 300/2282 compounds (300 mapped so far)
pseudobulk_vcpi_0001.35128166.out:2026-04-12 23:53:47 | [INFO] Processed 350/2282 compounds (349 mapped so far)
pseudobulk_vcpi_0001.35128166.out:2026-04-12 23:54:20 | [INFO] Processed 400/2282 compounds (399 mapped so far)
pseudobulk_vcpi_0001.35128166.out:2026-04-12 23:54:52 | [INFO] Processed 450/2282 compounds (449 mapped so far)
pseudobulk_vcpi_0001.35128166.out:2026-04-12 23:55:24 | [INFO] Processed 500/2282 compounds (499 mapped so far)
pseudobulk_vcpi_0001.35128166.out:2026-04-12 23:55:58 | [INFO] Processed 550/2282 compounds (549 mapped so far)
pseudobulk_vcpi_0001.35128166.out:2026-04-12 23:56:29 | [INFO] Processed 600/2282 compounds (599 mapped so far)
pseudobulk_vcpi_0001.35128166.out:2026-04-12 23:57:02 | [INFO] Processed 650/2282 compounds (649 mapped so far)
pseudobulk_vcpi_0001.35128166.out:2026-04-12 23:57:34 | [INFO] Processed 700/2282 compounds (698 mapped so far)
pseudobulk_vcpi_0001.35128166.out:2026-04-12 23:58:07 | [INFO] Processed 750/2282 compounds (748 mapped so far)
pseudobulk_vcpi_0001.35128166.out:2026-04-12 23:58:39 | [INFO] Processed 800/2282 compounds (798 mapped so far)
pseudobulk_vcpi_0001.35128166.out:2026-04-12 23:59:11 | [INFO] Processed 850/2282 compounds (848 mapped so far)
pseudobulk_vcpi_0001.35128166.out:2026-04-12 23:59:43 | [INFO] Processed 900/2282 compounds (898 mapped so far)
pseudobulk_vcpi_0001.35128166.out:2026-04-13 00:00:16 | [INFO] Processed 950/2282 compounds (948 mapped so far)
pseudobulk_vcpi_0001.35128166.out:2026-04-13 00:00:49 | [INFO] Processed 1000/2282 compounds (998 mapped so far)
pseudobulk_vcpi_0001.35128166.out:2026-04-13 00:01:22 | [INFO] Processed 1050/2282 compounds (1048 mapped so far)
pseudobulk_vcpi_0001.35128166.out:2026-04-13 00:01:54 | [INFO] Processed 1100/2282 compounds (1098 mapped so far)
pseudobulk_vcpi_0001.35128166.out:2026-04-13 00:02:27 | [INFO] Processed 1150/2282 compounds (1148 mapped so far)
pseudobulk_vcpi_0001.35128166.out:2026-04-13 00:02:59 | [INFO] Processed 1200/2282 compounds (1198 mapped so far)
pseudobulk_vcpi_0001.35128166.out:2026-04-13 00:03:31 | [INFO] Processed 1250/2282 compounds (1248 mapped so far)
pseudobulk_vcpi_0001.35128166.out:2026-04-13 00:04:04 | [INFO] Processed 1300/2282 compounds (1298 mapped so far)
pseudobulk_vcpi_0001.35128166.out:2026-04-13 00:04:36 | [INFO] Processed 1350/2282 compounds (1348 mapped so far)
pseudobulk_vcpi_0001.35128166.out:2026-04-13 00:05:09 | [INFO] Processed 1400/2282 compounds (1397 mapped so far)
pseudobulk_vcpi_0001.35128166.out:2026-04-13 00:05:41 | [INFO] Processed 1450/2282 compounds (1447 mapped so far)
pseudobulk_vcpi_0001.35128166.out:2026-04-13 00:06:14 | [INFO] Processed 1500/2282 compounds (1497 mapped so far)
pseudobulk_vcpi_0001.35128166.out:2026-04-13 00:06:47 | [INFO] Processed 1550/2282 compounds (1547 mapped so far)
pseudobulk_vcpi_0001.35128166.out:2026-04-13 00:07:19 | [INFO] Processed 1600/2282 compounds (1597 mapped so far)
pseudobulk_vcpi_0001.35128166.out:2026-04-13 00:07:51 | [INFO] Processed 1650/2282 compounds (1647 mapped so far)
pseudobulk_vcpi_0001.35128166.out:2026-04-13 00:08:23 | [INFO] Processed 1700/2282 compounds (1697 mapped so far)
pseudobulk_vcpi_0001.35128166.out:2026-04-13 00:08:55 | [INFO] Processed 1750/2282 compounds (1747 mapped so far)
pseudobulk_vcpi_0001.35128166.out:2026-04-13 00:09:28 | [INFO] Processed 1800/2282 compounds (1797 mapped so far)
pseudobulk_vcpi_0001.35128166.out:2026-04-13 00:10:00 | [INFO] Processed 1850/2282 compounds (1847 mapped so far)
pseudobulk_vcpi_0001.35128166.out:2026-04-13 00:10:33 | [INFO] Processed 1900/2282 compounds (1897 mapped so far)
pseudobulk_vcpi_0001.35128166.out:2026-04-13 00:11:06 | [INFO] Processed 1950/2282 compounds (1947 mapped so far)
pseudobulk_vcpi_0001.35128166.out:2026-04-13 00:11:38 | [INFO] Processed 2000/2282 compounds (1997 mapped so far)
pseudobulk_vcpi_0001.35128166.out:2026-04-13 00:12:10 | [INFO] Processed 2050/2282 compounds (2047 mapped so far)
pseudobulk_vcpi_0001.35128166.out:2026-04-13 00:12:43 | [INFO] Processed 2100/2282 compounds (2097 mapped so far)
pseudobulk_vcpi_0001.35128166.out:2026-04-13 00:13:16 | [INFO] Processed 2150/2282 compounds (2146 mapped so far)
pseudobulk_vcpi_0001.35128166.out:2026-04-13 00:13:48 | [INFO] Processed 2200/2282 compounds (2196 mapped so far)
pseudobulk_vcpi_0001.35128166.out:2026-04-13 00:14:21 | [INFO] Processed 2250/2282 compounds (2246 mapped so far)
pseudobulk_vcpi_0001.35128166.out:2026-04-13 00:14:42 | [INFO] Mapped 2277 out of 2282 compounds to PubChem CIDs
pseudobulk_vcpi_0001.35128166.out:2026-04-13 00:14:42 | [INFO] Looking up drug synonym names by PubChem CID ...
pseudobulk_vcpi_0001.35128166.out:2026-04-13 00:14:42 | [INFO] Unique valid CIDs: 2277, to fetch: 2276
pseudobulk_vcpi_0001.35128166.out:2026-04-13 00:15:34 | [INFO] Fetched 50/2276
pseudobulk_vcpi_0001.35128166.out:2026-04-13 00:16:26 | [INFO] Fetched 100/2276
pseudobulk_vcpi_0001.35128166.out:2026-04-13 00:17:17 | [INFO] Fetched 150/2276
pseudobulk_vcpi_0001.35128166.out:2026-04-13 00:18:09 | [INFO] Fetched 200/2276
pseudobulk_vcpi_0001.35128166.out:2026-04-13 00:19:00 | [INFO] Fetched 250/2276
pseudobulk_vcpi_0001.35128166.out:2026-04-13 00:19:52 | [INFO] Fetched 300/2276
pseudobulk_vcpi_0001.35128166.out:2026-04-13 00:20:44 | [INFO] Fetched 350/2276
pseudobulk_vcpi_0001.35128166.out:2026-04-13 00:21:35 | [INFO] Fetched 400/2276
pseudobulk_vcpi_0001.35128166.out:2026-04-13 00:22:28 | [INFO] Fetched 450/2276
pseudobulk_vcpi_0001.35128166.out:2026-04-13 00:23:19 | [INFO] Fetched 500/2276
pseudobulk_vcpi_0001.35128166.out:2026-04-13 00:24:11 | [INFO] Fetched 550/2276
pseudobulk_vcpi_0001.35128166.out:2026-04-13 00:25:08 | [INFO] Fetched 600/2276
pseudobulk_vcpi_0001.35128166.out:2026-04-13 00:26:01 | [INFO] Fetched 650/2276
pseudobulk_vcpi_0001.35128166.out:2026-04-13 00:26:54 | [INFO] Fetched 700/2276
pseudobulk_vcpi_0001.35128166.out:2026-04-13 00:27:46 | [INFO] Fetched 750/2276
pseudobulk_vcpi_0001.35128166.out:2026-04-13 00:28:38 | [INFO] Fetched 800/2276
pseudobulk_vcpi_0001.35128166.out:2026-04-13 00:29:30 | [INFO] Fetched 850/2276
pseudobulk_vcpi_0001.35128166.out:2026-04-13 00:30:22 | [INFO] Fetched 900/2276
pseudobulk_vcpi_0001.35128166.out:2026-04-13 00:31:13 | [INFO] Fetched 950/2276
pseudobulk_vcpi_0001.35128166.out:2026-04-13 00:32:05 | [INFO] Fetched 1000/2276
pseudobulk_vcpi_0001.35128166.out:2026-04-13 00:32:56 | [INFO] Fetched 1050/2276
pseudobulk_vcpi_0001.35128166.out:2026-04-13 00:33:47 | [INFO] Fetched 1100/2276
pseudobulk_vcpi_0001.35128166.out:2026-04-13 00:34:40 | [INFO] Fetched 1150/2276
pseudobulk_vcpi_0001.35128166.out:2026-04-13 00:35:34 | [INFO] Fetched 1200/2276
pseudobulk_vcpi_0001.35128166.out:2026-04-13 00:36:26 | [INFO] Fetched 1250/2276
pseudobulk_vcpi_0001.35128166.out:2026-04-13 00:37:18 | [INFO] Fetched 1300/2276
pseudobulk_vcpi_0001.35128166.out:2026-04-13 00:38:11 | [INFO] Fetched 1350/2276
pseudobulk_vcpi_0001.35128166.out:2026-04-13 00:39:03 | [INFO] Fetched 1400/2276
pseudobulk_vcpi_0001.35128166.out:2026-04-13 00:39:54 | [INFO] Fetched 1450/2276
pseudobulk_vcpi_0001.35128166.out:2026-04-13 00:40:46 | [INFO] Fetched 1500/2276
pseudobulk_vcpi_0001.35128166.out:2026-04-13 00:41:37 | [INFO] Fetched 1550/2276
pseudobulk_vcpi_0001.35128166.out:2026-04-13 00:42:29 | [INFO] Fetched 1600/2276
pseudobulk_vcpi_0001.35128166.out:2026-04-13 00:43:21 | [INFO] Fetched 1650/2276
pseudobulk_vcpi_0001.35128166.out:2026-04-13 00:44:12 | [INFO] Fetched 1700/2276
pseudobulk_vcpi_0001.35128166.out:2026-04-13 00:45:04 | [INFO] Fetched 1750/2276
pseudobulk_vcpi_0001.35128166.out:2026-04-13 00:45:57 | [INFO] Fetched 1800/2276
pseudobulk_vcpi_0001.35128166.out:2026-04-13 00:46:48 | [INFO] Fetched 1850/2276
pseudobulk_vcpi_0001.35128166.out:2026-04-13 00:47:40 | [INFO] Fetched 1900/2276
pseudobulk_vcpi_0001.35128166.out:2026-04-13 00:48:31 | [INFO] Fetched 1950/2276
pseudobulk_vcpi_0001.35128166.out:2026-04-13 00:49:24 | [INFO] Fetched 2000/2276
pseudobulk_vcpi_0001.35128166.out:2026-04-13 00:50:17 | [INFO] Fetched 2050/2276
pseudobulk_vcpi_0001.35128166.out:2026-04-13 00:51:08 | [INFO] Fetched 2100/2276
pseudobulk_vcpi_0001.35128166.out:2026-04-13 00:52:05 | [INFO] Fetched 2150/2276
pseudobulk_vcpi_0001.35128166.out:2026-04-13 00:52:57 | [INFO] Fetched 2200/2276
pseudobulk_vcpi_0001.35128166.out:2026-04-13 00:53:49 | [INFO] Fetched 2250/2276
pseudobulk_vcpi_0001.35128166.out:2026-04-13 00:54:17 | [INFO] Mapped 2248/2282 rows to drug names
pseudobulk_vcpi_0001.35128166.out:2026-04-13 00:54:17 | [INFO] perturbagen: 2248 from pubchem_name, 34 NaN -> user_compound_id, 0 duplicated -> user_compound_id
pseudobulk_vcpi_0001.35128166.out:2026-04-13 00:54:17 | [INFO] Standardizing .obs ...
pseudobulk_vcpi_0001.35128166.out:2026-04-13 00:54:18 | [INFO]   Processed 27,577 observations
pseudobulk_vcpi_0001.35128166.out:2026-04-13 00:54:18 | [INFO] Creating standardized AnnData object ...
pseudobulk_vcpi_0001.35128166.out:2026-04-13 00:54:20 | [INFO] Standardization complete: 27577 observations x 78686 genes
pseudobulk_vcpi_0001.35128166.out:2026-04-13 00:54:20 | [INFO] Saving standardized dataset to: ./data/vcpi_0001/pseudobulk/full/vcpi_0001_standardized.h5ad
pseudobulk_vcpi_0001.35128166.out:2026-04-13 00:56:10 | [INFO] VCPI Ginkgo standardization complete
pseudobulk_vcpi_0001.35128166.err:2026-04-13 00:24:50 | [WARNING] PubChem lookup failed for CID 71793861: Remote end closed connection without response. Retry 0.
