2025-09-16 03:16:04 | [INFO] Read data from ./data/tahoe/raw/plate13.h5ad
2025-09-16 03:23:10 | [INFO] Read data from ./data/tahoe/raw/plate13_obs.parquet
2025-09-16 03:23:26 | [INFO] Read data from ./data/tahoe/raw/var.parquet
2025-09-16 03:23:26 | [INFO] Merge datasets
2025-09-16 03:23:41 | [INFO] Standardize anndata
2025-09-16 03:23:59 | [INFO] Mapping drugs to PubChem idx
2025-09-16 03:24:05 | [INFO] Looking up 44 new perturbations on PubChem...
2025-09-16 03:24:45 | [INFO] Determine groupby fields
2025-09-16 03:24:45 | [INFO] Initial adata size: (8501658, 62710)
2025-09-16 03:24:45 | [INFO] Filter by counts
2025-09-16 03:25:13 | [INFO]     n_obs: 8501658 --> 8170202
2025-09-16 03:25:13 | [INFO]     n_var: 62710 --> 62710
2025-09-16 03:25:13 | [INFO]     n_ct: 50 --> 50
2025-09-16 03:25:13 | [INFO]     n_pa: 44 --> 44
2025-09-16 03:25:13 | [INFO] Filter by nans
2025-09-16 03:25:38 | [INFO]     n_obs: 8170202 --> 8170202
2025-09-16 03:25:38 | [INFO]     n_var: 62710 --> 62710
2025-09-16 03:25:38 | [INFO]     n_ct: 50 --> 50
2025-09-16 03:25:38 | [INFO]     n_pa: 44 --> 44
2025-09-16 03:25:38 | [INFO] Filter by humanMALAT1
2025-09-16 03:26:56 | [INFO]     n_obs: 8170202 --> 8159906
2025-09-16 03:26:56 | [INFO]     n_var: 62710 --> 62710
2025-09-16 03:26:56 | [INFO]     n_ct: 50 --> 50
2025-09-16 03:26:56 | [INFO]     n_pa: 44 --> 44
2025-09-16 03:27:08 | [INFO] Final adata size: (8159906, 62710)
2025-09-16 03:27:08 | [INFO] Build pseudobulk
2025-09-16 06:20:51 | [INFO] Process pseudobulk
2025-09-16 06:21:04 | [INFO] Save data to ./data/tahoe/pseudobulk_to_merge/full/plate13.h5ad
