2025-09-15 07:49:56 | [INFO] Read data from ./data/tahoe/raw/plate8.h5ad
2025-09-15 07:57:11 | [INFO] Read data from ./data/tahoe/raw/plate8_obs.parquet
2025-09-15 07:57:22 | [INFO] Read data from ./data/tahoe/raw/var.parquet
2025-09-15 07:57:22 | [INFO] Merge datasets
2025-09-15 07:57:36 | [INFO] Standardize anndata
2025-09-15 07:57:48 | [INFO] Mapping drugs to PubChem idx
2025-09-15 07:57:54 | [INFO] Looking up 94 new perturbations on PubChem...
2025-09-15 07:58:53 | [INFO] Determine groupby fields
2025-09-15 07:58:53 | [INFO] Initial adata size: (8880979, 62710)
2025-09-15 07:58:53 | [INFO] Filter by counts
2025-09-15 07:59:19 | [INFO]     n_obs: 8880979 --> 8595286
2025-09-15 07:59:19 | [INFO]     n_var: 62710 --> 62710
2025-09-15 07:59:19 | [INFO]     n_ct: 50 --> 50
2025-09-15 07:59:19 | [INFO]     n_pa: 94 --> 94
2025-09-15 07:59:19 | [INFO] Filter by nans
2025-09-15 07:59:44 | [INFO]     n_obs: 8595286 --> 8595286
2025-09-15 07:59:44 | [INFO]     n_var: 62710 --> 62710
2025-09-15 07:59:44 | [INFO]     n_ct: 50 --> 50
2025-09-15 07:59:44 | [INFO]     n_pa: 94 --> 94
2025-09-15 07:59:44 | [INFO] Filter by humanMALAT1
2025-09-15 08:00:59 | [INFO]     n_obs: 8595286 --> 8584995
2025-09-15 08:00:59 | [INFO]     n_var: 62710 --> 62710
2025-09-15 08:00:59 | [INFO]     n_ct: 50 --> 50
2025-09-15 08:00:59 | [INFO]     n_pa: 94 --> 94
2025-09-15 08:01:10 | [INFO] Final adata size: (8584995, 62710)
2025-09-15 08:01:10 | [INFO] Build pseudobulk
2025-09-15 11:19:12 | [INFO] Process pseudobulk
2025-09-15 11:19:24 | [INFO] Save data to ./data/tahoe/pseudobulk_to_merge/full/plate8.h5ad
