
DE analysis started...
Loaded input file:  ./data/sciplex/pseudobulk_processed/group_rep/by_celltype/CVCL_0031_processed.h5ad 
Initial dimensions:  1529  samples ×  58302  genes
Filter samples with the low number of cells
    Filter threshold (min_cells):  10 
    n_obs:  1529 -->  1518 

▶︎ Processing cell_type  1 / 1 :  CVCL_0031 
    Filter controls by  pert_time_h  column
        n_obs:  1518 -->  1518 

    Running contrast 1/740
    Running contrast 6/740
    Running contrast 11/740
    Running contrast 16/740
    Running contrast 21/740
    Running contrast 26/740
    Running contrast 31/740
    Running contrast 36/740
    Running contrast 41/740
    Running contrast 46/740
    Running contrast 51/740
    Running contrast 56/740
    Running contrast 61/740
    Running contrast 66/740
    Running contrast 71/740
    Running contrast 76/740
    Running contrast 81/740
    Running contrast 86/740
    Running contrast 91/740
    Running contrast 96/740
    Running contrast 101/740
    Running contrast 106/740
    Running contrast 111/740
    Running contrast 116/740
    Running contrast 121/740
    Running contrast 126/740
    Running contrast 131/740
    Running contrast 136/740
    Running contrast 141/740
    Running contrast 146/740
    Running contrast 151/740
    Running contrast 156/740
    Running contrast 161/740
    Running contrast 166/740
    Running contrast 171/740
    Running contrast 176/740
    Running contrast 181/740
    Running contrast 186/740
    Running contrast 191/740
    Running contrast 196/740
    Running contrast 201/740
    Running contrast 206/740
    Running contrast 211/740
    Running contrast 216/740
    Running contrast 221/740
    Running contrast 226/740
    Running contrast 231/740
    Running contrast 236/740
    Running contrast 241/740
    Running contrast 246/740
    Running contrast 251/740
    Running contrast 256/740
    Running contrast 261/740
    Running contrast 266/740
    Running contrast 271/740
    Running contrast 276/740
    Running contrast 281/740
    Running contrast 286/740
    Running contrast 291/740
    Running contrast 296/740
    Running contrast 301/740
    Running contrast 306/740
    Running contrast 311/740
    Running contrast 316/740
    Running contrast 321/740
    Running contrast 326/740
    Running contrast 331/740
    Running contrast 336/740
    Running contrast 341/740
    Running contrast 346/740
    Running contrast 351/740
    Running contrast 356/740
    Running contrast 361/740
    Running contrast 366/740
    Running contrast 371/740
    Running contrast 376/740
    Running contrast 381/740
    Running contrast 386/740
    Running contrast 391/740
    Running contrast 396/740
    Running contrast 401/740
    Running contrast 406/740
    Running contrast 411/740
    Running contrast 416/740
    Running contrast 421/740
    Running contrast 426/740
    Running contrast 431/740
    Running contrast 436/740
    Running contrast 441/740
    Running contrast 446/740
    Running contrast 451/740
    Running contrast 456/740
    Running contrast 461/740
    Running contrast 466/740
    Running contrast 471/740
    Running contrast 476/740
    Running contrast 481/740
    Running contrast 486/740
    Running contrast 491/740
    Running contrast 496/740
    Running contrast 501/740
    Running contrast 506/740
    Running contrast 511/740
    Running contrast 516/740
    Running contrast 521/740
    Running contrast 526/740
    Running contrast 531/740
    Running contrast 536/740
    Running contrast 541/740
    Running contrast 546/740
    Running contrast 551/740
    Running contrast 556/740
    Running contrast 561/740
    Running contrast 566/740
    Running contrast 571/740
    Running contrast 576/740
    Running contrast 581/740
    Running contrast 586/740
    Running contrast 591/740
    Running contrast 596/740
    Running contrast 601/740
    Running contrast 606/740
    Running contrast 611/740
    Running contrast 616/740
    Running contrast 621/740
    Running contrast 626/740
    Running contrast 631/740
    Running contrast 636/740
    Running contrast 641/740
    Running contrast 646/740
    Running contrast 651/740
    Running contrast 656/740
    Running contrast 661/740
    Running contrast 666/740
    Running contrast 671/740
    Running contrast 676/740
    Running contrast 681/740
    Running contrast 686/740
    Running contrast 691/740
    Running contrast 696/740
    Running contrast 701/740
    Running contrast 706/740
    Running contrast 711/740
    Running contrast 716/740
    Running contrast 721/740
    Running contrast 726/740
    Running contrast 731/740
    Running contrast 736/740
    Running contrast 740/740

    Writing:  ./data/sciplex/deg_data/group_rep/full/qc_false/filter_min_cells_10/CVCL_0031_de.h5ad 

    Rewriting h5ad file: ./data/sciplex/deg_data/group_rep/full/qc_false/filter_min_cells_10/CVCL_0031_de.h5ad 
    Removed X matrix
    Rewriting h5ad file is done!
✓ Cell line completed in 2409.1 seconds

DE analysis completed!

Total runtime: 2425.5 seconds
