
DE analysis started...
Loaded input file:  ./data/sciplex/pseudobulk_processed/group_rep/by_celltype/CVCL_0004_processed.h5ad 
Initial dimensions:  1535  samples ×  58302  genes
Filter samples with the low number of cells
    Filter threshold (min_cells):  10 
    n_obs:  1535 -->  1523 

▶︎ Processing cell_type  1 / 1 :  CVCL_0004 
    Filter controls by  pert_time_h  column
        n_obs:  1523 -->  1523 

    Running contrast 1/745
    Running contrast 6/745
    Running contrast 11/745
    Running contrast 16/745
    Running contrast 21/745
    Running contrast 26/745
    Running contrast 31/745
    Running contrast 36/745
    Running contrast 41/745
    Running contrast 46/745
    Running contrast 51/745
    Running contrast 56/745
    Running contrast 61/745
    Running contrast 66/745
    Running contrast 71/745
    Running contrast 76/745
    Running contrast 81/745
    Running contrast 86/745
    Running contrast 91/745
    Running contrast 96/745
    Running contrast 101/745
    Running contrast 106/745
    Running contrast 111/745
    Running contrast 116/745
    Running contrast 121/745
    Running contrast 126/745
    Running contrast 131/745
    Running contrast 136/745
    Running contrast 141/745
    Running contrast 146/745
    Running contrast 151/745
    Running contrast 156/745
    Running contrast 161/745
    Running contrast 166/745
    Running contrast 171/745
    Running contrast 176/745
    Running contrast 181/745
    Running contrast 186/745
    Running contrast 191/745
    Running contrast 196/745
    Running contrast 201/745
    Running contrast 206/745
    Running contrast 211/745
    Running contrast 216/745
    Running contrast 221/745
    Running contrast 226/745
    Running contrast 231/745
    Running contrast 236/745
    Running contrast 241/745
    Running contrast 246/745
    Running contrast 251/745
    Running contrast 256/745
    Running contrast 261/745
    Running contrast 266/745
    Running contrast 271/745
    Running contrast 276/745
    Running contrast 281/745
    Running contrast 286/745
    Running contrast 291/745
    Running contrast 296/745
    Running contrast 301/745
    Running contrast 306/745
    Running contrast 311/745
    Running contrast 316/745
    Running contrast 321/745
    Running contrast 326/745
    Running contrast 331/745
    Running contrast 336/745
    Running contrast 341/745
    Running contrast 346/745
    Running contrast 351/745
    Running contrast 356/745
    Running contrast 361/745
    Running contrast 366/745
    Running contrast 371/745
    Running contrast 376/745
    Running contrast 381/745
    Running contrast 386/745
    Running contrast 391/745
    Running contrast 396/745
    Running contrast 401/745
    Running contrast 406/745
    Running contrast 411/745
    Running contrast 416/745
    Running contrast 421/745
    Running contrast 426/745
    Running contrast 431/745
    Running contrast 436/745
    Running contrast 441/745
    Running contrast 446/745
    Running contrast 451/745
    Running contrast 456/745
    Running contrast 461/745
    Running contrast 466/745
    Running contrast 471/745
    Running contrast 476/745
    Running contrast 481/745
    Running contrast 486/745
    Running contrast 491/745
    Running contrast 496/745
    Running contrast 501/745
    Running contrast 506/745
    Running contrast 511/745
    Running contrast 516/745
    Running contrast 521/745
    Running contrast 526/745
    Running contrast 531/745
    Running contrast 536/745
    Running contrast 541/745
    Running contrast 546/745
    Running contrast 551/745
    Running contrast 556/745
    Running contrast 561/745
    Running contrast 566/745
    Running contrast 571/745
    Running contrast 576/745
    Running contrast 581/745
    Running contrast 586/745
    Running contrast 591/745
    Running contrast 596/745
    Running contrast 601/745
    Running contrast 606/745
    Running contrast 611/745
    Running contrast 616/745
    Running contrast 621/745
    Running contrast 626/745
    Running contrast 631/745
    Running contrast 636/745
    Running contrast 641/745
    Running contrast 646/745
    Running contrast 651/745
    Running contrast 656/745
    Running contrast 661/745
    Running contrast 666/745
    Running contrast 671/745
    Running contrast 676/745
    Running contrast 681/745
    Running contrast 686/745
    Running contrast 691/745
    Running contrast 696/745
    Running contrast 701/745
    Running contrast 706/745
    Running contrast 711/745
    Running contrast 716/745
    Running contrast 721/745
    Running contrast 726/745
    Running contrast 731/745
    Running contrast 736/745
    Running contrast 741/745
    Running contrast 745/745

    Writing:  ./data/sciplex/deg_data/group_rep/full/qc_false/filter_min_cells_10/CVCL_0004_de.h5ad 

    Rewriting h5ad file: ./data/sciplex/deg_data/group_rep/full/qc_false/filter_min_cells_10/CVCL_0004_de.h5ad 
    Removed X matrix
    Rewriting h5ad file is done!
✓ Cell line completed in 1348.7 seconds

DE analysis completed!

Total runtime: 1365.3 seconds
