
DE analysis started...
Loaded input file:  ./data/sciplex/pseudobulk_processed/group_rep/by_celltype/CVCL_0023_processed.h5ad 
Initial dimensions:  1910  samples ×  58302  genes
Filter samples with the low number of cells
    Filter threshold (min_cells):  10 
    n_obs:  1910 -->  1706 

▶︎ Processing cell_type  1 / 1 :  CVCL_0023 
    Filter controls by  pert_time_h  column
        n_obs:  1706 -->  1706 

Coefficients not estimable: plateplate52 
Coefficients not estimable: plateplate52 
    Running contrast 1/914
    Running contrast 6/914
    Running contrast 11/914
    Running contrast 16/914
    Running contrast 21/914
    Running contrast 26/914
    Running contrast 31/914
    Running contrast 36/914
    Running contrast 41/914
    Running contrast 46/914
    Running contrast 51/914
    Running contrast 56/914
    Running contrast 61/914
    Running contrast 66/914
    Running contrast 71/914
    Running contrast 76/914
    Running contrast 81/914
    Running contrast 86/914
    Running contrast 91/914
    Running contrast 96/914
    Running contrast 101/914
    Running contrast 106/914
    Running contrast 111/914
    Running contrast 116/914
    Running contrast 121/914
    Running contrast 126/914
    Running contrast 131/914
    Running contrast 136/914
    Running contrast 141/914
    Running contrast 146/914
    Running contrast 151/914
    Running contrast 156/914
    Running contrast 161/914
    Running contrast 166/914
    Running contrast 171/914
    Running contrast 176/914
    Running contrast 181/914
    Running contrast 186/914
    Running contrast 191/914
    Running contrast 196/914
    Running contrast 201/914
    Running contrast 206/914
    Running contrast 211/914
    Running contrast 216/914
    Running contrast 221/914
    Running contrast 226/914
    Running contrast 231/914
    Running contrast 236/914
    Running contrast 241/914
    Running contrast 246/914
    Running contrast 251/914
    Running contrast 256/914
    Running contrast 261/914
    Running contrast 266/914
    Running contrast 271/914
    Running contrast 276/914
    Running contrast 281/914
    Running contrast 286/914
    Running contrast 291/914
    Running contrast 296/914
    Running contrast 301/914
    Running contrast 306/914
    Running contrast 311/914
    Running contrast 316/914
    Running contrast 321/914
    Running contrast 326/914
    Running contrast 331/914
    Running contrast 336/914
    Running contrast 341/914
    Running contrast 346/914
    Running contrast 351/914
    Running contrast 356/914
    Running contrast 361/914
    Running contrast 366/914
    Running contrast 371/914
    Running contrast 376/914
    Running contrast 381/914
    Running contrast 386/914
    Running contrast 391/914
    Running contrast 396/914
    Running contrast 401/914
    Running contrast 406/914
    Running contrast 411/914
    Running contrast 416/914
    Running contrast 421/914
    Running contrast 426/914
    Running contrast 431/914
    Running contrast 436/914
    Running contrast 441/914
    Running contrast 446/914
    Running contrast 451/914
    Running contrast 456/914
    Running contrast 461/914
    Running contrast 466/914
    Running contrast 471/914
    Running contrast 476/914
    Running contrast 481/914
    Running contrast 486/914
    Running contrast 491/914
    Running contrast 496/914
    Running contrast 501/914
    Running contrast 506/914
    Running contrast 511/914
    Running contrast 516/914
    Running contrast 521/914
    Running contrast 526/914
    Running contrast 531/914
    Running contrast 536/914
    Running contrast 541/914
    Running contrast 546/914
    Running contrast 551/914
    Running contrast 556/914
    Running contrast 561/914
    Running contrast 566/914
    Running contrast 571/914
    Running contrast 576/914
    Running contrast 581/914
    Running contrast 586/914
    Running contrast 591/914
    Running contrast 596/914
    Running contrast 601/914
    Running contrast 606/914
    Running contrast 611/914
    Running contrast 616/914
    Running contrast 621/914
    Running contrast 626/914
    Running contrast 631/914
    Running contrast 636/914
    Running contrast 641/914
    Running contrast 646/914
    Running contrast 651/914
    Running contrast 656/914
    Running contrast 661/914
    Running contrast 666/914
    Running contrast 671/914
    Running contrast 676/914
    Running contrast 681/914
    Running contrast 686/914
    Running contrast 691/914
    Running contrast 696/914
    Running contrast 701/914
    Running contrast 706/914
    Running contrast 711/914
    Running contrast 716/914
    Running contrast 721/914
    Running contrast 726/914
    Running contrast 731/914
    Running contrast 736/914
    Running contrast 741/914
    Running contrast 746/914
    Running contrast 751/914
    Running contrast 756/914
    Running contrast 761/914
    Running contrast 766/914
    Running contrast 771/914
    Running contrast 776/914
    Running contrast 781/914
    Running contrast 786/914
    Running contrast 791/914
    Running contrast 796/914
    Running contrast 801/914
    Running contrast 806/914
    Running contrast 811/914
    Running contrast 816/914
    Running contrast 821/914
    Running contrast 826/914
    Running contrast 831/914
    Running contrast 836/914
    Running contrast 841/914
    Running contrast 846/914
    Running contrast 851/914
    Running contrast 856/914
    Running contrast 861/914
    Running contrast 866/914
    Running contrast 871/914
    Running contrast 876/914
    Running contrast 881/914
    Running contrast 886/914
    Running contrast 891/914
    Running contrast 896/914
    Running contrast 901/914
    Running contrast 906/914
    Running contrast 911/914
    Running contrast 914/914

    Writing:  ./data/sciplex/deg_data/group_rep/full/qc_false/filter_min_cells_10/CVCL_0023_de.h5ad 

    Rewriting h5ad file: ./data/sciplex/deg_data/group_rep/full/qc_false/filter_min_cells_10/CVCL_0023_de.h5ad 
    Removed X matrix
    Rewriting h5ad file is done!
✓ Cell line completed in 2090.9 seconds

DE analysis completed!

Total runtime: 2108.6 seconds
