2025-09-12 22:17:05 | [INFO] Read data from ./data/tahoe/raw/plate2_subsample.h5ad
2025-09-12 22:17:06 | [INFO] Read data from ./data/tahoe/raw/plate2_obs.parquet
2025-09-12 22:17:17 | [INFO] Read data from ./data/tahoe/raw/var.parquet
2025-09-12 22:17:17 | [INFO] Merge datasets
2025-09-12 22:17:28 | [INFO] Standardize anndata
2025-09-12 22:17:28 | [INFO] Mapping drugs to PubChem idx
2025-09-12 22:17:28 | [INFO] Looking up 90 new perturbations on PubChem...
2025-09-12 22:18:12 | [INFO] Determine groupby fields
2025-09-12 22:18:12 | [INFO] Initial adata size: (5000, 62710)
2025-09-12 22:18:12 | [INFO] Filter by counts
2025-09-12 22:18:12 | [INFO]     n_obs: 5000 --> 4802
2025-09-12 22:18:12 | [INFO]     n_var: 62710 --> 62710
2025-09-12 22:18:12 | [INFO]     n_ct: 49 --> 49
2025-09-12 22:18:12 | [INFO]     n_pa: 90 --> 90
2025-09-12 22:18:12 | [INFO] Filter by nans
2025-09-12 22:18:12 | [INFO]     n_obs: 4802 --> 4802
2025-09-12 22:18:12 | [INFO]     n_var: 62710 --> 62710
2025-09-12 22:18:12 | [INFO]     n_ct: 49 --> 49
2025-09-12 22:18:12 | [INFO]     n_pa: 90 --> 90
2025-09-12 22:18:12 | [INFO] Filter by humanMALAT1
2025-09-12 22:18:12 | [INFO]     n_obs: 4802 --> 4792
2025-09-12 22:18:12 | [INFO]     n_var: 62710 --> 62710
2025-09-12 22:18:12 | [INFO]     n_ct: 49 --> 49
2025-09-12 22:18:12 | [INFO]     n_pa: 90 --> 90
2025-09-12 22:18:12 | [INFO] Final adata size: (4792, 62710)
2025-09-12 22:18:12 | [INFO] Build pseudobulk
2025-09-12 22:18:23 | [INFO] Process pseudobulk
2025-09-12 22:18:25 | [INFO] Save data to ./data/tahoe/pseudobulk_to_merge/subsample/plate2_subsample.h5ad
