enrich_vcpi_0001.PID921471.out:> DEG directory (scan *_de.h5ad): ./data/vcpi_0001/deg_data/group_rep/full/qc_false/filter_min_cells_0/results
enrich_vcpi_0001.PID921471.out:> Reference pseudobulk: ./data/vcpi_0001/pseudobulk_processed/group_rep/vcpi_0001_standardized_processed.h5ad
enrich_vcpi_0001.PID921471.out:> Submitting Slurm job (sbatch -W) enrich_pseudobulk_var
enrich_vcpi_0001.PID921471.out:> Slurm logs: /home/icb/olga.novitskaia/op3_v2_ginkgo/logs/vcpi_0001/full/enrich_pseudobulk_var/enrich_vcpi_0001.%j.out / /home/icb/olga.novitskaia/op3_v2_ginkgo/logs/vcpi_0001/full/enrich_pseudobulk_var/enrich_vcpi_0001.%j.err
enrich_vcpi_0001.PID921471.out:Submitted batch job 35149205
enrich_vcpi_0001.PID921471.out:> enrich_pseudobulk_var Slurm job finished
enrich_vcpi_0001.PID931520.out:> DEG directory (scan *_de.h5ad): ./data/vcpi_0001/deg_data/sep_rep/full/qc_false/filter_min_cells_0/results/
enrich_vcpi_0001.PID931520.out:> Reference pseudobulk: ./data/vcpi_0001/pseudobulk_processed/sep_rep/vcpi_0001_standardized_processed.h5ad
enrich_vcpi_0001.PID931520.out:> Submitting Slurm job (sbatch -W) enrich_pseudobulk_var
enrich_vcpi_0001.PID931520.out:> Slurm logs: /home/icb/olga.novitskaia/op3_v2_ginkgo/logs/vcpi_0001/full/enrich_pseudobulk_var/enrich_vcpi_0001.%j.out / /home/icb/olga.novitskaia/op3_v2_ginkgo/logs/vcpi_0001/full/enrich_pseudobulk_var/enrich_vcpi_0001.%j.err
enrich_vcpi_0001.PID931520.out:Submitted batch job 35149206
enrich_vcpi_0001.PID931520.out:> enrich_pseudobulk_var Slurm job finished
enrich_vcpi_0001.35149205.out:2026-04-14 01:45:59 | [INFO] DEG directory (scan *_de.h5ad): /ictstr01/home/icb/olga.novitskaia/op3_v2_ginkgo/data/vcpi_0001/deg_data/group_rep/full/qc_false/filter_min_cells_0/results
enrich_vcpi_0001.35149205.out:2026-04-14 01:45:59 | [INFO] Reference pseudobulk: /ictstr01/home/icb/olga.novitskaia/op3_v2_ginkgo/data/vcpi_0001/pseudobulk_processed/group_rep/vcpi_0001_standardized_processed.h5ad
enrich_vcpi_0001.35149205.out:2026-04-14 01:48:25 | [INFO] Enrich /ictstr01/home/icb/olga.novitskaia/op3_v2_ginkgo/data/vcpi_0001/deg_data/group_rep/full/qc_false/filter_min_cells_0/results/CVCL_0006_de.h5ad
enrich_vcpi_0001.35149205.out:2026-04-14 01:58:12 | [INFO]     Rewriting h5ad file: /ictstr01/home/icb/olga.novitskaia/op3_v2_ginkgo/data/vcpi_0001/deg_data/group_rep/full/qc_false/filter_min_cells_0/results/CVCL_0006_de.h5ad
enrich_vcpi_0001.35149205.out:2026-04-14 01:58:13 | [INFO]     Removed X matrix
enrich_vcpi_0001.35149205.out:2026-04-14 01:58:13 | [INFO]     Rewriting h5ad file is done!
enrich_vcpi_0001.35149205.out:2026-04-14 01:58:13 | [INFO] Done: scanned=1, need_enrichment=1, written=1 (dry_run=False)
enrich_vcpi_0001.35149205.err:/ictstr01/home/icb/olga.novitskaia/venv/lib/python3.12/site-packages/anndata/_core/anndata.py:1774: UserWarning: Observation names are not unique. To make them unique, call `.obs_names_make_unique`.
enrich_vcpi_0001.35149205.err:  utils.warn_names_duplicates("obs")
enrich_vcpi_0001.35149205.err:/ictstr01/home/icb/olga.novitskaia/venv/lib/python3.12/site-packages/anndata/_core/anndata.py:1774: UserWarning: Observation names are not unique. To make them unique, call `.obs_names_make_unique`.
enrich_vcpi_0001.35149205.err:  utils.warn_names_duplicates("obs")
enrich_vcpi_0001.35149206.out:2026-04-14 01:45:59 | [INFO] DEG directory (scan *_de.h5ad): /ictstr01/home/icb/olga.novitskaia/op3_v2_ginkgo/data/vcpi_0001/deg_data/sep_rep/full/qc_false/filter_min_cells_0/results
enrich_vcpi_0001.35149206.out:2026-04-14 01:45:59 | [INFO] Reference pseudobulk: /ictstr01/home/icb/olga.novitskaia/op3_v2_ginkgo/data/vcpi_0001/pseudobulk_processed/sep_rep/vcpi_0001_standardized_processed.h5ad
enrich_vcpi_0001.35149206.out:2026-04-14 01:49:49 | [INFO] Enrich /ictstr01/home/icb/olga.novitskaia/op3_v2_ginkgo/data/vcpi_0001/deg_data/sep_rep/full/qc_false/filter_min_cells_0/results/CVCL_0006_de.h5ad
enrich_vcpi_0001.35149206.out:2026-04-14 02:08:37 | [INFO]     Rewriting h5ad file: /ictstr01/home/icb/olga.novitskaia/op3_v2_ginkgo/data/vcpi_0001/deg_data/sep_rep/full/qc_false/filter_min_cells_0/results/CVCL_0006_de.h5ad
enrich_vcpi_0001.35149206.out:2026-04-14 02:08:37 | [INFO]     Removed X matrix
enrich_vcpi_0001.35149206.out:2026-04-14 02:08:37 | [INFO]     Rewriting h5ad file is done!
enrich_vcpi_0001.35149206.out:2026-04-14 02:08:38 | [INFO] Done: scanned=1, need_enrichment=1, written=1 (dry_run=False)
enrich_vcpi_0001.35149206.err:/ictstr01/home/icb/olga.novitskaia/venv/lib/python3.12/site-packages/anndata/_core/anndata.py:1774: UserWarning: Observation names are not unique. To make them unique, call `.obs_names_make_unique`.
enrich_vcpi_0001.35149206.err:  utils.warn_names_duplicates("obs")
enrich_vcpi_0001.35149206.err:/ictstr01/home/icb/olga.novitskaia/venv/lib/python3.12/site-packages/anndata/_core/anndata.py:1774: UserWarning: Observation names are not unique. To make them unique, call `.obs_names_make_unique`.
enrich_vcpi_0001.35149206.err:  utils.warn_names_duplicates("obs")
