2025-09-12 22:18:35 | [INFO] Read data from ./data/tahoe/raw/plate3_subsample.h5ad
2025-09-12 22:18:36 | [INFO] Read data from ./data/tahoe/raw/plate3_obs.parquet
2025-09-12 22:18:42 | [INFO] Read data from ./data/tahoe/raw/var.parquet
2025-09-12 22:18:42 | [INFO] Merge datasets
2025-09-12 22:18:47 | [INFO] Standardize anndata
2025-09-12 22:18:47 | [INFO] Mapping drugs to PubChem idx
2025-09-12 22:18:47 | [INFO] Looking up 93 new perturbations on PubChem...
2025-09-12 22:19:32 | [INFO] Determine groupby fields
2025-09-12 22:19:32 | [INFO] Initial adata size: (5000, 62710)
2025-09-12 22:19:32 | [INFO] Filter by counts
2025-09-12 22:19:32 | [INFO]     n_obs: 5000 --> 4467
2025-09-12 22:19:32 | [INFO]     n_var: 62710 --> 62710
2025-09-12 22:19:32 | [INFO]     n_ct: 50 --> 50
2025-09-12 22:19:32 | [INFO]     n_pa: 93 --> 93
2025-09-12 22:19:32 | [INFO] Filter by nans
2025-09-12 22:19:32 | [INFO]     n_obs: 4467 --> 4467
2025-09-12 22:19:32 | [INFO]     n_var: 62710 --> 62710
2025-09-12 22:19:32 | [INFO]     n_ct: 50 --> 50
2025-09-12 22:19:32 | [INFO]     n_pa: 93 --> 93
2025-09-12 22:19:32 | [INFO] Filter by humanMALAT1
2025-09-12 22:19:32 | [INFO]     n_obs: 4467 --> 4453
2025-09-12 22:19:32 | [INFO]     n_var: 62710 --> 62710
2025-09-12 22:19:32 | [INFO]     n_ct: 50 --> 50
2025-09-12 22:19:32 | [INFO]     n_pa: 93 --> 93
2025-09-12 22:19:32 | [INFO] Final adata size: (4453, 62710)
2025-09-12 22:19:32 | [INFO] Build pseudobulk
2025-09-12 22:19:43 | [INFO] Process pseudobulk
2025-09-12 22:19:45 | [INFO] Save data to ./data/tahoe/pseudobulk_to_merge/subsample/plate3_subsample.h5ad
