2025-09-12 22:20:03 | [INFO] Read data from ./data/tahoe/raw/plate6_subsample.h5ad
2025-09-12 22:20:03 | [INFO] Read data from ./data/tahoe/raw/plate6_obs.parquet
2025-09-12 22:20:14 | [INFO] Read data from ./data/tahoe/raw/var.parquet
2025-09-12 22:20:14 | [INFO] Merge datasets
2025-09-12 22:20:25 | [INFO] Standardize anndata
2025-09-12 22:20:25 | [INFO] Mapping drugs to PubChem idx
2025-09-12 22:20:25 | [INFO] Looking up 95 new perturbations on PubChem...
2025-09-12 22:21:09 | [INFO] Determine groupby fields
2025-09-12 22:21:09 | [INFO] Initial adata size: (5000, 62710)
2025-09-12 22:21:09 | [INFO] Filter by counts
2025-09-12 22:21:09 | [INFO]     n_obs: 5000 --> 4853
2025-09-12 22:21:09 | [INFO]     n_var: 62710 --> 62710
2025-09-12 22:21:09 | [INFO]     n_ct: 48 --> 48
2025-09-12 22:21:09 | [INFO]     n_pa: 95 --> 95
2025-09-12 22:21:09 | [INFO] Filter by nans
2025-09-12 22:21:09 | [INFO]     n_obs: 4853 --> 4853
2025-09-12 22:21:09 | [INFO]     n_var: 62710 --> 62710
2025-09-12 22:21:09 | [INFO]     n_ct: 48 --> 48
2025-09-12 22:21:09 | [INFO]     n_pa: 95 --> 95
2025-09-12 22:21:09 | [INFO] Filter by humanMALAT1
2025-09-12 22:21:10 | [INFO]     n_obs: 4853 --> 4843
2025-09-12 22:21:10 | [INFO]     n_var: 62710 --> 62710
2025-09-12 22:21:10 | [INFO]     n_ct: 48 --> 48
2025-09-12 22:21:10 | [INFO]     n_pa: 95 --> 95
2025-09-12 22:21:10 | [INFO] Final adata size: (4843, 62710)
2025-09-12 22:21:10 | [INFO] Build pseudobulk
2025-09-12 22:21:24 | [INFO] Process pseudobulk
2025-09-12 22:21:26 | [INFO] Save data to ./data/tahoe/pseudobulk_to_merge/subsample/plate6_subsample.h5ad
