> Do not filter samples that did not pass quality control
> Work with a full version
> Mode: PARALLEL BY CELL TYPE (array jobs per cell type)
> Dataset is normalized, skipping normalization steps
> Using config: ./pipelines/l1000/configs/deg/config.json
> Preprocess pseudobulk with parameter: separate_replicates
> Running preprocessing pseudobulk
Submitted batch job 32799012
> Preprocessing completed
> Starting DGE analysis with parameter: separate_replicates
  Found 20 file(s) to process

============================================
DGE ANALYSIS
============================================
  Processing 20 file(s)...


============================================
DEG ANALYSIS: Array Job Mode
============================================
  Processing 20 file(s) with array job...
  Submitting array job [20 jobs, max 50 concurrent]...
Submitted batch job 32799022
> DEG array job completed

============================================
AGGREGATING BATCH FILES
============================================
  Found files in ./data/l1000/deg_data/sep_rep/full/qc_false/filter_min_cells_0/intermediate and results directory is empty
  Aggregating batch files from intermediate/ to results/...
  Running aggregation...
Submitted batch job 32800467
> Aggregation completed

============================================
DGE PIPELINE COMPLETED
============================================
  Results saved to: ./data/l1000/deg_data/sep_rep/full/qc_false/filter_min_cells_0 (intermediate/ for separate files, results/ for combined)

> DGE pipeline is finished
> Cleaning up temporary files...
> Cleanup complete
