2025-09-15 11:23:24 | [INFO] Read data from ./data/tahoe/raw/plate9.h5ad
2025-09-15 11:28:17 | [INFO] Read data from ./data/tahoe/raw/plate9_obs.parquet
2025-09-15 11:28:29 | [INFO] Read data from ./data/tahoe/raw/var.parquet
2025-09-15 11:28:29 | [INFO] Merge datasets
2025-09-15 11:28:38 | [INFO] Standardize anndata
2025-09-15 11:28:46 | [INFO] Mapping drugs to PubChem idx
2025-09-15 11:28:49 | [INFO] Looking up 94 new perturbations on PubChem...
2025-09-15 11:29:47 | [INFO] Determine groupby fields
2025-09-15 11:29:47 | [INFO] Initial adata size: (5866669, 62710)
2025-09-15 11:29:47 | [INFO] Filter by counts
2025-09-15 11:30:03 | [INFO]     n_obs: 5866669 --> 5631389
2025-09-15 11:30:03 | [INFO]     n_var: 62710 --> 62710
2025-09-15 11:30:03 | [INFO]     n_ct: 50 --> 50
2025-09-15 11:30:03 | [INFO]     n_pa: 94 --> 94
2025-09-15 11:30:03 | [INFO] Filter by nans
2025-09-15 11:30:18 | [INFO]     n_obs: 5631389 --> 5631389
2025-09-15 11:30:18 | [INFO]     n_var: 62710 --> 62710
2025-09-15 11:30:18 | [INFO]     n_ct: 50 --> 50
2025-09-15 11:30:18 | [INFO]     n_pa: 94 --> 94
2025-09-15 11:30:18 | [INFO] Filter by humanMALAT1
2025-09-15 11:31:03 | [INFO]     n_obs: 5631389 --> 5624127
2025-09-15 11:31:03 | [INFO]     n_var: 62710 --> 62710
2025-09-15 11:31:03 | [INFO]     n_ct: 50 --> 50
2025-09-15 11:31:03 | [INFO]     n_pa: 94 --> 94
2025-09-15 11:31:10 | [INFO] Final adata size: (5624127, 62710)
2025-09-15 11:31:10 | [INFO] Build pseudobulk
2025-09-15 13:35:01 | [INFO] Process pseudobulk
2025-09-15 13:35:13 | [INFO] Save data to ./data/tahoe/pseudobulk_to_merge/full/plate9.h5ad
