2025-12-04 12:39:17 | [INFO] Found 1 cell type(s) to aggregate
2025-12-04 12:39:17 | [INFO] Aggregating 20 batch files for A375
2025-12-04 12:39:17 | [INFO]   Reading: A375_batch_1_de.h5ad
2025-12-04 12:39:19 | [INFO]   Reading: A375_batch_2_de.h5ad
2025-12-04 12:39:22 | [INFO]   Reading: A375_batch_3_de.h5ad
2025-12-04 12:39:24 | [INFO]   Reading: A375_batch_4_de.h5ad
2025-12-04 12:39:26 | [INFO]   Reading: A375_batch_5_de.h5ad
2025-12-04 12:39:28 | [INFO]   Reading: A375_batch_6_de.h5ad
2025-12-04 12:39:30 | [INFO]   Reading: A375_batch_7_de.h5ad
2025-12-04 12:39:32 | [INFO]   Reading: A375_batch_8_de.h5ad
2025-12-04 12:39:34 | [INFO]   Reading: A375_batch_9_de.h5ad
2025-12-04 12:39:36 | [INFO]   Reading: A375_batch_10_de.h5ad
2025-12-04 12:39:38 | [INFO]   Reading: A375_batch_11_de.h5ad
2025-12-04 12:39:40 | [INFO]   Reading: A375_batch_12_de.h5ad
2025-12-04 12:39:43 | [INFO]   Reading: A375_batch_13_de.h5ad
2025-12-04 12:39:45 | [INFO]   Reading: A375_batch_14_de.h5ad
2025-12-04 12:39:47 | [INFO]   Reading: A375_batch_15_de.h5ad
2025-12-04 12:39:49 | [INFO]   Reading: A375_batch_16_de.h5ad
2025-12-04 12:39:51 | [INFO]   Reading: A375_batch_17_de.h5ad
2025-12-04 12:39:53 | [INFO]   Reading: A375_batch_18_de.h5ad
2025-12-04 12:39:55 | [INFO]   Reading: A375_batch_19_de.h5ad
2025-12-04 12:39:57 | [INFO]   Reading: A375_batch_20_de.h5ad
2025-12-04 12:39:59 | [INFO]   Concatenating 20 batches...
2025-12-04 12:40:02 | [INFO]   Batch column added with 20
2025-12-04 12:41:47 | [INFO]     Rewriting h5ad file: ./data/l1000/deg_data/sep_rep/full/qc_false/filter_min_cells_0/results/A375_de.h5ad
2025-12-04 12:41:47 | [INFO]     Removed X matrix
2025-12-04 12:41:47 | [INFO]     Rewriting h5ad file is done!
2025-12-04 12:41:47 | [INFO]   Saved aggregated file: ./data/l1000/deg_data/sep_rep/full/qc_false/filter_min_cells_0/results/A375_de.h5ad (54510 obs, 978 vars)
2025-12-04 12:41:47 | [INFO] Aggregation completed
