> Work with a full version
> Download dataset
2025-09-26 16:16:38 | [INFO] Download and save an anndata file to ./data/sciplex/raw/srivatsan20_sciplex3.h5ad
[92m→[0m the database (1.11a1) is ahead of your installed lamindb package (1.10.0)
[92m→[0m consider updating lamindb: pip install lamindb>=1.11
[92m→[0m connected lamindb: laminlabs/pertdata
2025-09-26 16:21:58 | [INFO] An .obs file already exists
2025-09-26 16:22:00 | [INFO] A .var file already exists
2025-09-26 16:22:00 | [INFO] All data is saved
> Running pseudobulking
2025-09-26 16:25:27 | [INFO] Read data from ./data/sciplex/raw/srivatsan20_sciplex3.h5ad
2025-09-26 16:26:10 | [INFO] Read data from ./data/sciplex/raw/srivatsan20_sciplex3_obs.parquet
2025-09-26 16:26:14 | [INFO] Read data from ./data/sciplex/raw/srivatsan20_sciplex3_var.parquet
2025-09-26 16:26:14 | [INFO] Merge datasets
2025-09-26 16:26:15 | [INFO] Standardize anndata
2025-09-26 16:27:23 | [INFO] Mapping drugs to PubChem idx
2025-09-26 16:27:24 | [INFO] Looking up 188 new perturbations on PubChem...
2025-09-26 16:29:12 | [INFO] Determine groupby fields
2025-09-26 16:29:12 | [INFO] Initial adata size: (799317, 58302)
2025-09-26 16:29:12 | [INFO] Filter by counts
2025-09-26 16:29:14 | [INFO]     n_obs: 799317 --> 425789
2025-09-26 16:29:14 | [INFO]     n_var: 58302 --> 58302
2025-09-26 16:29:14 | [INFO]     n_ct: 3 --> 3
2025-09-26 16:29:14 | [INFO]     n_pa: 188 --> 188
2025-09-26 16:29:14 | [INFO] Filter by nans
2025-09-26 16:29:15 | [INFO]     n_obs: 425789 --> 412454
2025-09-26 16:29:15 | [INFO]     n_var: 58302 --> 58302
2025-09-26 16:29:15 | [INFO]     n_ct: 3 --> 3
2025-09-26 16:29:15 | [INFO]     n_pa: 188 --> 188
2025-09-26 16:29:15 | [INFO] Filter by humanMALAT1
2025-09-26 16:29:20 | [INFO]     n_obs: 412454 --> 294037
2025-09-26 16:29:20 | [INFO]     n_var: 58302 --> 58302
2025-09-26 16:29:20 | [INFO]     n_ct: 3 --> 3
2025-09-26 16:29:20 | [INFO]     n_pa: 188 --> 188
2025-09-26 16:29:20 | [INFO] Final adata size: (294037, 58302)
2025-09-26 16:29:20 | [INFO] Build pseudobulk
2025-09-26 16:37:05 | [INFO] Process pseudobulk
2025-09-26 16:37:14 | [INFO] Save data to ./data/sciplex/pseudobulk/full/srivatsan20_sciplex3.h5ad
> Pseudobulking is done
