> Work with a full version
> Download dataset
2025-09-12 18:13:08 | [INFO] Download and save an anndata file to ./data/sciplex/raw/srivatsan20_sciplex3.h5ad
[92m→[0m connected lamindb: laminlabs/pertdata
2025-09-12 18:17:52 | [INFO] An .obs file already exists
2025-09-12 18:17:52 | [INFO] A .var file already exists
2025-09-12 18:17:52 | [INFO] All data is saved
> Running pseudobulking
2025-09-12 18:19:19 | [INFO] Read data from ./data/sciplex/raw/srivatsan20_sciplex3.h5ad
2025-09-12 18:19:58 | [INFO] Read data from ./data/sciplex/raw/srivatsan20_sciplex3_obs.parquet
2025-09-12 18:20:01 | [INFO] Read data from ./data/sciplex/raw/srivatsan20_sciplex3_var.parquet
2025-09-12 18:20:01 | [INFO] Merge datasets
2025-09-12 18:20:01 | [INFO] Standardize anndata
2025-09-12 18:20:59 | [INFO] Mapping drugs to PubChem idx
2025-09-12 18:20:59 | [INFO] Looking up 188 new perturbations on PubChem...
2025-09-12 18:22:29 | [INFO] Determine groupby fields
2025-09-12 18:22:29 | [INFO] Initial adata size: (799317, 58302)
2025-09-12 18:22:29 | [INFO] Filter by counts
2025-09-12 18:22:31 | [INFO]     n_obs: 799317 --> 425789
2025-09-12 18:22:31 | [INFO]     n_var: 58302 --> 58302
2025-09-12 18:22:31 | [INFO]     n_ct: 3 --> 3
2025-09-12 18:22:31 | [INFO]     n_pa: 188 --> 188
2025-09-12 18:22:31 | [INFO] Filter by nans
2025-09-12 18:22:32 | [INFO]     n_obs: 425789 --> 412454
2025-09-12 18:22:32 | [INFO]     n_var: 58302 --> 58302
2025-09-12 18:22:32 | [INFO]     n_ct: 3 --> 3
2025-09-12 18:22:32 | [INFO]     n_pa: 188 --> 188
2025-09-12 18:22:32 | [INFO] Filter by humanMALAT1
2025-09-12 18:22:35 | [INFO]     n_obs: 412454 --> 294037
2025-09-12 18:22:35 | [INFO]     n_var: 58302 --> 58302
2025-09-12 18:22:35 | [INFO]     n_ct: 3 --> 3
2025-09-12 18:22:35 | [INFO]     n_pa: 188 --> 188
2025-09-12 18:22:36 | [INFO] Final adata size: (294037, 58302)
2025-09-12 18:22:36 | [INFO] Build pseudobulk
2025-09-12 18:29:46 | [INFO] Process pseudobulk
2025-09-12 18:29:54 | [INFO] Save data to ./data/sciplex/pseudobulk/full/srivatsan20_sciplex3.h5ad
> Pseudobulking is done
