2025-09-12 22:25:40 | [INFO] Read data from ./data/tahoe/raw/plate13_subsample.h5ad
2025-09-12 22:25:41 | [INFO] Read data from ./data/tahoe/raw/plate13_obs.parquet
2025-09-12 22:25:52 | [INFO] Read data from ./data/tahoe/raw/var.parquet
2025-09-12 22:25:52 | [INFO] Merge datasets
2025-09-12 22:26:03 | [INFO] Standardize anndata
2025-09-12 22:26:03 | [INFO] Mapping drugs to PubChem idx
2025-09-12 22:26:03 | [INFO] Looking up 44 new perturbations on PubChem...
2025-09-12 22:26:35 | [INFO] Determine groupby fields
2025-09-12 22:26:35 | [INFO] Initial adata size: (5000, 62710)
2025-09-12 22:26:35 | [INFO] Filter by counts
2025-09-12 22:26:35 | [INFO]     n_obs: 5000 --> 4789
2025-09-12 22:26:35 | [INFO]     n_var: 62710 --> 62710
2025-09-12 22:26:35 | [INFO]     n_ct: 50 --> 50
2025-09-12 22:26:35 | [INFO]     n_pa: 44 --> 44
2025-09-12 22:26:35 | [INFO] Filter by nans
2025-09-12 22:26:36 | [INFO]     n_obs: 4789 --> 4789
2025-09-12 22:26:36 | [INFO]     n_var: 62710 --> 62710
2025-09-12 22:26:36 | [INFO]     n_ct: 50 --> 50
2025-09-12 22:26:36 | [INFO]     n_pa: 44 --> 44
2025-09-12 22:26:36 | [INFO] Filter by humanMALAT1
2025-09-12 22:26:36 | [INFO]     n_obs: 4789 --> 4783
2025-09-12 22:26:36 | [INFO]     n_var: 62710 --> 62710
2025-09-12 22:26:36 | [INFO]     n_ct: 50 --> 50
2025-09-12 22:26:36 | [INFO]     n_pa: 44 --> 44
2025-09-12 22:26:36 | [INFO] Final adata size: (4783, 62710)
2025-09-12 22:26:36 | [INFO] Build pseudobulk
2025-09-12 22:26:48 | [INFO] Process pseudobulk
2025-09-12 22:26:50 | [INFO] Save data to ./data/tahoe/pseudobulk_to_merge/subsample/plate13_subsample.h5ad
