deg_sciplex.PID1712313.out:> Do not filter samples that did not pass quality control
deg_sciplex.PID1712313.out:> Work with a full version
deg_sciplex.PID1712313.out:> Mode: PARALLEL BY CELL TYPE (array jobs per cell type)
deg_sciplex.PID1712313.out:> Dataset is not normalized, running normalization steps
deg_sciplex.PID1712313.out:> Using config: ./pipelines/sciplex/configs/deg/config.json
deg_sciplex.PID1712313.out:> Preprocess pseudobulk with parameter: separate_replicates
deg_sciplex.PID1712313.out:> Running preprocessing pseudobulk
deg_sciplex.PID1712313.out:Submitted batch job 33068069
deg_sciplex.PID1712313.out:> Preprocessing completed
deg_sciplex.PID1712313.out:> Starting DGE analysis with parameter: separate_replicates
deg_sciplex.PID1712313.out:  Found 3 file(s) to process
deg_sciplex.PID1712313.out:
deg_sciplex.PID1712313.out:============================================
deg_sciplex.PID1712313.out:DGE ANALYSIS
deg_sciplex.PID1712313.out:============================================
deg_sciplex.PID1712313.out:  Processing 3 file(s)...
deg_sciplex.PID1712313.out:
deg_sciplex.PID1712313.out:
deg_sciplex.PID1712313.out:============================================
deg_sciplex.PID1712313.out:DEG ANALYSIS: Array Job Mode
deg_sciplex.PID1712313.out:============================================
deg_sciplex.PID1712313.out:  Processing 3 file(s) with array job...
deg_sciplex.PID1712313.out:  Submitting array job [3 jobs, max 50 concurrent]...
deg_sciplex.PID1712313.out:Submitted batch job 33068076
deg_sciplex.PID1712313.out:> DEG array job completed
deg_sciplex.PID1712313.out:
deg_sciplex.PID1712313.out:============================================
deg_sciplex.PID1712313.out:AGGREGATING BATCH FILES
deg_sciplex.PID1712313.out:============================================
deg_sciplex.PID1712313.out:  Found files in ./data/sciplex/deg_data/sep_rep/full/qc_false/filter_min_cells_10/intermediate and results directory is empty
deg_sciplex.PID1712313.out:  Aggregating batch files from intermediate/ to results/...
deg_sciplex.PID1712313.out:  Running aggregation...
deg_sciplex.PID1712313.out:Submitted batch job 33068226
deg_sciplex.PID1712313.out:> Aggregation completed
deg_sciplex.PID1712313.out:
deg_sciplex.PID1712313.out:============================================
deg_sciplex.PID1712313.out:DGE PIPELINE COMPLETED
deg_sciplex.PID1712313.out:============================================
deg_sciplex.PID1712313.out:  Results saved to: ./data/sciplex/deg_data/sep_rep/full/qc_false/filter_min_cells_10
deg_sciplex.PID1712313.out:    - intermediate/ for separate files
deg_sciplex.PID1712313.out:    - results/ for combined
deg_sciplex.PID1712313.out:
deg_sciplex.PID1712313.out:> DGE pipeline is finished
deg_sciplex.PID1712313.out:> Cleaning up temporary files...
deg_sciplex.PID1712313.out:> Cleanup complete
deg_processing_pseudobulk.33068069.out:2025-12-27 20:16:43 | [INFO] Output files already exist, skipping processing
deg_analysis.33068078_0.out:
deg_analysis.33068078_0.out:DE analysis started...
deg_analysis.33068078_0.out:Loaded input file:  ./data/sciplex/pseudobulk_processed/sep_rep/by_celltype/CVCL_0004/CVCL_0004_processed.h5ad
deg_analysis.33068078_0.out:Initial dimensions:  1535  samples ×  56799  genes
deg_analysis.33068078_0.out:Filter samples with the low number of cells
deg_analysis.33068078_0.out:    Filter threshold (min_cells):  10
deg_analysis.33068078_0.out:    n_obs:  1535 -->  1523
deg_analysis.33068078_0.out:
deg_analysis.33068078_0.out:▶︎ Processing cell_type:  CVCL_0004
deg_analysis.33068078_0.out:    Filter controls by  pert_time_h  column
deg_analysis.33068078_0.out:        n_obs:  1523 -->  1523
deg_analysis.33068078_0.out:
deg_analysis.33068078_0.out:    Constructing design matrix...
deg_analysis.33068078_0.out:    Design matrix is constructed in 0.1 seconds
deg_analysis.33068078_0.out:    Design matrix dimensions: 1523 samples × 1507 coefficients
deg_analysis.33068078_0.out:    Filtering genes and normalizing counts...
deg_analysis.33068078_0.out:    Genes are filtered and normalized in 14.3 seconds
deg_analysis.33068078_0.out:    Running voom...
deg_analysis.33068078_0.out:    Voom is completed in 25.2 seconds
deg_analysis.33068078_0.out:    Running lmFit...
deg_analysis.33068078_0.out:    LmFit is completed in 5569.6 seconds
deg_analysis.33068078_0.out:DGE fit is completed in 5613.8 seconds
deg_analysis.33068078_0.out:    Running contrasts...
deg_analysis.33068078_0.out:    Running contrast 1/1491
deg_analysis.33068078_0.out:    Running contrast 51/1491
deg_analysis.33068078_0.out:    Running contrast 101/1491
deg_analysis.33068078_0.out:    Running contrast 151/1491
deg_analysis.33068078_0.out:    Running contrast 201/1491
deg_analysis.33068078_0.out:    Running contrast 251/1491
deg_analysis.33068078_0.out:    Running contrast 301/1491
deg_analysis.33068078_0.out:    Running contrast 351/1491
deg_analysis.33068078_0.out:    Running contrast 401/1491
deg_analysis.33068078_0.out:    Running contrast 451/1491
deg_analysis.33068078_0.out:    Running contrast 501/1491
deg_analysis.33068078_0.out:    Running contrast 551/1491
deg_analysis.33068078_0.out:    Running contrast 601/1491
deg_analysis.33068078_0.out:    Running contrast 651/1491
deg_analysis.33068078_0.out:    Running contrast 701/1491
deg_analysis.33068078_0.out:    Running contrast 751/1491
deg_analysis.33068078_0.out:    Running contrast 801/1491
deg_analysis.33068078_0.out:    Running contrast 851/1491
deg_analysis.33068078_0.out:    Running contrast 901/1491
deg_analysis.33068078_0.out:    Running contrast 951/1491
deg_analysis.33068078_0.out:    Running contrast 1001/1491
deg_analysis.33068078_0.out:    Running contrast 1051/1491
deg_analysis.33068078_0.out:    Running contrast 1101/1491
deg_analysis.33068078_0.out:    Running contrast 1151/1491
deg_analysis.33068078_0.out:    Running contrast 1201/1491
deg_analysis.33068078_0.out:    Running contrast 1251/1491
deg_analysis.33068078_0.out:    Running contrast 1301/1491
deg_analysis.33068078_0.out:    Running contrast 1351/1491
deg_analysis.33068078_0.out:    Running contrast 1401/1491
deg_analysis.33068078_0.out:    Running contrast 1451/1491
deg_analysis.33068078_0.out:    Running contrast 1491/1491
deg_analysis.33068078_0.out:Contrasts are completed in 1009.3 seconds
deg_analysis.33068078_0.out:
deg_analysis.33068078_0.out:    Writing:  ./data/sciplex/deg_data/sep_rep/full/qc_false/filter_min_cells_10/intermediate/CVCL_0004/CVCL_0004_de.h5ad
deg_analysis.33068078_0.out:
deg_analysis.33068078_0.out:    Rewriting h5ad file: ./data/sciplex/deg_data/sep_rep/full/qc_false/filter_min_cells_10/intermediate/CVCL_0004/CVCL_0004_de.h5ad
deg_analysis.33068078_0.out:    Removed X matrix
deg_analysis.33068078_0.out:    Rewriting h5ad file is done!
deg_analysis.33068078_0.out:✓ Cell line completed in 6727.7 seconds
deg_analysis.33068078_0.out:
deg_analysis.33068078_0.out:DE analysis completed!
deg_analysis.33068078_0.out:
deg_analysis.33068078_0.out:Total runtime: 6739.4 seconds
deg_analysis.33068078_0.err:During startup - Warning messages:
deg_analysis.33068078_0.err:1: Setting LC_CTYPE failed, using "C"
deg_analysis.33068078_0.err:2: Setting LC_COLLATE failed, using "C"
deg_analysis.33068078_0.err:3: Setting LC_TIME failed, using "C"
deg_analysis.33068078_0.err:4: Setting LC_MESSAGES failed, using "C"
deg_analysis.33068078_0.err:5: Setting LC_MONETARY failed, using "C"
deg_analysis.33068078_0.err:6: Setting LC_PAPER failed, using "C"
deg_analysis.33068078_0.err:7: Setting LC_MEASUREMENT failed, using "C"
deg_analysis.33068079_1.out:
deg_analysis.33068079_1.out:DE analysis started...
deg_analysis.33068079_1.out:Loaded input file:  ./data/sciplex/pseudobulk_processed/sep_rep/by_celltype/CVCL_0023/CVCL_0023_processed.h5ad
deg_analysis.33068079_1.out:Initial dimensions:  1910  samples ×  56799  genes
deg_analysis.33068079_1.out:Filter samples with the low number of cells
deg_analysis.33068079_1.out:    Filter threshold (min_cells):  10
deg_analysis.33068079_1.out:    n_obs:  1910 -->  1706
deg_analysis.33068079_1.out:
deg_analysis.33068079_1.out:▶︎ Processing cell_type:  CVCL_0023
deg_analysis.33068079_1.out:    Filter controls by  pert_time_h  column
deg_analysis.33068079_1.out:        n_obs:  1706 -->  1706
deg_analysis.33068079_1.out:
deg_analysis.33068079_1.out:    Constructing design matrix...
deg_analysis.33068079_1.out:    Design matrix is constructed in 0.0 seconds
deg_analysis.33068079_1.out:    Design matrix dimensions: 1706 samples × 1689 coefficients
deg_analysis.33068079_1.out:    Filtering genes and normalizing counts...
deg_analysis.33068079_1.out:    Genes are filtered and normalized in 12.6 seconds
deg_analysis.33068079_1.out:    Running voom...
deg_analysis.33068079_1.out:Coefficients not estimable: plateplate52
deg_analysis.33068079_1.out:    Voom is completed in 23.0 seconds
deg_analysis.33068079_1.out:    Running lmFit...
deg_analysis.33068079_1.out:Coefficients not estimable: plateplate52
deg_analysis.33068079_1.out:    LmFit is completed in 6130.5 seconds
deg_analysis.33068079_1.out:DGE fit is completed in 6170.7 seconds
deg_analysis.33068079_1.out:    Running contrasts...
deg_analysis.33068079_1.out:    Running contrast 1/1668
deg_analysis.33068079_1.out:    Running contrast 51/1668
deg_analysis.33068079_1.out:    Running contrast 101/1668
deg_analysis.33068079_1.out:    Running contrast 151/1668
deg_analysis.33068079_1.out:    Running contrast 201/1668
deg_analysis.33068079_1.out:    Running contrast 251/1668
deg_analysis.33068079_1.out:    Running contrast 301/1668
deg_analysis.33068079_1.out:    Running contrast 351/1668
deg_analysis.33068079_1.out:    Running contrast 401/1668
deg_analysis.33068079_1.out:    Running contrast 451/1668
deg_analysis.33068079_1.out:    Running contrast 501/1668
deg_analysis.33068079_1.out:    Running contrast 551/1668
deg_analysis.33068079_1.out:    Running contrast 601/1668
deg_analysis.33068079_1.out:    Running contrast 651/1668
deg_analysis.33068079_1.out:    Running contrast 701/1668
deg_analysis.33068079_1.out:    Running contrast 751/1668
deg_analysis.33068079_1.out:    Running contrast 801/1668
deg_analysis.33068079_1.out:    Running contrast 851/1668
deg_analysis.33068079_1.out:    Running contrast 901/1668
deg_analysis.33068079_1.out:    Running contrast 951/1668
deg_analysis.33068079_1.out:    Running contrast 1001/1668
deg_analysis.33068079_1.out:    Running contrast 1051/1668
deg_analysis.33068079_1.out:    Running contrast 1101/1668
deg_analysis.33068079_1.out:    Running contrast 1151/1668
deg_analysis.33068079_1.out:    Running contrast 1201/1668
deg_analysis.33068079_1.out:    Running contrast 1251/1668
deg_analysis.33068079_1.out:    Running contrast 1301/1668
deg_analysis.33068079_1.out:    Running contrast 1351/1668
deg_analysis.33068079_1.out:    Running contrast 1401/1668
deg_analysis.33068079_1.out:    Running contrast 1451/1668
deg_analysis.33068079_1.out:    Running contrast 1501/1668
deg_analysis.33068079_1.out:    Running contrast 1551/1668
deg_analysis.33068079_1.out:    Running contrast 1601/1668
deg_analysis.33068079_1.out:    Running contrast 1651/1668
deg_analysis.33068079_1.out:    Running contrast 1668/1668
deg_analysis.33068079_1.out:Contrasts are completed in 1413.0 seconds
deg_analysis.33068079_1.out:
deg_analysis.33068079_1.out:    Writing:  ./data/sciplex/deg_data/sep_rep/full/qc_false/filter_min_cells_10/intermediate/CVCL_0023/CVCL_0023_de.h5ad
deg_analysis.33068079_1.out:
deg_analysis.33068079_1.out:    Rewriting h5ad file: ./data/sciplex/deg_data/sep_rep/full/qc_false/filter_min_cells_10/intermediate/CVCL_0023/CVCL_0023_de.h5ad
deg_analysis.33068079_1.out:    Removed X matrix
deg_analysis.33068079_1.out:    Rewriting h5ad file is done!
deg_analysis.33068079_1.out:✓ Cell line completed in 7666.8 seconds
deg_analysis.33068079_1.out:
deg_analysis.33068079_1.out:DE analysis completed!
deg_analysis.33068079_1.out:
deg_analysis.33068079_1.out:Total runtime: 7678.6 seconds
deg_analysis.33068079_1.err:During startup - Warning messages:
deg_analysis.33068079_1.err:1: Setting LC_CTYPE failed, using "C"
deg_analysis.33068079_1.err:2: Setting LC_COLLATE failed, using "C"
deg_analysis.33068079_1.err:3: Setting LC_TIME failed, using "C"
deg_analysis.33068079_1.err:4: Setting LC_MESSAGES failed, using "C"
deg_analysis.33068079_1.err:5: Setting LC_MONETARY failed, using "C"
deg_analysis.33068079_1.err:6: Setting LC_PAPER failed, using "C"
deg_analysis.33068079_1.err:7: Setting LC_MEASUREMENT failed, using "C"
deg_analysis.33068079_1.err:
deg_analysis.33068079_1.err:=== 2 Warnings encountered ===
deg_analysis.33068079_1.err:
deg_analysis.33068079_1.err:1. Partial NA coefficients for 7199 probe(s)
deg_analysis.33068079_1.err:2. Partial NA coefficients for 7199 probe(s)
deg_analysis.33068076_2.out:
deg_analysis.33068076_2.out:DE analysis started...
deg_analysis.33068076_2.out:Loaded input file:  ./data/sciplex/pseudobulk_processed/sep_rep/by_celltype/CVCL_0031/CVCL_0031_processed.h5ad
deg_analysis.33068076_2.out:Initial dimensions:  1529  samples ×  56799  genes
deg_analysis.33068076_2.out:Filter samples with the low number of cells
deg_analysis.33068076_2.out:    Filter threshold (min_cells):  10
deg_analysis.33068076_2.out:    n_obs:  1529 -->  1518
deg_analysis.33068076_2.out:
deg_analysis.33068076_2.out:▶︎ Processing cell_type:  CVCL_0031
deg_analysis.33068076_2.out:    Filter controls by  pert_time_h  column
deg_analysis.33068076_2.out:        n_obs:  1518 -->  1518
deg_analysis.33068076_2.out:
deg_analysis.33068076_2.out:    Constructing design matrix...
deg_analysis.33068076_2.out:    Design matrix is constructed in 0.0 seconds
deg_analysis.33068076_2.out:    Design matrix dimensions: 1518 samples × 1502 coefficients
deg_analysis.33068076_2.out:    Filtering genes and normalizing counts...
deg_analysis.33068076_2.out:    Genes are filtered and normalized in 20.1 seconds
deg_analysis.33068076_2.out:    Running voom...
deg_analysis.33068076_2.out:    Voom is completed in 39.2 seconds
deg_analysis.33068076_2.out:    Running lmFit...
deg_analysis.33068076_2.out:    LmFit is completed in 7744.6 seconds
deg_analysis.33068076_2.out:DGE fit is completed in 7809.2 seconds
deg_analysis.33068076_2.out:    Running contrasts...
deg_analysis.33068076_2.out:    Running contrast 1/1486
deg_analysis.33068076_2.out:    Running contrast 51/1486
deg_analysis.33068076_2.out:    Running contrast 101/1486
deg_analysis.33068076_2.out:    Running contrast 151/1486
deg_analysis.33068076_2.out:    Running contrast 201/1486
deg_analysis.33068076_2.out:    Running contrast 251/1486
deg_analysis.33068076_2.out:    Running contrast 301/1486
deg_analysis.33068076_2.out:    Running contrast 351/1486
deg_analysis.33068076_2.out:    Running contrast 401/1486
deg_analysis.33068076_2.out:    Running contrast 451/1486
deg_analysis.33068076_2.out:    Running contrast 501/1486
deg_analysis.33068076_2.out:    Running contrast 551/1486
deg_analysis.33068076_2.out:    Running contrast 601/1486
deg_analysis.33068076_2.out:    Running contrast 651/1486
deg_analysis.33068076_2.out:    Running contrast 701/1486
deg_analysis.33068076_2.out:    Running contrast 751/1486
deg_analysis.33068076_2.out:    Running contrast 801/1486
deg_analysis.33068076_2.out:    Running contrast 851/1486
deg_analysis.33068076_2.out:    Running contrast 901/1486
deg_analysis.33068076_2.out:    Running contrast 951/1486
deg_analysis.33068076_2.out:    Running contrast 1001/1486
deg_analysis.33068076_2.out:    Running contrast 1051/1486
deg_analysis.33068076_2.out:    Running contrast 1101/1486
deg_analysis.33068076_2.out:    Running contrast 1151/1486
deg_analysis.33068076_2.out:    Running contrast 1201/1486
deg_analysis.33068076_2.out:    Running contrast 1251/1486
deg_analysis.33068076_2.out:    Running contrast 1301/1486
deg_analysis.33068076_2.out:    Running contrast 1351/1486
deg_analysis.33068076_2.out:    Running contrast 1401/1486
deg_analysis.33068076_2.out:    Running contrast 1451/1486
deg_analysis.33068076_2.out:    Running contrast 1486/1486
deg_analysis.33068076_2.out:Contrasts are completed in 1071.1 seconds
deg_analysis.33068076_2.out:
deg_analysis.33068076_2.out:    Writing:  ./data/sciplex/deg_data/sep_rep/full/qc_false/filter_min_cells_10/intermediate/CVCL_0031/CVCL_0031_de.h5ad
deg_analysis.33068076_2.out:
deg_analysis.33068076_2.out:    Rewriting h5ad file: ./data/sciplex/deg_data/sep_rep/full/qc_false/filter_min_cells_10/intermediate/CVCL_0031/CVCL_0031_de.h5ad
deg_analysis.33068076_2.out:    Removed X matrix
deg_analysis.33068076_2.out:    Rewriting h5ad file is done!
deg_analysis.33068076_2.out:✓ Cell line completed in 9026.6 seconds
deg_analysis.33068076_2.out:
deg_analysis.33068076_2.out:DE analysis completed!
deg_analysis.33068076_2.out:
deg_analysis.33068076_2.out:Total runtime: 9038.4 seconds
deg_analysis.33068076_2.err:During startup - Warning messages:
deg_analysis.33068076_2.err:1: Setting LC_CTYPE failed, using "C"
deg_analysis.33068076_2.err:2: Setting LC_COLLATE failed, using "C"
deg_analysis.33068076_2.err:3: Setting LC_TIME failed, using "C"
deg_analysis.33068076_2.err:4: Setting LC_MESSAGES failed, using "C"
deg_analysis.33068076_2.err:5: Setting LC_MONETARY failed, using "C"
deg_analysis.33068076_2.err:6: Setting LC_PAPER failed, using "C"
deg_analysis.33068076_2.err:7: Setting LC_MEASUREMENT failed, using "C"
deg_aggregation.33068226.out:2025-12-28 03:38:55 | [INFO] Found 3 cell type(s) to aggregate
deg_aggregation.33068226.out:2025-12-28 03:38:55 | [INFO] Aggregating 1 batch files for CVCL_0004
deg_aggregation.33068226.out:2025-12-28 03:38:55 | [INFO]   Reading: CVCL_0004_de.h5ad
deg_aggregation.33068226.out:2025-12-28 03:39:09 | [INFO]   Concatenating 1 batches...
deg_aggregation.33068226.out:2025-12-28 03:39:10 | [INFO]   Batch column added with 1
deg_aggregation.33068226.out:2025-12-28 03:39:48 | [INFO]     Rewriting h5ad file: ./data/sciplex/deg_data/sep_rep/full/qc_false/filter_min_cells_10/results/CVCL_0004_de.h5ad
deg_aggregation.33068226.out:2025-12-28 03:39:48 | [INFO]     Removed X matrix
deg_aggregation.33068226.out:2025-12-28 03:39:48 | [INFO]     Rewriting h5ad file is done!
deg_aggregation.33068226.out:2025-12-28 03:39:48 | [INFO]   Saved aggregated file: ./data/sciplex/deg_data/sep_rep/full/qc_false/filter_min_cells_10/results/CVCL_0004_de.h5ad (1491 obs, 10234 vars)
deg_aggregation.33068226.out:2025-12-28 03:39:48 | [INFO] Aggregating 1 batch files for CVCL_0023
deg_aggregation.33068226.out:2025-12-28 03:39:48 | [INFO]   Reading: CVCL_0023_de.h5ad
deg_aggregation.33068226.out:2025-12-28 03:39:57 | [INFO]   Concatenating 1 batches...
deg_aggregation.33068226.out:2025-12-28 03:39:58 | [INFO]   Batch column added with 1
deg_aggregation.33068226.out:2025-12-28 03:40:28 | [INFO]     Rewriting h5ad file: ./data/sciplex/deg_data/sep_rep/full/qc_false/filter_min_cells_10/results/CVCL_0023_de.h5ad
deg_aggregation.33068226.out:2025-12-28 03:40:28 | [INFO]     Removed X matrix
deg_aggregation.33068226.out:2025-12-28 03:40:28 | [INFO]     Rewriting h5ad file is done!
deg_aggregation.33068226.out:2025-12-28 03:40:28 | [INFO]   Saved aggregated file: ./data/sciplex/deg_data/sep_rep/full/qc_false/filter_min_cells_10/results/CVCL_0023_de.h5ad (1668 obs, 7199 vars)
deg_aggregation.33068226.out:2025-12-28 03:40:28 | [INFO] Aggregating 1 batch files for CVCL_0031
deg_aggregation.33068226.out:2025-12-28 03:40:28 | [INFO]   Reading: CVCL_0031_de.h5ad
deg_aggregation.33068226.out:2025-12-28 03:40:45 | [INFO]   Concatenating 1 batches...
deg_aggregation.33068226.out:2025-12-28 03:40:46 | [INFO]   Batch column added with 1
deg_aggregation.33068226.out:2025-12-28 03:41:39 | [INFO]     Rewriting h5ad file: ./data/sciplex/deg_data/sep_rep/full/qc_false/filter_min_cells_10/results/CVCL_0031_de.h5ad
deg_aggregation.33068226.out:2025-12-28 03:41:39 | [INFO]     Removed X matrix
deg_aggregation.33068226.out:2025-12-28 03:41:39 | [INFO]     Rewriting h5ad file is done!
deg_aggregation.33068226.out:2025-12-28 03:41:39 | [INFO]   Saved aggregated file: ./data/sciplex/deg_data/sep_rep/full/qc_false/filter_min_cells_10/results/CVCL_0031_de.h5ad (1486 obs, 14317 vars)
deg_aggregation.33068226.out:2025-12-28 03:41:39 | [INFO] Aggregation completed
