
DE analysis started...
Loaded input file:  ./data/sciplex/pseudobulk_processed/sep_rep/by_celltype/CVCL_0004_processed.h5ad 
Initial dimensions:  1535  samples ×  58302  genes
Filter samples with the low number of cells
    Filter threshold (min_cells):  10 
    n_obs:  1535 -->  1523 

▶︎ Processing cell_type  1 / 1 :  CVCL_0004 
    Filter controls by  pert_time_h  column
        n_obs:  1523 -->  1523 

    Running contrast 1/1491
    Running contrast 6/1491
    Running contrast 11/1491
    Running contrast 16/1491
    Running contrast 21/1491
    Running contrast 26/1491
    Running contrast 31/1491
    Running contrast 36/1491
    Running contrast 41/1491
    Running contrast 46/1491
    Running contrast 51/1491
    Running contrast 56/1491
    Running contrast 61/1491
    Running contrast 66/1491
    Running contrast 71/1491
    Running contrast 76/1491
    Running contrast 81/1491
    Running contrast 86/1491
    Running contrast 91/1491
    Running contrast 96/1491
    Running contrast 101/1491
    Running contrast 106/1491
    Running contrast 111/1491
    Running contrast 116/1491
    Running contrast 121/1491
    Running contrast 126/1491
    Running contrast 131/1491
    Running contrast 136/1491
    Running contrast 141/1491
    Running contrast 146/1491
    Running contrast 151/1491
    Running contrast 156/1491
    Running contrast 161/1491
    Running contrast 166/1491
    Running contrast 171/1491
    Running contrast 176/1491
    Running contrast 181/1491
    Running contrast 186/1491
    Running contrast 191/1491
    Running contrast 196/1491
    Running contrast 201/1491
    Running contrast 206/1491
    Running contrast 211/1491
    Running contrast 216/1491
    Running contrast 221/1491
    Running contrast 226/1491
    Running contrast 231/1491
    Running contrast 236/1491
    Running contrast 241/1491
    Running contrast 246/1491
    Running contrast 251/1491
    Running contrast 256/1491
    Running contrast 261/1491
    Running contrast 266/1491
    Running contrast 271/1491
    Running contrast 276/1491
    Running contrast 281/1491
    Running contrast 286/1491
    Running contrast 291/1491
    Running contrast 296/1491
    Running contrast 301/1491
    Running contrast 306/1491
    Running contrast 311/1491
    Running contrast 316/1491
    Running contrast 321/1491
    Running contrast 326/1491
    Running contrast 331/1491
    Running contrast 336/1491
    Running contrast 341/1491
    Running contrast 346/1491
    Running contrast 351/1491
    Running contrast 356/1491
    Running contrast 361/1491
    Running contrast 366/1491
    Running contrast 371/1491
    Running contrast 376/1491
    Running contrast 381/1491
    Running contrast 386/1491
    Running contrast 391/1491
    Running contrast 396/1491
    Running contrast 401/1491
    Running contrast 406/1491
    Running contrast 411/1491
    Running contrast 416/1491
    Running contrast 421/1491
    Running contrast 426/1491
    Running contrast 431/1491
    Running contrast 436/1491
    Running contrast 441/1491
    Running contrast 446/1491
    Running contrast 451/1491
    Running contrast 456/1491
    Running contrast 461/1491
    Running contrast 466/1491
    Running contrast 471/1491
    Running contrast 476/1491
    Running contrast 481/1491
    Running contrast 486/1491
    Running contrast 491/1491
    Running contrast 496/1491
    Running contrast 501/1491
    Running contrast 506/1491
    Running contrast 511/1491
    Running contrast 516/1491
    Running contrast 521/1491
    Running contrast 526/1491
    Running contrast 531/1491
    Running contrast 536/1491
    Running contrast 541/1491
    Running contrast 546/1491
    Running contrast 551/1491
    Running contrast 556/1491
    Running contrast 561/1491
    Running contrast 566/1491
    Running contrast 571/1491
    Running contrast 576/1491
    Running contrast 581/1491
    Running contrast 586/1491
    Running contrast 591/1491
    Running contrast 596/1491
    Running contrast 601/1491
    Running contrast 606/1491
    Running contrast 611/1491
    Running contrast 616/1491
    Running contrast 621/1491
    Running contrast 626/1491
    Running contrast 631/1491
    Running contrast 636/1491
    Running contrast 641/1491
    Running contrast 646/1491
    Running contrast 651/1491
    Running contrast 656/1491
    Running contrast 661/1491
    Running contrast 666/1491
    Running contrast 671/1491
    Running contrast 676/1491
    Running contrast 681/1491
    Running contrast 686/1491
    Running contrast 691/1491
    Running contrast 696/1491
    Running contrast 701/1491
    Running contrast 706/1491
    Running contrast 711/1491
    Running contrast 716/1491
    Running contrast 721/1491
    Running contrast 726/1491
    Running contrast 731/1491
    Running contrast 736/1491
    Running contrast 741/1491
    Running contrast 746/1491
    Running contrast 751/1491
    Running contrast 756/1491
    Running contrast 761/1491
    Running contrast 766/1491
    Running contrast 771/1491
    Running contrast 776/1491
    Running contrast 781/1491
    Running contrast 786/1491
    Running contrast 791/1491
    Running contrast 796/1491
    Running contrast 801/1491
    Running contrast 806/1491
    Running contrast 811/1491
    Running contrast 816/1491
    Running contrast 821/1491
    Running contrast 826/1491
    Running contrast 831/1491
    Running contrast 836/1491
    Running contrast 841/1491
    Running contrast 846/1491
    Running contrast 851/1491
    Running contrast 856/1491
    Running contrast 861/1491
    Running contrast 866/1491
    Running contrast 871/1491
    Running contrast 876/1491
    Running contrast 881/1491
    Running contrast 886/1491
    Running contrast 891/1491
    Running contrast 896/1491
    Running contrast 901/1491
    Running contrast 906/1491
    Running contrast 911/1491
    Running contrast 916/1491
    Running contrast 921/1491
    Running contrast 926/1491
    Running contrast 931/1491
    Running contrast 936/1491
    Running contrast 941/1491
    Running contrast 946/1491
    Running contrast 951/1491
    Running contrast 956/1491
    Running contrast 961/1491
    Running contrast 966/1491
    Running contrast 971/1491
    Running contrast 976/1491
    Running contrast 981/1491
    Running contrast 986/1491
    Running contrast 991/1491
    Running contrast 996/1491
    Running contrast 1001/1491
    Running contrast 1006/1491
    Running contrast 1011/1491
    Running contrast 1016/1491
    Running contrast 1021/1491
    Running contrast 1026/1491
    Running contrast 1031/1491
    Running contrast 1036/1491
    Running contrast 1041/1491
    Running contrast 1046/1491
    Running contrast 1051/1491
    Running contrast 1056/1491
    Running contrast 1061/1491
    Running contrast 1066/1491
    Running contrast 1071/1491
    Running contrast 1076/1491
    Running contrast 1081/1491
    Running contrast 1086/1491
    Running contrast 1091/1491
    Running contrast 1096/1491
    Running contrast 1101/1491
    Running contrast 1106/1491
    Running contrast 1111/1491
    Running contrast 1116/1491
    Running contrast 1121/1491
    Running contrast 1126/1491
    Running contrast 1131/1491
    Running contrast 1136/1491
    Running contrast 1141/1491
    Running contrast 1146/1491
    Running contrast 1151/1491
    Running contrast 1156/1491
    Running contrast 1161/1491
    Running contrast 1166/1491
    Running contrast 1171/1491
    Running contrast 1176/1491
    Running contrast 1181/1491
    Running contrast 1186/1491
    Running contrast 1191/1491
    Running contrast 1196/1491
    Running contrast 1201/1491
    Running contrast 1206/1491
    Running contrast 1211/1491
    Running contrast 1216/1491
    Running contrast 1221/1491
    Running contrast 1226/1491
    Running contrast 1231/1491
    Running contrast 1236/1491
    Running contrast 1241/1491
    Running contrast 1246/1491
    Running contrast 1251/1491
    Running contrast 1256/1491
    Running contrast 1261/1491
    Running contrast 1266/1491
    Running contrast 1271/1491
    Running contrast 1276/1491
    Running contrast 1281/1491
    Running contrast 1286/1491
    Running contrast 1291/1491
    Running contrast 1296/1491
    Running contrast 1301/1491
    Running contrast 1306/1491
    Running contrast 1311/1491
    Running contrast 1316/1491
    Running contrast 1321/1491
    Running contrast 1326/1491
    Running contrast 1331/1491
    Running contrast 1336/1491
    Running contrast 1341/1491
    Running contrast 1346/1491
    Running contrast 1351/1491
    Running contrast 1356/1491
    Running contrast 1361/1491
    Running contrast 1366/1491
    Running contrast 1371/1491
    Running contrast 1376/1491
    Running contrast 1381/1491
    Running contrast 1386/1491
    Running contrast 1391/1491
    Running contrast 1396/1491
    Running contrast 1401/1491
    Running contrast 1406/1491
    Running contrast 1411/1491
    Running contrast 1416/1491
    Running contrast 1421/1491
    Running contrast 1426/1491
    Running contrast 1431/1491
    Running contrast 1436/1491
    Running contrast 1441/1491
    Running contrast 1446/1491
    Running contrast 1451/1491
    Running contrast 1456/1491
    Running contrast 1461/1491
    Running contrast 1466/1491
    Running contrast 1471/1491
    Running contrast 1476/1491
    Running contrast 1481/1491
    Running contrast 1486/1491
    Running contrast 1491/1491

    Writing:  ./data/sciplex/deg_data/sep_rep/full/qc_false/filter_min_cells_10/CVCL_0004_de.h5ad 

    Rewriting h5ad file: ./data/sciplex/deg_data/sep_rep/full/qc_false/filter_min_cells_10/CVCL_0004_de.h5ad 
    Removed X matrix
    Rewriting h5ad file is done!
✓ Cell line completed in 5775.4 seconds

DE analysis completed!

Total runtime: 5788.4 seconds
