
DE analysis started...
Loaded input file:  ./data/sciplex/pseudobulk_processed/sep_rep/by_celltype/CVCL_0023_processed.h5ad 
Initial dimensions:  1910  samples ×  58302  genes
Filter samples with the low number of cells
    Filter threshold (min_cells):  10 
    n_obs:  1910 -->  1706 

▶︎ Processing cell_type  1 / 1 :  CVCL_0023 
    Filter controls by  pert_time_h  column
        n_obs:  1706 -->  1706 

Coefficients not estimable: plateplate52 
Coefficients not estimable: plateplate52 
    Running contrast 1/1668
    Running contrast 6/1668
    Running contrast 11/1668
    Running contrast 16/1668
    Running contrast 21/1668
    Running contrast 26/1668
    Running contrast 31/1668
    Running contrast 36/1668
    Running contrast 41/1668
    Running contrast 46/1668
    Running contrast 51/1668
    Running contrast 56/1668
    Running contrast 61/1668
    Running contrast 66/1668
    Running contrast 71/1668
    Running contrast 76/1668
    Running contrast 81/1668
    Running contrast 86/1668
    Running contrast 91/1668
    Running contrast 96/1668
    Running contrast 101/1668
    Running contrast 106/1668
    Running contrast 111/1668
    Running contrast 116/1668
    Running contrast 121/1668
    Running contrast 126/1668
    Running contrast 131/1668
    Running contrast 136/1668
    Running contrast 141/1668
    Running contrast 146/1668
    Running contrast 151/1668
    Running contrast 156/1668
    Running contrast 161/1668
    Running contrast 166/1668
    Running contrast 171/1668
    Running contrast 176/1668
    Running contrast 181/1668
    Running contrast 186/1668
    Running contrast 191/1668
    Running contrast 196/1668
    Running contrast 201/1668
    Running contrast 206/1668
    Running contrast 211/1668
    Running contrast 216/1668
    Running contrast 221/1668
    Running contrast 226/1668
    Running contrast 231/1668
    Running contrast 236/1668
    Running contrast 241/1668
    Running contrast 246/1668
    Running contrast 251/1668
    Running contrast 256/1668
    Running contrast 261/1668
    Running contrast 266/1668
    Running contrast 271/1668
    Running contrast 276/1668
    Running contrast 281/1668
    Running contrast 286/1668
    Running contrast 291/1668
    Running contrast 296/1668
    Running contrast 301/1668
    Running contrast 306/1668
    Running contrast 311/1668
    Running contrast 316/1668
    Running contrast 321/1668
    Running contrast 326/1668
    Running contrast 331/1668
    Running contrast 336/1668
    Running contrast 341/1668
    Running contrast 346/1668
    Running contrast 351/1668
    Running contrast 356/1668
    Running contrast 361/1668
    Running contrast 366/1668
    Running contrast 371/1668
    Running contrast 376/1668
    Running contrast 381/1668
    Running contrast 386/1668
    Running contrast 391/1668
    Running contrast 396/1668
    Running contrast 401/1668
    Running contrast 406/1668
    Running contrast 411/1668
    Running contrast 416/1668
    Running contrast 421/1668
    Running contrast 426/1668
    Running contrast 431/1668
    Running contrast 436/1668
    Running contrast 441/1668
    Running contrast 446/1668
    Running contrast 451/1668
    Running contrast 456/1668
    Running contrast 461/1668
    Running contrast 466/1668
    Running contrast 471/1668
    Running contrast 476/1668
    Running contrast 481/1668
    Running contrast 486/1668
    Running contrast 491/1668
    Running contrast 496/1668
    Running contrast 501/1668
    Running contrast 506/1668
    Running contrast 511/1668
    Running contrast 516/1668
    Running contrast 521/1668
    Running contrast 526/1668
    Running contrast 531/1668
    Running contrast 536/1668
    Running contrast 541/1668
    Running contrast 546/1668
    Running contrast 551/1668
    Running contrast 556/1668
    Running contrast 561/1668
    Running contrast 566/1668
    Running contrast 571/1668
    Running contrast 576/1668
    Running contrast 581/1668
    Running contrast 586/1668
    Running contrast 591/1668
    Running contrast 596/1668
    Running contrast 601/1668
    Running contrast 606/1668
    Running contrast 611/1668
    Running contrast 616/1668
    Running contrast 621/1668
    Running contrast 626/1668
    Running contrast 631/1668
    Running contrast 636/1668
    Running contrast 641/1668
    Running contrast 646/1668
    Running contrast 651/1668
    Running contrast 656/1668
    Running contrast 661/1668
    Running contrast 666/1668
    Running contrast 671/1668
    Running contrast 676/1668
    Running contrast 681/1668
    Running contrast 686/1668
    Running contrast 691/1668
    Running contrast 696/1668
    Running contrast 701/1668
    Running contrast 706/1668
    Running contrast 711/1668
    Running contrast 716/1668
    Running contrast 721/1668
    Running contrast 726/1668
    Running contrast 731/1668
    Running contrast 736/1668
    Running contrast 741/1668
    Running contrast 746/1668
    Running contrast 751/1668
    Running contrast 756/1668
    Running contrast 761/1668
    Running contrast 766/1668
    Running contrast 771/1668
    Running contrast 776/1668
    Running contrast 781/1668
    Running contrast 786/1668
    Running contrast 791/1668
    Running contrast 796/1668
    Running contrast 801/1668
    Running contrast 806/1668
    Running contrast 811/1668
    Running contrast 816/1668
    Running contrast 821/1668
    Running contrast 826/1668
    Running contrast 831/1668
    Running contrast 836/1668
    Running contrast 841/1668
    Running contrast 846/1668
    Running contrast 851/1668
    Running contrast 856/1668
    Running contrast 861/1668
    Running contrast 866/1668
    Running contrast 871/1668
    Running contrast 876/1668
    Running contrast 881/1668
    Running contrast 886/1668
    Running contrast 891/1668
    Running contrast 896/1668
    Running contrast 901/1668
    Running contrast 906/1668
    Running contrast 911/1668
    Running contrast 916/1668
    Running contrast 921/1668
    Running contrast 926/1668
    Running contrast 931/1668
    Running contrast 936/1668
    Running contrast 941/1668
    Running contrast 946/1668
    Running contrast 951/1668
    Running contrast 956/1668
    Running contrast 961/1668
    Running contrast 966/1668
    Running contrast 971/1668
    Running contrast 976/1668
    Running contrast 981/1668
    Running contrast 986/1668
    Running contrast 991/1668
    Running contrast 996/1668
    Running contrast 1001/1668
    Running contrast 1006/1668
    Running contrast 1011/1668
    Running contrast 1016/1668
    Running contrast 1021/1668
    Running contrast 1026/1668
    Running contrast 1031/1668
    Running contrast 1036/1668
    Running contrast 1041/1668
    Running contrast 1046/1668
    Running contrast 1051/1668
    Running contrast 1056/1668
    Running contrast 1061/1668
    Running contrast 1066/1668
    Running contrast 1071/1668
    Running contrast 1076/1668
    Running contrast 1081/1668
    Running contrast 1086/1668
    Running contrast 1091/1668
    Running contrast 1096/1668
    Running contrast 1101/1668
    Running contrast 1106/1668
    Running contrast 1111/1668
    Running contrast 1116/1668
    Running contrast 1121/1668
    Running contrast 1126/1668
    Running contrast 1131/1668
    Running contrast 1136/1668
    Running contrast 1141/1668
    Running contrast 1146/1668
    Running contrast 1151/1668
    Running contrast 1156/1668
    Running contrast 1161/1668
    Running contrast 1166/1668
    Running contrast 1171/1668
    Running contrast 1176/1668
    Running contrast 1181/1668
    Running contrast 1186/1668
    Running contrast 1191/1668
    Running contrast 1196/1668
    Running contrast 1201/1668
    Running contrast 1206/1668
    Running contrast 1211/1668
    Running contrast 1216/1668
    Running contrast 1221/1668
    Running contrast 1226/1668
    Running contrast 1231/1668
    Running contrast 1236/1668
    Running contrast 1241/1668
    Running contrast 1246/1668
    Running contrast 1251/1668
    Running contrast 1256/1668
    Running contrast 1261/1668
    Running contrast 1266/1668
    Running contrast 1271/1668
    Running contrast 1276/1668
    Running contrast 1281/1668
    Running contrast 1286/1668
    Running contrast 1291/1668
    Running contrast 1296/1668
    Running contrast 1301/1668
    Running contrast 1306/1668
    Running contrast 1311/1668
    Running contrast 1316/1668
    Running contrast 1321/1668
    Running contrast 1326/1668
    Running contrast 1331/1668
    Running contrast 1336/1668
    Running contrast 1341/1668
    Running contrast 1346/1668
    Running contrast 1351/1668
    Running contrast 1356/1668
    Running contrast 1361/1668
    Running contrast 1366/1668
    Running contrast 1371/1668
    Running contrast 1376/1668
    Running contrast 1381/1668
    Running contrast 1386/1668
    Running contrast 1391/1668
    Running contrast 1396/1668
    Running contrast 1401/1668
    Running contrast 1406/1668
    Running contrast 1411/1668
    Running contrast 1416/1668
    Running contrast 1421/1668
    Running contrast 1426/1668
    Running contrast 1431/1668
    Running contrast 1436/1668
    Running contrast 1441/1668
    Running contrast 1446/1668
    Running contrast 1451/1668
    Running contrast 1456/1668
    Running contrast 1461/1668
    Running contrast 1466/1668
    Running contrast 1471/1668
    Running contrast 1476/1668
    Running contrast 1481/1668
    Running contrast 1486/1668
    Running contrast 1491/1668
    Running contrast 1496/1668
    Running contrast 1501/1668
    Running contrast 1506/1668
    Running contrast 1511/1668
    Running contrast 1516/1668
    Running contrast 1521/1668
    Running contrast 1526/1668
    Running contrast 1531/1668
    Running contrast 1536/1668
    Running contrast 1541/1668
    Running contrast 1546/1668
    Running contrast 1551/1668
    Running contrast 1556/1668
    Running contrast 1561/1668
    Running contrast 1566/1668
    Running contrast 1571/1668
    Running contrast 1576/1668
    Running contrast 1581/1668
    Running contrast 1586/1668
    Running contrast 1591/1668
    Running contrast 1596/1668
    Running contrast 1601/1668
    Running contrast 1606/1668
    Running contrast 1611/1668
    Running contrast 1616/1668
    Running contrast 1621/1668
    Running contrast 1626/1668
    Running contrast 1631/1668
    Running contrast 1636/1668
    Running contrast 1641/1668
    Running contrast 1646/1668
    Running contrast 1651/1668
    Running contrast 1656/1668
    Running contrast 1661/1668
    Running contrast 1666/1668
    Running contrast 1668/1668

    Writing:  ./data/sciplex/deg_data/sep_rep/full/qc_false/filter_min_cells_10/CVCL_0023_de.h5ad 

    Rewriting h5ad file: ./data/sciplex/deg_data/sep_rep/full/qc_false/filter_min_cells_10/CVCL_0023_de.h5ad 
    Removed X matrix
    Rewriting h5ad file is done!
✓ Cell line completed in 6436.1 seconds

DE analysis completed!

Total runtime: 6447.5 seconds
