
DE analysis started...
Loaded input file:  ./data/sciplex/pseudobulk_processed/sep_rep/by_celltype/CVCL_0031_processed.h5ad 
Initial dimensions:  1529  samples ×  58302  genes
Filter samples with the low number of cells
    Filter threshold (min_cells):  10 
    n_obs:  1529 -->  1518 

▶︎ Processing cell_type  1 / 1 :  CVCL_0031 
    Filter controls by  pert_time_h  column
        n_obs:  1518 -->  1518 

    Running contrast 1/1486
    Running contrast 6/1486
    Running contrast 11/1486
    Running contrast 16/1486
    Running contrast 21/1486
    Running contrast 26/1486
    Running contrast 31/1486
    Running contrast 36/1486
    Running contrast 41/1486
    Running contrast 46/1486
    Running contrast 51/1486
    Running contrast 56/1486
    Running contrast 61/1486
    Running contrast 66/1486
    Running contrast 71/1486
    Running contrast 76/1486
    Running contrast 81/1486
    Running contrast 86/1486
    Running contrast 91/1486
    Running contrast 96/1486
    Running contrast 101/1486
    Running contrast 106/1486
    Running contrast 111/1486
    Running contrast 116/1486
    Running contrast 121/1486
    Running contrast 126/1486
    Running contrast 131/1486
    Running contrast 136/1486
    Running contrast 141/1486
    Running contrast 146/1486
    Running contrast 151/1486
    Running contrast 156/1486
    Running contrast 161/1486
    Running contrast 166/1486
    Running contrast 171/1486
    Running contrast 176/1486
    Running contrast 181/1486
    Running contrast 186/1486
    Running contrast 191/1486
    Running contrast 196/1486
    Running contrast 201/1486
    Running contrast 206/1486
    Running contrast 211/1486
    Running contrast 216/1486
    Running contrast 221/1486
    Running contrast 226/1486
    Running contrast 231/1486
    Running contrast 236/1486
    Running contrast 241/1486
    Running contrast 246/1486
    Running contrast 251/1486
    Running contrast 256/1486
    Running contrast 261/1486
    Running contrast 266/1486
    Running contrast 271/1486
    Running contrast 276/1486
    Running contrast 281/1486
    Running contrast 286/1486
    Running contrast 291/1486
    Running contrast 296/1486
    Running contrast 301/1486
    Running contrast 306/1486
    Running contrast 311/1486
    Running contrast 316/1486
    Running contrast 321/1486
    Running contrast 326/1486
    Running contrast 331/1486
    Running contrast 336/1486
    Running contrast 341/1486
    Running contrast 346/1486
    Running contrast 351/1486
    Running contrast 356/1486
    Running contrast 361/1486
    Running contrast 366/1486
    Running contrast 371/1486
    Running contrast 376/1486
    Running contrast 381/1486
    Running contrast 386/1486
    Running contrast 391/1486
    Running contrast 396/1486
    Running contrast 401/1486
    Running contrast 406/1486
    Running contrast 411/1486
    Running contrast 416/1486
    Running contrast 421/1486
    Running contrast 426/1486
    Running contrast 431/1486
    Running contrast 436/1486
    Running contrast 441/1486
    Running contrast 446/1486
    Running contrast 451/1486
    Running contrast 456/1486
    Running contrast 461/1486
    Running contrast 466/1486
    Running contrast 471/1486
    Running contrast 476/1486
    Running contrast 481/1486
    Running contrast 486/1486
    Running contrast 491/1486
    Running contrast 496/1486
    Running contrast 501/1486
    Running contrast 506/1486
    Running contrast 511/1486
    Running contrast 516/1486
    Running contrast 521/1486
    Running contrast 526/1486
    Running contrast 531/1486
    Running contrast 536/1486
    Running contrast 541/1486
    Running contrast 546/1486
    Running contrast 551/1486
    Running contrast 556/1486
    Running contrast 561/1486
    Running contrast 566/1486
    Running contrast 571/1486
    Running contrast 576/1486
    Running contrast 581/1486
    Running contrast 586/1486
    Running contrast 591/1486
    Running contrast 596/1486
    Running contrast 601/1486
    Running contrast 606/1486
    Running contrast 611/1486
    Running contrast 616/1486
    Running contrast 621/1486
    Running contrast 626/1486
    Running contrast 631/1486
    Running contrast 636/1486
    Running contrast 641/1486
    Running contrast 646/1486
    Running contrast 651/1486
    Running contrast 656/1486
    Running contrast 661/1486
    Running contrast 666/1486
    Running contrast 671/1486
    Running contrast 676/1486
    Running contrast 681/1486
    Running contrast 686/1486
    Running contrast 691/1486
    Running contrast 696/1486
    Running contrast 701/1486
    Running contrast 706/1486
    Running contrast 711/1486
    Running contrast 716/1486
    Running contrast 721/1486
    Running contrast 726/1486
    Running contrast 731/1486
    Running contrast 736/1486
    Running contrast 741/1486
    Running contrast 746/1486
    Running contrast 751/1486
    Running contrast 756/1486
    Running contrast 761/1486
    Running contrast 766/1486
    Running contrast 771/1486
    Running contrast 776/1486
    Running contrast 781/1486
    Running contrast 786/1486
    Running contrast 791/1486
    Running contrast 796/1486
    Running contrast 801/1486
    Running contrast 806/1486
    Running contrast 811/1486
    Running contrast 816/1486
    Running contrast 821/1486
    Running contrast 826/1486
    Running contrast 831/1486
    Running contrast 836/1486
    Running contrast 841/1486
    Running contrast 846/1486
    Running contrast 851/1486
    Running contrast 856/1486
    Running contrast 861/1486
    Running contrast 866/1486
    Running contrast 871/1486
    Running contrast 876/1486
    Running contrast 881/1486
    Running contrast 886/1486
    Running contrast 891/1486
    Running contrast 896/1486
    Running contrast 901/1486
    Running contrast 906/1486
    Running contrast 911/1486
    Running contrast 916/1486
    Running contrast 921/1486
    Running contrast 926/1486
    Running contrast 931/1486
    Running contrast 936/1486
    Running contrast 941/1486
    Running contrast 946/1486
    Running contrast 951/1486
    Running contrast 956/1486
    Running contrast 961/1486
    Running contrast 966/1486
    Running contrast 971/1486
    Running contrast 976/1486
    Running contrast 981/1486
    Running contrast 986/1486
    Running contrast 991/1486
    Running contrast 996/1486
    Running contrast 1001/1486
    Running contrast 1006/1486
    Running contrast 1011/1486
    Running contrast 1016/1486
    Running contrast 1021/1486
    Running contrast 1026/1486
    Running contrast 1031/1486
    Running contrast 1036/1486
    Running contrast 1041/1486
    Running contrast 1046/1486
    Running contrast 1051/1486
    Running contrast 1056/1486
    Running contrast 1061/1486
    Running contrast 1066/1486
    Running contrast 1071/1486
    Running contrast 1076/1486
    Running contrast 1081/1486
    Running contrast 1086/1486
    Running contrast 1091/1486
    Running contrast 1096/1486
    Running contrast 1101/1486
    Running contrast 1106/1486
    Running contrast 1111/1486
    Running contrast 1116/1486
    Running contrast 1121/1486
    Running contrast 1126/1486
    Running contrast 1131/1486
    Running contrast 1136/1486
    Running contrast 1141/1486
    Running contrast 1146/1486
    Running contrast 1151/1486
    Running contrast 1156/1486
    Running contrast 1161/1486
    Running contrast 1166/1486
    Running contrast 1171/1486
    Running contrast 1176/1486
    Running contrast 1181/1486
    Running contrast 1186/1486
    Running contrast 1191/1486
    Running contrast 1196/1486
    Running contrast 1201/1486
    Running contrast 1206/1486
    Running contrast 1211/1486
    Running contrast 1216/1486
    Running contrast 1221/1486
    Running contrast 1226/1486
    Running contrast 1231/1486
    Running contrast 1236/1486
    Running contrast 1241/1486
    Running contrast 1246/1486
    Running contrast 1251/1486
    Running contrast 1256/1486
    Running contrast 1261/1486
    Running contrast 1266/1486
    Running contrast 1271/1486
    Running contrast 1276/1486
    Running contrast 1281/1486
    Running contrast 1286/1486
    Running contrast 1291/1486
    Running contrast 1296/1486
    Running contrast 1301/1486
    Running contrast 1306/1486
    Running contrast 1311/1486
    Running contrast 1316/1486
    Running contrast 1321/1486
    Running contrast 1326/1486
    Running contrast 1331/1486
    Running contrast 1336/1486
    Running contrast 1341/1486
    Running contrast 1346/1486
    Running contrast 1351/1486
    Running contrast 1356/1486
    Running contrast 1361/1486
    Running contrast 1366/1486
    Running contrast 1371/1486
    Running contrast 1376/1486
    Running contrast 1381/1486
    Running contrast 1386/1486
    Running contrast 1391/1486
    Running contrast 1396/1486
    Running contrast 1401/1486
    Running contrast 1406/1486
    Running contrast 1411/1486
    Running contrast 1416/1486
    Running contrast 1421/1486
    Running contrast 1426/1486
    Running contrast 1431/1486
    Running contrast 1436/1486
    Running contrast 1441/1486
    Running contrast 1446/1486
    Running contrast 1451/1486
    Running contrast 1456/1486
    Running contrast 1461/1486
    Running contrast 1466/1486
    Running contrast 1471/1486
    Running contrast 1476/1486
    Running contrast 1481/1486
    Running contrast 1486/1486

    Writing:  ./data/sciplex/deg_data/sep_rep/full/qc_false/filter_min_cells_10/CVCL_0031_de.h5ad 

    Rewriting h5ad file: ./data/sciplex/deg_data/sep_rep/full/qc_false/filter_min_cells_10/CVCL_0031_de.h5ad 
    Removed X matrix
    Rewriting h5ad file is done!
✓ Cell line completed in 7978.4 seconds

DE analysis completed!

Total runtime: 7990.3 seconds
