deg_sciplex.out:> Do not filter samples that did not pass quality control
deg_sciplex.out:> Work with a full version
deg_sciplex.out:> Mode: PARALLEL (array jobs per cell type)
deg_sciplex.out:> Using config: ./pipelines/sciplex/configs/deg/config.json
deg_sciplex.out:> Preprocess pseudobulk with a separate_replicates parameter
deg_sciplex.out:> Running preprocessing pseudobulk
deg_sciplex.out:Submitted batch job 31136189
deg_sciplex.out:> Preprocessing pseudobulk is done
deg_sciplex.out:> Starting DGE analysis with a separate_replicates parameter
deg_sciplex.out:  Found 3 files to process
deg_sciplex.out:  Submitting array job [3 jobs, max 10 concurrent]...
deg_sciplex.out:Submitted batch job 31136200
deg_sciplex.out:> DGE analysis is done
deg_sciplex.out:> DGE pipeline is finished
deg_processing_pseudobulk.31136189.out:2025-11-10 01:21:19 | [INFO] Read pseudobulk file
deg_processing_pseudobulk.31136189.out:2025-11-10 01:21:26 | [INFO] Add perturbation label
deg_processing_pseudobulk.31136189.out:2025-11-10 01:21:26 | [INFO] Save data
deg_processing_pseudobulk.31136189.out:2025-11-10 01:21:51 | [INFO] Splitting into 3 cell types
deg_processing_pseudobulk.31136189.out:2025-11-10 01:21:59 | [INFO]   Saved: CVCL_0004 (1535 obs)
deg_processing_pseudobulk.31136189.out:2025-11-10 01:22:07 | [INFO]   Saved: CVCL_0023 (1910 obs)
deg_processing_pseudobulk.31136189.out:2025-11-10 01:22:18 | [INFO]   Saved: CVCL_0031 (1529 obs)
deg_analysis_31136200_0.out:
deg_analysis_31136200_0.out:DE analysis started...
deg_analysis_31136200_0.out:Loaded input file:  ./data/sciplex/pseudobulk_processed/sep_rep/by_celltype/CVCL_0004_processed.h5ad 
deg_analysis_31136200_0.out:Initial dimensions:  1535  samples ×  58302  genes
deg_analysis_31136200_0.out:Filter samples with the low number of cells
deg_analysis_31136200_0.out:    Filter threshold (min_cells):  10 
deg_analysis_31136200_0.out:    n_obs:  1535 -->  1523 
deg_analysis_31136200_0.out:
deg_analysis_31136200_0.out:▶︎ Processing cell_type  1 / 1 :  CVCL_0004 
deg_analysis_31136200_0.out:    Filter controls by  pert_time_h  column
deg_analysis_31136200_0.out:        n_obs:  1523 -->  1523 
deg_analysis_31136200_0.out:
deg_analysis_31136200_0.out:    Running contrast 1/1491
deg_analysis_31136200_0.out:    Running contrast 6/1491
deg_analysis_31136200_0.out:    Running contrast 11/1491
deg_analysis_31136200_0.out:    Running contrast 16/1491
deg_analysis_31136200_0.out:    Running contrast 21/1491
deg_analysis_31136200_0.out:    Running contrast 26/1491
deg_analysis_31136200_0.out:    Running contrast 31/1491
deg_analysis_31136200_0.out:    Running contrast 36/1491
deg_analysis_31136200_0.out:    Running contrast 41/1491
deg_analysis_31136200_0.out:    Running contrast 46/1491
deg_analysis_31136200_0.out:    Running contrast 51/1491
deg_analysis_31136200_0.out:    Running contrast 56/1491
deg_analysis_31136200_0.out:    Running contrast 61/1491
deg_analysis_31136200_0.out:    Running contrast 66/1491
deg_analysis_31136200_0.out:    Running contrast 71/1491
deg_analysis_31136200_0.out:    Running contrast 76/1491
deg_analysis_31136200_0.out:    Running contrast 81/1491
deg_analysis_31136200_0.out:    Running contrast 86/1491
deg_analysis_31136200_0.out:    Running contrast 91/1491
deg_analysis_31136200_0.out:    Running contrast 96/1491
deg_analysis_31136200_0.out:    Running contrast 101/1491
deg_analysis_31136200_0.out:    Running contrast 106/1491
deg_analysis_31136200_0.out:    Running contrast 111/1491
deg_analysis_31136200_0.out:    Running contrast 116/1491
deg_analysis_31136200_0.out:    Running contrast 121/1491
deg_analysis_31136200_0.out:    Running contrast 126/1491
deg_analysis_31136200_0.out:    Running contrast 131/1491
deg_analysis_31136200_0.out:    Running contrast 136/1491
deg_analysis_31136200_0.out:    Running contrast 141/1491
deg_analysis_31136200_0.out:    Running contrast 146/1491
deg_analysis_31136200_0.out:    Running contrast 151/1491
deg_analysis_31136200_0.out:    Running contrast 156/1491
deg_analysis_31136200_0.out:    Running contrast 161/1491
deg_analysis_31136200_0.out:    Running contrast 166/1491
deg_analysis_31136200_0.out:    Running contrast 171/1491
deg_analysis_31136200_0.out:    Running contrast 176/1491
deg_analysis_31136200_0.out:    Running contrast 181/1491
deg_analysis_31136200_0.out:    Running contrast 186/1491
deg_analysis_31136200_0.out:    Running contrast 191/1491
deg_analysis_31136200_0.out:    Running contrast 196/1491
deg_analysis_31136200_0.out:    Running contrast 201/1491
deg_analysis_31136200_0.out:    Running contrast 206/1491
deg_analysis_31136200_0.out:    Running contrast 211/1491
deg_analysis_31136200_0.out:    Running contrast 216/1491
deg_analysis_31136200_0.out:    Running contrast 221/1491
deg_analysis_31136200_0.out:    Running contrast 226/1491
deg_analysis_31136200_0.out:    Running contrast 231/1491
deg_analysis_31136200_0.out:    Running contrast 236/1491
deg_analysis_31136200_0.out:    Running contrast 241/1491
deg_analysis_31136200_0.out:    Running contrast 246/1491
deg_analysis_31136200_0.out:    Running contrast 251/1491
deg_analysis_31136200_0.out:    Running contrast 256/1491
deg_analysis_31136200_0.out:    Running contrast 261/1491
deg_analysis_31136200_0.out:    Running contrast 266/1491
deg_analysis_31136200_0.out:    Running contrast 271/1491
deg_analysis_31136200_0.out:    Running contrast 276/1491
deg_analysis_31136200_0.out:    Running contrast 281/1491
deg_analysis_31136200_0.out:    Running contrast 286/1491
deg_analysis_31136200_0.out:    Running contrast 291/1491
deg_analysis_31136200_0.out:    Running contrast 296/1491
deg_analysis_31136200_0.out:    Running contrast 301/1491
deg_analysis_31136200_0.out:    Running contrast 306/1491
deg_analysis_31136200_0.out:    Running contrast 311/1491
deg_analysis_31136200_0.out:    Running contrast 316/1491
deg_analysis_31136200_0.out:    Running contrast 321/1491
deg_analysis_31136200_0.out:    Running contrast 326/1491
deg_analysis_31136200_0.out:    Running contrast 331/1491
deg_analysis_31136200_0.out:    Running contrast 336/1491
deg_analysis_31136200_0.out:    Running contrast 341/1491
deg_analysis_31136200_0.out:    Running contrast 346/1491
deg_analysis_31136200_0.out:    Running contrast 351/1491
deg_analysis_31136200_0.out:    Running contrast 356/1491
deg_analysis_31136200_0.out:    Running contrast 361/1491
deg_analysis_31136200_0.out:    Running contrast 366/1491
deg_analysis_31136200_0.out:    Running contrast 371/1491
deg_analysis_31136200_0.out:    Running contrast 376/1491
deg_analysis_31136200_0.out:    Running contrast 381/1491
deg_analysis_31136200_0.out:    Running contrast 386/1491
deg_analysis_31136200_0.out:    Running contrast 391/1491
deg_analysis_31136200_0.out:    Running contrast 396/1491
deg_analysis_31136200_0.out:    Running contrast 401/1491
deg_analysis_31136200_0.out:    Running contrast 406/1491
deg_analysis_31136200_0.out:    Running contrast 411/1491
deg_analysis_31136200_0.out:    Running contrast 416/1491
deg_analysis_31136200_0.out:    Running contrast 421/1491
deg_analysis_31136200_0.out:    Running contrast 426/1491
deg_analysis_31136200_0.out:    Running contrast 431/1491
deg_analysis_31136200_0.out:    Running contrast 436/1491
deg_analysis_31136200_0.out:    Running contrast 441/1491
deg_analysis_31136200_0.out:    Running contrast 446/1491
deg_analysis_31136200_0.out:    Running contrast 451/1491
deg_analysis_31136200_0.out:    Running contrast 456/1491
deg_analysis_31136200_0.out:    Running contrast 461/1491
deg_analysis_31136200_0.out:    Running contrast 466/1491
deg_analysis_31136200_0.out:    Running contrast 471/1491
deg_analysis_31136200_0.out:    Running contrast 476/1491
deg_analysis_31136200_0.out:    Running contrast 481/1491
deg_analysis_31136200_0.out:    Running contrast 486/1491
deg_analysis_31136200_0.out:    Running contrast 491/1491
deg_analysis_31136200_0.out:    Running contrast 496/1491
deg_analysis_31136200_0.out:    Running contrast 501/1491
deg_analysis_31136200_0.out:    Running contrast 506/1491
deg_analysis_31136200_0.out:    Running contrast 511/1491
deg_analysis_31136200_0.out:    Running contrast 516/1491
deg_analysis_31136200_0.out:    Running contrast 521/1491
deg_analysis_31136200_0.out:    Running contrast 526/1491
deg_analysis_31136200_0.out:    Running contrast 531/1491
deg_analysis_31136200_0.out:    Running contrast 536/1491
deg_analysis_31136200_0.out:    Running contrast 541/1491
deg_analysis_31136200_0.out:    Running contrast 546/1491
deg_analysis_31136200_0.out:    Running contrast 551/1491
deg_analysis_31136200_0.out:    Running contrast 556/1491
deg_analysis_31136200_0.out:    Running contrast 561/1491
deg_analysis_31136200_0.out:    Running contrast 566/1491
deg_analysis_31136200_0.out:    Running contrast 571/1491
deg_analysis_31136200_0.out:    Running contrast 576/1491
deg_analysis_31136200_0.out:    Running contrast 581/1491
deg_analysis_31136200_0.out:    Running contrast 586/1491
deg_analysis_31136200_0.out:    Running contrast 591/1491
deg_analysis_31136200_0.out:    Running contrast 596/1491
deg_analysis_31136200_0.out:    Running contrast 601/1491
deg_analysis_31136200_0.out:    Running contrast 606/1491
deg_analysis_31136200_0.out:    Running contrast 611/1491
deg_analysis_31136200_0.out:    Running contrast 616/1491
deg_analysis_31136200_0.out:    Running contrast 621/1491
deg_analysis_31136200_0.out:    Running contrast 626/1491
deg_analysis_31136200_0.out:    Running contrast 631/1491
deg_analysis_31136200_0.out:    Running contrast 636/1491
deg_analysis_31136200_0.out:    Running contrast 641/1491
deg_analysis_31136200_0.out:    Running contrast 646/1491
deg_analysis_31136200_0.out:    Running contrast 651/1491
deg_analysis_31136200_0.out:    Running contrast 656/1491
deg_analysis_31136200_0.out:    Running contrast 661/1491
deg_analysis_31136200_0.out:    Running contrast 666/1491
deg_analysis_31136200_0.out:    Running contrast 671/1491
deg_analysis_31136200_0.out:    Running contrast 676/1491
deg_analysis_31136200_0.out:    Running contrast 681/1491
deg_analysis_31136200_0.out:    Running contrast 686/1491
deg_analysis_31136200_0.out:    Running contrast 691/1491
deg_analysis_31136200_0.out:    Running contrast 696/1491
deg_analysis_31136200_0.out:    Running contrast 701/1491
deg_analysis_31136200_0.out:    Running contrast 706/1491
deg_analysis_31136200_0.out:    Running contrast 711/1491
deg_analysis_31136200_0.out:    Running contrast 716/1491
deg_analysis_31136200_0.out:    Running contrast 721/1491
deg_analysis_31136200_0.out:    Running contrast 726/1491
deg_analysis_31136200_0.out:    Running contrast 731/1491
deg_analysis_31136200_0.out:    Running contrast 736/1491
deg_analysis_31136200_0.out:    Running contrast 741/1491
deg_analysis_31136200_0.out:    Running contrast 746/1491
deg_analysis_31136200_0.out:    Running contrast 751/1491
deg_analysis_31136200_0.out:    Running contrast 756/1491
deg_analysis_31136200_0.out:    Running contrast 761/1491
deg_analysis_31136200_0.out:    Running contrast 766/1491
deg_analysis_31136200_0.out:    Running contrast 771/1491
deg_analysis_31136200_0.out:    Running contrast 776/1491
deg_analysis_31136200_0.out:    Running contrast 781/1491
deg_analysis_31136200_0.out:    Running contrast 786/1491
deg_analysis_31136200_0.out:    Running contrast 791/1491
deg_analysis_31136200_0.out:    Running contrast 796/1491
deg_analysis_31136200_0.out:    Running contrast 801/1491
deg_analysis_31136200_0.out:    Running contrast 806/1491
deg_analysis_31136200_0.out:    Running contrast 811/1491
deg_analysis_31136200_0.out:    Running contrast 816/1491
deg_analysis_31136200_0.out:    Running contrast 821/1491
deg_analysis_31136200_0.out:    Running contrast 826/1491
deg_analysis_31136200_0.out:    Running contrast 831/1491
deg_analysis_31136200_0.out:    Running contrast 836/1491
deg_analysis_31136200_0.out:    Running contrast 841/1491
deg_analysis_31136200_0.out:    Running contrast 846/1491
deg_analysis_31136200_0.out:    Running contrast 851/1491
deg_analysis_31136200_0.out:    Running contrast 856/1491
deg_analysis_31136200_0.out:    Running contrast 861/1491
deg_analysis_31136200_0.out:    Running contrast 866/1491
deg_analysis_31136200_0.out:    Running contrast 871/1491
deg_analysis_31136200_0.out:    Running contrast 876/1491
deg_analysis_31136200_0.out:    Running contrast 881/1491
deg_analysis_31136200_0.out:    Running contrast 886/1491
deg_analysis_31136200_0.out:    Running contrast 891/1491
deg_analysis_31136200_0.out:    Running contrast 896/1491
deg_analysis_31136200_0.out:    Running contrast 901/1491
deg_analysis_31136200_0.out:    Running contrast 906/1491
deg_analysis_31136200_0.out:    Running contrast 911/1491
deg_analysis_31136200_0.out:    Running contrast 916/1491
deg_analysis_31136200_0.out:    Running contrast 921/1491
deg_analysis_31136200_0.out:    Running contrast 926/1491
deg_analysis_31136200_0.out:    Running contrast 931/1491
deg_analysis_31136200_0.out:    Running contrast 936/1491
deg_analysis_31136200_0.out:    Running contrast 941/1491
deg_analysis_31136200_0.out:    Running contrast 946/1491
deg_analysis_31136200_0.out:    Running contrast 951/1491
deg_analysis_31136200_0.out:    Running contrast 956/1491
deg_analysis_31136200_0.out:    Running contrast 961/1491
deg_analysis_31136200_0.out:    Running contrast 966/1491
deg_analysis_31136200_0.out:    Running contrast 971/1491
deg_analysis_31136200_0.out:    Running contrast 976/1491
deg_analysis_31136200_0.out:    Running contrast 981/1491
deg_analysis_31136200_0.out:    Running contrast 986/1491
deg_analysis_31136200_0.out:    Running contrast 991/1491
deg_analysis_31136200_0.out:    Running contrast 996/1491
deg_analysis_31136200_0.out:    Running contrast 1001/1491
deg_analysis_31136200_0.out:    Running contrast 1006/1491
deg_analysis_31136200_0.out:    Running contrast 1011/1491
deg_analysis_31136200_0.out:    Running contrast 1016/1491
deg_analysis_31136200_0.out:    Running contrast 1021/1491
deg_analysis_31136200_0.out:    Running contrast 1026/1491
deg_analysis_31136200_0.out:    Running contrast 1031/1491
deg_analysis_31136200_0.out:    Running contrast 1036/1491
deg_analysis_31136200_0.out:    Running contrast 1041/1491
deg_analysis_31136200_0.out:    Running contrast 1046/1491
deg_analysis_31136200_0.out:    Running contrast 1051/1491
deg_analysis_31136200_0.out:    Running contrast 1056/1491
deg_analysis_31136200_0.out:    Running contrast 1061/1491
deg_analysis_31136200_0.out:    Running contrast 1066/1491
deg_analysis_31136200_0.out:    Running contrast 1071/1491
deg_analysis_31136200_0.out:    Running contrast 1076/1491
deg_analysis_31136200_0.out:    Running contrast 1081/1491
deg_analysis_31136200_0.out:    Running contrast 1086/1491
deg_analysis_31136200_0.out:    Running contrast 1091/1491
deg_analysis_31136200_0.out:    Running contrast 1096/1491
deg_analysis_31136200_0.out:    Running contrast 1101/1491
deg_analysis_31136200_0.out:    Running contrast 1106/1491
deg_analysis_31136200_0.out:    Running contrast 1111/1491
deg_analysis_31136200_0.out:    Running contrast 1116/1491
deg_analysis_31136200_0.out:    Running contrast 1121/1491
deg_analysis_31136200_0.out:    Running contrast 1126/1491
deg_analysis_31136200_0.out:    Running contrast 1131/1491
deg_analysis_31136200_0.out:    Running contrast 1136/1491
deg_analysis_31136200_0.out:    Running contrast 1141/1491
deg_analysis_31136200_0.out:    Running contrast 1146/1491
deg_analysis_31136200_0.out:    Running contrast 1151/1491
deg_analysis_31136200_0.out:    Running contrast 1156/1491
deg_analysis_31136200_0.out:    Running contrast 1161/1491
deg_analysis_31136200_0.out:    Running contrast 1166/1491
deg_analysis_31136200_0.out:    Running contrast 1171/1491
deg_analysis_31136200_0.out:    Running contrast 1176/1491
deg_analysis_31136200_0.out:    Running contrast 1181/1491
deg_analysis_31136200_0.out:    Running contrast 1186/1491
deg_analysis_31136200_0.out:    Running contrast 1191/1491
deg_analysis_31136200_0.out:    Running contrast 1196/1491
deg_analysis_31136200_0.out:    Running contrast 1201/1491
deg_analysis_31136200_0.out:    Running contrast 1206/1491
deg_analysis_31136200_0.out:    Running contrast 1211/1491
deg_analysis_31136200_0.out:    Running contrast 1216/1491
deg_analysis_31136200_0.out:    Running contrast 1221/1491
deg_analysis_31136200_0.out:    Running contrast 1226/1491
deg_analysis_31136200_0.out:    Running contrast 1231/1491
deg_analysis_31136200_0.out:    Running contrast 1236/1491
deg_analysis_31136200_0.out:    Running contrast 1241/1491
deg_analysis_31136200_0.out:    Running contrast 1246/1491
deg_analysis_31136200_0.out:    Running contrast 1251/1491
deg_analysis_31136200_0.out:    Running contrast 1256/1491
deg_analysis_31136200_0.out:    Running contrast 1261/1491
deg_analysis_31136200_0.out:    Running contrast 1266/1491
deg_analysis_31136200_0.out:    Running contrast 1271/1491
deg_analysis_31136200_0.out:    Running contrast 1276/1491
deg_analysis_31136200_0.out:    Running contrast 1281/1491
deg_analysis_31136200_0.out:    Running contrast 1286/1491
deg_analysis_31136200_0.out:    Running contrast 1291/1491
deg_analysis_31136200_0.out:    Running contrast 1296/1491
deg_analysis_31136200_0.out:    Running contrast 1301/1491
deg_analysis_31136200_0.out:    Running contrast 1306/1491
deg_analysis_31136200_0.out:    Running contrast 1311/1491
deg_analysis_31136200_0.out:    Running contrast 1316/1491
deg_analysis_31136200_0.out:    Running contrast 1321/1491
deg_analysis_31136200_0.out:    Running contrast 1326/1491
deg_analysis_31136200_0.out:    Running contrast 1331/1491
deg_analysis_31136200_0.out:    Running contrast 1336/1491
deg_analysis_31136200_0.out:    Running contrast 1341/1491
deg_analysis_31136200_0.out:    Running contrast 1346/1491
deg_analysis_31136200_0.out:    Running contrast 1351/1491
deg_analysis_31136200_0.out:    Running contrast 1356/1491
deg_analysis_31136200_0.out:    Running contrast 1361/1491
deg_analysis_31136200_0.out:    Running contrast 1366/1491
deg_analysis_31136200_0.out:    Running contrast 1371/1491
deg_analysis_31136200_0.out:    Running contrast 1376/1491
deg_analysis_31136200_0.out:    Running contrast 1381/1491
deg_analysis_31136200_0.out:    Running contrast 1386/1491
deg_analysis_31136200_0.out:    Running contrast 1391/1491
deg_analysis_31136200_0.out:    Running contrast 1396/1491
deg_analysis_31136200_0.out:    Running contrast 1401/1491
deg_analysis_31136200_0.out:    Running contrast 1406/1491
deg_analysis_31136200_0.out:    Running contrast 1411/1491
deg_analysis_31136200_0.out:    Running contrast 1416/1491
deg_analysis_31136200_0.out:    Running contrast 1421/1491
deg_analysis_31136200_0.out:    Running contrast 1426/1491
deg_analysis_31136200_0.out:    Running contrast 1431/1491
deg_analysis_31136200_0.out:    Running contrast 1436/1491
deg_analysis_31136200_0.out:    Running contrast 1441/1491
deg_analysis_31136200_0.out:    Running contrast 1446/1491
deg_analysis_31136200_0.out:    Running contrast 1451/1491
deg_analysis_31136200_0.out:    Running contrast 1456/1491
deg_analysis_31136200_0.out:    Running contrast 1461/1491
deg_analysis_31136200_0.out:    Running contrast 1466/1491
deg_analysis_31136200_0.out:    Running contrast 1471/1491
deg_analysis_31136200_0.out:    Running contrast 1476/1491
deg_analysis_31136200_0.out:    Running contrast 1481/1491
deg_analysis_31136200_0.out:    Running contrast 1486/1491
deg_analysis_31136200_0.out:    Running contrast 1491/1491
deg_analysis_31136200_0.out:
deg_analysis_31136200_0.out:    Writing:  ./data/sciplex/deg_data/sep_rep/full/qc_false/filter_min_cells_10/CVCL_0004_de.h5ad 
deg_analysis_31136200_0.out:
deg_analysis_31136200_0.out:    Rewriting h5ad file: ./data/sciplex/deg_data/sep_rep/full/qc_false/filter_min_cells_10/CVCL_0004_de.h5ad 
deg_analysis_31136200_0.out:    Removed X matrix
deg_analysis_31136200_0.out:    Rewriting h5ad file is done!
deg_analysis_31136200_0.out:✓ Cell line completed in 5775.4 seconds
deg_analysis_31136200_0.out:
deg_analysis_31136200_0.out:DE analysis completed!
deg_analysis_31136200_0.out:
deg_analysis_31136200_0.out:Total runtime: 5788.4 seconds
deg_analysis_31136200_1.out:
deg_analysis_31136200_1.out:DE analysis started...
deg_analysis_31136200_1.out:Loaded input file:  ./data/sciplex/pseudobulk_processed/sep_rep/by_celltype/CVCL_0023_processed.h5ad 
deg_analysis_31136200_1.out:Initial dimensions:  1910  samples ×  58302  genes
deg_analysis_31136200_1.out:Filter samples with the low number of cells
deg_analysis_31136200_1.out:    Filter threshold (min_cells):  10 
deg_analysis_31136200_1.out:    n_obs:  1910 -->  1706 
deg_analysis_31136200_1.out:
deg_analysis_31136200_1.out:▶︎ Processing cell_type  1 / 1 :  CVCL_0023 
deg_analysis_31136200_1.out:    Filter controls by  pert_time_h  column
deg_analysis_31136200_1.out:        n_obs:  1706 -->  1706 
deg_analysis_31136200_1.out:
deg_analysis_31136200_1.out:Coefficients not estimable: plateplate52 
deg_analysis_31136200_1.out:Coefficients not estimable: plateplate52 
deg_analysis_31136200_1.out:    Running contrast 1/1668
deg_analysis_31136200_1.out:    Running contrast 6/1668
deg_analysis_31136200_1.out:    Running contrast 11/1668
deg_analysis_31136200_1.out:    Running contrast 16/1668
deg_analysis_31136200_1.out:    Running contrast 21/1668
deg_analysis_31136200_1.out:    Running contrast 26/1668
deg_analysis_31136200_1.out:    Running contrast 31/1668
deg_analysis_31136200_1.out:    Running contrast 36/1668
deg_analysis_31136200_1.out:    Running contrast 41/1668
deg_analysis_31136200_1.out:    Running contrast 46/1668
deg_analysis_31136200_1.out:    Running contrast 51/1668
deg_analysis_31136200_1.out:    Running contrast 56/1668
deg_analysis_31136200_1.out:    Running contrast 61/1668
deg_analysis_31136200_1.out:    Running contrast 66/1668
deg_analysis_31136200_1.out:    Running contrast 71/1668
deg_analysis_31136200_1.out:    Running contrast 76/1668
deg_analysis_31136200_1.out:    Running contrast 81/1668
deg_analysis_31136200_1.out:    Running contrast 86/1668
deg_analysis_31136200_1.out:    Running contrast 91/1668
deg_analysis_31136200_1.out:    Running contrast 96/1668
deg_analysis_31136200_1.out:    Running contrast 101/1668
deg_analysis_31136200_1.out:    Running contrast 106/1668
deg_analysis_31136200_1.out:    Running contrast 111/1668
deg_analysis_31136200_1.out:    Running contrast 116/1668
deg_analysis_31136200_1.out:    Running contrast 121/1668
deg_analysis_31136200_1.out:    Running contrast 126/1668
deg_analysis_31136200_1.out:    Running contrast 131/1668
deg_analysis_31136200_1.out:    Running contrast 136/1668
deg_analysis_31136200_1.out:    Running contrast 141/1668
deg_analysis_31136200_1.out:    Running contrast 146/1668
deg_analysis_31136200_1.out:    Running contrast 151/1668
deg_analysis_31136200_1.out:    Running contrast 156/1668
deg_analysis_31136200_1.out:    Running contrast 161/1668
deg_analysis_31136200_1.out:    Running contrast 166/1668
deg_analysis_31136200_1.out:    Running contrast 171/1668
deg_analysis_31136200_1.out:    Running contrast 176/1668
deg_analysis_31136200_1.out:    Running contrast 181/1668
deg_analysis_31136200_1.out:    Running contrast 186/1668
deg_analysis_31136200_1.out:    Running contrast 191/1668
deg_analysis_31136200_1.out:    Running contrast 196/1668
deg_analysis_31136200_1.out:    Running contrast 201/1668
deg_analysis_31136200_1.out:    Running contrast 206/1668
deg_analysis_31136200_1.out:    Running contrast 211/1668
deg_analysis_31136200_1.out:    Running contrast 216/1668
deg_analysis_31136200_1.out:    Running contrast 221/1668
deg_analysis_31136200_1.out:    Running contrast 226/1668
deg_analysis_31136200_1.out:    Running contrast 231/1668
deg_analysis_31136200_1.out:    Running contrast 236/1668
deg_analysis_31136200_1.out:    Running contrast 241/1668
deg_analysis_31136200_1.out:    Running contrast 246/1668
deg_analysis_31136200_1.out:    Running contrast 251/1668
deg_analysis_31136200_1.out:    Running contrast 256/1668
deg_analysis_31136200_1.out:    Running contrast 261/1668
deg_analysis_31136200_1.out:    Running contrast 266/1668
deg_analysis_31136200_1.out:    Running contrast 271/1668
deg_analysis_31136200_1.out:    Running contrast 276/1668
deg_analysis_31136200_1.out:    Running contrast 281/1668
deg_analysis_31136200_1.out:    Running contrast 286/1668
deg_analysis_31136200_1.out:    Running contrast 291/1668
deg_analysis_31136200_1.out:    Running contrast 296/1668
deg_analysis_31136200_1.out:    Running contrast 301/1668
deg_analysis_31136200_1.out:    Running contrast 306/1668
deg_analysis_31136200_1.out:    Running contrast 311/1668
deg_analysis_31136200_1.out:    Running contrast 316/1668
deg_analysis_31136200_1.out:    Running contrast 321/1668
deg_analysis_31136200_1.out:    Running contrast 326/1668
deg_analysis_31136200_1.out:    Running contrast 331/1668
deg_analysis_31136200_1.out:    Running contrast 336/1668
deg_analysis_31136200_1.out:    Running contrast 341/1668
deg_analysis_31136200_1.out:    Running contrast 346/1668
deg_analysis_31136200_1.out:    Running contrast 351/1668
deg_analysis_31136200_1.out:    Running contrast 356/1668
deg_analysis_31136200_1.out:    Running contrast 361/1668
deg_analysis_31136200_1.out:    Running contrast 366/1668
deg_analysis_31136200_1.out:    Running contrast 371/1668
deg_analysis_31136200_1.out:    Running contrast 376/1668
deg_analysis_31136200_1.out:    Running contrast 381/1668
deg_analysis_31136200_1.out:    Running contrast 386/1668
deg_analysis_31136200_1.out:    Running contrast 391/1668
deg_analysis_31136200_1.out:    Running contrast 396/1668
deg_analysis_31136200_1.out:    Running contrast 401/1668
deg_analysis_31136200_1.out:    Running contrast 406/1668
deg_analysis_31136200_1.out:    Running contrast 411/1668
deg_analysis_31136200_1.out:    Running contrast 416/1668
deg_analysis_31136200_1.out:    Running contrast 421/1668
deg_analysis_31136200_1.out:    Running contrast 426/1668
deg_analysis_31136200_1.out:    Running contrast 431/1668
deg_analysis_31136200_1.out:    Running contrast 436/1668
deg_analysis_31136200_1.out:    Running contrast 441/1668
deg_analysis_31136200_1.out:    Running contrast 446/1668
deg_analysis_31136200_1.out:    Running contrast 451/1668
deg_analysis_31136200_1.out:    Running contrast 456/1668
deg_analysis_31136200_1.out:    Running contrast 461/1668
deg_analysis_31136200_1.out:    Running contrast 466/1668
deg_analysis_31136200_1.out:    Running contrast 471/1668
deg_analysis_31136200_1.out:    Running contrast 476/1668
deg_analysis_31136200_1.out:    Running contrast 481/1668
deg_analysis_31136200_1.out:    Running contrast 486/1668
deg_analysis_31136200_1.out:    Running contrast 491/1668
deg_analysis_31136200_1.out:    Running contrast 496/1668
deg_analysis_31136200_1.out:    Running contrast 501/1668
deg_analysis_31136200_1.out:    Running contrast 506/1668
deg_analysis_31136200_1.out:    Running contrast 511/1668
deg_analysis_31136200_1.out:    Running contrast 516/1668
deg_analysis_31136200_1.out:    Running contrast 521/1668
deg_analysis_31136200_1.out:    Running contrast 526/1668
deg_analysis_31136200_1.out:    Running contrast 531/1668
deg_analysis_31136200_1.out:    Running contrast 536/1668
deg_analysis_31136200_1.out:    Running contrast 541/1668
deg_analysis_31136200_1.out:    Running contrast 546/1668
deg_analysis_31136200_1.out:    Running contrast 551/1668
deg_analysis_31136200_1.out:    Running contrast 556/1668
deg_analysis_31136200_1.out:    Running contrast 561/1668
deg_analysis_31136200_1.out:    Running contrast 566/1668
deg_analysis_31136200_1.out:    Running contrast 571/1668
deg_analysis_31136200_1.out:    Running contrast 576/1668
deg_analysis_31136200_1.out:    Running contrast 581/1668
deg_analysis_31136200_1.out:    Running contrast 586/1668
deg_analysis_31136200_1.out:    Running contrast 591/1668
deg_analysis_31136200_1.out:    Running contrast 596/1668
deg_analysis_31136200_1.out:    Running contrast 601/1668
deg_analysis_31136200_1.out:    Running contrast 606/1668
deg_analysis_31136200_1.out:    Running contrast 611/1668
deg_analysis_31136200_1.out:    Running contrast 616/1668
deg_analysis_31136200_1.out:    Running contrast 621/1668
deg_analysis_31136200_1.out:    Running contrast 626/1668
deg_analysis_31136200_1.out:    Running contrast 631/1668
deg_analysis_31136200_1.out:    Running contrast 636/1668
deg_analysis_31136200_1.out:    Running contrast 641/1668
deg_analysis_31136200_1.out:    Running contrast 646/1668
deg_analysis_31136200_1.out:    Running contrast 651/1668
deg_analysis_31136200_1.out:    Running contrast 656/1668
deg_analysis_31136200_1.out:    Running contrast 661/1668
deg_analysis_31136200_1.out:    Running contrast 666/1668
deg_analysis_31136200_1.out:    Running contrast 671/1668
deg_analysis_31136200_1.out:    Running contrast 676/1668
deg_analysis_31136200_1.out:    Running contrast 681/1668
deg_analysis_31136200_1.out:    Running contrast 686/1668
deg_analysis_31136200_1.out:    Running contrast 691/1668
deg_analysis_31136200_1.out:    Running contrast 696/1668
deg_analysis_31136200_1.out:    Running contrast 701/1668
deg_analysis_31136200_1.out:    Running contrast 706/1668
deg_analysis_31136200_1.out:    Running contrast 711/1668
deg_analysis_31136200_1.out:    Running contrast 716/1668
deg_analysis_31136200_1.out:    Running contrast 721/1668
deg_analysis_31136200_1.out:    Running contrast 726/1668
deg_analysis_31136200_1.out:    Running contrast 731/1668
deg_analysis_31136200_1.out:    Running contrast 736/1668
deg_analysis_31136200_1.out:    Running contrast 741/1668
deg_analysis_31136200_1.out:    Running contrast 746/1668
deg_analysis_31136200_1.out:    Running contrast 751/1668
deg_analysis_31136200_1.out:    Running contrast 756/1668
deg_analysis_31136200_1.out:    Running contrast 761/1668
deg_analysis_31136200_1.out:    Running contrast 766/1668
deg_analysis_31136200_1.out:    Running contrast 771/1668
deg_analysis_31136200_1.out:    Running contrast 776/1668
deg_analysis_31136200_1.out:    Running contrast 781/1668
deg_analysis_31136200_1.out:    Running contrast 786/1668
deg_analysis_31136200_1.out:    Running contrast 791/1668
deg_analysis_31136200_1.out:    Running contrast 796/1668
deg_analysis_31136200_1.out:    Running contrast 801/1668
deg_analysis_31136200_1.out:    Running contrast 806/1668
deg_analysis_31136200_1.out:    Running contrast 811/1668
deg_analysis_31136200_1.out:    Running contrast 816/1668
deg_analysis_31136200_1.out:    Running contrast 821/1668
deg_analysis_31136200_1.out:    Running contrast 826/1668
deg_analysis_31136200_1.out:    Running contrast 831/1668
deg_analysis_31136200_1.out:    Running contrast 836/1668
deg_analysis_31136200_1.out:    Running contrast 841/1668
deg_analysis_31136200_1.out:    Running contrast 846/1668
deg_analysis_31136200_1.out:    Running contrast 851/1668
deg_analysis_31136200_1.out:    Running contrast 856/1668
deg_analysis_31136200_1.out:    Running contrast 861/1668
deg_analysis_31136200_1.out:    Running contrast 866/1668
deg_analysis_31136200_1.out:    Running contrast 871/1668
deg_analysis_31136200_1.out:    Running contrast 876/1668
deg_analysis_31136200_1.out:    Running contrast 881/1668
deg_analysis_31136200_1.out:    Running contrast 886/1668
deg_analysis_31136200_1.out:    Running contrast 891/1668
deg_analysis_31136200_1.out:    Running contrast 896/1668
deg_analysis_31136200_1.out:    Running contrast 901/1668
deg_analysis_31136200_1.out:    Running contrast 906/1668
deg_analysis_31136200_1.out:    Running contrast 911/1668
deg_analysis_31136200_1.out:    Running contrast 916/1668
deg_analysis_31136200_1.out:    Running contrast 921/1668
deg_analysis_31136200_1.out:    Running contrast 926/1668
deg_analysis_31136200_1.out:    Running contrast 931/1668
deg_analysis_31136200_1.out:    Running contrast 936/1668
deg_analysis_31136200_1.out:    Running contrast 941/1668
deg_analysis_31136200_1.out:    Running contrast 946/1668
deg_analysis_31136200_1.out:    Running contrast 951/1668
deg_analysis_31136200_1.out:    Running contrast 956/1668
deg_analysis_31136200_1.out:    Running contrast 961/1668
deg_analysis_31136200_1.out:    Running contrast 966/1668
deg_analysis_31136200_1.out:    Running contrast 971/1668
deg_analysis_31136200_1.out:    Running contrast 976/1668
deg_analysis_31136200_1.out:    Running contrast 981/1668
deg_analysis_31136200_1.out:    Running contrast 986/1668
deg_analysis_31136200_1.out:    Running contrast 991/1668
deg_analysis_31136200_1.out:    Running contrast 996/1668
deg_analysis_31136200_1.out:    Running contrast 1001/1668
deg_analysis_31136200_1.out:    Running contrast 1006/1668
deg_analysis_31136200_1.out:    Running contrast 1011/1668
deg_analysis_31136200_1.out:    Running contrast 1016/1668
deg_analysis_31136200_1.out:    Running contrast 1021/1668
deg_analysis_31136200_1.out:    Running contrast 1026/1668
deg_analysis_31136200_1.out:    Running contrast 1031/1668
deg_analysis_31136200_1.out:    Running contrast 1036/1668
deg_analysis_31136200_1.out:    Running contrast 1041/1668
deg_analysis_31136200_1.out:    Running contrast 1046/1668
deg_analysis_31136200_1.out:    Running contrast 1051/1668
deg_analysis_31136200_1.out:    Running contrast 1056/1668
deg_analysis_31136200_1.out:    Running contrast 1061/1668
deg_analysis_31136200_1.out:    Running contrast 1066/1668
deg_analysis_31136200_1.out:    Running contrast 1071/1668
deg_analysis_31136200_1.out:    Running contrast 1076/1668
deg_analysis_31136200_1.out:    Running contrast 1081/1668
deg_analysis_31136200_1.out:    Running contrast 1086/1668
deg_analysis_31136200_1.out:    Running contrast 1091/1668
deg_analysis_31136200_1.out:    Running contrast 1096/1668
deg_analysis_31136200_1.out:    Running contrast 1101/1668
deg_analysis_31136200_1.out:    Running contrast 1106/1668
deg_analysis_31136200_1.out:    Running contrast 1111/1668
deg_analysis_31136200_1.out:    Running contrast 1116/1668
deg_analysis_31136200_1.out:    Running contrast 1121/1668
deg_analysis_31136200_1.out:    Running contrast 1126/1668
deg_analysis_31136200_1.out:    Running contrast 1131/1668
deg_analysis_31136200_1.out:    Running contrast 1136/1668
deg_analysis_31136200_1.out:    Running contrast 1141/1668
deg_analysis_31136200_1.out:    Running contrast 1146/1668
deg_analysis_31136200_1.out:    Running contrast 1151/1668
deg_analysis_31136200_1.out:    Running contrast 1156/1668
deg_analysis_31136200_1.out:    Running contrast 1161/1668
deg_analysis_31136200_1.out:    Running contrast 1166/1668
deg_analysis_31136200_1.out:    Running contrast 1171/1668
deg_analysis_31136200_1.out:    Running contrast 1176/1668
deg_analysis_31136200_1.out:    Running contrast 1181/1668
deg_analysis_31136200_1.out:    Running contrast 1186/1668
deg_analysis_31136200_1.out:    Running contrast 1191/1668
deg_analysis_31136200_1.out:    Running contrast 1196/1668
deg_analysis_31136200_1.out:    Running contrast 1201/1668
deg_analysis_31136200_1.out:    Running contrast 1206/1668
deg_analysis_31136200_1.out:    Running contrast 1211/1668
deg_analysis_31136200_1.out:    Running contrast 1216/1668
deg_analysis_31136200_1.out:    Running contrast 1221/1668
deg_analysis_31136200_1.out:    Running contrast 1226/1668
deg_analysis_31136200_1.out:    Running contrast 1231/1668
deg_analysis_31136200_1.out:    Running contrast 1236/1668
deg_analysis_31136200_1.out:    Running contrast 1241/1668
deg_analysis_31136200_1.out:    Running contrast 1246/1668
deg_analysis_31136200_1.out:    Running contrast 1251/1668
deg_analysis_31136200_1.out:    Running contrast 1256/1668
deg_analysis_31136200_1.out:    Running contrast 1261/1668
deg_analysis_31136200_1.out:    Running contrast 1266/1668
deg_analysis_31136200_1.out:    Running contrast 1271/1668
deg_analysis_31136200_1.out:    Running contrast 1276/1668
deg_analysis_31136200_1.out:    Running contrast 1281/1668
deg_analysis_31136200_1.out:    Running contrast 1286/1668
deg_analysis_31136200_1.out:    Running contrast 1291/1668
deg_analysis_31136200_1.out:    Running contrast 1296/1668
deg_analysis_31136200_1.out:    Running contrast 1301/1668
deg_analysis_31136200_1.out:    Running contrast 1306/1668
deg_analysis_31136200_1.out:    Running contrast 1311/1668
deg_analysis_31136200_1.out:    Running contrast 1316/1668
deg_analysis_31136200_1.out:    Running contrast 1321/1668
deg_analysis_31136200_1.out:    Running contrast 1326/1668
deg_analysis_31136200_1.out:    Running contrast 1331/1668
deg_analysis_31136200_1.out:    Running contrast 1336/1668
deg_analysis_31136200_1.out:    Running contrast 1341/1668
deg_analysis_31136200_1.out:    Running contrast 1346/1668
deg_analysis_31136200_1.out:    Running contrast 1351/1668
deg_analysis_31136200_1.out:    Running contrast 1356/1668
deg_analysis_31136200_1.out:    Running contrast 1361/1668
deg_analysis_31136200_1.out:    Running contrast 1366/1668
deg_analysis_31136200_1.out:    Running contrast 1371/1668
deg_analysis_31136200_1.out:    Running contrast 1376/1668
deg_analysis_31136200_1.out:    Running contrast 1381/1668
deg_analysis_31136200_1.out:    Running contrast 1386/1668
deg_analysis_31136200_1.out:    Running contrast 1391/1668
deg_analysis_31136200_1.out:    Running contrast 1396/1668
deg_analysis_31136200_1.out:    Running contrast 1401/1668
deg_analysis_31136200_1.out:    Running contrast 1406/1668
deg_analysis_31136200_1.out:    Running contrast 1411/1668
deg_analysis_31136200_1.out:    Running contrast 1416/1668
deg_analysis_31136200_1.out:    Running contrast 1421/1668
deg_analysis_31136200_1.out:    Running contrast 1426/1668
deg_analysis_31136200_1.out:    Running contrast 1431/1668
deg_analysis_31136200_1.out:    Running contrast 1436/1668
deg_analysis_31136200_1.out:    Running contrast 1441/1668
deg_analysis_31136200_1.out:    Running contrast 1446/1668
deg_analysis_31136200_1.out:    Running contrast 1451/1668
deg_analysis_31136200_1.out:    Running contrast 1456/1668
deg_analysis_31136200_1.out:    Running contrast 1461/1668
deg_analysis_31136200_1.out:    Running contrast 1466/1668
deg_analysis_31136200_1.out:    Running contrast 1471/1668
deg_analysis_31136200_1.out:    Running contrast 1476/1668
deg_analysis_31136200_1.out:    Running contrast 1481/1668
deg_analysis_31136200_1.out:    Running contrast 1486/1668
deg_analysis_31136200_1.out:    Running contrast 1491/1668
deg_analysis_31136200_1.out:    Running contrast 1496/1668
deg_analysis_31136200_1.out:    Running contrast 1501/1668
deg_analysis_31136200_1.out:    Running contrast 1506/1668
deg_analysis_31136200_1.out:    Running contrast 1511/1668
deg_analysis_31136200_1.out:    Running contrast 1516/1668
deg_analysis_31136200_1.out:    Running contrast 1521/1668
deg_analysis_31136200_1.out:    Running contrast 1526/1668
deg_analysis_31136200_1.out:    Running contrast 1531/1668
deg_analysis_31136200_1.out:    Running contrast 1536/1668
deg_analysis_31136200_1.out:    Running contrast 1541/1668
deg_analysis_31136200_1.out:    Running contrast 1546/1668
deg_analysis_31136200_1.out:    Running contrast 1551/1668
deg_analysis_31136200_1.out:    Running contrast 1556/1668
deg_analysis_31136200_1.out:    Running contrast 1561/1668
deg_analysis_31136200_1.out:    Running contrast 1566/1668
deg_analysis_31136200_1.out:    Running contrast 1571/1668
deg_analysis_31136200_1.out:    Running contrast 1576/1668
deg_analysis_31136200_1.out:    Running contrast 1581/1668
deg_analysis_31136200_1.out:    Running contrast 1586/1668
deg_analysis_31136200_1.out:    Running contrast 1591/1668
deg_analysis_31136200_1.out:    Running contrast 1596/1668
deg_analysis_31136200_1.out:    Running contrast 1601/1668
deg_analysis_31136200_1.out:    Running contrast 1606/1668
deg_analysis_31136200_1.out:    Running contrast 1611/1668
deg_analysis_31136200_1.out:    Running contrast 1616/1668
deg_analysis_31136200_1.out:    Running contrast 1621/1668
deg_analysis_31136200_1.out:    Running contrast 1626/1668
deg_analysis_31136200_1.out:    Running contrast 1631/1668
deg_analysis_31136200_1.out:    Running contrast 1636/1668
deg_analysis_31136200_1.out:    Running contrast 1641/1668
deg_analysis_31136200_1.out:    Running contrast 1646/1668
deg_analysis_31136200_1.out:    Running contrast 1651/1668
deg_analysis_31136200_1.out:    Running contrast 1656/1668
deg_analysis_31136200_1.out:    Running contrast 1661/1668
deg_analysis_31136200_1.out:    Running contrast 1666/1668
deg_analysis_31136200_1.out:    Running contrast 1668/1668
deg_analysis_31136200_1.out:
deg_analysis_31136200_1.out:    Writing:  ./data/sciplex/deg_data/sep_rep/full/qc_false/filter_min_cells_10/CVCL_0023_de.h5ad 
deg_analysis_31136200_1.out:
deg_analysis_31136200_1.out:    Rewriting h5ad file: ./data/sciplex/deg_data/sep_rep/full/qc_false/filter_min_cells_10/CVCL_0023_de.h5ad 
deg_analysis_31136200_1.out:    Removed X matrix
deg_analysis_31136200_1.out:    Rewriting h5ad file is done!
deg_analysis_31136200_1.out:✓ Cell line completed in 6436.1 seconds
deg_analysis_31136200_1.out:
deg_analysis_31136200_1.out:DE analysis completed!
deg_analysis_31136200_1.out:
deg_analysis_31136200_1.out:Total runtime: 6447.5 seconds
deg_analysis_31136200_1.err:Warning messages:
deg_analysis_31136200_1.err:1: Partial NA coefficients for 7221 probe(s) 
deg_analysis_31136200_1.err:2: Partial NA coefficients for 7221 probe(s) 
deg_analysis_31136200_2.out:
deg_analysis_31136200_2.out:DE analysis started...
deg_analysis_31136200_2.out:Loaded input file:  ./data/sciplex/pseudobulk_processed/sep_rep/by_celltype/CVCL_0031_processed.h5ad 
deg_analysis_31136200_2.out:Initial dimensions:  1529  samples ×  58302  genes
deg_analysis_31136200_2.out:Filter samples with the low number of cells
deg_analysis_31136200_2.out:    Filter threshold (min_cells):  10 
deg_analysis_31136200_2.out:    n_obs:  1529 -->  1518 
deg_analysis_31136200_2.out:
deg_analysis_31136200_2.out:▶︎ Processing cell_type  1 / 1 :  CVCL_0031 
deg_analysis_31136200_2.out:    Filter controls by  pert_time_h  column
deg_analysis_31136200_2.out:        n_obs:  1518 -->  1518 
deg_analysis_31136200_2.out:
deg_analysis_31136200_2.out:    Running contrast 1/1486
deg_analysis_31136200_2.out:    Running contrast 6/1486
deg_analysis_31136200_2.out:    Running contrast 11/1486
deg_analysis_31136200_2.out:    Running contrast 16/1486
deg_analysis_31136200_2.out:    Running contrast 21/1486
deg_analysis_31136200_2.out:    Running contrast 26/1486
deg_analysis_31136200_2.out:    Running contrast 31/1486
deg_analysis_31136200_2.out:    Running contrast 36/1486
deg_analysis_31136200_2.out:    Running contrast 41/1486
deg_analysis_31136200_2.out:    Running contrast 46/1486
deg_analysis_31136200_2.out:    Running contrast 51/1486
deg_analysis_31136200_2.out:    Running contrast 56/1486
deg_analysis_31136200_2.out:    Running contrast 61/1486
deg_analysis_31136200_2.out:    Running contrast 66/1486
deg_analysis_31136200_2.out:    Running contrast 71/1486
deg_analysis_31136200_2.out:    Running contrast 76/1486
deg_analysis_31136200_2.out:    Running contrast 81/1486
deg_analysis_31136200_2.out:    Running contrast 86/1486
deg_analysis_31136200_2.out:    Running contrast 91/1486
deg_analysis_31136200_2.out:    Running contrast 96/1486
deg_analysis_31136200_2.out:    Running contrast 101/1486
deg_analysis_31136200_2.out:    Running contrast 106/1486
deg_analysis_31136200_2.out:    Running contrast 111/1486
deg_analysis_31136200_2.out:    Running contrast 116/1486
deg_analysis_31136200_2.out:    Running contrast 121/1486
deg_analysis_31136200_2.out:    Running contrast 126/1486
deg_analysis_31136200_2.out:    Running contrast 131/1486
deg_analysis_31136200_2.out:    Running contrast 136/1486
deg_analysis_31136200_2.out:    Running contrast 141/1486
deg_analysis_31136200_2.out:    Running contrast 146/1486
deg_analysis_31136200_2.out:    Running contrast 151/1486
deg_analysis_31136200_2.out:    Running contrast 156/1486
deg_analysis_31136200_2.out:    Running contrast 161/1486
deg_analysis_31136200_2.out:    Running contrast 166/1486
deg_analysis_31136200_2.out:    Running contrast 171/1486
deg_analysis_31136200_2.out:    Running contrast 176/1486
deg_analysis_31136200_2.out:    Running contrast 181/1486
deg_analysis_31136200_2.out:    Running contrast 186/1486
deg_analysis_31136200_2.out:    Running contrast 191/1486
deg_analysis_31136200_2.out:    Running contrast 196/1486
deg_analysis_31136200_2.out:    Running contrast 201/1486
deg_analysis_31136200_2.out:    Running contrast 206/1486
deg_analysis_31136200_2.out:    Running contrast 211/1486
deg_analysis_31136200_2.out:    Running contrast 216/1486
deg_analysis_31136200_2.out:    Running contrast 221/1486
deg_analysis_31136200_2.out:    Running contrast 226/1486
deg_analysis_31136200_2.out:    Running contrast 231/1486
deg_analysis_31136200_2.out:    Running contrast 236/1486
deg_analysis_31136200_2.out:    Running contrast 241/1486
deg_analysis_31136200_2.out:    Running contrast 246/1486
deg_analysis_31136200_2.out:    Running contrast 251/1486
deg_analysis_31136200_2.out:    Running contrast 256/1486
deg_analysis_31136200_2.out:    Running contrast 261/1486
deg_analysis_31136200_2.out:    Running contrast 266/1486
deg_analysis_31136200_2.out:    Running contrast 271/1486
deg_analysis_31136200_2.out:    Running contrast 276/1486
deg_analysis_31136200_2.out:    Running contrast 281/1486
deg_analysis_31136200_2.out:    Running contrast 286/1486
deg_analysis_31136200_2.out:    Running contrast 291/1486
deg_analysis_31136200_2.out:    Running contrast 296/1486
deg_analysis_31136200_2.out:    Running contrast 301/1486
deg_analysis_31136200_2.out:    Running contrast 306/1486
deg_analysis_31136200_2.out:    Running contrast 311/1486
deg_analysis_31136200_2.out:    Running contrast 316/1486
deg_analysis_31136200_2.out:    Running contrast 321/1486
deg_analysis_31136200_2.out:    Running contrast 326/1486
deg_analysis_31136200_2.out:    Running contrast 331/1486
deg_analysis_31136200_2.out:    Running contrast 336/1486
deg_analysis_31136200_2.out:    Running contrast 341/1486
deg_analysis_31136200_2.out:    Running contrast 346/1486
deg_analysis_31136200_2.out:    Running contrast 351/1486
deg_analysis_31136200_2.out:    Running contrast 356/1486
deg_analysis_31136200_2.out:    Running contrast 361/1486
deg_analysis_31136200_2.out:    Running contrast 366/1486
deg_analysis_31136200_2.out:    Running contrast 371/1486
deg_analysis_31136200_2.out:    Running contrast 376/1486
deg_analysis_31136200_2.out:    Running contrast 381/1486
deg_analysis_31136200_2.out:    Running contrast 386/1486
deg_analysis_31136200_2.out:    Running contrast 391/1486
deg_analysis_31136200_2.out:    Running contrast 396/1486
deg_analysis_31136200_2.out:    Running contrast 401/1486
deg_analysis_31136200_2.out:    Running contrast 406/1486
deg_analysis_31136200_2.out:    Running contrast 411/1486
deg_analysis_31136200_2.out:    Running contrast 416/1486
deg_analysis_31136200_2.out:    Running contrast 421/1486
deg_analysis_31136200_2.out:    Running contrast 426/1486
deg_analysis_31136200_2.out:    Running contrast 431/1486
deg_analysis_31136200_2.out:    Running contrast 436/1486
deg_analysis_31136200_2.out:    Running contrast 441/1486
deg_analysis_31136200_2.out:    Running contrast 446/1486
deg_analysis_31136200_2.out:    Running contrast 451/1486
deg_analysis_31136200_2.out:    Running contrast 456/1486
deg_analysis_31136200_2.out:    Running contrast 461/1486
deg_analysis_31136200_2.out:    Running contrast 466/1486
deg_analysis_31136200_2.out:    Running contrast 471/1486
deg_analysis_31136200_2.out:    Running contrast 476/1486
deg_analysis_31136200_2.out:    Running contrast 481/1486
deg_analysis_31136200_2.out:    Running contrast 486/1486
deg_analysis_31136200_2.out:    Running contrast 491/1486
deg_analysis_31136200_2.out:    Running contrast 496/1486
deg_analysis_31136200_2.out:    Running contrast 501/1486
deg_analysis_31136200_2.out:    Running contrast 506/1486
deg_analysis_31136200_2.out:    Running contrast 511/1486
deg_analysis_31136200_2.out:    Running contrast 516/1486
deg_analysis_31136200_2.out:    Running contrast 521/1486
deg_analysis_31136200_2.out:    Running contrast 526/1486
deg_analysis_31136200_2.out:    Running contrast 531/1486
deg_analysis_31136200_2.out:    Running contrast 536/1486
deg_analysis_31136200_2.out:    Running contrast 541/1486
deg_analysis_31136200_2.out:    Running contrast 546/1486
deg_analysis_31136200_2.out:    Running contrast 551/1486
deg_analysis_31136200_2.out:    Running contrast 556/1486
deg_analysis_31136200_2.out:    Running contrast 561/1486
deg_analysis_31136200_2.out:    Running contrast 566/1486
deg_analysis_31136200_2.out:    Running contrast 571/1486
deg_analysis_31136200_2.out:    Running contrast 576/1486
deg_analysis_31136200_2.out:    Running contrast 581/1486
deg_analysis_31136200_2.out:    Running contrast 586/1486
deg_analysis_31136200_2.out:    Running contrast 591/1486
deg_analysis_31136200_2.out:    Running contrast 596/1486
deg_analysis_31136200_2.out:    Running contrast 601/1486
deg_analysis_31136200_2.out:    Running contrast 606/1486
deg_analysis_31136200_2.out:    Running contrast 611/1486
deg_analysis_31136200_2.out:    Running contrast 616/1486
deg_analysis_31136200_2.out:    Running contrast 621/1486
deg_analysis_31136200_2.out:    Running contrast 626/1486
deg_analysis_31136200_2.out:    Running contrast 631/1486
deg_analysis_31136200_2.out:    Running contrast 636/1486
deg_analysis_31136200_2.out:    Running contrast 641/1486
deg_analysis_31136200_2.out:    Running contrast 646/1486
deg_analysis_31136200_2.out:    Running contrast 651/1486
deg_analysis_31136200_2.out:    Running contrast 656/1486
deg_analysis_31136200_2.out:    Running contrast 661/1486
deg_analysis_31136200_2.out:    Running contrast 666/1486
deg_analysis_31136200_2.out:    Running contrast 671/1486
deg_analysis_31136200_2.out:    Running contrast 676/1486
deg_analysis_31136200_2.out:    Running contrast 681/1486
deg_analysis_31136200_2.out:    Running contrast 686/1486
deg_analysis_31136200_2.out:    Running contrast 691/1486
deg_analysis_31136200_2.out:    Running contrast 696/1486
deg_analysis_31136200_2.out:    Running contrast 701/1486
deg_analysis_31136200_2.out:    Running contrast 706/1486
deg_analysis_31136200_2.out:    Running contrast 711/1486
deg_analysis_31136200_2.out:    Running contrast 716/1486
deg_analysis_31136200_2.out:    Running contrast 721/1486
deg_analysis_31136200_2.out:    Running contrast 726/1486
deg_analysis_31136200_2.out:    Running contrast 731/1486
deg_analysis_31136200_2.out:    Running contrast 736/1486
deg_analysis_31136200_2.out:    Running contrast 741/1486
deg_analysis_31136200_2.out:    Running contrast 746/1486
deg_analysis_31136200_2.out:    Running contrast 751/1486
deg_analysis_31136200_2.out:    Running contrast 756/1486
deg_analysis_31136200_2.out:    Running contrast 761/1486
deg_analysis_31136200_2.out:    Running contrast 766/1486
deg_analysis_31136200_2.out:    Running contrast 771/1486
deg_analysis_31136200_2.out:    Running contrast 776/1486
deg_analysis_31136200_2.out:    Running contrast 781/1486
deg_analysis_31136200_2.out:    Running contrast 786/1486
deg_analysis_31136200_2.out:    Running contrast 791/1486
deg_analysis_31136200_2.out:    Running contrast 796/1486
deg_analysis_31136200_2.out:    Running contrast 801/1486
deg_analysis_31136200_2.out:    Running contrast 806/1486
deg_analysis_31136200_2.out:    Running contrast 811/1486
deg_analysis_31136200_2.out:    Running contrast 816/1486
deg_analysis_31136200_2.out:    Running contrast 821/1486
deg_analysis_31136200_2.out:    Running contrast 826/1486
deg_analysis_31136200_2.out:    Running contrast 831/1486
deg_analysis_31136200_2.out:    Running contrast 836/1486
deg_analysis_31136200_2.out:    Running contrast 841/1486
deg_analysis_31136200_2.out:    Running contrast 846/1486
deg_analysis_31136200_2.out:    Running contrast 851/1486
deg_analysis_31136200_2.out:    Running contrast 856/1486
deg_analysis_31136200_2.out:    Running contrast 861/1486
deg_analysis_31136200_2.out:    Running contrast 866/1486
deg_analysis_31136200_2.out:    Running contrast 871/1486
deg_analysis_31136200_2.out:    Running contrast 876/1486
deg_analysis_31136200_2.out:    Running contrast 881/1486
deg_analysis_31136200_2.out:    Running contrast 886/1486
deg_analysis_31136200_2.out:    Running contrast 891/1486
deg_analysis_31136200_2.out:    Running contrast 896/1486
deg_analysis_31136200_2.out:    Running contrast 901/1486
deg_analysis_31136200_2.out:    Running contrast 906/1486
deg_analysis_31136200_2.out:    Running contrast 911/1486
deg_analysis_31136200_2.out:    Running contrast 916/1486
deg_analysis_31136200_2.out:    Running contrast 921/1486
deg_analysis_31136200_2.out:    Running contrast 926/1486
deg_analysis_31136200_2.out:    Running contrast 931/1486
deg_analysis_31136200_2.out:    Running contrast 936/1486
deg_analysis_31136200_2.out:    Running contrast 941/1486
deg_analysis_31136200_2.out:    Running contrast 946/1486
deg_analysis_31136200_2.out:    Running contrast 951/1486
deg_analysis_31136200_2.out:    Running contrast 956/1486
deg_analysis_31136200_2.out:    Running contrast 961/1486
deg_analysis_31136200_2.out:    Running contrast 966/1486
deg_analysis_31136200_2.out:    Running contrast 971/1486
deg_analysis_31136200_2.out:    Running contrast 976/1486
deg_analysis_31136200_2.out:    Running contrast 981/1486
deg_analysis_31136200_2.out:    Running contrast 986/1486
deg_analysis_31136200_2.out:    Running contrast 991/1486
deg_analysis_31136200_2.out:    Running contrast 996/1486
deg_analysis_31136200_2.out:    Running contrast 1001/1486
deg_analysis_31136200_2.out:    Running contrast 1006/1486
deg_analysis_31136200_2.out:    Running contrast 1011/1486
deg_analysis_31136200_2.out:    Running contrast 1016/1486
deg_analysis_31136200_2.out:    Running contrast 1021/1486
deg_analysis_31136200_2.out:    Running contrast 1026/1486
deg_analysis_31136200_2.out:    Running contrast 1031/1486
deg_analysis_31136200_2.out:    Running contrast 1036/1486
deg_analysis_31136200_2.out:    Running contrast 1041/1486
deg_analysis_31136200_2.out:    Running contrast 1046/1486
deg_analysis_31136200_2.out:    Running contrast 1051/1486
deg_analysis_31136200_2.out:    Running contrast 1056/1486
deg_analysis_31136200_2.out:    Running contrast 1061/1486
deg_analysis_31136200_2.out:    Running contrast 1066/1486
deg_analysis_31136200_2.out:    Running contrast 1071/1486
deg_analysis_31136200_2.out:    Running contrast 1076/1486
deg_analysis_31136200_2.out:    Running contrast 1081/1486
deg_analysis_31136200_2.out:    Running contrast 1086/1486
deg_analysis_31136200_2.out:    Running contrast 1091/1486
deg_analysis_31136200_2.out:    Running contrast 1096/1486
deg_analysis_31136200_2.out:    Running contrast 1101/1486
deg_analysis_31136200_2.out:    Running contrast 1106/1486
deg_analysis_31136200_2.out:    Running contrast 1111/1486
deg_analysis_31136200_2.out:    Running contrast 1116/1486
deg_analysis_31136200_2.out:    Running contrast 1121/1486
deg_analysis_31136200_2.out:    Running contrast 1126/1486
deg_analysis_31136200_2.out:    Running contrast 1131/1486
deg_analysis_31136200_2.out:    Running contrast 1136/1486
deg_analysis_31136200_2.out:    Running contrast 1141/1486
deg_analysis_31136200_2.out:    Running contrast 1146/1486
deg_analysis_31136200_2.out:    Running contrast 1151/1486
deg_analysis_31136200_2.out:    Running contrast 1156/1486
deg_analysis_31136200_2.out:    Running contrast 1161/1486
deg_analysis_31136200_2.out:    Running contrast 1166/1486
deg_analysis_31136200_2.out:    Running contrast 1171/1486
deg_analysis_31136200_2.out:    Running contrast 1176/1486
deg_analysis_31136200_2.out:    Running contrast 1181/1486
deg_analysis_31136200_2.out:    Running contrast 1186/1486
deg_analysis_31136200_2.out:    Running contrast 1191/1486
deg_analysis_31136200_2.out:    Running contrast 1196/1486
deg_analysis_31136200_2.out:    Running contrast 1201/1486
deg_analysis_31136200_2.out:    Running contrast 1206/1486
deg_analysis_31136200_2.out:    Running contrast 1211/1486
deg_analysis_31136200_2.out:    Running contrast 1216/1486
deg_analysis_31136200_2.out:    Running contrast 1221/1486
deg_analysis_31136200_2.out:    Running contrast 1226/1486
deg_analysis_31136200_2.out:    Running contrast 1231/1486
deg_analysis_31136200_2.out:    Running contrast 1236/1486
deg_analysis_31136200_2.out:    Running contrast 1241/1486
deg_analysis_31136200_2.out:    Running contrast 1246/1486
deg_analysis_31136200_2.out:    Running contrast 1251/1486
deg_analysis_31136200_2.out:    Running contrast 1256/1486
deg_analysis_31136200_2.out:    Running contrast 1261/1486
deg_analysis_31136200_2.out:    Running contrast 1266/1486
deg_analysis_31136200_2.out:    Running contrast 1271/1486
deg_analysis_31136200_2.out:    Running contrast 1276/1486
deg_analysis_31136200_2.out:    Running contrast 1281/1486
deg_analysis_31136200_2.out:    Running contrast 1286/1486
deg_analysis_31136200_2.out:    Running contrast 1291/1486
deg_analysis_31136200_2.out:    Running contrast 1296/1486
deg_analysis_31136200_2.out:    Running contrast 1301/1486
deg_analysis_31136200_2.out:    Running contrast 1306/1486
deg_analysis_31136200_2.out:    Running contrast 1311/1486
deg_analysis_31136200_2.out:    Running contrast 1316/1486
deg_analysis_31136200_2.out:    Running contrast 1321/1486
deg_analysis_31136200_2.out:    Running contrast 1326/1486
deg_analysis_31136200_2.out:    Running contrast 1331/1486
deg_analysis_31136200_2.out:    Running contrast 1336/1486
deg_analysis_31136200_2.out:    Running contrast 1341/1486
deg_analysis_31136200_2.out:    Running contrast 1346/1486
deg_analysis_31136200_2.out:    Running contrast 1351/1486
deg_analysis_31136200_2.out:    Running contrast 1356/1486
deg_analysis_31136200_2.out:    Running contrast 1361/1486
deg_analysis_31136200_2.out:    Running contrast 1366/1486
deg_analysis_31136200_2.out:    Running contrast 1371/1486
deg_analysis_31136200_2.out:    Running contrast 1376/1486
deg_analysis_31136200_2.out:    Running contrast 1381/1486
deg_analysis_31136200_2.out:    Running contrast 1386/1486
deg_analysis_31136200_2.out:    Running contrast 1391/1486
deg_analysis_31136200_2.out:    Running contrast 1396/1486
deg_analysis_31136200_2.out:    Running contrast 1401/1486
deg_analysis_31136200_2.out:    Running contrast 1406/1486
deg_analysis_31136200_2.out:    Running contrast 1411/1486
deg_analysis_31136200_2.out:    Running contrast 1416/1486
deg_analysis_31136200_2.out:    Running contrast 1421/1486
deg_analysis_31136200_2.out:    Running contrast 1426/1486
deg_analysis_31136200_2.out:    Running contrast 1431/1486
deg_analysis_31136200_2.out:    Running contrast 1436/1486
deg_analysis_31136200_2.out:    Running contrast 1441/1486
deg_analysis_31136200_2.out:    Running contrast 1446/1486
deg_analysis_31136200_2.out:    Running contrast 1451/1486
deg_analysis_31136200_2.out:    Running contrast 1456/1486
deg_analysis_31136200_2.out:    Running contrast 1461/1486
deg_analysis_31136200_2.out:    Running contrast 1466/1486
deg_analysis_31136200_2.out:    Running contrast 1471/1486
deg_analysis_31136200_2.out:    Running contrast 1476/1486
deg_analysis_31136200_2.out:    Running contrast 1481/1486
deg_analysis_31136200_2.out:    Running contrast 1486/1486
deg_analysis_31136200_2.out:
deg_analysis_31136200_2.out:    Writing:  ./data/sciplex/deg_data/sep_rep/full/qc_false/filter_min_cells_10/CVCL_0031_de.h5ad 
deg_analysis_31136200_2.out:
deg_analysis_31136200_2.out:    Rewriting h5ad file: ./data/sciplex/deg_data/sep_rep/full/qc_false/filter_min_cells_10/CVCL_0031_de.h5ad 
deg_analysis_31136200_2.out:    Removed X matrix
deg_analysis_31136200_2.out:    Rewriting h5ad file is done!
deg_analysis_31136200_2.out:✓ Cell line completed in 7978.4 seconds
deg_analysis_31136200_2.out:
deg_analysis_31136200_2.out:DE analysis completed!
deg_analysis_31136200_2.out:
deg_analysis_31136200_2.out:Total runtime: 7990.3 seconds
