2025-09-15 17:33:31 | [INFO] Read data from ./data/tahoe/raw/plate11.h5ad
2025-09-15 17:38:59 | [INFO] Read data from ./data/tahoe/raw/plate11_obs.parquet
2025-09-15 17:39:12 | [INFO] Read data from ./data/tahoe/raw/var.parquet
2025-09-15 17:39:12 | [INFO] Merge datasets
2025-09-15 17:39:24 | [INFO] Standardize anndata
2025-09-15 17:39:33 | [INFO] Mapping drugs to PubChem idx
2025-09-15 17:39:38 | [INFO] Looking up 95 new perturbations on PubChem...
2025-09-15 17:40:41 | [INFO] Determine groupby fields
2025-09-15 17:40:41 | [INFO] Initial adata size: (7435869, 62710)
2025-09-15 17:40:41 | [INFO] Filter by counts
2025-09-15 17:41:02 | [INFO]     n_obs: 7435869 --> 7151098
2025-09-15 17:41:02 | [INFO]     n_var: 62710 --> 62710
2025-09-15 17:41:02 | [INFO]     n_ct: 50 --> 50
2025-09-15 17:41:02 | [INFO]     n_pa: 95 --> 95
2025-09-15 17:41:02 | [INFO] Filter by nans
2025-09-15 17:41:21 | [INFO]     n_obs: 7151098 --> 7151098
2025-09-15 17:41:21 | [INFO]     n_var: 62710 --> 62710
2025-09-15 17:41:21 | [INFO]     n_ct: 50 --> 50
2025-09-15 17:41:21 | [INFO]     n_pa: 95 --> 95
2025-09-15 17:41:21 | [INFO] Filter by humanMALAT1
2025-09-15 17:42:18 | [INFO]     n_obs: 7151098 --> 7144443
2025-09-15 17:42:18 | [INFO]     n_var: 62710 --> 62710
2025-09-15 17:42:18 | [INFO]     n_ct: 50 --> 50
2025-09-15 17:42:18 | [INFO]     n_pa: 95 --> 95
2025-09-15 17:42:28 | [INFO] Final adata size: (7144443, 62710)
2025-09-15 17:42:28 | [INFO] Build pseudobulk
2025-09-15 20:25:06 | [INFO] Process pseudobulk
2025-09-15 20:25:18 | [INFO] Save data to ./data/tahoe/pseudobulk_to_merge/full/plate11.h5ad
