
DE analysis started...
Loaded input file:  ./data/tahoe/pseudobulk_processed/group_rep/by_celltype/CVCL_0459_processed.h5ad 
Initial dimensions:  1344  samples ×  62710  genes
Filter samples with the low number of cells
    Filter threshold (min_cells):  10 
    n_obs:  1344 -->  1342 

▶︎ Processing cell_type  1 / 1 :  CVCL_0459 
    Filter controls by  pert_time_h  column
        n_obs:  1342 -->  1342 

    Running contrast 1/1137
    Running contrast 6/1137
    Running contrast 11/1137
    Running contrast 16/1137
    Running contrast 21/1137
    Running contrast 26/1137
    Running contrast 31/1137
    Running contrast 36/1137
    Running contrast 41/1137
    Running contrast 46/1137
    Running contrast 51/1137
    Running contrast 56/1137
    Running contrast 61/1137
    Running contrast 66/1137
    Running contrast 71/1137
    Running contrast 76/1137
    Running contrast 81/1137
    Running contrast 86/1137
    Running contrast 91/1137
    Running contrast 96/1137
    Running contrast 101/1137
    Running contrast 106/1137
    Running contrast 111/1137
    Running contrast 116/1137
    Running contrast 121/1137
    Running contrast 126/1137
    Running contrast 131/1137
    Running contrast 136/1137
    Running contrast 141/1137
    Running contrast 146/1137
    Running contrast 151/1137
    Running contrast 156/1137
    Running contrast 161/1137
    Running contrast 166/1137
    Running contrast 171/1137
    Running contrast 176/1137
    Running contrast 181/1137
    Running contrast 186/1137
    Running contrast 191/1137
    Running contrast 196/1137
    Running contrast 201/1137
    Running contrast 206/1137
    Running contrast 211/1137
    Running contrast 216/1137
    Running contrast 221/1137
    Running contrast 226/1137
    Running contrast 231/1137
    Running contrast 236/1137
    Running contrast 241/1137
    Running contrast 246/1137
    Running contrast 251/1137
    Running contrast 256/1137
    Running contrast 261/1137
    Running contrast 266/1137
    Running contrast 271/1137
    Running contrast 276/1137
    Running contrast 281/1137
    Running contrast 286/1137
    Running contrast 291/1137
    Running contrast 296/1137
    Running contrast 301/1137
    Running contrast 306/1137
    Running contrast 311/1137
    Running contrast 316/1137
    Running contrast 321/1137
    Running contrast 326/1137
    Running contrast 331/1137
    Running contrast 336/1137
    Running contrast 341/1137
    Running contrast 346/1137
    Running contrast 351/1137
    Running contrast 356/1137
    Running contrast 361/1137
    Running contrast 366/1137
    Running contrast 371/1137
    Running contrast 376/1137
    Running contrast 381/1137
    Running contrast 386/1137
    Running contrast 391/1137
    Running contrast 396/1137
    Running contrast 401/1137
    Running contrast 406/1137
    Running contrast 411/1137
    Running contrast 416/1137
    Running contrast 421/1137
    Running contrast 426/1137
    Running contrast 431/1137
    Running contrast 436/1137
    Running contrast 441/1137
    Running contrast 446/1137
    Running contrast 451/1137
    Running contrast 456/1137
    Running contrast 461/1137
    Running contrast 466/1137
    Running contrast 471/1137
    Running contrast 476/1137
    Running contrast 481/1137
    Running contrast 486/1137
    Running contrast 491/1137
    Running contrast 496/1137
    Running contrast 501/1137
    Running contrast 506/1137
    Running contrast 511/1137
    Running contrast 516/1137
    Running contrast 521/1137
    Running contrast 526/1137
    Running contrast 531/1137
    Running contrast 536/1137
    Running contrast 541/1137
    Running contrast 546/1137
    Running contrast 551/1137
    Running contrast 556/1137
    Running contrast 561/1137
    Running contrast 566/1137
    Running contrast 571/1137
    Running contrast 576/1137
    Running contrast 581/1137
    Running contrast 586/1137
    Running contrast 591/1137
    Running contrast 596/1137
    Running contrast 601/1137
    Running contrast 606/1137
    Running contrast 611/1137
    Running contrast 616/1137
    Running contrast 621/1137
    Running contrast 626/1137
    Running contrast 631/1137
    Running contrast 636/1137
    Running contrast 641/1137
    Running contrast 646/1137
    Running contrast 651/1137
    Running contrast 656/1137
    Running contrast 661/1137
    Running contrast 666/1137
    Running contrast 671/1137
    Running contrast 676/1137
    Running contrast 681/1137
    Running contrast 686/1137
    Running contrast 691/1137
    Running contrast 696/1137
    Running contrast 701/1137
    Running contrast 706/1137
    Running contrast 711/1137
    Running contrast 716/1137
    Running contrast 721/1137
    Running contrast 726/1137
    Running contrast 731/1137
    Running contrast 736/1137
    Running contrast 741/1137
    Running contrast 746/1137
    Running contrast 751/1137
    Running contrast 756/1137
    Running contrast 761/1137
    Running contrast 766/1137
    Running contrast 771/1137
    Running contrast 776/1137
    Running contrast 781/1137
    Running contrast 786/1137
    Running contrast 791/1137
    Running contrast 796/1137
    Running contrast 801/1137
    Running contrast 806/1137
    Running contrast 811/1137
    Running contrast 816/1137
    Running contrast 821/1137
    Running contrast 826/1137
    Running contrast 831/1137
    Running contrast 836/1137
    Running contrast 841/1137
    Running contrast 846/1137
    Running contrast 851/1137
    Running contrast 856/1137
    Running contrast 861/1137
    Running contrast 866/1137
    Running contrast 871/1137
    Running contrast 876/1137
    Running contrast 881/1137
    Running contrast 886/1137
    Running contrast 891/1137
    Running contrast 896/1137
    Running contrast 901/1137
    Running contrast 906/1137
    Running contrast 911/1137
    Running contrast 916/1137
    Running contrast 921/1137
    Running contrast 926/1137
    Running contrast 931/1137
    Running contrast 936/1137
    Running contrast 941/1137
    Running contrast 946/1137
    Running contrast 951/1137
    Running contrast 956/1137
    Running contrast 961/1137
    Running contrast 966/1137
    Running contrast 971/1137
    Running contrast 976/1137
    Running contrast 981/1137
    Running contrast 986/1137
    Running contrast 991/1137
    Running contrast 996/1137
    Running contrast 1001/1137
    Running contrast 1006/1137
    Running contrast 1011/1137
    Running contrast 1016/1137
    Running contrast 1021/1137
    Running contrast 1026/1137
    Running contrast 1031/1137
    Running contrast 1036/1137
    Running contrast 1041/1137
    Running contrast 1046/1137
    Running contrast 1051/1137
    Running contrast 1056/1137
    Running contrast 1061/1137
    Running contrast 1066/1137
    Running contrast 1071/1137
    Running contrast 1076/1137
    Running contrast 1081/1137
    Running contrast 1086/1137
    Running contrast 1091/1137
    Running contrast 1096/1137
    Running contrast 1101/1137
    Running contrast 1106/1137
    Running contrast 1111/1137
    Running contrast 1116/1137
    Running contrast 1121/1137
    Running contrast 1126/1137
    Running contrast 1131/1137
    Running contrast 1136/1137
    Running contrast 1137/1137

    Writing:  ./data/tahoe/deg_data/group_rep/full/qc_false/filter_min_cells_10/CVCL_0459_de.h5ad 

    Rewriting h5ad file: ./data/tahoe/deg_data/group_rep/full/qc_false/filter_min_cells_10/CVCL_0459_de.h5ad 
    Removed X matrix
    Rewriting h5ad file is done!
✓ Cell line completed in 8977.0 seconds

DE analysis completed!

Total runtime: 8989.4 seconds
