
DE analysis started...
Loaded input file:  ./data/tahoe/pseudobulk_processed/group_rep/by_celltype/CVCL_1715_processed.h5ad 
Initial dimensions:  1340  samples ×  62710  genes
Filter samples with the low number of cells
    Filter threshold (min_cells):  10 
    n_obs:  1340 -->  1326 

▶︎ Processing cell_type  1 / 1 :  CVCL_1715 
    Filter controls by  pert_time_h  column
        n_obs:  1326 -->  1326 

    Running contrast 1/1129
    Running contrast 6/1129
    Running contrast 11/1129
    Running contrast 16/1129
    Running contrast 21/1129
    Running contrast 26/1129
    Running contrast 31/1129
    Running contrast 36/1129
    Running contrast 41/1129
    Running contrast 46/1129
    Running contrast 51/1129
    Running contrast 56/1129
    Running contrast 61/1129
    Running contrast 66/1129
    Running contrast 71/1129
    Running contrast 76/1129
    Running contrast 81/1129
    Running contrast 86/1129
    Running contrast 91/1129
    Running contrast 96/1129
    Running contrast 101/1129
    Running contrast 106/1129
    Running contrast 111/1129
    Running contrast 116/1129
    Running contrast 121/1129
    Running contrast 126/1129
    Running contrast 131/1129
    Running contrast 136/1129
    Running contrast 141/1129
    Running contrast 146/1129
    Running contrast 151/1129
    Running contrast 156/1129
    Running contrast 161/1129
    Running contrast 166/1129
    Running contrast 171/1129
    Running contrast 176/1129
    Running contrast 181/1129
    Running contrast 186/1129
    Running contrast 191/1129
    Running contrast 196/1129
    Running contrast 201/1129
    Running contrast 206/1129
    Running contrast 211/1129
    Running contrast 216/1129
    Running contrast 221/1129
    Running contrast 226/1129
    Running contrast 231/1129
    Running contrast 236/1129
    Running contrast 241/1129
    Running contrast 246/1129
    Running contrast 251/1129
    Running contrast 256/1129
    Running contrast 261/1129
    Running contrast 266/1129
    Running contrast 271/1129
    Running contrast 276/1129
    Running contrast 281/1129
    Running contrast 286/1129
    Running contrast 291/1129
    Running contrast 296/1129
    Running contrast 301/1129
    Running contrast 306/1129
    Running contrast 311/1129
    Running contrast 316/1129
    Running contrast 321/1129
    Running contrast 326/1129
    Running contrast 331/1129
    Running contrast 336/1129
    Running contrast 341/1129
    Running contrast 346/1129
    Running contrast 351/1129
    Running contrast 356/1129
    Running contrast 361/1129
    Running contrast 366/1129
    Running contrast 371/1129
    Running contrast 376/1129
    Running contrast 381/1129
    Running contrast 386/1129
    Running contrast 391/1129
    Running contrast 396/1129
    Running contrast 401/1129
    Running contrast 406/1129
    Running contrast 411/1129
    Running contrast 416/1129
    Running contrast 421/1129
    Running contrast 426/1129
    Running contrast 431/1129
    Running contrast 436/1129
    Running contrast 441/1129
    Running contrast 446/1129
    Running contrast 451/1129
    Running contrast 456/1129
    Running contrast 461/1129
    Running contrast 466/1129
    Running contrast 471/1129
    Running contrast 476/1129
    Running contrast 481/1129
    Running contrast 486/1129
    Running contrast 491/1129
    Running contrast 496/1129
    Running contrast 501/1129
    Running contrast 506/1129
    Running contrast 511/1129
    Running contrast 516/1129
    Running contrast 521/1129
    Running contrast 526/1129
    Running contrast 531/1129
    Running contrast 536/1129
    Running contrast 541/1129
    Running contrast 546/1129
    Running contrast 551/1129
    Running contrast 556/1129
    Running contrast 561/1129
    Running contrast 566/1129
    Running contrast 571/1129
    Running contrast 576/1129
    Running contrast 581/1129
    Running contrast 586/1129
    Running contrast 591/1129
    Running contrast 596/1129
    Running contrast 601/1129
    Running contrast 606/1129
    Running contrast 611/1129
    Running contrast 616/1129
    Running contrast 621/1129
    Running contrast 626/1129
    Running contrast 631/1129
    Running contrast 636/1129
    Running contrast 641/1129
    Running contrast 646/1129
    Running contrast 651/1129
    Running contrast 656/1129
    Running contrast 661/1129
    Running contrast 666/1129
    Running contrast 671/1129
    Running contrast 676/1129
    Running contrast 681/1129
    Running contrast 686/1129
    Running contrast 691/1129
    Running contrast 696/1129
    Running contrast 701/1129
    Running contrast 706/1129
    Running contrast 711/1129
    Running contrast 716/1129
    Running contrast 721/1129
    Running contrast 726/1129
    Running contrast 731/1129
    Running contrast 736/1129
    Running contrast 741/1129
    Running contrast 746/1129
    Running contrast 751/1129
    Running contrast 756/1129
    Running contrast 761/1129
    Running contrast 766/1129
    Running contrast 771/1129
    Running contrast 776/1129
    Running contrast 781/1129
    Running contrast 786/1129
    Running contrast 791/1129
    Running contrast 796/1129
    Running contrast 801/1129
    Running contrast 806/1129
    Running contrast 811/1129
    Running contrast 816/1129
    Running contrast 821/1129
    Running contrast 826/1129
    Running contrast 831/1129
    Running contrast 836/1129
    Running contrast 841/1129
    Running contrast 846/1129
    Running contrast 851/1129
    Running contrast 856/1129
    Running contrast 861/1129
    Running contrast 866/1129
    Running contrast 871/1129
    Running contrast 876/1129
    Running contrast 881/1129
    Running contrast 886/1129
    Running contrast 891/1129
    Running contrast 896/1129
    Running contrast 901/1129
    Running contrast 906/1129
    Running contrast 911/1129
    Running contrast 916/1129
    Running contrast 921/1129
    Running contrast 926/1129
    Running contrast 931/1129
    Running contrast 936/1129
    Running contrast 941/1129
    Running contrast 946/1129
    Running contrast 951/1129
    Running contrast 956/1129
    Running contrast 961/1129
    Running contrast 966/1129
    Running contrast 971/1129
    Running contrast 976/1129
    Running contrast 981/1129
    Running contrast 986/1129
    Running contrast 991/1129
    Running contrast 996/1129
    Running contrast 1001/1129
    Running contrast 1006/1129
    Running contrast 1011/1129
    Running contrast 1016/1129
    Running contrast 1021/1129
    Running contrast 1026/1129
    Running contrast 1031/1129
    Running contrast 1036/1129
    Running contrast 1041/1129
    Running contrast 1046/1129
    Running contrast 1051/1129
    Running contrast 1056/1129
    Running contrast 1061/1129
    Running contrast 1066/1129
    Running contrast 1071/1129
    Running contrast 1076/1129
    Running contrast 1081/1129
    Running contrast 1086/1129
    Running contrast 1091/1129
    Running contrast 1096/1129
    Running contrast 1101/1129
    Running contrast 1106/1129
    Running contrast 1111/1129
    Running contrast 1116/1129
    Running contrast 1121/1129
    Running contrast 1126/1129
    Running contrast 1129/1129

    Writing:  ./data/tahoe/deg_data/group_rep/full/qc_false/filter_min_cells_10/CVCL_1715_de.h5ad 

    Rewriting h5ad file: ./data/tahoe/deg_data/group_rep/full/qc_false/filter_min_cells_10/CVCL_1715_de.h5ad 
    Removed X matrix
    Rewriting h5ad file is done!
✓ Cell line completed in 3936.1 seconds

DE analysis completed!

Total runtime: 3947.4 seconds
