
DE analysis started...
Loaded input file:  ./data/tahoe/pseudobulk_processed/group_rep/by_celltype/CVCL_1531_processed.h5ad 
Initial dimensions:  1331  samples ×  62710  genes
Filter samples with the low number of cells
    Filter threshold (min_cells):  10 
    n_obs:  1331 -->  1226 

▶︎ Processing cell_type  1 / 1 :  CVCL_1531 
    Filter controls by  pert_time_h  column
        n_obs:  1226 -->  1226 

    Running contrast 1/1043
    Running contrast 6/1043
    Running contrast 11/1043
    Running contrast 16/1043
    Running contrast 21/1043
    Running contrast 26/1043
    Running contrast 31/1043
    Running contrast 36/1043
    Running contrast 41/1043
    Running contrast 46/1043
    Running contrast 51/1043
    Running contrast 56/1043
    Running contrast 61/1043
    Running contrast 66/1043
    Running contrast 71/1043
    Running contrast 76/1043
    Running contrast 81/1043
    Running contrast 86/1043
    Running contrast 91/1043
    Running contrast 96/1043
    Running contrast 101/1043
    Running contrast 106/1043
    Running contrast 111/1043
    Running contrast 116/1043
    Running contrast 121/1043
    Running contrast 126/1043
    Running contrast 131/1043
    Running contrast 136/1043
    Running contrast 141/1043
    Running contrast 146/1043
    Running contrast 151/1043
    Running contrast 156/1043
    Running contrast 161/1043
    Running contrast 166/1043
    Running contrast 171/1043
    Running contrast 176/1043
    Running contrast 181/1043
    Running contrast 186/1043
    Running contrast 191/1043
    Running contrast 196/1043
    Running contrast 201/1043
    Running contrast 206/1043
    Running contrast 211/1043
    Running contrast 216/1043
    Running contrast 221/1043
    Running contrast 226/1043
    Running contrast 231/1043
    Running contrast 236/1043
    Running contrast 241/1043
    Running contrast 246/1043
    Running contrast 251/1043
    Running contrast 256/1043
    Running contrast 261/1043
    Running contrast 266/1043
    Running contrast 271/1043
    Running contrast 276/1043
    Running contrast 281/1043
    Running contrast 286/1043
    Running contrast 291/1043
    Running contrast 296/1043
    Running contrast 301/1043
    Running contrast 306/1043
    Running contrast 311/1043
    Running contrast 316/1043
    Running contrast 321/1043
    Running contrast 326/1043
    Running contrast 331/1043
    Running contrast 336/1043
    Running contrast 341/1043
    Running contrast 346/1043
    Running contrast 351/1043
    Running contrast 356/1043
    Running contrast 361/1043
    Running contrast 366/1043
    Running contrast 371/1043
    Running contrast 376/1043
    Running contrast 381/1043
    Running contrast 386/1043
    Running contrast 391/1043
    Running contrast 396/1043
    Running contrast 401/1043
    Running contrast 406/1043
    Running contrast 411/1043
    Running contrast 416/1043
    Running contrast 421/1043
    Running contrast 426/1043
    Running contrast 431/1043
    Running contrast 436/1043
    Running contrast 441/1043
    Running contrast 446/1043
    Running contrast 451/1043
    Running contrast 456/1043
    Running contrast 461/1043
    Running contrast 466/1043
    Running contrast 471/1043
    Running contrast 476/1043
    Running contrast 481/1043
    Running contrast 486/1043
    Running contrast 491/1043
    Running contrast 496/1043
    Running contrast 501/1043
    Running contrast 506/1043
    Running contrast 511/1043
    Running contrast 516/1043
    Running contrast 521/1043
    Running contrast 526/1043
    Running contrast 531/1043
    Running contrast 536/1043
    Running contrast 541/1043
    Running contrast 546/1043
    Running contrast 551/1043
    Running contrast 556/1043
    Running contrast 561/1043
    Running contrast 566/1043
    Running contrast 571/1043
    Running contrast 576/1043
    Running contrast 581/1043
    Running contrast 586/1043
    Running contrast 591/1043
    Running contrast 596/1043
    Running contrast 601/1043
    Running contrast 606/1043
    Running contrast 611/1043
    Running contrast 616/1043
    Running contrast 621/1043
    Running contrast 626/1043
    Running contrast 631/1043
    Running contrast 636/1043
    Running contrast 641/1043
    Running contrast 646/1043
    Running contrast 651/1043
    Running contrast 656/1043
    Running contrast 661/1043
    Running contrast 666/1043
    Running contrast 671/1043
    Running contrast 676/1043
    Running contrast 681/1043
    Running contrast 686/1043
    Running contrast 691/1043
    Running contrast 696/1043
    Running contrast 701/1043
    Running contrast 706/1043
    Running contrast 711/1043
    Running contrast 716/1043
    Running contrast 721/1043
    Running contrast 726/1043
    Running contrast 731/1043
    Running contrast 736/1043
    Running contrast 741/1043
    Running contrast 746/1043
    Running contrast 751/1043
    Running contrast 756/1043
    Running contrast 761/1043
    Running contrast 766/1043
    Running contrast 771/1043
    Running contrast 776/1043
    Running contrast 781/1043
    Running contrast 786/1043
    Running contrast 791/1043
    Running contrast 796/1043
    Running contrast 801/1043
    Running contrast 806/1043
    Running contrast 811/1043
    Running contrast 816/1043
    Running contrast 821/1043
    Running contrast 826/1043
    Running contrast 831/1043
    Running contrast 836/1043
    Running contrast 841/1043
    Running contrast 846/1043
    Running contrast 851/1043
    Running contrast 856/1043
    Running contrast 861/1043
    Running contrast 866/1043
    Running contrast 871/1043
    Running contrast 876/1043
    Running contrast 881/1043
    Running contrast 886/1043
    Running contrast 891/1043
    Running contrast 896/1043
    Running contrast 901/1043
    Running contrast 906/1043
    Running contrast 911/1043
    Running contrast 916/1043
    Running contrast 921/1043
    Running contrast 926/1043
    Running contrast 931/1043
    Running contrast 936/1043
    Running contrast 941/1043
    Running contrast 946/1043
    Running contrast 951/1043
    Running contrast 956/1043
    Running contrast 961/1043
    Running contrast 966/1043
    Running contrast 971/1043
    Running contrast 976/1043
    Running contrast 981/1043
    Running contrast 986/1043
    Running contrast 991/1043
    Running contrast 996/1043
    Running contrast 1001/1043
    Running contrast 1006/1043
    Running contrast 1011/1043
    Running contrast 1016/1043
    Running contrast 1021/1043
    Running contrast 1026/1043
    Running contrast 1031/1043
    Running contrast 1036/1043
    Running contrast 1041/1043
    Running contrast 1043/1043

    Writing:  ./data/tahoe/deg_data/group_rep/full/qc_false/filter_min_cells_10/CVCL_1531_de.h5ad 

    Rewriting h5ad file: ./data/tahoe/deg_data/group_rep/full/qc_false/filter_min_cells_10/CVCL_1531_de.h5ad 
    Removed X matrix
    Rewriting h5ad file is done!
✓ Cell line completed in 1336.9 seconds

DE analysis completed!

Total runtime: 1348.4 seconds
