
DE analysis started...
Loaded input file:  ./data/tahoe/pseudobulk_processed/group_rep/by_celltype/CVCL_0399_processed.h5ad 
Initial dimensions:  1343  samples ×  62710  genes
Filter samples with the low number of cells
    Filter threshold (min_cells):  10 
    n_obs:  1343 -->  1336 

▶︎ Processing cell_type  1 / 1 :  CVCL_0399 
    Filter controls by  pert_time_h  column
        n_obs:  1336 -->  1336 

    Running contrast 1/1136
    Running contrast 6/1136
    Running contrast 11/1136
    Running contrast 16/1136
    Running contrast 21/1136
    Running contrast 26/1136
    Running contrast 31/1136
    Running contrast 36/1136
    Running contrast 41/1136
    Running contrast 46/1136
    Running contrast 51/1136
    Running contrast 56/1136
    Running contrast 61/1136
    Running contrast 66/1136
    Running contrast 71/1136
    Running contrast 76/1136
    Running contrast 81/1136
    Running contrast 86/1136
    Running contrast 91/1136
    Running contrast 96/1136
    Running contrast 101/1136
    Running contrast 106/1136
    Running contrast 111/1136
    Running contrast 116/1136
    Running contrast 121/1136
    Running contrast 126/1136
    Running contrast 131/1136
    Running contrast 136/1136
    Running contrast 141/1136
    Running contrast 146/1136
    Running contrast 151/1136
    Running contrast 156/1136
    Running contrast 161/1136
    Running contrast 166/1136
    Running contrast 171/1136
    Running contrast 176/1136
    Running contrast 181/1136
    Running contrast 186/1136
    Running contrast 191/1136
    Running contrast 196/1136
    Running contrast 201/1136
    Running contrast 206/1136
    Running contrast 211/1136
    Running contrast 216/1136
    Running contrast 221/1136
    Running contrast 226/1136
    Running contrast 231/1136
    Running contrast 236/1136
    Running contrast 241/1136
    Running contrast 246/1136
    Running contrast 251/1136
    Running contrast 256/1136
    Running contrast 261/1136
    Running contrast 266/1136
    Running contrast 271/1136
    Running contrast 276/1136
    Running contrast 281/1136
    Running contrast 286/1136
    Running contrast 291/1136
    Running contrast 296/1136
    Running contrast 301/1136
    Running contrast 306/1136
    Running contrast 311/1136
    Running contrast 316/1136
    Running contrast 321/1136
    Running contrast 326/1136
    Running contrast 331/1136
    Running contrast 336/1136
    Running contrast 341/1136
    Running contrast 346/1136
    Running contrast 351/1136
    Running contrast 356/1136
    Running contrast 361/1136
    Running contrast 366/1136
    Running contrast 371/1136
    Running contrast 376/1136
    Running contrast 381/1136
    Running contrast 386/1136
    Running contrast 391/1136
    Running contrast 396/1136
    Running contrast 401/1136
    Running contrast 406/1136
    Running contrast 411/1136
    Running contrast 416/1136
    Running contrast 421/1136
    Running contrast 426/1136
    Running contrast 431/1136
    Running contrast 436/1136
    Running contrast 441/1136
    Running contrast 446/1136
    Running contrast 451/1136
    Running contrast 456/1136
    Running contrast 461/1136
    Running contrast 466/1136
    Running contrast 471/1136
    Running contrast 476/1136
    Running contrast 481/1136
    Running contrast 486/1136
    Running contrast 491/1136
    Running contrast 496/1136
    Running contrast 501/1136
    Running contrast 506/1136
    Running contrast 511/1136
    Running contrast 516/1136
    Running contrast 521/1136
    Running contrast 526/1136
    Running contrast 531/1136
    Running contrast 536/1136
    Running contrast 541/1136
    Running contrast 546/1136
    Running contrast 551/1136
    Running contrast 556/1136
    Running contrast 561/1136
    Running contrast 566/1136
    Running contrast 571/1136
    Running contrast 576/1136
    Running contrast 581/1136
    Running contrast 586/1136
    Running contrast 591/1136
    Running contrast 596/1136
    Running contrast 601/1136
    Running contrast 606/1136
    Running contrast 611/1136
    Running contrast 616/1136
    Running contrast 621/1136
    Running contrast 626/1136
    Running contrast 631/1136
    Running contrast 636/1136
    Running contrast 641/1136
    Running contrast 646/1136
    Running contrast 651/1136
    Running contrast 656/1136
    Running contrast 661/1136
    Running contrast 666/1136
    Running contrast 671/1136
    Running contrast 676/1136
    Running contrast 681/1136
    Running contrast 686/1136
    Running contrast 691/1136
    Running contrast 696/1136
    Running contrast 701/1136
    Running contrast 706/1136
    Running contrast 711/1136
    Running contrast 716/1136
    Running contrast 721/1136
    Running contrast 726/1136
    Running contrast 731/1136
    Running contrast 736/1136
    Running contrast 741/1136
    Running contrast 746/1136
    Running contrast 751/1136
    Running contrast 756/1136
    Running contrast 761/1136
    Running contrast 766/1136
    Running contrast 771/1136
    Running contrast 776/1136
    Running contrast 781/1136
    Running contrast 786/1136
    Running contrast 791/1136
    Running contrast 796/1136
    Running contrast 801/1136
    Running contrast 806/1136
    Running contrast 811/1136
    Running contrast 816/1136
    Running contrast 821/1136
    Running contrast 826/1136
    Running contrast 831/1136
    Running contrast 836/1136
    Running contrast 841/1136
    Running contrast 846/1136
    Running contrast 851/1136
    Running contrast 856/1136
    Running contrast 861/1136
    Running contrast 866/1136
    Running contrast 871/1136
    Running contrast 876/1136
    Running contrast 881/1136
    Running contrast 886/1136
    Running contrast 891/1136
    Running contrast 896/1136
    Running contrast 901/1136
    Running contrast 906/1136
    Running contrast 911/1136
    Running contrast 916/1136
    Running contrast 921/1136
    Running contrast 926/1136
    Running contrast 931/1136
    Running contrast 936/1136
    Running contrast 941/1136
    Running contrast 946/1136
    Running contrast 951/1136
    Running contrast 956/1136
    Running contrast 961/1136
    Running contrast 966/1136
    Running contrast 971/1136
    Running contrast 976/1136
    Running contrast 981/1136
    Running contrast 986/1136
    Running contrast 991/1136
    Running contrast 996/1136
    Running contrast 1001/1136
    Running contrast 1006/1136
    Running contrast 1011/1136
    Running contrast 1016/1136
    Running contrast 1021/1136
    Running contrast 1026/1136
    Running contrast 1031/1136
    Running contrast 1036/1136
    Running contrast 1041/1136
    Running contrast 1046/1136
    Running contrast 1051/1136
    Running contrast 1056/1136
    Running contrast 1061/1136
    Running contrast 1066/1136
    Running contrast 1071/1136
    Running contrast 1076/1136
    Running contrast 1081/1136
    Running contrast 1086/1136
    Running contrast 1091/1136
    Running contrast 1096/1136
    Running contrast 1101/1136
    Running contrast 1106/1136
    Running contrast 1111/1136
    Running contrast 1116/1136
    Running contrast 1121/1136
    Running contrast 1126/1136
    Running contrast 1131/1136
    Running contrast 1136/1136

    Writing:  ./data/tahoe/deg_data/group_rep/full/qc_false/filter_min_cells_10/CVCL_0399_de.h5ad 

    Rewriting h5ad file: ./data/tahoe/deg_data/group_rep/full/qc_false/filter_min_cells_10/CVCL_0399_de.h5ad 
    Removed X matrix
    Rewriting h5ad file is done!
✓ Cell line completed in 8930.3 seconds

DE analysis completed!

Total runtime: 8943.7 seconds
