2025-11-10 01:21:19 | [INFO] Read pseudobulk file
2025-11-10 01:23:07 | [INFO] Add perturbation label
2025-11-10 01:23:09 | [INFO] Save data
2025-11-10 01:34:40 | [INFO] Splitting into 50 cell types
2025-11-10 01:34:54 | [INFO]   Saved: CVCL_0023 (1342 obs)
2025-11-10 01:35:05 | [INFO]   Saved: CVCL_0028 (1339 obs)
2025-11-10 01:35:20 | [INFO]   Saved: CVCL_0069 (1339 obs)
2025-11-10 01:35:32 | [INFO]   Saved: CVCL_0099 (1340 obs)
2025-11-10 01:35:48 | [INFO]   Saved: CVCL_0131 (1338 obs)
2025-11-10 01:36:02 | [INFO]   Saved: CVCL_0152 (1341 obs)
2025-11-10 01:36:16 | [INFO]   Saved: CVCL_0179 (1338 obs)
2025-11-10 01:36:29 | [INFO]   Saved: CVCL_0218 (1343 obs)
2025-11-10 01:36:42 | [INFO]   Saved: CVCL_0292 (1343 obs)
2025-11-10 01:36:59 | [INFO]   Saved: CVCL_0293 (1342 obs)
2025-11-10 01:37:14 | [INFO]   Saved: CVCL_0320 (1342 obs)
2025-11-10 01:37:29 | [INFO]   Saved: CVCL_0332 (1342 obs)
2025-11-10 01:37:44 | [INFO]   Saved: CVCL_0334 (1340 obs)
2025-11-10 01:37:59 | [INFO]   Saved: CVCL_0359 (1342 obs)
2025-11-10 01:38:13 | [INFO]   Saved: CVCL_0366 (1344 obs)
2025-11-10 01:38:28 | [INFO]   Saved: CVCL_0371 (1340 obs)
2025-11-10 01:38:43 | [INFO]   Saved: CVCL_0397 (1342 obs)
2025-11-10 01:39:00 | [INFO]   Saved: CVCL_0399 (1343 obs)
2025-11-10 01:39:15 | [INFO]   Saved: CVCL_0428 (1337 obs)
2025-11-10 01:39:32 | [INFO]   Saved: CVCL_0459 (1344 obs)
2025-11-10 01:39:50 | [INFO]   Saved: CVCL_0480 (1338 obs)
2025-11-10 01:40:04 | [INFO]   Saved: CVCL_0504 (1344 obs)
2025-11-10 01:40:22 | [INFO]   Saved: CVCL_0546 (1343 obs)
2025-11-10 01:40:37 | [INFO]   Saved: CVCL_1055 (1340 obs)
2025-11-10 01:40:54 | [INFO]   Saved: CVCL_1056 (1340 obs)
2025-11-10 01:41:07 | [INFO]   Saved: CVCL_1094 (1342 obs)
2025-11-10 01:41:21 | [INFO]   Saved: CVCL_1097 (1341 obs)
2025-11-10 01:41:34 | [INFO]   Saved: CVCL_1098 (1342 obs)
2025-11-10 01:41:50 | [INFO]   Saved: CVCL_1119 (1341 obs)
2025-11-10 01:42:00 | [INFO]   Saved: CVCL_1125 (1340 obs)
2025-11-10 01:42:13 | [INFO]   Saved: CVCL_1239 (1343 obs)
2025-11-10 01:42:29 | [INFO]   Saved: CVCL_1285 (1343 obs)
2025-11-10 01:42:44 | [INFO]   Saved: CVCL_1381 (1342 obs)
2025-11-10 01:43:01 | [INFO]   Saved: CVCL_1478 (1341 obs)
2025-11-10 01:43:15 | [INFO]   Saved: CVCL_1495 (1338 obs)
2025-11-10 01:43:32 | [INFO]   Saved: CVCL_1517 (1344 obs)
2025-11-10 01:43:36 | [INFO]   Saved: CVCL_1531 (1331 obs)
2025-11-10 01:43:51 | [INFO]   Saved: CVCL_1547 (1340 obs)
2025-11-10 01:44:07 | [INFO]   Saved: CVCL_1550 (1338 obs)
2025-11-10 01:44:10 | [INFO]   Saved: CVCL_1571 (1331 obs)
2025-11-10 01:44:19 | [INFO]   Saved: CVCL_1577 (1333 obs)
2025-11-10 01:44:34 | [INFO]   Saved: CVCL_1635 (1341 obs)
2025-11-10 01:44:48 | [INFO]   Saved: CVCL_1666 (1341 obs)
2025-11-10 01:45:02 | [INFO]   Saved: CVCL_1693 (1342 obs)
2025-11-10 01:45:10 | [INFO]   Saved: CVCL_1715 (1340 obs)
2025-11-10 01:45:19 | [INFO]   Saved: CVCL_1716 (1333 obs)
2025-11-10 01:45:34 | [INFO]   Saved: CVCL_1717 (1340 obs)
2025-11-10 01:45:47 | [INFO]   Saved: CVCL_1724 (1339 obs)
2025-11-10 01:46:01 | [INFO]   Saved: CVCL_1731 (1342 obs)
2025-11-10 01:46:14 | [INFO]   Saved: CVCL_C466 (1344 obs)
