
DE analysis started...
Loaded input file:  ./data/tahoe/pseudobulk_processed/group_rep/by_celltype/CVCL_1239_processed.h5ad 
Initial dimensions:  1343  samples ×  62710  genes
Filter samples with the low number of cells
    Filter threshold (min_cells):  10 
    n_obs:  1343 -->  1331 

▶︎ Processing cell_type  1 / 1 :  CVCL_1239 
    Filter controls by  pert_time_h  column
        n_obs:  1331 -->  1331 

    Running contrast 1/1134
    Running contrast 6/1134
    Running contrast 11/1134
    Running contrast 16/1134
    Running contrast 21/1134
    Running contrast 26/1134
    Running contrast 31/1134
    Running contrast 36/1134
    Running contrast 41/1134
    Running contrast 46/1134
    Running contrast 51/1134
    Running contrast 56/1134
    Running contrast 61/1134
    Running contrast 66/1134
    Running contrast 71/1134
    Running contrast 76/1134
    Running contrast 81/1134
    Running contrast 86/1134
    Running contrast 91/1134
    Running contrast 96/1134
    Running contrast 101/1134
    Running contrast 106/1134
    Running contrast 111/1134
    Running contrast 116/1134
    Running contrast 121/1134
    Running contrast 126/1134
    Running contrast 131/1134
    Running contrast 136/1134
    Running contrast 141/1134
    Running contrast 146/1134
    Running contrast 151/1134
    Running contrast 156/1134
    Running contrast 161/1134
    Running contrast 166/1134
    Running contrast 171/1134
    Running contrast 176/1134
    Running contrast 181/1134
    Running contrast 186/1134
    Running contrast 191/1134
    Running contrast 196/1134
    Running contrast 201/1134
    Running contrast 206/1134
    Running contrast 211/1134
    Running contrast 216/1134
    Running contrast 221/1134
    Running contrast 226/1134
    Running contrast 231/1134
    Running contrast 236/1134
    Running contrast 241/1134
    Running contrast 246/1134
    Running contrast 251/1134
    Running contrast 256/1134
    Running contrast 261/1134
    Running contrast 266/1134
    Running contrast 271/1134
    Running contrast 276/1134
    Running contrast 281/1134
    Running contrast 286/1134
    Running contrast 291/1134
    Running contrast 296/1134
    Running contrast 301/1134
    Running contrast 306/1134
    Running contrast 311/1134
    Running contrast 316/1134
    Running contrast 321/1134
    Running contrast 326/1134
    Running contrast 331/1134
    Running contrast 336/1134
    Running contrast 341/1134
    Running contrast 346/1134
    Running contrast 351/1134
    Running contrast 356/1134
    Running contrast 361/1134
    Running contrast 366/1134
    Running contrast 371/1134
    Running contrast 376/1134
    Running contrast 381/1134
    Running contrast 386/1134
    Running contrast 391/1134
    Running contrast 396/1134
    Running contrast 401/1134
    Running contrast 406/1134
    Running contrast 411/1134
    Running contrast 416/1134
    Running contrast 421/1134
    Running contrast 426/1134
    Running contrast 431/1134
    Running contrast 436/1134
    Running contrast 441/1134
    Running contrast 446/1134
    Running contrast 451/1134
    Running contrast 456/1134
    Running contrast 461/1134
    Running contrast 466/1134
    Running contrast 471/1134
    Running contrast 476/1134
    Running contrast 481/1134
    Running contrast 486/1134
    Running contrast 491/1134
    Running contrast 496/1134
    Running contrast 501/1134
    Running contrast 506/1134
    Running contrast 511/1134
    Running contrast 516/1134
    Running contrast 521/1134
    Running contrast 526/1134
    Running contrast 531/1134
    Running contrast 536/1134
    Running contrast 541/1134
    Running contrast 546/1134
    Running contrast 551/1134
    Running contrast 556/1134
    Running contrast 561/1134
    Running contrast 566/1134
    Running contrast 571/1134
    Running contrast 576/1134
    Running contrast 581/1134
    Running contrast 586/1134
    Running contrast 591/1134
    Running contrast 596/1134
    Running contrast 601/1134
    Running contrast 606/1134
    Running contrast 611/1134
    Running contrast 616/1134
    Running contrast 621/1134
    Running contrast 626/1134
    Running contrast 631/1134
    Running contrast 636/1134
    Running contrast 641/1134
    Running contrast 646/1134
    Running contrast 651/1134
    Running contrast 656/1134
    Running contrast 661/1134
    Running contrast 666/1134
    Running contrast 671/1134
    Running contrast 676/1134
    Running contrast 681/1134
    Running contrast 686/1134
    Running contrast 691/1134
    Running contrast 696/1134
    Running contrast 701/1134
    Running contrast 706/1134
    Running contrast 711/1134
    Running contrast 716/1134
    Running contrast 721/1134
    Running contrast 726/1134
    Running contrast 731/1134
    Running contrast 736/1134
    Running contrast 741/1134
    Running contrast 746/1134
    Running contrast 751/1134
    Running contrast 756/1134
    Running contrast 761/1134
    Running contrast 766/1134
    Running contrast 771/1134
    Running contrast 776/1134
    Running contrast 781/1134
    Running contrast 786/1134
    Running contrast 791/1134
    Running contrast 796/1134
    Running contrast 801/1134
    Running contrast 806/1134
    Running contrast 811/1134
    Running contrast 816/1134
    Running contrast 821/1134
    Running contrast 826/1134
    Running contrast 831/1134
    Running contrast 836/1134
    Running contrast 841/1134
    Running contrast 846/1134
    Running contrast 851/1134
    Running contrast 856/1134
    Running contrast 861/1134
    Running contrast 866/1134
    Running contrast 871/1134
    Running contrast 876/1134
    Running contrast 881/1134
    Running contrast 886/1134
    Running contrast 891/1134
    Running contrast 896/1134
    Running contrast 901/1134
    Running contrast 906/1134
    Running contrast 911/1134
    Running contrast 916/1134
    Running contrast 921/1134
    Running contrast 926/1134
    Running contrast 931/1134
    Running contrast 936/1134
    Running contrast 941/1134
    Running contrast 946/1134
    Running contrast 951/1134
    Running contrast 956/1134
    Running contrast 961/1134
    Running contrast 966/1134
    Running contrast 971/1134
    Running contrast 976/1134
    Running contrast 981/1134
    Running contrast 986/1134
    Running contrast 991/1134
    Running contrast 996/1134
    Running contrast 1001/1134
    Running contrast 1006/1134
    Running contrast 1011/1134
    Running contrast 1016/1134
    Running contrast 1021/1134
    Running contrast 1026/1134
    Running contrast 1031/1134
    Running contrast 1036/1134
    Running contrast 1041/1134
    Running contrast 1046/1134
    Running contrast 1051/1134
    Running contrast 1056/1134
    Running contrast 1061/1134
    Running contrast 1066/1134
    Running contrast 1071/1134
    Running contrast 1076/1134
    Running contrast 1081/1134
    Running contrast 1086/1134
    Running contrast 1091/1134
    Running contrast 1096/1134
    Running contrast 1101/1134
    Running contrast 1106/1134
    Running contrast 1111/1134
    Running contrast 1116/1134
    Running contrast 1121/1134
    Running contrast 1126/1134
    Running contrast 1131/1134
    Running contrast 1134/1134

    Writing:  ./data/tahoe/deg_data/group_rep/full/qc_false/filter_min_cells_10/CVCL_1239_de.h5ad 

    Rewriting h5ad file: ./data/tahoe/deg_data/group_rep/full/qc_false/filter_min_cells_10/CVCL_1239_de.h5ad 
    Removed X matrix
    Rewriting h5ad file is done!
✓ Cell line completed in 8149.6 seconds

DE analysis completed!

Total runtime: 8163.9 seconds
