
DE analysis started...
Loaded input file:  ./data/tahoe/pseudobulk_processed/group_rep/by_celltype/CVCL_0218_processed.h5ad 
Initial dimensions:  1343  samples ×  62710  genes
Filter samples with the low number of cells
    Filter threshold (min_cells):  10 
    n_obs:  1343 -->  1335 

▶︎ Processing cell_type  1 / 1 :  CVCL_0218 
    Filter controls by  pert_time_h  column
        n_obs:  1335 -->  1335 

    Running contrast 1/1135
    Running contrast 6/1135
    Running contrast 11/1135
    Running contrast 16/1135
    Running contrast 21/1135
    Running contrast 26/1135
    Running contrast 31/1135
    Running contrast 36/1135
    Running contrast 41/1135
    Running contrast 46/1135
    Running contrast 51/1135
    Running contrast 56/1135
    Running contrast 61/1135
    Running contrast 66/1135
    Running contrast 71/1135
    Running contrast 76/1135
    Running contrast 81/1135
    Running contrast 86/1135
    Running contrast 91/1135
    Running contrast 96/1135
    Running contrast 101/1135
    Running contrast 106/1135
    Running contrast 111/1135
    Running contrast 116/1135
    Running contrast 121/1135
    Running contrast 126/1135
    Running contrast 131/1135
    Running contrast 136/1135
    Running contrast 141/1135
    Running contrast 146/1135
    Running contrast 151/1135
    Running contrast 156/1135
    Running contrast 161/1135
    Running contrast 166/1135
    Running contrast 171/1135
    Running contrast 176/1135
    Running contrast 181/1135
    Running contrast 186/1135
    Running contrast 191/1135
    Running contrast 196/1135
    Running contrast 201/1135
    Running contrast 206/1135
    Running contrast 211/1135
    Running contrast 216/1135
    Running contrast 221/1135
    Running contrast 226/1135
    Running contrast 231/1135
    Running contrast 236/1135
    Running contrast 241/1135
    Running contrast 246/1135
    Running contrast 251/1135
    Running contrast 256/1135
    Running contrast 261/1135
    Running contrast 266/1135
    Running contrast 271/1135
    Running contrast 276/1135
    Running contrast 281/1135
    Running contrast 286/1135
    Running contrast 291/1135
    Running contrast 296/1135
    Running contrast 301/1135
    Running contrast 306/1135
    Running contrast 311/1135
    Running contrast 316/1135
    Running contrast 321/1135
    Running contrast 326/1135
    Running contrast 331/1135
    Running contrast 336/1135
    Running contrast 341/1135
    Running contrast 346/1135
    Running contrast 351/1135
    Running contrast 356/1135
    Running contrast 361/1135
    Running contrast 366/1135
    Running contrast 371/1135
    Running contrast 376/1135
    Running contrast 381/1135
    Running contrast 386/1135
    Running contrast 391/1135
    Running contrast 396/1135
    Running contrast 401/1135
    Running contrast 406/1135
    Running contrast 411/1135
    Running contrast 416/1135
    Running contrast 421/1135
    Running contrast 426/1135
    Running contrast 431/1135
    Running contrast 436/1135
    Running contrast 441/1135
    Running contrast 446/1135
    Running contrast 451/1135
    Running contrast 456/1135
    Running contrast 461/1135
    Running contrast 466/1135
    Running contrast 471/1135
    Running contrast 476/1135
    Running contrast 481/1135
    Running contrast 486/1135
    Running contrast 491/1135
    Running contrast 496/1135
    Running contrast 501/1135
    Running contrast 506/1135
    Running contrast 511/1135
    Running contrast 516/1135
    Running contrast 521/1135
    Running contrast 526/1135
    Running contrast 531/1135
    Running contrast 536/1135
    Running contrast 541/1135
    Running contrast 546/1135
    Running contrast 551/1135
    Running contrast 556/1135
    Running contrast 561/1135
    Running contrast 566/1135
    Running contrast 571/1135
    Running contrast 576/1135
    Running contrast 581/1135
    Running contrast 586/1135
    Running contrast 591/1135
    Running contrast 596/1135
    Running contrast 601/1135
    Running contrast 606/1135
    Running contrast 611/1135
    Running contrast 616/1135
    Running contrast 621/1135
    Running contrast 626/1135
    Running contrast 631/1135
    Running contrast 636/1135
    Running contrast 641/1135
    Running contrast 646/1135
    Running contrast 651/1135
    Running contrast 656/1135
    Running contrast 661/1135
    Running contrast 666/1135
    Running contrast 671/1135
    Running contrast 676/1135
    Running contrast 681/1135
    Running contrast 686/1135
    Running contrast 691/1135
    Running contrast 696/1135
    Running contrast 701/1135
    Running contrast 706/1135
    Running contrast 711/1135
    Running contrast 716/1135
    Running contrast 721/1135
    Running contrast 726/1135
    Running contrast 731/1135
    Running contrast 736/1135
    Running contrast 741/1135
    Running contrast 746/1135
    Running contrast 751/1135
    Running contrast 756/1135
    Running contrast 761/1135
    Running contrast 766/1135
    Running contrast 771/1135
    Running contrast 776/1135
    Running contrast 781/1135
    Running contrast 786/1135
    Running contrast 791/1135
    Running contrast 796/1135
    Running contrast 801/1135
    Running contrast 806/1135
    Running contrast 811/1135
    Running contrast 816/1135
    Running contrast 821/1135
    Running contrast 826/1135
    Running contrast 831/1135
    Running contrast 836/1135
    Running contrast 841/1135
    Running contrast 846/1135
    Running contrast 851/1135
    Running contrast 856/1135
    Running contrast 861/1135
    Running contrast 866/1135
    Running contrast 871/1135
    Running contrast 876/1135
    Running contrast 881/1135
    Running contrast 886/1135
    Running contrast 891/1135
    Running contrast 896/1135
    Running contrast 901/1135
    Running contrast 906/1135
    Running contrast 911/1135
    Running contrast 916/1135
    Running contrast 921/1135
    Running contrast 926/1135
    Running contrast 931/1135
    Running contrast 936/1135
    Running contrast 941/1135
    Running contrast 946/1135
    Running contrast 951/1135
    Running contrast 956/1135
    Running contrast 961/1135
    Running contrast 966/1135
    Running contrast 971/1135
    Running contrast 976/1135
    Running contrast 981/1135
    Running contrast 986/1135
    Running contrast 991/1135
    Running contrast 996/1135
    Running contrast 1001/1135
    Running contrast 1006/1135
    Running contrast 1011/1135
    Running contrast 1016/1135
    Running contrast 1021/1135
    Running contrast 1026/1135
    Running contrast 1031/1135
    Running contrast 1036/1135
    Running contrast 1041/1135
    Running contrast 1046/1135
    Running contrast 1051/1135
    Running contrast 1056/1135
    Running contrast 1061/1135
    Running contrast 1066/1135
    Running contrast 1071/1135
    Running contrast 1076/1135
    Running contrast 1081/1135
    Running contrast 1086/1135
    Running contrast 1091/1135
    Running contrast 1096/1135
    Running contrast 1101/1135
    Running contrast 1106/1135
    Running contrast 1111/1135
    Running contrast 1116/1135
    Running contrast 1121/1135
    Running contrast 1126/1135
    Running contrast 1131/1135
    Running contrast 1135/1135

    Writing:  ./data/tahoe/deg_data/group_rep/full/qc_false/filter_min_cells_10/CVCL_0218_de.h5ad 

    Rewriting h5ad file: ./data/tahoe/deg_data/group_rep/full/qc_false/filter_min_cells_10/CVCL_0218_de.h5ad 
    Removed X matrix
    Rewriting h5ad file is done!
✓ Cell line completed in 7977.4 seconds

DE analysis completed!

Total runtime: 7990.1 seconds
