
DE analysis started...
Loaded input file:  ./data/tahoe/pseudobulk_processed/group_rep/by_celltype/CVCL_1125_processed.h5ad 
Initial dimensions:  1340  samples ×  62710  genes
Filter samples with the low number of cells
    Filter threshold (min_cells):  10 
    n_obs:  1340 -->  1330 

▶︎ Processing cell_type  1 / 1 :  CVCL_1125 
    Filter controls by  pert_time_h  column
        n_obs:  1330 -->  1330 

    Running contrast 1/1133
    Running contrast 6/1133
    Running contrast 11/1133
    Running contrast 16/1133
    Running contrast 21/1133
    Running contrast 26/1133
    Running contrast 31/1133
    Running contrast 36/1133
    Running contrast 41/1133
    Running contrast 46/1133
    Running contrast 51/1133
    Running contrast 56/1133
    Running contrast 61/1133
    Running contrast 66/1133
    Running contrast 71/1133
    Running contrast 76/1133
    Running contrast 81/1133
    Running contrast 86/1133
    Running contrast 91/1133
    Running contrast 96/1133
    Running contrast 101/1133
    Running contrast 106/1133
    Running contrast 111/1133
    Running contrast 116/1133
    Running contrast 121/1133
    Running contrast 126/1133
    Running contrast 131/1133
    Running contrast 136/1133
    Running contrast 141/1133
    Running contrast 146/1133
    Running contrast 151/1133
    Running contrast 156/1133
    Running contrast 161/1133
    Running contrast 166/1133
    Running contrast 171/1133
    Running contrast 176/1133
    Running contrast 181/1133
    Running contrast 186/1133
    Running contrast 191/1133
    Running contrast 196/1133
    Running contrast 201/1133
    Running contrast 206/1133
    Running contrast 211/1133
    Running contrast 216/1133
    Running contrast 221/1133
    Running contrast 226/1133
    Running contrast 231/1133
    Running contrast 236/1133
    Running contrast 241/1133
    Running contrast 246/1133
    Running contrast 251/1133
    Running contrast 256/1133
    Running contrast 261/1133
    Running contrast 266/1133
    Running contrast 271/1133
    Running contrast 276/1133
    Running contrast 281/1133
    Running contrast 286/1133
    Running contrast 291/1133
    Running contrast 296/1133
    Running contrast 301/1133
    Running contrast 306/1133
    Running contrast 311/1133
    Running contrast 316/1133
    Running contrast 321/1133
    Running contrast 326/1133
    Running contrast 331/1133
    Running contrast 336/1133
    Running contrast 341/1133
    Running contrast 346/1133
    Running contrast 351/1133
    Running contrast 356/1133
    Running contrast 361/1133
    Running contrast 366/1133
    Running contrast 371/1133
    Running contrast 376/1133
    Running contrast 381/1133
    Running contrast 386/1133
    Running contrast 391/1133
    Running contrast 396/1133
    Running contrast 401/1133
    Running contrast 406/1133
    Running contrast 411/1133
    Running contrast 416/1133
    Running contrast 421/1133
    Running contrast 426/1133
    Running contrast 431/1133
    Running contrast 436/1133
    Running contrast 441/1133
    Running contrast 446/1133
    Running contrast 451/1133
    Running contrast 456/1133
    Running contrast 461/1133
    Running contrast 466/1133
    Running contrast 471/1133
    Running contrast 476/1133
    Running contrast 481/1133
    Running contrast 486/1133
    Running contrast 491/1133
    Running contrast 496/1133
    Running contrast 501/1133
    Running contrast 506/1133
    Running contrast 511/1133
    Running contrast 516/1133
    Running contrast 521/1133
    Running contrast 526/1133
    Running contrast 531/1133
    Running contrast 536/1133
    Running contrast 541/1133
    Running contrast 546/1133
    Running contrast 551/1133
    Running contrast 556/1133
    Running contrast 561/1133
    Running contrast 566/1133
    Running contrast 571/1133
    Running contrast 576/1133
    Running contrast 581/1133
    Running contrast 586/1133
    Running contrast 591/1133
    Running contrast 596/1133
    Running contrast 601/1133
    Running contrast 606/1133
    Running contrast 611/1133
    Running contrast 616/1133
    Running contrast 621/1133
    Running contrast 626/1133
    Running contrast 631/1133
    Running contrast 636/1133
    Running contrast 641/1133
    Running contrast 646/1133
    Running contrast 651/1133
    Running contrast 656/1133
    Running contrast 661/1133
    Running contrast 666/1133
    Running contrast 671/1133
    Running contrast 676/1133
    Running contrast 681/1133
    Running contrast 686/1133
    Running contrast 691/1133
    Running contrast 696/1133
    Running contrast 701/1133
    Running contrast 706/1133
    Running contrast 711/1133
    Running contrast 716/1133
    Running contrast 721/1133
    Running contrast 726/1133
    Running contrast 731/1133
    Running contrast 736/1133
    Running contrast 741/1133
    Running contrast 746/1133
    Running contrast 751/1133
    Running contrast 756/1133
    Running contrast 761/1133
    Running contrast 766/1133
    Running contrast 771/1133
    Running contrast 776/1133
    Running contrast 781/1133
    Running contrast 786/1133
    Running contrast 791/1133
    Running contrast 796/1133
    Running contrast 801/1133
    Running contrast 806/1133
    Running contrast 811/1133
    Running contrast 816/1133
    Running contrast 821/1133
    Running contrast 826/1133
    Running contrast 831/1133
    Running contrast 836/1133
    Running contrast 841/1133
    Running contrast 846/1133
    Running contrast 851/1133
    Running contrast 856/1133
    Running contrast 861/1133
    Running contrast 866/1133
    Running contrast 871/1133
    Running contrast 876/1133
    Running contrast 881/1133
    Running contrast 886/1133
    Running contrast 891/1133
    Running contrast 896/1133
    Running contrast 901/1133
    Running contrast 906/1133
    Running contrast 911/1133
    Running contrast 916/1133
    Running contrast 921/1133
    Running contrast 926/1133
    Running contrast 931/1133
    Running contrast 936/1133
    Running contrast 941/1133
    Running contrast 946/1133
    Running contrast 951/1133
    Running contrast 956/1133
    Running contrast 961/1133
    Running contrast 966/1133
    Running contrast 971/1133
    Running contrast 976/1133
    Running contrast 981/1133
    Running contrast 986/1133
    Running contrast 991/1133
    Running contrast 996/1133
    Running contrast 1001/1133
    Running contrast 1006/1133
    Running contrast 1011/1133
    Running contrast 1016/1133
    Running contrast 1021/1133
    Running contrast 1026/1133
    Running contrast 1031/1133
    Running contrast 1036/1133
    Running contrast 1041/1133
    Running contrast 1046/1133
    Running contrast 1051/1133
    Running contrast 1056/1133
    Running contrast 1061/1133
    Running contrast 1066/1133
    Running contrast 1071/1133
    Running contrast 1076/1133
    Running contrast 1081/1133
    Running contrast 1086/1133
    Running contrast 1091/1133
    Running contrast 1096/1133
    Running contrast 1101/1133
    Running contrast 1106/1133
    Running contrast 1111/1133
    Running contrast 1116/1133
    Running contrast 1121/1133
    Running contrast 1126/1133
    Running contrast 1131/1133
    Running contrast 1133/1133

    Writing:  ./data/tahoe/deg_data/group_rep/full/qc_false/filter_min_cells_10/CVCL_1125_de.h5ad 

    Rewriting h5ad file: ./data/tahoe/deg_data/group_rep/full/qc_false/filter_min_cells_10/CVCL_1125_de.h5ad 
    Removed X matrix
    Rewriting h5ad file is done!
✓ Cell line completed in 6222.4 seconds

DE analysis completed!

Total runtime: 6235.6 seconds
